
  ___  ____  ____  ____  ____ ©
 /__    /   ____/   /   ____/      17.0
___/   /   /___/   /   /___/       MP—Parallel Edition

 Statistics and Data Science       Copyright 1985-2021 StataCorp LLC
                                   StataCorp
                                   4905 Lakeway Drive
                                   College Station, Texas 77845 USA
                                   800-STATA-PC        https://www.stata.com
                                   979-696-4600        stata@stata.com

Stata license: Single-user 2-core  perpetual
Serial number: 501806366047
  Licensed to: Sam Xie
               samxie

Notes:
      1. Stata is running in batch mode.
      2. Unicode is supported; see help unicode_advice.
      3. More than 2 billion observations are allowed; see help obs_advice.
      4. Maximum number of variables is set to 5,000; see help set_maxvar.


Running /Applications/Stata/profile.do ...
command window is unrecognized
r(199);

. do scripts/stata/fix_calendar_month_visible_mr_ym_260711.do 

. version 17.0

. clear all

. set more off

. capture log close

. local p "/Users/samxie/Research/ReviewSimi_Sales/Code"

. log using "`p'/stata-log/fix_calendar_month_visible_mr_ym_260711.log", text r
> eplace
(file
    /Users/samxie/Research/ReviewSimi_Sales/Code/stata-log/fix_calendar_month
    > _visible_mr_ym_260711.log not found)
-------------------------------------------------------------------------------
      name:  <unnamed>
       log:  /Users/samxie/Research/ReviewSimi_Sales/Code/stata-log/fix_calenda
> r_month_visible_mr_ym_260711.log
  log type:  text
 opened on:  11 Jul 2026, 18:48:22

. use "`p'/outputs/core_simi_260501/data/calendar_month_pool_visible_mr_gt100_p
> anel_260711.dta", clear

. capture drop ym

. gen ym = monthly(event_ym, "YM")

. format ym %tm

. save "`p'/outputs/core_simi_260501/data/calendar_month_pool_visible_mr_gt100_
> panel_260711.dta", replace
file
    /Users/samxie/Research/ReviewSimi_Sales/Code/outputs/core_simi_260501/dat
    > a/calendar_month_pool_visible_mr_gt100_panel_260711.dta saved

. log close
      name:  <unnamed>
       log:  /Users/samxie/Research/ReviewSimi_Sales/Code/stata-log/fix_calenda
> r_month_visible_mr_ym_260711.log
  log type:  text
 closed on:  11 Jul 2026, 18:48:22
-------------------------------------------------------------------------------

. 
end of do-file
