
  ___  ____  ____  ____  ____ ©
 /__    /   ____/   /   ____/      17.0
___/   /   /___/   /   /___/       MP—Parallel Edition

 Statistics and Data Science       Copyright 1985-2021 StataCorp LLC
                                   StataCorp
                                   4905 Lakeway Drive
                                   College Station, Texas 77845 USA
                                   800-STATA-PC        https://www.stata.com
                                   979-696-4600        stata@stata.com

Stata license: Single-user 2-core  perpetual
Serial number: 501806366047
  Licensed to: Sam Xie
               samxie

Notes:
      1. Stata is running in batch mode.
      2. Unicode is supported; see help unicode_advice.
      3. More than 2 billion observations are allowed; see help obs_advice.
      4. Maximum number of variables is set to 5,000; see help set_maxvar.


Running /Applications/Stata/profile.do ...
command window is unrecognized
r(199);

. do scripts/stata/materialize_routeab_analysis_variables_260711.do 

. version 17.0

. clear all

. set more off

. local p "/Users/samxie/Research/ReviewSimi_Sales/Code"

. use "`p'/outputs/core_simi_260501/data/event_month_pool_allreviews_gt100_pane
> l_260711.dta", clear

. do "`p'/scripts/stata/prepare_event_month_pool_gt100_260711.do"

. version 17.0

. set more off

. keep if cs_sample_focus100 == 1
(0 observations deleted)

. capture confirm numeric variable HotelID

. if _rc encode HotelID, gen(hotel_id_num)

. else gen long hotel_id_num = HotelID

. capture drop ym

. gen ym = monthly(year_month, "YM")

. format ym %tm

. capture drop ln_RevPAR_clean_w199 ln_RevPAR_clean_w595 ln_lag_RevPAR_clean_w1
> 99 ln_lag_RevPAR_clean_w595

. * Use Stata's built-in percentile command so the replication does not depend
. * on the user-installed winsor2 package.
. foreach x in ln_RevPAR_clean ln_lag_RevPAR_clean {
  2.     quietly _pctile `x' if !missing(`x'), p(1 99)
  3.     local p1 = r(r1)
  4.     local p99 = r(r2)
  5.     gen double `x'_w199 = `x'
  6.     replace `x'_w199 = min(max(`x', `p1'), `p99') if !missing(`x')
  7.     quietly _pctile `x' if !missing(`x'), p(5 95)
  8.     local p5 = r(r1)
  9.     local p95 = r(r2)
 10.     gen double `x'_w595 = `x'
 11.     replace `x'_w595 = min(max(`x', `p5'), `p95') if !missing(`x')
 12. }
(637 missing values generated)
(680 real changes made)
(637 missing values generated)
(3,406 real changes made)
(1,171 missing values generated)
(671 real changes made)
(1,171 missing values generated)
(3,354 real changes made)

. capture drop zip_n_full_c city_n_full_c gap_zip_mean_full_c gap_city_mean_ful
> l_c price_gap_c

. foreach x in zip_n_full city_n_full gap_zip_mean_full gap_city_mean_full pric
> e_gap {
  2.     quietly summarize `x' if sample_final_reviews_gt100 == 1, meanonly
  3.     gen double `x'_c = `x' - r(mean) if !missing(`x')
  4. }
(716 missing values generated)
(716 missing values generated)
(1,833 missing values generated)
(716 missing values generated)
(1,171 missing values generated)

. capture drop star_class_bucket3 high_star4 high_rank_status high_popularity h
> otel_evaluation_factor ln_lag_mr_words ln_lag_mr_avg_words

. gen byte star_class_bucket3 = 1 if star_class_final < 3 & !missing(star_class
> _final)
(34,623 missing values generated)

. replace star_class_bucket3 = 2 if star_class_final >= 3 & star_class_final < 
> 4
(4,368 real changes made)

. replace star_class_bucket3 = 3 if star_class_final >= 4 & !missing(star_class
> _final)
(29,537 real changes made)

. gen byte high_star4 = star_class_final >= 4 if !missing(star_class_final)
(718 missing values generated)

. quietly summarize hotel_rank_pct if sample_final_reviews_gt100 == 1 & !missin
> g(hotel_rank_pct), detail

. gen byte high_rank_status = hotel_rank_pct <= r(p50) if !missing(hotel_rank_p
> ct)

. quietly bysort Zip ym: egen double pool_pop_median = median(ln_lag_volumn_acc
> )

. gen byte high_popularity = ln_lag_volumn_acc > pool_pop_median if !missing(ln
> _lag_volumn_acc, pool_pop_median)
(562 missing values generated)

. drop pool_pop_median

. capture confirm string variable hotel_evaluation_raw

. if !_rc encode hotel_evaluation_raw, gen(hotel_evaluation_factor)

. else gen long hotel_evaluation_factor = hotel_evaluation_raw

. gen double ln_lag_mr_words = ln(lag_mr_text_words + 1)

. gen double ln_lag_mr_avg_words = ln(lag_mr_avg_text_words + 1) if !missing(la
> g_mr_avg_text_words)

. xtset hotel_id_num ym

Panel variable: hotel_id_num (unbalanced)
 Time variable: ym, 2011m1 to 2022m9, but with gaps
         Delta: 1 month

. 
end of do-file

. save "`p'/outputs/core_simi_260501/data/event_month_pool_allreviews_gt100_pan
> el_260711.dta", replace
file
    /Users/samxie/Research/ReviewSimi_Sales/Code/outputs/core_simi_260501/dat
    > a/event_month_pool_allreviews_gt100_panel_260711.dta saved

. 
end of do-file
