
  ___  ____  ____  ____  ____ ©
 /__    /   ____/   /   ____/      17.0
___/   /   /___/   /   /___/       MP—Parallel Edition

 Statistics and Data Science       Copyright 1985-2021 StataCorp LLC
                                   StataCorp
                                   4905 Lakeway Drive
                                   College Station, Texas 77845 USA
                                   800-STATA-PC        https://www.stata.com
                                   979-696-4600        stata@stata.com

Stata license: Single-user 2-core  perpetual
Serial number: 501806366047
  Licensed to: Sam Xie
               samxie

Notes:
      1. Stata is running in batch mode.
      2. Unicode is supported; see help unicode_advice.
      3. More than 2 billion observations are allowed; see help obs_advice.
      4. Maximum number of variables is set to 5,000; see help set_maxvar.


Running /Applications/Stata/profile.do ...
command window is unrecognized
r(199);

. do /tmp/org_star_group_check.do 

. log using "/tmp/org_star_group_check.log", text replace
(file /tmp/org_star_group_check.log not found)
-------------------------------------------------------------------------------
      name:  <unnamed>
       log:  /tmp/org_star_group_check.log
  log type:  text
 opened on:   5 Jun 2026, 22:38:32

. use "/Users/samxie/Research/ReviewSimi_Sales/Code/outputs/core_simi_260501/da
> ta/core_simi_panel_260501_with_mr_text_sentiment_260526.dta", clear

. capture drop hotel_id_num

. capture confirm numeric variable HotelID

. if _rc encode HotelID, gen(hotel_id_num)

. else gen long hotel_id_num = HotelID

. capture drop ym

. gen ym = monthly(year_month, "YM")

. format ym %tm

. xtset hotel_id_num ym

Panel variable: hotel_id_num (unbalanced)
 Time variable: ym, 2011m1 to 2022m9, but with gaps
         Delta: 1 month

. winsor2 ln_RevPAR_clean, cuts(1 99) suffix(_w199)

. winsor2 ln_lag_RevPAR_clean, cuts(1 99) suffix(_w199)

. capture drop star_class_bucket3

. gen byte star_class_bucket3 = .
(40,197 missing values generated)

. replace star_class_bucket3 = 1 if !missing(star_class_final_raw) & star_class
> _final_raw < 3
(14,992 real changes made)

. replace star_class_bucket3 = 2 if !missing(star_class_final_raw) & star_class
> _final_raw >= 3 & star_class_final_raw < 4
(18,090 real changes made)

. replace star_class_bucket3 = 3 if !missing(star_class_final_raw) & star_class
> _final_raw >= 4
(5,781 real changes made)

. 
. di "GROUP1"
GROUP1

. reghdfe ln_RevPAR_clean_w199 c.sim_mean ln_recent_volumn recent_sd recent_rat
> ing ln_lag_volumn_acc lag_avg_rating_acc lag_sd_acc lag_avg_rating_month ln_a
> vg_com_RevPAR ln_lag_RevPAR_clean_w199 if cs_sample_focus100 == 1 & star_clas
> s_bucket3 == 1, absorb(hotel_id_num ym) vce(cluster hotel_id_num)
(dropped 1 singleton observations)
(MWFE estimator converged in 7 iterations)

HDFE Linear regression                            Number of obs   =     11,345
Absorbing 2 HDFE groups                           F(  10,    192) =      73.04
Statistics robust to heteroskedasticity           Prob > F        =     0.0000
                                                  R-squared       =     0.8465
                                                  Adj R-squared   =     0.8419
                                                  Within R-sq.    =     0.2873
Number of clusters (hotel_id_num) =        193    Root MSE        =     0.2243

                         (Std. err. adjusted for 193 clusters in hotel_id_num)
------------------------------------------------------------------------------
             |               Robust
ln_Re~n_w199 | Coefficient  std. err.      t    P>|t|     [95% conf. interval]
-------------+----------------------------------------------------------------
    sim_mean |  -.1547272   .0883151    -1.75   0.081    -.3289195    .0194652
ln_recent_~n |   .1119745   .0170491     6.57   0.000     .0783469    .1456022
   recent_sd |   .0086981   .0110814     0.78   0.433    -.0131589     .030555
recent_rat~g |   .0161861   .0084872     1.91   0.058     -.000554    .0329263
ln_lag_vol~c |   .0087765   .0147691     0.59   0.553    -.0203541    .0379071
lag_avg_ra~c |    .029191   .0396056     0.74   0.462    -.0489269     .107309
  lag_sd_acc |   .0260844   .0505021     0.52   0.606    -.0735258    .1256945
lag_avg_ra~h |   .0051746   .0025402     2.04   0.043     .0001643    .0101849
ln_avg_com~R |   .0995027   .0174784     5.69   0.000     .0650284    .1339769
ln_la~n_w199 |   .4655833   .0247739    18.79   0.000     .4167192    .5144473
       _cons |   1.184502   .1854094     6.39   0.000     .8188013    1.550203
------------------------------------------------------------------------------

Absorbed degrees of freedom:
------------------------------------------------------+
  Absorbed FE | Categories  - Redundant  = Num. Coefs |
--------------+---------------------------------------|
 hotel_id_num |       193         193           0    *|
           ym |       135           1         134     |
------------------------------------------------------+
* = FE nested within cluster; treated as redundant for DoF computation

. di "GROUP2"
GROUP2

. reghdfe ln_RevPAR_clean_w199 c.sim_mean ln_recent_volumn recent_sd recent_rat
> ing ln_lag_volumn_acc lag_avg_rating_acc lag_sd_acc lag_avg_rating_month ln_a
> vg_com_RevPAR ln_lag_RevPAR_clean_w199 if cs_sample_focus100 == 1 & star_clas
> s_bucket3 == 2, absorb(hotel_id_num ym) vce(cluster hotel_id_num)
(dropped 1 singleton observations)
(MWFE estimator converged in 7 iterations)

HDFE Linear regression                            Number of obs   =     15,976
Absorbing 2 HDFE groups                           F(  10,    281) =      45.23
Statistics robust to heteroskedasticity           Prob > F        =     0.0000
                                                  R-squared       =     0.8365
                                                  Adj R-squared   =     0.8320
                                                  Within R-sq.    =     0.2983
Number of clusters (hotel_id_num) =        282    Root MSE        =     0.2223

                         (Std. err. adjusted for 282 clusters in hotel_id_num)
------------------------------------------------------------------------------
             |               Robust
ln_Re~n_w199 | Coefficient  std. err.      t    P>|t|     [95% conf. interval]
-------------+----------------------------------------------------------------
    sim_mean |  -.1951149   .0853441    -2.29   0.023    -.3631099     -.02712
ln_recent_~n |   .0539604   .0136279     3.96   0.000     .0271347     .080786
   recent_sd |  -.0017963   .0109447    -0.16   0.870    -.0233403    .0197477
recent_rat~g |   .0270201   .0090878     2.97   0.003     .0091313    .0449089
ln_lag_vol~c |   .0549493   .0106088     5.18   0.000     .0340664    .0758322
lag_avg_ra~c |  -.0626714   .0366455    -1.71   0.088    -.1348059     .009463
  lag_sd_acc |  -.0970524   .0521636    -1.86   0.064    -.1997335    .0056286
lag_avg_ra~h |   .0012849   .0024425     0.53   0.599    -.0035231    .0060928
ln_avg_com~R |   .1300983   .0180609     7.20   0.000     .0945466    .1656501
ln_la~n_w199 |   .4045255   .0291911    13.86   0.000     .3470645    .4619865
       _cons |   1.866005    .234179     7.97   0.000     1.405037    2.326972
------------------------------------------------------------------------------

Absorbed degrees of freedom:
------------------------------------------------------+
  Absorbed FE | Categories  - Redundant  = Num. Coefs |
--------------+---------------------------------------|
 hotel_id_num |       282         282           0    *|
           ym |       135           1         134     |
------------------------------------------------------+
* = FE nested within cluster; treated as redundant for DoF computation

. di "GROUP3"
GROUP3

. reghdfe ln_RevPAR_clean_w199 c.sim_mean ln_recent_volumn recent_sd recent_rat
> ing ln_lag_volumn_acc lag_avg_rating_acc lag_sd_acc lag_avg_rating_month ln_a
> vg_com_RevPAR ln_lag_RevPAR_clean_w199 if cs_sample_focus100 == 1 & star_clas
> s_bucket3 == 3, absorb(hotel_id_num ym) vce(cluster hotel_id_num)
(MWFE estimator converged in 7 iterations)

HDFE Linear regression                            Number of obs   =      5,519
Absorbing 2 HDFE groups                           F(  10,     71) =      22.67
Statistics robust to heteroskedasticity           Prob > F        =     0.0000
                                                  R-squared       =     0.9060
                                                  Adj R-squared   =     0.9022
                                                  Within R-sq.    =     0.3323
Number of clusters (hotel_id_num) =         72    Root MSE        =     0.2089

                          (Std. err. adjusted for 72 clusters in hotel_id_num)
------------------------------------------------------------------------------
             |               Robust
ln_Re~n_w199 | Coefficient  std. err.      t    P>|t|     [95% conf. interval]
-------------+----------------------------------------------------------------
    sim_mean |  -.0397646   .1221516    -0.33   0.746    -.2833279    .2037987
ln_recent_~n |   .0302355   .0147984     2.04   0.045     .0007284    .0597426
   recent_sd |  -.0133732   .0188883    -0.71   0.481    -.0510354     .024289
recent_rat~g |   -.003214   .0180505    -0.18   0.859    -.0392057    .0327777
ln_lag_vol~c |   .0108799   .0173558     0.63   0.533    -.0237267    .0454865
lag_avg_ra~c |   .0431118   .0663159     0.65   0.518    -.0891182    .1753419
  lag_sd_acc |  -.0224772   .0881411    -0.26   0.799    -.1982255    .1532711
lag_avg_ra~h |   .0103907   .0056007     1.86   0.068    -.0007767    .0215581
ln_avg_com~R |   .0976998   .0242334     4.03   0.000     .0493797    .1460198
ln_la~n_w199 |   .4564952   .0505413     9.03   0.000     .3557187    .5572717
       _cons |   1.813133   .3817026     4.75   0.000      1.05204    2.574226
------------------------------------------------------------------------------

Absorbed degrees of freedom:
------------------------------------------------------+
  Absorbed FE | Categories  - Redundant  = Num. Coefs |
--------------+---------------------------------------|
 hotel_id_num |        72          72           0    *|
           ym |       135           1         134     |
------------------------------------------------------+
* = FE nested within cluster; treated as redundant for DoF computation

. log close
      name:  <unnamed>
       log:  /tmp/org_star_group_check.log
  log type:  text
 closed on:   5 Jun 2026, 22:38:32
-------------------------------------------------------------------------------

. 
end of do-file
