
  ___  ____  ____  ____  ____ ©
 /__    /   ____/   /   ____/      17.0
___/   /   /___/   /   /___/       MP—Parallel Edition

 Statistics and Data Science       Copyright 1985-2021 StataCorp LLC
                                   StataCorp
                                   4905 Lakeway Drive
                                   College Station, Texas 77845 USA
                                   800-STATA-PC        https://www.stata.com
                                   979-696-4600        stata@stata.com

Stata license: Single-user 2-core  perpetual
Serial number: 501806366047
  Licensed to: Sam Xie
               samxie

Notes:
      1. Stata is running in batch mode.
      2. Unicode is supported; see help unicode_advice.
      3. More than 2 billion observations are allowed; see help obs_advice.
      4. Maximum number of variables is set to 5,000; see help set_maxvar.


Running /Applications/Stata/profile.do ...
command window is unrecognized
r(199);

. do /private/tmp/run_alt_ars_robustness_260509.do 

. version 17.0

. clear all

. set more off

. set linesize 255

. capture log close

. 
. local project "/Users/samxie/Research/ReviewSimi_Sales/Code"

. local out_root "`project'/outputs/core_simi_260501"

. local data_dir "`out_root'/data"

. local table_dir "`out_root'/tables_explicit"

. local log_dir "`out_root'/logs"

. 
. cap mkdir "`table_dir'"

. cap mkdir "`log_dir'"

. 
. log using "`log_dir'/h1_alt_ars_robustness_260509.log", text replace
(file /Users/samxie/Research/ReviewSimi_Sales/Code/outputs/core_simi_260501/logs/h1_alt_ars_robustness_260509.log not found)
---------------------------------------------------------------------------------------------------------------------------------------------------------------------------------------------------------------------------------------------------------------
      name:  <unnamed>
       log:  /Users/samxie/Research/ReviewSimi_Sales/Code/outputs/core_simi_260501/logs/h1_alt_ars_robustness_260509.log
  log type:  text
 opened on:   9 May 2026, 12:31:13

. 
. use "`data_dir'/core_simi_panel_260501_with_altars.dta", clear

. 
. capture drop hotel_id_num

. capture confirm numeric variable HotelID

. if _rc {
.     encode HotelID, gen(hotel_id_num)
. }

. else {
.     gen long hotel_id_num = HotelID
. }

. 
. capture drop ym

. gen ym = monthly(year_month, "YM")

. format ym %tm

. xtset hotel_id_num ym

Panel variable: hotel_id_num (unbalanced)
 Time variable: ym, 2011m1 to 2022m9, but with gaps
         Delta: 1 month

. sort hotel_id_num ym

. 
. estimates clear

. 
. reghdfe ln_RevPAR_clean lag_sim_mean ///
>     ln_recent_volumn recent_sd rating_last_5 ln_lag_volumn_acc ///
>     lag_avg_rating_acc lag_sd_acc lag_avg_rating_month ///
>     ln_avg_com_RevPAR ln_lag_RevPAR_clean ///
>     if cs_sample_focus100 == 1, absorb(hotel_id_num ym) vce(cluster hotel_id_num)
(dropped 2 singleton observations)
(MWFE estimator converged in 7 iterations)

HDFE Linear regression                            Number of obs   =     33,546
Absorbing 2 HDFE groups                           F(  10,    557) =      78.86
Statistics robust to heteroskedasticity           Prob > F        =     0.0000
                                                  R-squared       =     0.8567
                                                  Adj R-squared   =     0.8537
                                                  Within R-sq.    =     0.2511
Number of clusters (hotel_id_num) =        558    Root MSE        =     0.2656

                                 (Std. err. adjusted for 558 clusters in hotel_id_num)
--------------------------------------------------------------------------------------
                     |               Robust
     ln_RevPAR_clean | Coefficient  std. err.      t    P>|t|     [95% conf. interval]
---------------------+----------------------------------------------------------------
        lag_sim_mean |  -.1136554   .0622678    -1.83   0.068    -.2359638    .0086531
    ln_recent_volumn |   .0846938    .010081     8.40   0.000     .0648924    .1044952
           recent_sd |   -.010947   .0075462    -1.45   0.147    -.0257694    .0038755
       rating_last_5 |   .0006831    .002514     0.27   0.786    -.0042549    .0056211
   ln_lag_volumn_acc |   .0337869   .0084063     4.02   0.000     .0172749    .0502989
  lag_avg_rating_acc |   .0202522   .0309562     0.65   0.513    -.0405529    .0810573
          lag_sd_acc |  -.0113347   .0378088    -0.30   0.764       -.0856    .0629306
lag_avg_rating_month |   .0070461   .0022151     3.18   0.002     .0026951    .0113971
   ln_avg_com_RevPAR |   .1303288   .0137024     9.51   0.000     .1034141    .1572435
 ln_lag_RevPAR_clean |   .3980178   .0287131    13.86   0.000     .3416186     .454417
               _cons |    1.54245   .1729767     8.92   0.000     1.202683    1.882216
--------------------------------------------------------------------------------------

Absorbed degrees of freedom:
------------------------------------------------------+
  Absorbed FE | Categories  - Redundant  = Num. Coefs |
--------------+---------------------------------------|
 hotel_id_num |       558         558           0    *|
           ym |       135           1         134     |
------------------------------------------------------+
* = FE nested within cluster; treated as redundant for DoF computation

. est store h1_lag_ars

. 
. reghdfe ln_RevPAR_clean ars_roll_10 ///
>     ln_recent_volumn recent_sd rating_last_5 ln_lag_volumn_acc ///
>     lag_avg_rating_acc lag_sd_acc lag_avg_rating_month ///
>     ln_avg_com_RevPAR ln_lag_RevPAR_clean ///
>     if cs_sample_focus100 == 1, absorb(hotel_id_num ym) vce(cluster hotel_id_num)
(dropped 2 singleton observations)
(MWFE estimator converged in 7 iterations)

HDFE Linear regression                            Number of obs   =     33,546
Absorbing 2 HDFE groups                           F(  10,    557) =      80.56
Statistics robust to heteroskedasticity           Prob > F        =     0.0000
                                                  R-squared       =     0.8567
                                                  Adj R-squared   =     0.8537
                                                  Within R-sq.    =     0.2511
Number of clusters (hotel_id_num) =        558    Root MSE        =     0.2655

                                 (Std. err. adjusted for 558 clusters in hotel_id_num)
--------------------------------------------------------------------------------------
                     |               Robust
     ln_RevPAR_clean | Coefficient  std. err.      t    P>|t|     [95% conf. interval]
---------------------+----------------------------------------------------------------
         ars_roll_10 |  -.1348823   .0562098    -2.40   0.017    -.2452915   -.0244732
    ln_recent_volumn |   .0858308   .0100763     8.52   0.000     .0660385    .1056231
           recent_sd |  -.0132658   .0079385    -1.67   0.095    -.0288589    .0023273
       rating_last_5 |   .0009137   .0025332     0.36   0.718     -.004062    .0058895
   ln_lag_volumn_acc |   .0337182   .0083611     4.03   0.000     .0172952    .0501413
  lag_avg_rating_acc |   .0199125   .0309083     0.64   0.520    -.0407986    .0806235
          lag_sd_acc |  -.0086459   .0377583    -0.23   0.819     -.082812    .0655201
lag_avg_rating_month |   .0070925   .0022133     3.20   0.001      .002745    .0114401
   ln_avg_com_RevPAR |   .1303021   .0136997     9.51   0.000     .1033927    .1572115
 ln_lag_RevPAR_clean |   .3978978   .0287163    13.86   0.000     .3414922    .4543033
               _cons |   1.546656   .1732359     8.93   0.000      1.20638    1.886931
--------------------------------------------------------------------------------------

Absorbed degrees of freedom:
------------------------------------------------------+
  Absorbed FE | Categories  - Redundant  = Num. Coefs |
--------------+---------------------------------------|
 hotel_id_num |       558         558           0    *|
           ym |       135           1         134     |
------------------------------------------------------+
* = FE nested within cluster; treated as redundant for DoF computation

. est store h1_roll_ars

. 
. reghdfe ln_RevPAR_clean ars_jsd_sim ///
>     ln_recent_volumn recent_sd rating_last_5 ln_lag_volumn_acc ///
>     lag_avg_rating_acc lag_sd_acc lag_avg_rating_month ///
>     ln_avg_com_RevPAR ln_lag_RevPAR_clean ///
>     if cs_sample_focus100 == 1, absorb(hotel_id_num ym) vce(cluster hotel_id_num)
(dropped 2 singleton observations)
(MWFE estimator converged in 7 iterations)

HDFE Linear regression                            Number of obs   =     33,546
Absorbing 2 HDFE groups                           F(  10,    557) =      80.37
Statistics robust to heteroskedasticity           Prob > F        =     0.0000
                                                  R-squared       =     0.8568
                                                  Adj R-squared   =     0.8537
                                                  Within R-sq.    =     0.2513
Number of clusters (hotel_id_num) =        558    Root MSE        =     0.2655

                                 (Std. err. adjusted for 558 clusters in hotel_id_num)
--------------------------------------------------------------------------------------
                     |               Robust
     ln_RevPAR_clean | Coefficient  std. err.      t    P>|t|     [95% conf. interval]
---------------------+----------------------------------------------------------------
         ars_jsd_sim |  -.0784342   .0283287    -2.77   0.006    -.1340783   -.0227902
    ln_recent_volumn |   .0850326   .0100706     8.44   0.000     .0652516    .1048137
           recent_sd |  -.0115092   .0078258    -1.47   0.142    -.0268808    .0038624
       rating_last_5 |    .001619   .0025724     0.63   0.529    -.0034339    .0066719
   ln_lag_volumn_acc |   .0343551   .0084005     4.09   0.000     .0178545    .0508557
  lag_avg_rating_acc |   .0218785   .0310763     0.70   0.482    -.0391625    .0829195
          lag_sd_acc |  -.0082329   .0377746    -0.22   0.828     -.082431    .0659653
lag_avg_rating_month |   .0074498   .0022032     3.38   0.001     .0031223    .0117774
   ln_avg_com_RevPAR |   .1304913   .0136938     9.53   0.000     .1035934    .1573892
 ln_lag_RevPAR_clean |   .3978099    .028724    13.85   0.000     .3413893    .4542305
               _cons |   1.417378   .1777586     7.97   0.000     1.068218    1.766537
--------------------------------------------------------------------------------------

Absorbed degrees of freedom:
------------------------------------------------------+
  Absorbed FE | Categories  - Redundant  = Num. Coefs |
--------------+---------------------------------------|
 hotel_id_num |       558         558           0    *|
           ym |       135           1         134     |
------------------------------------------------------+
* = FE nested within cluster; treated as redundant for DoF computation

. est store h1_jsd_ars

. 
. esttab h1_lag_ars h1_roll_ars h1_jsd_ars ///
>     using "`table_dir'/h1_alt_ars_robustness_260509.rtf", replace ///
>     order( ///
>         lag_sim_mean ///
>         ars_roll_10 ///
>         ars_jsd_sim ///
>         ln_recent_volumn ///
>         recent_sd ///
>         ln_lag_volumn_acc ///
>         lag_avg_rating_acc ///
>         lag_sd_acc ///
>         rating_last_5 ///
>         lag_avg_rating_month ///
>         ln_avg_com_RevPAR ///
>         ln_lag_RevPAR_clean ///
>     ) ///
>     star(* 0.10 ** 0.05 *** 0.01 **** 0.001) ///
>     cells(b(star fmt(3)) se(par fmt(3))) ///
>     stats(N r2, labels("Observations" "R-squared")) ///
>     mtitles("Lagged ARS" "Rolling ARS" "JSD ARS") ///
>     nogap compress
(file /Users/samxie/Research/ReviewSimi_Sales/Code/outputs/core_simi_260501/tables_explicit/h1_alt_ars_robustness_260509.rtf not found)
(output written to /Users/samxie/Research/ReviewSimi_Sales/Code/outputs/core_simi_260501/tables_explicit/h1_alt_ars_robustness_260509.rtf)

. 
. log close
      name:  <unnamed>
       log:  /Users/samxie/Research/ReviewSimi_Sales/Code/outputs/core_simi_260501/logs/h1_alt_ars_robustness_260509.log
  log type:  text
 closed on:   9 May 2026, 12:31:14
---------------------------------------------------------------------------------------------------------------------------------------------------------------------------------------------------------------------------------------------------------------

. 
end of do-file
