
  ___  ____  ____  ____  ____ ©
 /__    /   ____/   /   ____/      17.0
___/   /   /___/   /   /___/       MP—Parallel Edition

 Statistics and Data Science       Copyright 1985-2021 StataCorp LLC
                                   StataCorp
                                   4905 Lakeway Drive
                                   College Station, Texas 77845 USA
                                   800-STATA-PC        https://www.stata.com
                                   979-696-4600        stata@stata.com

Stata license: Single-user 2-core  perpetual
Serial number: 501806366047
  Licensed to: Sam Xie
               samxie

Notes:
      1. Stata is running in batch mode.
      2. Unicode is supported; see help unicode_advice.
      3. More than 2 billion observations are allowed; see help obs_advice.
      4. Maximum number of variables is set to 5,000; see help set_maxvar.


Running /Applications/Stata/profile.do ...
command window is unrecognized
r(199);

. do scripts/stata/run_routeA_review_environment_260605.do 

. *******************************************************
. * run_routeA_review_environment_260605.do
. * Route A extension: ARS as the main effect, with review
. * environment boundaries from dispersion, dynamics, and
. * sentiment conditions.
. *******************************************************
. 
. version 17.0

. clear all

. set more off

. set linesize 255

. mata: mata set matafavor speed

. capture log close

. 
. local project "/Users/samxie/Research/ReviewSimi_Sales/Code"

. local out_root "`project'/outputs/core_simi_260501"

. local data_dir "`out_root'/data"

. local table_dir "`out_root'/tables_explicit"

. local csv_dir "`out_root'/csv"

. local log_dir "`out_root'/logs"

. local run_id "260605"

. local data_main "`data_dir'/core_simi_panel_260501_with_mr_text_sentiment_260526.dta"

. 
. cap mkdir "`table_dir'"

. cap mkdir "`csv_dir'"

. cap mkdir "`log_dir'"

. 
. capture confirm file "`data_main'"

. if _rc exit 601

. capture which reghdfe

. if _rc exit 199

. capture which esttab

. if _rc exit 199

. 
. use "`data_main'", clear

. log using "`log_dir'/run_routeA_review_environment_`run_id'.log", text replace
---------------------------------------------------------------------------------------------------------------------------------------------------------------------------------------------------------------------------------------------------------------
      name:  <unnamed>
       log:  /Users/samxie/Research/ReviewSimi_Sales/Code/outputs/core_simi_260501/logs/run_routeA_review_environment_260605.log
  log type:  text
 opened on:   5 Jun 2026, 14:00:25

. 
. capture drop hotel_id_num

. capture confirm numeric variable HotelID

. if _rc encode HotelID, gen(hotel_id_num)

. else gen long hotel_id_num = HotelID

. capture drop ym

. gen ym = monthly(year_month, "YM")

. format ym %tm

. xtset hotel_id_num ym

Panel variable: hotel_id_num (unbalanced)
 Time variable: ym, 2011m1 to 2022m9, but with gaps
         Delta: 1 month

. sort hotel_id_num ym

. 
. capture drop ln_RevPAR_clean_w199 ln_lag_RevPAR_clean_w199

. gen double ln_RevPAR_clean_w199 = ln_RevPAR_clean
(714 missing values generated)

. gen double ln_lag_RevPAR_clean_w199 = ln_lag_RevPAR_clean
(1,680 missing values generated)

. quietly _pctile ln_RevPAR_clean if cs_sample_focus100 == 1, p(1 99)

. local y_p1 = r(r1)

. local y_p99 = r(r2)

. quietly _pctile ln_lag_RevPAR_clean if cs_sample_focus100 == 1, p(1 99)

. local ly_p1 = r(r1)

. local ly_p99 = r(r2)

. replace ln_RevPAR_clean_w199 = `y_p1' if ln_RevPAR_clean_w199 < `y_p1' & !missing(ln_RevPAR_clean_w199)
(430 real changes made)

. replace ln_RevPAR_clean_w199 = `y_p99' if ln_RevPAR_clean_w199 > `y_p99' & !missing(ln_RevPAR_clean_w199)
(410 real changes made)

. replace ln_lag_RevPAR_clean_w199 = `ly_p1' if ln_lag_RevPAR_clean_w199 < `ly_p1' & !missing(ln_lag_RevPAR_clean_w199)
(419 real changes made)

. replace ln_lag_RevPAR_clean_w199 = `ly_p99' if ln_lag_RevPAR_clean_w199 > `ly_p99' & !missing(ln_lag_RevPAR_clean_w199)
(397 real changes made)

. 
. capture drop sim_mean_c recent_sd_c sd_acc_c rmom_c fresh_c sentbing_c sentnet_c sentneg_c lsentnet_c sentsd_c

. quietly summarize sim_mean if cs_sample_focus100 == 1 & !missing(sim_mean)

. gen double sim_mean_c = sim_mean - r(mean) if !missing(sim_mean)
(223 missing values generated)

. quietly summarize recent_sd if cs_sample_focus100 == 1 & !missing(recent_sd)

. gen double recent_sd_c = recent_sd - r(mean) if !missing(recent_sd)
(223 missing values generated)

. quietly summarize sd_acc if cs_sample_focus100 == 1 & !missing(sd_acc)

. gen double sd_acc_c = sd_acc - r(mean) if !missing(sd_acc)
(224 missing values generated)

. quietly summarize rating_momentum if cs_sample_focus100 == 1 & !missing(rating_momentum)

. gen double rmom_c = rating_momentum - r(mean) if !missing(rating_momentum)
(1,007 missing values generated)

. quietly summarize review_freshness if cs_sample_focus100 == 1 & !missing(review_freshness)

. gen double fresh_c = review_freshness - r(mean) if !missing(review_freshness)
(1,007 missing values generated)

. quietly summarize sent_avg_bing if cs_sample_focus100 == 1 & !missing(sent_avg_bing)

. gen double sentbing_c = sent_avg_bing - r(mean) if !missing(sent_avg_bing)

. quietly summarize sent_net_pos_bing if cs_sample_focus100 == 1 & !missing(sent_net_pos_bing)

. gen double sentnet_c = sent_net_pos_bing - r(mean) if !missing(sent_net_pos_bing)

. quietly summarize sent_neg_share_bing if cs_sample_focus100 == 1 & !missing(sent_neg_share_bing)

. gen double sentneg_c = sent_neg_share_bing - r(mean) if !missing(sent_neg_share_bing)

. quietly summarize lag_sent_net_pos_bing if cs_sample_focus100 == 1 & !missing(lag_sent_net_pos_bing)

. gen double lsentnet_c = lag_sent_net_pos_bing - r(mean) if !missing(lag_sent_net_pos_bing)

. quietly summarize sent_sd_bing if cs_sample_focus100 == 1 & !missing(sent_sd_bing)

. gen double sentsd_c = sent_sd_bing - r(mean) if !missing(sent_sd_bing)
(8,889 missing values generated)

. 
. estimates clear

. 
. * E1. Recent rating dispersion boundary.
. reghdfe ln_RevPAR_clean_w199 c.sim_mean_c##c.recent_sd_c ///
>     ln_recent_volumn recent_rating ln_lag_volumn_acc lag_avg_rating_acc lag_sd_acc ///
>     lag_avg_rating_month ln_avg_com_RevPAR ln_lag_RevPAR_clean_w199 ///
>     if cs_sample_focus100 == 1, absorb(hotel_id_num ym) vce(cluster hotel_id_num)
(dropped 2 singleton observations)
(MWFE estimator converged in 7 iterations)

HDFE Linear regression                            Number of obs   =     33,546
Absorbing 2 HDFE groups                           F(  11,    557) =     117.73
Statistics robust to heteroskedasticity           Prob > F        =     0.0000
                                                  R-squared       =     0.8769
                                                  Adj R-squared   =     0.8742
                                                  Within R-sq.    =     0.3035
Number of clusters (hotel_id_num) =        558    Root MSE        =     0.2300

                                       (Std. err. adjusted for 558 clusters in hotel_id_num)
--------------------------------------------------------------------------------------------
                           |               Robust
      ln_RevPAR_clean_w199 | Coefficient  std. err.      t    P>|t|     [95% conf. interval]
---------------------------+----------------------------------------------------------------
                sim_mean_c |  -.1788651     .05926    -3.02   0.003    -.2952656   -.0624647
               recent_sd_c |  -.0026415   .0077864    -0.34   0.735    -.0179359    .0126528
                           |
c.sim_mean_c#c.recent_sd_c |   .0620205   .1013361     0.61   0.541    -.1370271     .261068
                           |
          ln_recent_volumn |   .0817325   .0088804     9.20   0.000     .0642894    .0991756
             recent_rating |   .0180612   .0063508     2.84   0.005     .0055868    .0305356
         ln_lag_volumn_acc |   .0290659   .0071293     4.08   0.000     .0150622    .0430695
        lag_avg_rating_acc |  -.0003454   .0277618    -0.01   0.990    -.0548759    .0541852
                lag_sd_acc |  -.0160793   .0343901    -0.47   0.640    -.0836294    .0514708
      lag_avg_rating_month |   .0040196   .0017116     2.35   0.019     .0006577    .0073816
         ln_avg_com_RevPAR |   .1208679   .0120023    10.07   0.000     .0972927    .1444431
  ln_lag_RevPAR_clean_w199 |   .4396099   .0175881    24.99   0.000     .4050628     .474157
                     _cons |   1.424987   .1508472     9.45   0.000     1.128688    1.721286
--------------------------------------------------------------------------------------------

Absorbed degrees of freedom:
------------------------------------------------------+
  Absorbed FE | Categories  - Redundant  = Num. Coefs |
--------------+---------------------------------------|
 hotel_id_num |       558         558           0    *|
           ym |       135           1         134     |
------------------------------------------------------+
* = FE nested within cluster; treated as redundant for DoF computation

. est store env_recentsd

. 
. * E2. Accumulated dispersion boundary.
. reghdfe ln_RevPAR_clean_w199 c.sim_mean_c##c.sd_acc_c ///
>     ln_recent_volumn recent_sd recent_rating ln_lag_volumn_acc lag_avg_rating_acc ///
>     lag_avg_rating_month ln_avg_com_RevPAR ln_lag_RevPAR_clean_w199 ///
>     if cs_sample_focus100 == 1, absorb(hotel_id_num ym) vce(cluster hotel_id_num)
(dropped 2 singleton observations)
(MWFE estimator converged in 7 iterations)

HDFE Linear regression                            Number of obs   =     33,572
Absorbing 2 HDFE groups                           F(  11,    557) =     120.88
Statistics robust to heteroskedasticity           Prob > F        =     0.0000
                                                  R-squared       =     0.8768
                                                  Adj R-squared   =     0.8741
                                                  Within R-sq.    =     0.3041
Number of clusters (hotel_id_num) =        558    Root MSE        =     0.2301

                                     (Std. err. adjusted for 558 clusters in hotel_id_num)
------------------------------------------------------------------------------------------
                         |               Robust
    ln_RevPAR_clean_w199 | Coefficient  std. err.      t    P>|t|     [95% conf. interval]
-------------------------+----------------------------------------------------------------
              sim_mean_c |  -.1775605   .0573984    -3.09   0.002    -.2903042   -.0648168
                sd_acc_c |   .0061118    .038402     0.16   0.874    -.0693187    .0815422
                         |
 c.sim_mean_c#c.sd_acc_c |  -.0343432   .2436972    -0.14   0.888    -.5130211    .4443347
                         |
        ln_recent_volumn |   .0777392   .0088133     8.82   0.000     .0604278    .0950507
               recent_sd |  -.0032165    .007878    -0.41   0.683    -.0186907    .0122577
           recent_rating |   .0181368   .0062298     2.91   0.004        .0059    .0303737
       ln_lag_volumn_acc |   .0238757   .0069917     3.41   0.001     .0101424    .0376091
      lag_avg_rating_acc |    .008387   .0252813     0.33   0.740    -.0412714    .0580453
    lag_avg_rating_month |   .0039539   .0017164     2.30   0.022     .0005824    .0073253
       ln_avg_com_RevPAR |   .1213897   .0120428    10.08   0.000     .0977349    .1450445
ln_lag_RevPAR_clean_w199 |   .4381727   .0175173    25.01   0.000     .4037647    .4725806
                   _cons |   1.419739    .119775    11.85   0.000     1.184473    1.655005
------------------------------------------------------------------------------------------

Absorbed degrees of freedom:
------------------------------------------------------+
  Absorbed FE | Categories  - Redundant  = Num. Coefs |
--------------+---------------------------------------|
 hotel_id_num |       558         558           0    *|
           ym |       135           1         134     |
------------------------------------------------------+
* = FE nested within cluster; treated as redundant for DoF computation

. est store env_accsd

. 
. * E3. Rating momentum boundary.
. reghdfe ln_RevPAR_clean_w199 c.sim_mean_c##c.rmom_c ///
>     ln_recent_volumn recent_sd recent_rating ln_lag_volumn_acc lag_avg_rating_acc ///
>     lag_sd_acc lag_avg_rating_month ln_avg_com_RevPAR ln_lag_RevPAR_clean_w199 ///
>     if cs_sample_focus100 == 1, absorb(hotel_id_num ym) vce(cluster hotel_id_num)
(dropped 2 singleton observations)
(MWFE estimator converged in 7 iterations)
note: lag_avg_rating_month omitted because of collinearity

HDFE Linear regression                            Number of obs   =     33,546
Absorbing 2 HDFE groups                           F(  11,    557) =     116.87
Statistics robust to heteroskedasticity           Prob > F        =     0.0000
                                                  R-squared       =     0.8769
                                                  Adj R-squared   =     0.8742
                                                  Within R-sq.    =     0.3035
Number of clusters (hotel_id_num) =        558    Root MSE        =     0.2300

                                     (Std. err. adjusted for 558 clusters in hotel_id_num)
------------------------------------------------------------------------------------------
                         |               Robust
    ln_RevPAR_clean_w199 | Coefficient  std. err.      t    P>|t|     [95% conf. interval]
-------------------------+----------------------------------------------------------------
              sim_mean_c |  -.1813995     .05772    -3.14   0.002    -.2947749   -.0680241
                  rmom_c |   .0034715   .0018969     1.83   0.068    -.0002545    .0071975
                         |
   c.sim_mean_c#c.rmom_c |  -.0324605   .0442271    -0.73   0.463    -.1193328    .0544117
                         |
        ln_recent_volumn |   .0817115   .0088819     9.20   0.000     .0642654    .0991577
               recent_sd |  -.0017951   .0075573    -0.24   0.812    -.0166394    .0130492
           recent_rating |   .0188742   .0062346     3.03   0.003      .006628    .0311205
       ln_lag_volumn_acc |   .0291505   .0071311     4.09   0.000     .0151433    .0431578
      lag_avg_rating_acc |   .0032095   .0277105     0.12   0.908    -.0512204    .0576394
              lag_sd_acc |  -.0165197   .0344706    -0.48   0.632    -.0842279    .0511885
    lag_avg_rating_month |          0  (omitted)
       ln_avg_com_RevPAR |   .1209029   .0120014    10.07   0.000     .0973294    .1444763
ln_lag_RevPAR_clean_w199 |   .4395718   .0175903    24.99   0.000     .4050204    .4741232
                   _cons |   1.425211    .149929     9.51   0.000     1.130716    1.719707
------------------------------------------------------------------------------------------

Absorbed degrees of freedom:
------------------------------------------------------+
  Absorbed FE | Categories  - Redundant  = Num. Coefs |
--------------+---------------------------------------|
 hotel_id_num |       558         558           0    *|
           ym |       135           1         134     |
------------------------------------------------------+
* = FE nested within cluster; treated as redundant for DoF computation

. est store env_momentum

. 
. * E4. Review freshness boundary.
. reghdfe ln_RevPAR_clean_w199 c.sim_mean_c##c.fresh_c ///
>     ln_recent_volumn recent_sd recent_rating ln_lag_volumn_acc lag_avg_rating_acc ///
>     lag_sd_acc lag_avg_rating_month ln_avg_com_RevPAR ln_lag_RevPAR_clean_w199 ///
>     if cs_sample_focus100 == 1, absorb(hotel_id_num ym) vce(cluster hotel_id_num)
(dropped 2 singleton observations)
(MWFE estimator converged in 7 iterations)

HDFE Linear regression                            Number of obs   =     33,546
Absorbing 2 HDFE groups                           F(  12,    557) =     112.36
Statistics robust to heteroskedasticity           Prob > F        =     0.0000
                                                  R-squared       =     0.8769
                                                  Adj R-squared   =     0.8742
                                                  Within R-sq.    =     0.3036
Number of clusters (hotel_id_num) =        558    Root MSE        =     0.2300

                                     (Std. err. adjusted for 558 clusters in hotel_id_num)
------------------------------------------------------------------------------------------
                         |               Robust
    ln_RevPAR_clean_w199 | Coefficient  std. err.      t    P>|t|     [95% conf. interval]
-------------------------+----------------------------------------------------------------
              sim_mean_c |  -.1820558   .0578427    -3.15   0.002    -.2956722   -.0684394
                 fresh_c |   .0002236   .0334232     0.01   0.995    -.0654274    .0658746
                         |
  c.sim_mean_c#c.fresh_c |  -.4127798   .2987377    -1.38   0.168      -.99957    .1740104
                         |
        ln_recent_volumn |   .0813087   .0090646     8.97   0.000     .0635037    .0991137
               recent_sd |  -.0013272    .007584    -0.18   0.861    -.0162239    .0135695
           recent_rating |   .0181438   .0062685     2.89   0.004      .005831    .0304565
       ln_lag_volumn_acc |   .0290802   .0114076     2.55   0.011      .006673    .0514874
      lag_avg_rating_acc |  -.0004659    .027856    -0.02   0.987    -.0551816    .0542498
              lag_sd_acc |  -.0188666   .0343332    -0.55   0.583    -.0863049    .0485717
    lag_avg_rating_month |   .0040183   .0017075     2.35   0.019     .0006644    .0073722
       ln_avg_com_RevPAR |   .1207132   .0119915    10.07   0.000     .0971592    .1442672
ln_lag_RevPAR_clean_w199 |     .43939   .0175528    25.03   0.000     .4049123    .4738677
                   _cons |    1.43175   .1553902     9.21   0.000     1.126527    1.736972
------------------------------------------------------------------------------------------

Absorbed degrees of freedom:
------------------------------------------------------+
  Absorbed FE | Categories  - Redundant  = Num. Coefs |
--------------+---------------------------------------|
 hotel_id_num |       558         558           0    *|
           ym |       135           1         134     |
------------------------------------------------------+
* = FE nested within cluster; treated as redundant for DoF computation

. est store env_fresh

. 
. * E5. Current average Bing sentiment boundary.
. reghdfe ln_RevPAR_clean_w199 c.sim_mean_c##c.sentbing_c ///
>     ln_recent_volumn recent_sd recent_rating ln_lag_volumn_acc lag_avg_rating_acc ///
>     lag_sd_acc lag_avg_rating_month ln_avg_com_RevPAR ln_lag_RevPAR_clean_w199 ///
>     if cs_sample_focus100 == 1 & sent_any_text == 1, absorb(hotel_id_num ym) vce(cluster hotel_id_num)
(dropped 5 singleton observations)
(MWFE estimator converged in 7 iterations)

HDFE Linear regression                            Number of obs   =     27,839
Absorbing 2 HDFE groups                           F(  12,    531) =      85.50
Statistics robust to heteroskedasticity           Prob > F        =     0.0000
                                                  R-squared       =     0.8845
                                                  Adj R-squared   =     0.8817
                                                  Within R-sq.    =     0.2878
Number of clusters (hotel_id_num) =        532    Root MSE        =     0.2235

                                      (Std. err. adjusted for 532 clusters in hotel_id_num)
-------------------------------------------------------------------------------------------
                          |               Robust
     ln_RevPAR_clean_w199 | Coefficient  std. err.      t    P>|t|     [95% conf. interval]
--------------------------+----------------------------------------------------------------
               sim_mean_c |  -.1874823   .0664025    -2.82   0.005    -.3179262   -.0570384
               sentbing_c |  -.0003062   .0006954    -0.44   0.660    -.0016722    .0010599
                          |
c.sim_mean_c#c.sentbing_c |   .0139152   .0134123     1.04   0.300    -.0124325    .0402628
                          |
         ln_recent_volumn |   .0992617   .0094634    10.49   0.000     .0806714     .117852
                recent_sd |  -.0035362   .0086695    -0.41   0.684    -.0205669    .0134946
            recent_rating |   .0132369   .0076469     1.73   0.084     -.001785    .0282588
        ln_lag_volumn_acc |   .0283637   .0078433     3.62   0.000      .012956    .0437715
       lag_avg_rating_acc |   .0092622   .0302153     0.31   0.759     -.050094    .0686185
               lag_sd_acc |  -.0125113   .0372991    -0.34   0.737    -.0857831    .0607606
     lag_avg_rating_month |   .0027045   .0019924     1.36   0.175    -.0012094    .0066184
        ln_avg_com_RevPAR |   .1346872   .0153574     8.77   0.000     .1045184     .164856
 ln_lag_RevPAR_clean_w199 |   .4054577   .0197931    20.48   0.000     .3665753    .4443401
                    _cons |   1.451066   .1664283     8.72   0.000     1.124127    1.778005
-------------------------------------------------------------------------------------------

Absorbed degrees of freedom:
------------------------------------------------------+
  Absorbed FE | Categories  - Redundant  = Num. Coefs |
--------------+---------------------------------------|
 hotel_id_num |       532         532           0    *|
           ym |       119           1         118     |
------------------------------------------------------+
* = FE nested within cluster; treated as redundant for DoF computation

. est store env_bingavg

. 
. * E6. Current net-positive sentiment boundary.
. reghdfe ln_RevPAR_clean_w199 c.sim_mean_c##c.sentnet_c ///
>     ln_recent_volumn recent_sd recent_rating ln_lag_volumn_acc lag_avg_rating_acc ///
>     lag_sd_acc lag_avg_rating_month ln_avg_com_RevPAR ln_lag_RevPAR_clean_w199 ///
>     if cs_sample_focus100 == 1 & sent_any_text == 1, absorb(hotel_id_num ym) vce(cluster hotel_id_num)
(dropped 5 singleton observations)
(MWFE estimator converged in 7 iterations)

HDFE Linear regression                            Number of obs   =     27,839
Absorbing 2 HDFE groups                           F(  12,    531) =      87.38
Statistics robust to heteroskedasticity           Prob > F        =     0.0000
                                                  R-squared       =     0.8845
                                                  Adj R-squared   =     0.8817
                                                  Within R-sq.    =     0.2879
Number of clusters (hotel_id_num) =        532    Root MSE        =     0.2235

                                     (Std. err. adjusted for 532 clusters in hotel_id_num)
------------------------------------------------------------------------------------------
                         |               Robust
    ln_RevPAR_clean_w199 | Coefficient  std. err.      t    P>|t|     [95% conf. interval]
-------------------------+----------------------------------------------------------------
              sim_mean_c |  -.1858417    .066816    -2.78   0.006    -.3170978   -.0545856
               sentnet_c |  -.0039698   .0042492    -0.93   0.351    -.0123172    .0043776
                         |
c.sim_mean_c#c.sentnet_c |   .0822321   .0899014     0.91   0.361     -.094374    .2588382
                         |
        ln_recent_volumn |   .0992945   .0094481    10.51   0.000     .0807342    .1178547
               recent_sd |  -.0037738   .0086338    -0.44   0.662    -.0207344    .0131867
           recent_rating |   .0139199   .0076487     1.82   0.069    -.0011055    .0289453
       ln_lag_volumn_acc |   .0283526   .0078404     3.62   0.000     .0129505    .0437546
      lag_avg_rating_acc |   .0088281   .0302224     0.29   0.770     -.050542    .0681982
              lag_sd_acc |  -.0123425   .0373426    -0.33   0.741    -.0856998    .0610149
    lag_avg_rating_month |   .0025775   .0020025     1.29   0.199    -.0013561    .0065112
       ln_avg_com_RevPAR |   .1346705   .0153449     8.78   0.000     .1045263    .1648147
ln_lag_RevPAR_clean_w199 |   .4055134   .0197901    20.49   0.000     .3666369    .4443899
                   _cons |   1.450684   .1665475     8.71   0.000     1.123512    1.777857
------------------------------------------------------------------------------------------

Absorbed degrees of freedom:
------------------------------------------------------+
  Absorbed FE | Categories  - Redundant  = Num. Coefs |
--------------+---------------------------------------|
 hotel_id_num |       532         532           0    *|
           ym |       119           1         118     |
------------------------------------------------------+
* = FE nested within cluster; treated as redundant for DoF computation

. est store env_netpos

. 
. * E7. Current negative-share boundary.
. reghdfe ln_RevPAR_clean_w199 c.sim_mean_c##c.sentneg_c ///
>     ln_recent_volumn recent_sd recent_rating ln_lag_volumn_acc lag_avg_rating_acc ///
>     lag_sd_acc lag_avg_rating_month ln_avg_com_RevPAR ln_lag_RevPAR_clean_w199 ///
>     if cs_sample_focus100 == 1 & sent_any_text == 1, absorb(hotel_id_num ym) vce(cluster hotel_id_num)
(dropped 5 singleton observations)
(MWFE estimator converged in 7 iterations)

HDFE Linear regression                            Number of obs   =     27,839
Absorbing 2 HDFE groups                           F(  12,    531) =      88.22
Statistics robust to heteroskedasticity           Prob > F        =     0.0000
                                                  R-squared       =     0.8845
                                                  Adj R-squared   =     0.8817
                                                  Within R-sq.    =     0.2878
Number of clusters (hotel_id_num) =        532    Root MSE        =     0.2235

                                     (Std. err. adjusted for 532 clusters in hotel_id_num)
------------------------------------------------------------------------------------------
                         |               Robust
    ln_RevPAR_clean_w199 | Coefficient  std. err.      t    P>|t|     [95% conf. interval]
-------------------------+----------------------------------------------------------------
              sim_mean_c |   -.172389    .064181    -2.69   0.007    -.2984689   -.0463092
               sentneg_c |   .0087167   .0086636     1.01   0.315    -.0083023    .0257358
                         |
c.sim_mean_c#c.sentneg_c |  -.1108061   .1844825    -0.60   0.548    -.4732112     .251599
                         |
        ln_recent_volumn |   .0992208   .0094543    10.49   0.000     .0806482    .1177933
               recent_sd |  -.0037701   .0086424    -0.44   0.663    -.0207475    .0132073
           recent_rating |     .01388   .0076287     1.82   0.069    -.0011061    .0288662
       ln_lag_volumn_acc |   .0283408   .0078418     3.61   0.000      .012936    .0437457
      lag_avg_rating_acc |   .0091614   .0302097     0.30   0.762    -.0501837    .0685066
              lag_sd_acc |  -.0122004   .0373313    -0.33   0.744    -.0855354    .0611347
    lag_avg_rating_month |   .0025894   .0020003     1.29   0.196      -.00134    .0065189
       ln_avg_com_RevPAR |   .1346834   .0153424     8.78   0.000     .1045443    .1648226
ln_lag_RevPAR_clean_w199 |   .4055561   .0197932    20.49   0.000     .3666735    .4444388
                   _cons |   1.448804   .1665143     8.70   0.000     1.121696    1.775911
------------------------------------------------------------------------------------------

Absorbed degrees of freedom:
------------------------------------------------------+
  Absorbed FE | Categories  - Redundant  = Num. Coefs |
--------------+---------------------------------------|
 hotel_id_num |       532         532           0    *|
           ym |       119           1         118     |
------------------------------------------------------+
* = FE nested within cluster; treated as redundant for DoF computation

. est store env_negshare

. 
. * E8. Prior-month net-positive sentiment boundary.
. reghdfe ln_RevPAR_clean_w199 c.sim_mean_c##c.lsentnet_c ///
>     ln_recent_volumn recent_sd recent_rating ln_lag_volumn_acc lag_avg_rating_acc ///
>     lag_sd_acc lag_avg_rating_month ln_avg_com_RevPAR ln_lag_RevPAR_clean_w199 ///
>     if cs_sample_focus100 == 1, absorb(hotel_id_num ym) vce(cluster hotel_id_num)
(dropped 2 singleton observations)
(MWFE estimator converged in 7 iterations)

HDFE Linear regression                            Number of obs   =     33,546
Absorbing 2 HDFE groups                           F(  12,    557) =     107.99
Statistics robust to heteroskedasticity           Prob > F        =     0.0000
                                                  R-squared       =     0.8769
                                                  Adj R-squared   =     0.8742
                                                  Within R-sq.    =     0.3036
Number of clusters (hotel_id_num) =        558    Root MSE        =     0.2300

                                      (Std. err. adjusted for 558 clusters in hotel_id_num)
-------------------------------------------------------------------------------------------
                          |               Robust
     ln_RevPAR_clean_w199 | Coefficient  std. err.      t    P>|t|     [95% conf. interval]
--------------------------+----------------------------------------------------------------
               sim_mean_c |  -.1827955   .0573519    -3.19   0.002     -.295448    -.070143
               lsentnet_c |  -.0073699   .0044941    -1.64   0.102    -.0161974    .0014575
                          |
c.sim_mean_c#c.lsentnet_c |  -.0804499   .0862343    -0.93   0.351    -.2498341    .0889343
                          |
         ln_recent_volumn |   .0816815   .0088779     9.20   0.000     .0642433    .0991197
                recent_sd |  -.0022698   .0075603    -0.30   0.764    -.0171199    .0125804
            recent_rating |   .0183449   .0062787     2.92   0.004     .0060122    .0306776
        ln_lag_volumn_acc |   .0291614   .0071284     4.09   0.000     .0151596    .0431632
       lag_avg_rating_acc |  -.0006901   .0278837    -0.02   0.980    -.0554601    .0540799
               lag_sd_acc |  -.0161003   .0344936    -0.47   0.641    -.0838537    .0516532
     lag_avg_rating_month |   .0054756   .0020005     2.74   0.006     .0015462    .0094049
        ln_avg_com_RevPAR |    .120849   .0120003    10.07   0.000     .0972777    .1444203
 ln_lag_RevPAR_clean_w199 |   .4395129   .0175853    24.99   0.000     .4049712    .4740546
                    _cons |   1.422042   .1505125     9.45   0.000       1.1264    1.717683
-------------------------------------------------------------------------------------------

Absorbed degrees of freedom:
------------------------------------------------------+
  Absorbed FE | Categories  - Redundant  = Num. Coefs |
--------------+---------------------------------------|
 hotel_id_num |       558         558           0    *|
           ym |       135           1         134     |
------------------------------------------------------+
* = FE nested within cluster; treated as redundant for DoF computation

. est store env_lagnet

. 
. * E9. Sentiment volatility boundary.
. reghdfe ln_RevPAR_clean_w199 c.sim_mean_c##c.sentsd_c ///
>     ln_recent_volumn recent_sd recent_rating ln_lag_volumn_acc lag_avg_rating_acc ///
>     lag_sd_acc lag_avg_rating_month ln_avg_com_RevPAR ln_lag_RevPAR_clean_w199 ///
>     if cs_sample_focus100 == 1 & sent_any_text == 1, absorb(hotel_id_num ym) vce(cluster hotel_id_num)
(dropped 15 singleton observations)
(MWFE estimator converged in 7 iterations)

HDFE Linear regression                            Number of obs   =     22,100
Absorbing 2 HDFE groups                           F(  12,    512) =      81.94
Statistics robust to heteroskedasticity           Prob > F        =     0.0000
                                                  R-squared       =     0.8910
                                                  Adj R-squared   =     0.8877
                                                  Within R-sq.    =     0.2925
Number of clusters (hotel_id_num) =        513    Root MSE        =     0.2038

                                     (Std. err. adjusted for 513 clusters in hotel_id_num)
------------------------------------------------------------------------------------------
                         |               Robust
    ln_RevPAR_clean_w199 | Coefficient  std. err.      t    P>|t|     [95% conf. interval]
-------------------------+----------------------------------------------------------------
              sim_mean_c |  -.1690252   .0654559    -2.58   0.010    -.2976205     -.04043
                sentsd_c |   .0024516   .0009413     2.60   0.009     .0006023    .0043009
                         |
 c.sim_mean_c#c.sentsd_c |   .0065649   .0212005     0.31   0.757    -.0350857    .0482155
                         |
        ln_recent_volumn |   .0724399   .0095451     7.59   0.000     .0536875    .0911924
               recent_sd |   .0009122    .008726     0.10   0.917     -.016231    .0180554
           recent_rating |   .0134415   .0078232     1.72   0.086     -.001928     .028811
       ln_lag_volumn_acc |   .0309818   .0073818     4.20   0.000     .0164795    .0454841
      lag_avg_rating_acc |   .0182903   .0317322     0.58   0.565     -.044051    .0806315
              lag_sd_acc |  -.0127443   .0358845    -0.36   0.723    -.0832432    .0577546
    lag_avg_rating_month |   .0041022   .0024293     1.69   0.092    -.0006705    .0088749
       ln_avg_com_RevPAR |   .1352637   .0160313     8.44   0.000     .1037684     .166759
ln_lag_RevPAR_clean_w199 |   .4067538   .0211064    19.27   0.000      .365288    .4482195
                   _cons |   1.487752   .1546711     9.62   0.000     1.183884     1.79162
------------------------------------------------------------------------------------------

Absorbed degrees of freedom:
------------------------------------------------------+
  Absorbed FE | Categories  - Redundant  = Num. Coefs |
--------------+---------------------------------------|
 hotel_id_num |       513         513           0    *|
           ym |       119           1         118     |
------------------------------------------------------+
* = FE nested within cluster; treated as redundant for DoF computation

. est store env_sentsd

. 
. esttab env_recentsd env_accsd env_momentum env_fresh env_bingavg env_netpos env_negshare env_lagnet env_sentsd using "`table_dir'/routeA_review_environment_`run_id'.rtf", replace star(* 0.10 ** 0.05 *** 0.01 **** 0.001) cells(b(star fmt(4)) se(par fmt(4
> ))) stats(N r2_a, labels("Observations" "Adjusted R-squared")) mtitles("recent sd" "acc sd" "momentum" "freshness" "bing avg" "net pos" "neg share" "lag net" "sent sd") nogap compress
(file /Users/samxie/Research/ReviewSimi_Sales/Code/outputs/core_simi_260501/tables_explicit/routeA_review_environment_260605.rtf not found)
(output written to /Users/samxie/Research/ReviewSimi_Sales/Code/outputs/core_simi_260501/tables_explicit/routeA_review_environment_260605.rtf)

. esttab env_recentsd env_accsd env_momentum env_fresh env_bingavg env_netpos env_negshare env_lagnet env_sentsd using "`csv_dir'/routeA_review_environment_`run_id'.csv", replace csv star(* 0.10 ** 0.05 *** 0.01 **** 0.001) cells(b(star fmt(4)) se(par fmt
> (4))) stats(N r2_a, labels("Observations" "Adjusted R-squared")) mtitles("recent sd" "acc sd" "momentum" "freshness" "bing avg" "net pos" "neg share" "lag net" "sent sd") nogap
(file /Users/samxie/Research/ReviewSimi_Sales/Code/outputs/core_simi_260501/csv/routeA_review_environment_260605.csv not found)
(output written to /Users/samxie/Research/ReviewSimi_Sales/Code/outputs/core_simi_260501/csv/routeA_review_environment_260605.csv)

. 
. log close
      name:  <unnamed>
       log:  /Users/samxie/Research/ReviewSimi_Sales/Code/outputs/core_simi_260501/logs/run_routeA_review_environment_260605.log
  log type:  text
 closed on:   5 Jun 2026, 14:00:27
---------------------------------------------------------------------------------------------------------------------------------------------------------------------------------------------------------------------------------------------------------------

. 
end of do-file
