
  ___  ____  ____  ____  ____ ©
 /__    /   ____/   /   ____/      17.0
___/   /   /___/   /   /___/       MP—Parallel Edition

 Statistics and Data Science       Copyright 1985-2021 StataCorp LLC
                                   StataCorp
                                   4905 Lakeway Drive
                                   College Station, Texas 77845 USA
                                   800-STATA-PC        https://www.stata.com
                                   979-696-4600        stata@stata.com

Stata license: Single-user 2-core  perpetual
Serial number: 501806366047
  Licensed to: Sam Xie
               samxie

Notes:
      1. Stata is running in batch mode.
      2. Unicode is supported; see help unicode_advice.
      3. More than 2 billion observations are allowed; see help obs_advice.
      4. Maximum number of variables is set to 5,000; see help set_maxvar.


Running /Applications/Stata/profile.do ...
command window is unrecognized
r(199);

. do /private/tmp/run_scope_ars_robustness_260509.do 

. version 17.0

. clear all

. set more off

. set linesize 255

. capture log close

. 
. local project "/Users/samxie/Research/ReviewSimi_Sales/Code"

. local out_root "`project'/outputs/core_simi_260501"

. local data_dir "`out_root'/data"

. local table_dir "`out_root'/tables_explicit"

. local log_dir "`out_root'/logs"

. 
. cap mkdir "`table_dir'"

. cap mkdir "`log_dir'"

. 
. log using "`log_dir'/h1_scope_ars_robustness_260509.log", text replace
(file /Users/samxie/Research/ReviewSimi_Sales/Code/outputs/core_simi_260501/logs/h1_scope_ars_robustness_260509.log not found)
---------------------------------------------------------------------------------------------------------------------------------------------------------------------------------------------------------------------------------------------------------------
      name:  <unnamed>
       log:  /Users/samxie/Research/ReviewSimi_Sales/Code/outputs/core_simi_260501/logs/h1_scope_ars_robustness_260509.log
  log type:  text
 opened on:   9 May 2026, 18:08:42

. 
. use "`data_dir'/core_simi_panel_260501_with_scope_ars.dta", clear

. 
. capture drop hotel_id_num

. capture confirm numeric variable HotelID

. if _rc {
.     encode HotelID, gen(hotel_id_num)
. }

. else {
.     gen long hotel_id_num = HotelID
. }

. 
. capture drop ym

. gen ym = monthly(year_month, "YM")

. format ym %tm

. xtset hotel_id_num ym

Panel variable: hotel_id_num (unbalanced)
 Time variable: ym, 2011m1 to 2022m9, but with gaps
         Delta: 1 month

. sort hotel_id_num ym

. 
. estimates clear

. 
. reghdfe ln_RevPAR_clean sim_mean_5 ///
>     ln_recent_volumn_5 recent_sd_5 rating_last_5 ln_lag_volumn_acc ///
>     lag_avg_rating_acc lag_sd_acc lag_avg_rating_month ///
>     ln_avg_com_RevPAR ln_lag_RevPAR_clean ///
>     if cs_sample_focus100 == 1, absorb(hotel_id_num ym) vce(cluster hotel_id_num)
(dropped 2 singleton observations)
(MWFE estimator converged in 7 iterations)

HDFE Linear regression                            Number of obs   =     33,546
Absorbing 2 HDFE groups                           F(  10,    557) =      83.44
Statistics robust to heteroskedasticity           Prob > F        =     0.0000
                                                  R-squared       =     0.8569
                                                  Adj R-squared   =     0.8538
                                                  Within R-sq.    =     0.2520
Number of clusters (hotel_id_num) =        558    Root MSE        =     0.2654

                                 (Std. err. adjusted for 558 clusters in hotel_id_num)
--------------------------------------------------------------------------------------
                     |               Robust
     ln_RevPAR_clean | Coefficient  std. err.      t    P>|t|     [95% conf. interval]
---------------------+----------------------------------------------------------------
          sim_mean_5 |  -.1396618   .0499698    -2.79   0.005     -.237814   -.0415096
  ln_recent_volumn_5 |   .0708931   .0073029     9.71   0.000     .0565485    .0852377
         recent_sd_5 |  -.0077752   .0058358    -1.33   0.183     -.019238    .0036876
       rating_last_5 |   .0013008    .002561     0.51   0.612    -.0037296    .0063312
   ln_lag_volumn_acc |   .0363833   .0083132     4.38   0.000     .0200542    .0527124
  lag_avg_rating_acc |   .0204515   .0306646     0.67   0.505     -.039781     .080684
          lag_sd_acc |  -.0065775   .0372153    -0.18   0.860    -.0796769     .066522
lag_avg_rating_month |   .0072236   .0022411     3.22   0.001     .0028215    .0116257
   ln_avg_com_RevPAR |   .1299531   .0136642     9.51   0.000     .1031134    .1567928
 ln_lag_RevPAR_clean |   .3976032   .0286784    13.86   0.000     .3412722    .4539341
               _cons |    1.59458   .1729574     9.22   0.000     1.254851    1.934308
--------------------------------------------------------------------------------------

Absorbed degrees of freedom:
------------------------------------------------------+
  Absorbed FE | Categories  - Redundant  = Num. Coefs |
--------------+---------------------------------------|
 hotel_id_num |       558         558           0    *|
           ym |       135           1         134     |
------------------------------------------------------+
* = FE nested within cluster; treated as redundant for DoF computation

. est store h1_scope5

. 
. reghdfe ln_RevPAR_clean sim_mean_10 ///
>     ln_recent_volumn_10 recent_sd_10 rating_last_5 ln_lag_volumn_acc ///
>     lag_avg_rating_acc lag_sd_acc lag_avg_rating_month ///
>     ln_avg_com_RevPAR ln_lag_RevPAR_clean ///
>     if cs_sample_focus100 == 1, absorb(hotel_id_num ym) vce(cluster hotel_id_num)
(dropped 2 singleton observations)
(MWFE estimator converged in 7 iterations)

HDFE Linear regression                            Number of obs   =     33,546
Absorbing 2 HDFE groups                           F(  10,    557) =      80.40
Statistics robust to heteroskedasticity           Prob > F        =     0.0000
                                                  R-squared       =     0.8568
                                                  Adj R-squared   =     0.8537
                                                  Within R-sq.    =     0.2512
Number of clusters (hotel_id_num) =        558    Root MSE        =     0.2655

                                 (Std. err. adjusted for 558 clusters in hotel_id_num)
--------------------------------------------------------------------------------------
                     |               Robust
     ln_RevPAR_clean | Coefficient  std. err.      t    P>|t|     [95% conf. interval]
---------------------+----------------------------------------------------------------
         sim_mean_10 |  -.1802589   .0679161    -2.65   0.008    -.3136619   -.0468558
 ln_recent_volumn_10 |   .0866087   .0101137     8.56   0.000     .0667431    .1064742
        recent_sd_10 |  -.0154018     .00811    -1.90   0.058    -.0313317    .0005281
       rating_last_5 |   .0012139   .0025583     0.47   0.635    -.0038112    .0062389
   ln_lag_volumn_acc |   .0339516   .0083727     4.06   0.000     .0175056    .0503976
  lag_avg_rating_acc |   .0201067   .0308752     0.65   0.515    -.0405394    .0807527
          lag_sd_acc |  -.0073695   .0377285    -0.20   0.845    -.0814771    .0667381
lag_avg_rating_month |   .0070592   .0022112     3.19   0.001      .002716    .0114025
   ln_avg_com_RevPAR |   .1303443    .013695     9.52   0.000     .1034441    .1572446
 ln_lag_RevPAR_clean |   .3978797   .0287142    13.86   0.000     .3414784     .454281
               _cons |    1.55553   .1730597     8.99   0.000       1.2156    1.895459
--------------------------------------------------------------------------------------

Absorbed degrees of freedom:
------------------------------------------------------+
  Absorbed FE | Categories  - Redundant  = Num. Coefs |
--------------+---------------------------------------|
 hotel_id_num |       558         558           0    *|
           ym |       135           1         134     |
------------------------------------------------------+
* = FE nested within cluster; treated as redundant for DoF computation

. est store h1_scope10

. 
. reghdfe ln_RevPAR_clean sim_mean_15 ///
>     ln_recent_volumn_15 recent_sd_15 rating_last_5 ln_lag_volumn_acc ///
>     lag_avg_rating_acc lag_sd_acc lag_avg_rating_month ///
>     ln_avg_com_RevPAR ln_lag_RevPAR_clean ///
>     if cs_sample_focus100 == 1, absorb(hotel_id_num ym) vce(cluster hotel_id_num)
(dropped 2 singleton observations)
(MWFE estimator converged in 7 iterations)

HDFE Linear regression                            Number of obs   =     33,546
Absorbing 2 HDFE groups                           F(  10,    557) =      78.05
Statistics robust to heteroskedasticity           Prob > F        =     0.0000
                                                  R-squared       =     0.8566
                                                  Adj R-squared   =     0.8535
                                                  Within R-sq.    =     0.2504
Number of clusters (hotel_id_num) =        558    Root MSE        =     0.2657

                                 (Std. err. adjusted for 558 clusters in hotel_id_num)
--------------------------------------------------------------------------------------
                     |               Robust
     ln_RevPAR_clean | Coefficient  std. err.      t    P>|t|     [95% conf. interval]
---------------------+----------------------------------------------------------------
         sim_mean_15 |  -.2174439    .080542    -2.70   0.007    -.3756472   -.0592407
 ln_recent_volumn_15 |   .0895646   .0120211     7.45   0.000     .0659525    .1131768
        recent_sd_15 |  -.0231922   .0096087    -2.41   0.016    -.0420658   -.0043185
       rating_last_5 |   .0012753   .0025816     0.49   0.621    -.0037955    .0063461
   ln_lag_volumn_acc |   .0311217   .0084761     3.67   0.000     .0144726    .0477708
  lag_avg_rating_acc |   .0195062   .0309464     0.63   0.529    -.0412796    .0802921
          lag_sd_acc |  -.0073611   .0380943    -0.19   0.847    -.0821871    .0674649
lag_avg_rating_month |   .0070314   .0021696     3.24   0.001     .0027698    .0112929
   ln_avg_com_RevPAR |    .130644   .0137252     9.52   0.000     .1036846    .1576034
 ln_lag_RevPAR_clean |   .3984919    .028719    13.88   0.000      .342081    .4549028
               _cons |   1.555296   .1725628     9.01   0.000     1.216343    1.894249
--------------------------------------------------------------------------------------

Absorbed degrees of freedom:
------------------------------------------------------+
  Absorbed FE | Categories  - Redundant  = Num. Coefs |
--------------+---------------------------------------|
 hotel_id_num |       558         558           0    *|
           ym |       135           1         134     |
------------------------------------------------------+
* = FE nested within cluster; treated as redundant for DoF computation

. est store h1_scope15

. 
. reghdfe ln_RevPAR_clean sim_mean_20 ///
>     ln_recent_volumn_20 recent_sd_20 rating_last_5 ln_lag_volumn_acc ///
>     lag_avg_rating_acc lag_sd_acc lag_avg_rating_month ///
>     ln_avg_com_RevPAR ln_lag_RevPAR_clean ///
>     if cs_sample_focus100 == 1, absorb(hotel_id_num ym) vce(cluster hotel_id_num)
(dropped 2 singleton observations)
(MWFE estimator converged in 7 iterations)

HDFE Linear regression                            Number of obs   =     33,546
Absorbing 2 HDFE groups                           F(  10,    557) =      75.36
Statistics robust to heteroskedasticity           Prob > F        =     0.0000
                                                  R-squared       =     0.8565
                                                  Adj R-squared   =     0.8534
                                                  Within R-sq.    =     0.2497
Number of clusters (hotel_id_num) =        558    Root MSE        =     0.2658

                                 (Std. err. adjusted for 558 clusters in hotel_id_num)
--------------------------------------------------------------------------------------
                     |               Robust
     ln_RevPAR_clean | Coefficient  std. err.      t    P>|t|     [95% conf. interval]
---------------------+----------------------------------------------------------------
         sim_mean_20 |  -.2732796   .0937349    -2.92   0.004    -.4573967   -.0891624
 ln_recent_volumn_20 |   .0820332   .0131034     6.26   0.000     .0562951    .1077712
        recent_sd_20 |  -.0298564   .0113152    -2.64   0.009    -.0520821   -.0076306
       rating_last_5 |   .0015413    .002577     0.60   0.550    -.0035206    .0066032
   ln_lag_volumn_acc |   .0295018    .008676     3.40   0.001     .0124602    .0465434
  lag_avg_rating_acc |   .0199592   .0308889     0.65   0.518    -.0407138    .0806321
          lag_sd_acc |  -.0063136   .0383013    -0.16   0.869    -.0815462    .0689189
lag_avg_rating_month |   .0072374   .0021453     3.37   0.001     .0030235    .0114513
   ln_avg_com_RevPAR |   .1309611   .0137592     9.52   0.000     .1039349    .1579873
 ln_lag_RevPAR_clean |    .399366    .028704    13.91   0.000     .3429847    .4557473
               _cons |   1.583104   .1726616     9.17   0.000     1.243957    1.922251
--------------------------------------------------------------------------------------

Absorbed degrees of freedom:
------------------------------------------------------+
  Absorbed FE | Categories  - Redundant  = Num. Coefs |
--------------+---------------------------------------|
 hotel_id_num |       558         558           0    *|
           ym |       135           1         134     |
------------------------------------------------------+
* = FE nested within cluster; treated as redundant for DoF computation

. est store h1_scope20

. 
. reghdfe ln_RevPAR_clean sim_mean_30 ///
>     ln_recent_volumn_30 recent_sd_30 rating_last_5 ln_lag_volumn_acc ///
>     lag_avg_rating_acc lag_sd_acc lag_avg_rating_month ///
>     ln_avg_com_RevPAR ln_lag_RevPAR_clean ///
>     if cs_sample_focus100 == 1, absorb(hotel_id_num ym) vce(cluster hotel_id_num)
(dropped 2 singleton observations)
(MWFE estimator converged in 7 iterations)

HDFE Linear regression                            Number of obs   =     33,546
Absorbing 2 HDFE groups                           F(  10,    557) =      70.69
Statistics robust to heteroskedasticity           Prob > F        =     0.0000
                                                  R-squared       =     0.8562
                                                  Adj R-squared   =     0.8531
                                                  Within R-sq.    =     0.2483
Number of clusters (hotel_id_num) =        558    Root MSE        =     0.2661

                                 (Std. err. adjusted for 558 clusters in hotel_id_num)
--------------------------------------------------------------------------------------
                     |               Robust
     ln_RevPAR_clean | Coefficient  std. err.      t    P>|t|     [95% conf. interval]
---------------------+----------------------------------------------------------------
         sim_mean_30 |  -.1662814   .1090838    -1.52   0.128    -.3805473    .0479846
 ln_recent_volumn_30 |   .0515816   .0138154     3.73   0.000      .024445    .0787182
        recent_sd_30 |    -.02461   .0143172    -1.72   0.086    -.0527323    .0035123
       rating_last_5 |    .002025   .0025533     0.79   0.428    -.0029903    .0070403
   ln_lag_volumn_acc |   .0298569   .0092116     3.24   0.001     .0117631    .0479507
  lag_avg_rating_acc |   .0221774   .0307713     0.72   0.471    -.0382646    .0826194
          lag_sd_acc |  -.0075369   .0388831    -0.19   0.846    -.0839124    .0688386
lag_avg_rating_month |   .0075081   .0021337     3.52   0.000     .0033171    .0116992
   ln_avg_com_RevPAR |   .1314373   .0138095     9.52   0.000     .1043121    .1585624
 ln_lag_RevPAR_clean |   .4013266   .0286779    13.99   0.000     .3449965    .4576568
               _cons |   1.604926   .1722372     9.32   0.000     1.266612     1.94324
--------------------------------------------------------------------------------------

Absorbed degrees of freedom:
------------------------------------------------------+
  Absorbed FE | Categories  - Redundant  = Num. Coefs |
--------------+---------------------------------------|
 hotel_id_num |       558         558           0    *|
           ym |       135           1         134     |
------------------------------------------------------+
* = FE nested within cluster; treated as redundant for DoF computation

. est store h1_scope30

. 
. esttab h1_scope5 h1_scope10 h1_scope15 h1_scope20 h1_scope30 ///
>     using "`table_dir'/h1_scope_ars_robustness_260509.rtf", replace ///
>     order( ///
>         sim_mean_5 ///
>         sim_mean_10 ///
>         sim_mean_15 ///
>         sim_mean_20 ///
>         sim_mean_30 ///
>         ln_recent_volumn_5 ///
>         ln_recent_volumn_10 ///
>         ln_recent_volumn_15 ///
>         ln_recent_volumn_20 ///
>         ln_recent_volumn_30 ///
>         recent_sd_5 ///
>         recent_sd_10 ///
>         recent_sd_15 ///
>         recent_sd_20 ///
>         recent_sd_30 ///
>         ln_lag_volumn_acc ///
>         lag_avg_rating_acc ///
>         lag_sd_acc ///
>         rating_last_5 ///
>         lag_avg_rating_month ///
>         ln_avg_com_RevPAR ///
>         ln_lag_RevPAR_clean ///
>     ) ///
>     star(* 0.10 ** 0.05 *** 0.01 **** 0.001) ///
>     cells(b(star fmt(3)) se(par fmt(3))) ///
>     stats(N r2_a, labels("Observations" "Adjusted R-squared")) ///
>     mtitles("5" "10" "15" "20" "30") ///
>     nogap compress
(file /Users/samxie/Research/ReviewSimi_Sales/Code/outputs/core_simi_260501/tables_explicit/h1_scope_ars_robustness_260509.rtf not found)
(output written to /Users/samxie/Research/ReviewSimi_Sales/Code/outputs/core_simi_260501/tables_explicit/h1_scope_ars_robustness_260509.rtf)

. 
. log close
      name:  <unnamed>
       log:  /Users/samxie/Research/ReviewSimi_Sales/Code/outputs/core_simi_260501/logs/h1_scope_ars_robustness_260509.log
  log type:  text
 closed on:   9 May 2026, 18:08:43
---------------------------------------------------------------------------------------------------------------------------------------------------------------------------------------------------------------------------------------------------------------

. 
end of do-file
