
  ___  ____  ____  ____  ____ ©
 /__    /   ____/   /   ____/      17.0
___/   /   /___/   /   /___/       MP—Parallel Edition

 Statistics and Data Science       Copyright 1985-2021 StataCorp LLC
                                   StataCorp
                                   4905 Lakeway Drive
                                   College Station, Texas 77845 USA
                                   800-STATA-PC        https://www.stata.com
                                   979-696-4600        stata@stata.com

Stata license: Single-user 2-core  perpetual
Serial number: 501806366047
  Licensed to: Sam Xie
               samxie

Notes:
      1. Stata is running in batch mode.
      2. Unicode is supported; see help unicode_advice.
      3. More than 2 billion observations are allowed; see help obs_advice.
      4. Maximum number of variables is set to 5,000; see help set_maxvar.


Running /Applications/Stata/profile.do ...
command window is unrecognized
r(199);

. do scripts/stata/run_routeB_dynamic_path_event_260710.do 

. *******************************************************
. * Event-aligned dynamic path, 260710.  Logs only.
. * Every ARS x MR specification contains exactly one interaction.
. *******************************************************
. version 17.0

. clear all

. set more off

. set linesize 255

. capture log close

. local p "/Users/samxie/Research/ReviewSimi_Sales/Code"

. use "`p'/outputs/core_simi_260501/data/event_month_ars_mr_panel_260710.dta", clear

. log using "`p'/stata-log/run_routeB_dynamic_path_event_260710.log", text replace
(file /Users/samxie/Research/ReviewSimi_Sales/Code/stata-log/run_routeB_dynamic_path_event_260710.log not found)
---------------------------------------------------------------------------------------------------------------------------------------------------------------------------------------------------------------------------------------------------------------
      name:  <unnamed>
       log:  /Users/samxie/Research/ReviewSimi_Sales/Code/stata-log/run_routeB_dynamic_path_event_260710.log
  log type:  text
 opened on:  25 Jul 2026, 04:04:35

. capture which reghdfe

. if _rc exit 199

. keep if cs_sample_focus100 == 1
(55,391 observations deleted)

. encode HotelID, gen(hotel_id_num)

. gen ym = monthly(event_ym,"YM")

. format ym %tm

. capture drop lnRevenue_next_calendar_w199 lnRevenue_lag_month_w199

. quietly _pctile lnRevenue_next_calendar if !missing(lnRevenue_next_calendar), p(1 99)

. gen double lnRevenue_next_calendar_w199=min(max(lnRevenue_next_calendar,r(r1)),r(r2)) if !missing(lnRevenue_next_calendar)
(5,087 missing values generated)

. quietly _pctile lnRevenue_lag_month if !missing(lnRevenue_lag_month), p(1 99)

. gen double lnRevenue_lag_month_w199=min(max(lnRevenue_lag_month,r(r1)),r(r2)) if !missing(lnRevenue_lag_month)
(999 missing values generated)

. 
. foreach a in ars_cross_ev ars_pool_ev {
  2.     * D1 main timing: previous-event MR; D1i interval robustness.
.     reghdfe `a' pmr_any pmr_activity_n pmr_cohort_rate7 pmr_text_invite_zf pmr_text_recovery_zf pmr_target_complaint_zf pmr_target_service_zf pmr_target_room_zf pmr_target_cleanliness_zf pmr_target_value_zf ev_ln_review_count ev_mean_rating ev_sd_rating
>  ev_ln_mean_text_chars sent_avg_bing ln_lag_volumn_acc if !missing(`a'), absorb(hotel_id_num ym) vce(cluster hotel_id_num)
  3.     reghdfe `a' imr_any imr_activity_n imr_text_invite_zf imr_text_recovery_zf imr_target_complaint_zf imr_target_service_zf imr_target_room_zf imr_target_cleanliness_zf imr_target_value_zf ev_ln_review_count ev_mean_rating ev_sd_rating ev_ln_mean_te
> xt_chars sent_avg_bing ln_lag_volumn_acc if !missing(`a'), absorb(hotel_id_num ym) vce(cluster hotel_id_num)
  4.     * D2: next calendar-month revenue; sequence is exploratory, not mediation.
.     reghdfe lnRevenue_next_calendar_w199 `a' pmr_any pmr_activity_n pmr_cohort_rate7 pmr_text_invite_zf pmr_text_recovery_zf pmr_target_complaint_zf pmr_target_service_zf pmr_target_room_zf pmr_target_cleanliness_zf pmr_target_value_zf ev_ln_review_coun
> t ev_mean_rating ev_sd_rating ev_ln_mean_text_chars sent_avg_bing ln_lag_volumn_acc lag_avg_rating_acc lag_sd_acc ln_avg_com_RevPAR lnRevenue_lag_month_w199 if !missing(lnRevenue_next_calendar_w199,`a'), absorb(hotel_id_num ym) vce(cluster hotel_id_num)
  5.     * D3: one predeclared interaction per regression, so no repeated ARS main effect occurs.
.     foreach m in c.pmr_activity_n c.pmr_cohort_rate7 c.pmr_text_invite_zf c.pmr_text_recovery_zf c.pmr_target_complaint_zf c.pmr_target_service_zf c.pmr_target_room_zf c.pmr_target_cleanliness_zf c.pmr_target_value_zf {
  6.         reghdfe lnRevenue_next_calendar_w199 c.`a'##`m' pmr_any ev_ln_review_count ev_mean_rating ev_sd_rating ev_ln_mean_text_chars sent_avg_bing ln_lag_volumn_acc lag_avg_rating_acc lag_sd_acc ln_avg_com_RevPAR lnRevenue_lag_month_w199 if !missing(
> lnRevenue_next_calendar_w199,`a'), absorb(hotel_id_num ym) vce(cluster hotel_id_num)
  7.     }
  8. }
(dropped 13 singleton observations)
(MWFE estimator converged in 7 iterations)

HDFE Linear regression                            Number of obs   =     21,609
Absorbing 2 HDFE groups                           F(  16,    516) =     125.84
Statistics robust to heteroskedasticity           Prob > F        =     0.0000
                                                  R-squared       =     0.3646
                                                  Adj R-squared   =     0.3449
                                                  Within R-sq.    =     0.1568
Number of clusters (hotel_id_num) =        517    Root MSE        =     0.0462

                                      (Std. err. adjusted for 517 clusters in hotel_id_num)
-------------------------------------------------------------------------------------------
                          |               Robust
             ars_cross_ev | Coefficient  std. err.      t    P>|t|     [95% conf. interval]
--------------------------+----------------------------------------------------------------
                  pmr_any |   .0107642   .0022281     4.83   0.000     .0063869    .0151416
           pmr_activity_n |   .0000428   .0000334     1.28   0.201    -.0000229    .0001084
         pmr_cohort_rate7 |   .0010825   .0014037     0.77   0.441    -.0016752    .0038402
       pmr_text_invite_zf |   .0047887   .0022092     2.17   0.031     .0004487    .0091288
     pmr_text_recovery_zf |  -.0151731   .0038066    -3.99   0.000    -.0226514   -.0076948
  pmr_target_complaint_zf |  -.0166534   .0017671    -9.42   0.000     -.020125   -.0131818
    pmr_target_service_zf |  -.0021606   .0017736    -1.22   0.224    -.0056449    .0013237
       pmr_target_room_zf |  -.0121937   .0019071    -6.39   0.000    -.0159403   -.0084471
pmr_target_cleanliness_zf |   .0042789   .0016756     2.55   0.011     .0009871    .0075707
      pmr_target_value_zf |  -.0047647    .001916    -2.49   0.013    -.0085288   -.0010006
       ev_ln_review_count |   .0095975   .0009596    10.00   0.000     .0077122    .0114827
           ev_mean_rating |   .0037255   .0010006     3.72   0.000     .0017597    .0056913
             ev_sd_rating |  -.0090078   .0009002   -10.01   0.000    -.0107763   -.0072392
    ev_ln_mean_text_chars |  -.0415904   .0012376   -33.61   0.000    -.0440217    -.039159
            sent_avg_bing |   .0011543   .0002414     4.78   0.000     .0006802    .0016285
        ln_lag_volumn_acc |   .0020205   .0012297     1.64   0.101    -.0003954    .0044364
                    _cons |   .5123875   .0120661    42.46   0.000     .4886827    .5360923
-------------------------------------------------------------------------------------------

Absorbed degrees of freedom:
------------------------------------------------------+
  Absorbed FE | Categories  - Redundant  = Num. Coefs |
--------------+---------------------------------------|
 hotel_id_num |       517         517           0    *|
           ym |       119           1         118     |
------------------------------------------------------+
* = FE nested within cluster; treated as redundant for DoF computation
(dropped 15 singleton observations)
(MWFE estimator converged in 7 iterations)

HDFE Linear regression                            Number of obs   =     22,315
Absorbing 2 HDFE groups                           F(  15,    517) =     134.87
Statistics robust to heteroskedasticity           Prob > F        =     0.0000
                                                  R-squared       =     0.3564
                                                  Adj R-squared   =     0.3371
                                                  Within R-sq.    =     0.1527
Number of clusters (hotel_id_num) =        518    Root MSE        =     0.0474

                                      (Std. err. adjusted for 518 clusters in hotel_id_num)
-------------------------------------------------------------------------------------------
                          |               Robust
             ars_cross_ev | Coefficient  std. err.      t    P>|t|     [95% conf. interval]
--------------------------+----------------------------------------------------------------
                  imr_any |   .0114666   .0021326     5.38   0.000      .007277    .0156562
           imr_activity_n |    .000061   .0000346     1.76   0.079    -7.00e-06    .0001291
       imr_text_invite_zf |   .0053618   .0022191     2.42   0.016     .0010022    .0097215
     imr_text_recovery_zf |  -.0152739   .0040203    -3.80   0.000    -.0231721   -.0073757
  imr_target_complaint_zf |  -.0179539   .0017722   -10.13   0.000    -.0214356   -.0144723
    imr_target_service_zf |  -.0019638    .001796    -1.09   0.275    -.0054921    .0015645
       imr_target_room_zf |  -.0117882   .0019048    -6.19   0.000    -.0155304    -.008046
imr_target_cleanliness_zf |   .0042392   .0016989     2.50   0.013     .0009015    .0075769
      imr_target_value_zf |  -.0051119   .0019333    -2.64   0.008      -.00891   -.0013138
       ev_ln_review_count |   .0098933   .0009523    10.39   0.000     .0080224    .0117641
           ev_mean_rating |    .003369   .0009618     3.50   0.001     .0014795    .0052584
             ev_sd_rating |   -.009356   .0008701   -10.75   0.000    -.0110653   -.0076467
    ev_ln_mean_text_chars |  -.0417944   .0012429   -33.63   0.000    -.0442361   -.0393526
            sent_avg_bing |   .0010858   .0002423     4.48   0.000     .0006098    .0015618
        ln_lag_volumn_acc |   .0013152   .0012553     1.05   0.295    -.0011508    .0037813
                    _cons |   .5191039   .0120197    43.19   0.000     .4954903    .5427174
-------------------------------------------------------------------------------------------

Absorbed degrees of freedom:
------------------------------------------------------+
  Absorbed FE | Categories  - Redundant  = Num. Coefs |
--------------+---------------------------------------|
 hotel_id_num |       518         518           0    *|
           ym |       119           1         118     |
------------------------------------------------------+
* = FE nested within cluster; treated as redundant for DoF computation
(dropped 19 singleton observations)
(MWFE estimator converged in 8 iterations)

HDFE Linear regression                            Number of obs   =     19,377
Absorbing 2 HDFE groups                           F(  21,    494) =   23036.88
Statistics robust to heteroskedasticity           Prob > F        =     0.0000
                                                  R-squared       =     0.9997
                                                  Adj R-squared   =     0.9997
                                                  Within R-sq.    =     0.9981
Number of clusters (hotel_id_num) =        495    Root MSE        =     0.0103

                                      (Std. err. adjusted for 495 clusters in hotel_id_num)
-------------------------------------------------------------------------------------------
                          |               Robust
lnRevenue_next_calend~199 | Coefficient  std. err.      t    P>|t|     [95% conf. interval]
--------------------------+----------------------------------------------------------------
             ars_cross_ev |  -.0003852   .0026303    -0.15   0.884    -.0055531    .0047827
                  pmr_any |   .0004564   .0004763     0.96   0.338    -.0004795    .0013922
           pmr_activity_n |   4.11e-06   7.17e-06     0.57   0.567    -9.98e-06    .0000182
         pmr_cohort_rate7 |   -.000478   .0002851    -1.68   0.094    -.0010381    .0000821
       pmr_text_invite_zf |  -.0004012   .0004897    -0.82   0.413    -.0013633     .000561
     pmr_text_recovery_zf |  -.0002746   .0004312    -0.64   0.525    -.0011218    .0005727
  pmr_target_complaint_zf |  -.0007536   .0003496    -2.16   0.032    -.0014405   -.0000667
    pmr_target_service_zf |    .000519   .0003465     1.50   0.135    -.0001618    .0011999
       pmr_target_room_zf |  -.0004023   .0004869    -0.83   0.409    -.0013589    .0005543
pmr_target_cleanliness_zf |  -.0002564   .0004181    -0.61   0.540    -.0010779    .0005651
      pmr_target_value_zf |   .0007703    .000615     1.25   0.211     -.000438    .0019786
       ev_ln_review_count |   .0002405   .0002378     1.01   0.312    -.0002267    .0007076
           ev_mean_rating |  -.0007348   .0003965    -1.85   0.064    -.0015137    .0000442
             ev_sd_rating |  -.0006152   .0003214    -1.91   0.056    -.0012466    .0000163
    ev_ln_mean_text_chars |  -1.64e-06    .000319    -0.01   0.996    -.0006285    .0006252
            sent_avg_bing |   .0000275   .0000685     0.40   0.688     -.000107     .000162
        ln_lag_volumn_acc |   .0018732   .0005041     3.72   0.000     .0008829    .0028636
       lag_avg_rating_acc |   .0052214   .0026908     1.94   0.053    -.0000656    .0105083
               lag_sd_acc |    .004727   .0022139     2.14   0.033     .0003772    .0090769
        ln_avg_com_RevPAR |   .0010244   .0003988     2.57   0.011     .0002408    .0018079
 lnRevenue_lag_month_w199 |   .9846241   .0026746   368.14   0.000     .9793692    .9898791
                    _cons |   .0299131   .0167575     1.79   0.075    -.0030118    .0628379
-------------------------------------------------------------------------------------------

Absorbed degrees of freedom:
------------------------------------------------------+
  Absorbed FE | Categories  - Redundant  = Num. Coefs |
--------------+---------------------------------------|
 hotel_id_num |       495         495           0    *|
           ym |       118           1         117     |
------------------------------------------------------+
* = FE nested within cluster; treated as redundant for DoF computation
(dropped 17 singleton observations)
(MWFE estimator converged in 8 iterations)

HDFE Linear regression                            Number of obs   =     20,060
Absorbing 2 HDFE groups                           F(  14,    499) =   28480.11
Statistics robust to heteroskedasticity           Prob > F        =     0.0000
                                                  R-squared       =     0.9997
                                                  Adj R-squared   =     0.9997
                                                  Within R-sq.    =     0.9980
Number of clusters (hotel_id_num) =        500    Root MSE        =     0.0110

                                            (Std. err. adjusted for 500 clusters in hotel_id_num)
-------------------------------------------------------------------------------------------------
                                |               Robust
   lnRevenue_next_calendar_w199 | Coefficient  std. err.      t    P>|t|     [95% conf. interval]
--------------------------------+----------------------------------------------------------------
                   ars_cross_ev |   .0003645   .0028171     0.13   0.897    -.0051704    .0058993
                 pmr_activity_n |   .0001358   .0000911     1.49   0.137    -.0000433    .0003148
                                |
c.ars_cross_ev#c.pmr_activity_n |  -.0004219   .0003042    -1.39   0.166    -.0010195    .0001757
                                |
                        pmr_any |  -.0001194   .0002754    -0.43   0.665    -.0006604    .0004217
             ev_ln_review_count |   .0003352   .0002464     1.36   0.174    -.0001488    .0008192
                 ev_mean_rating |  -.0006688    .000396    -1.69   0.092    -.0014469    .0001093
                   ev_sd_rating |  -.0004966   .0003144    -1.58   0.115    -.0011143     .000121
          ev_ln_mean_text_chars |  -.0001158   .0003247    -0.36   0.721    -.0007538    .0005222
                  sent_avg_bing |   .0000354   .0000716     0.49   0.621    -.0001053    .0001762
              ln_lag_volumn_acc |   .0016935   .0005368     3.15   0.002     .0006388    .0027483
             lag_avg_rating_acc |    .004541   .0022781     1.99   0.047     .0000652    .0090168
                     lag_sd_acc |   .0039904   .0019839     2.01   0.045     .0000926    .0078881
              ln_avg_com_RevPAR |   .0011604   .0004082     2.84   0.005     .0003584    .0019624
       lnRevenue_lag_month_w199 |   .9836141   .0025046   392.72   0.000     .9786932     .988535
                          _cons |    .038197   .0144194     2.65   0.008     .0098668    .0665271
-------------------------------------------------------------------------------------------------

Absorbed degrees of freedom:
------------------------------------------------------+
  Absorbed FE | Categories  - Redundant  = Num. Coefs |
--------------+---------------------------------------|
 hotel_id_num |       500         500           0    *|
           ym |       118           1         117     |
------------------------------------------------------+
* = FE nested within cluster; treated as redundant for DoF computation
(dropped 19 singleton observations)
(MWFE estimator converged in 8 iterations)

HDFE Linear regression                            Number of obs   =     19,377
Absorbing 2 HDFE groups                           F(  14,    494) =   28092.24
Statistics robust to heteroskedasticity           Prob > F        =     0.0000
                                                  R-squared       =     0.9997
                                                  Adj R-squared   =     0.9997
                                                  Within R-sq.    =     0.9981
Number of clusters (hotel_id_num) =        495    Root MSE        =     0.0103

                                              (Std. err. adjusted for 495 clusters in hotel_id_num)
---------------------------------------------------------------------------------------------------
                                  |               Robust
     lnRevenue_next_calendar_w199 | Coefficient  std. err.      t    P>|t|     [95% conf. interval]
----------------------------------+----------------------------------------------------------------
                     ars_cross_ev |   .0024229   .0037237     0.65   0.516    -.0048933    .0097391
                 pmr_cohort_rate7 |   .0015113    .001341     1.13   0.260    -.0011236    .0041461
                                  |
c.ars_cross_ev#c.pmr_cohort_rate7 |  -.0065499   .0044677    -1.47   0.143    -.0153279    .0022281
                                  |
                          pmr_any |   .0002843   .0002674     1.06   0.288    -.0002412    .0008097
               ev_ln_review_count |    .000268    .000241     1.11   0.267    -.0002055    .0007414
                   ev_mean_rating |  -.0007164   .0003972    -1.80   0.072    -.0014968    .0000639
                     ev_sd_rating |  -.0006131   .0003207    -1.91   0.057    -.0012432    .0000171
            ev_ln_mean_text_chars |    .000015   .0003199     0.05   0.963    -.0006136    .0006437
                    sent_avg_bing |   .0000272   .0000683     0.40   0.690     -.000107    .0001615
                ln_lag_volumn_acc |   .0018741   .0005033     3.72   0.000     .0008852    .0028629
               lag_avg_rating_acc |   .0054028   .0027324     1.98   0.049     .0000342    .0107714
                       lag_sd_acc |     .00478   .0022335     2.14   0.033     .0003918    .0091683
                ln_avg_com_RevPAR |   .0010349   .0003983     2.60   0.010     .0002523    .0018176
         lnRevenue_lag_month_w199 |   .9846212   .0026782   367.65   0.000     .9793592    .9898832
                            _cons |   .0280492   .0170023     1.65   0.100    -.0053565    .0614549
---------------------------------------------------------------------------------------------------

Absorbed degrees of freedom:
------------------------------------------------------+
  Absorbed FE | Categories  - Redundant  = Num. Coefs |
--------------+---------------------------------------|
 hotel_id_num |       495         495           0    *|
           ym |       118           1         117     |
------------------------------------------------------+
* = FE nested within cluster; treated as redundant for DoF computation
(dropped 17 singleton observations)
(MWFE estimator converged in 8 iterations)

HDFE Linear regression                            Number of obs   =     20,060
Absorbing 2 HDFE groups                           F(  14,    499) =   26070.83
Statistics robust to heteroskedasticity           Prob > F        =     0.0000
                                                  R-squared       =     0.9997
                                                  Adj R-squared   =     0.9997
                                                  Within R-sq.    =     0.9980
Number of clusters (hotel_id_num) =        500    Root MSE        =     0.0110

                                                (Std. err. adjusted for 500 clusters in hotel_id_num)
-----------------------------------------------------------------------------------------------------
                                    |               Robust
       lnRevenue_next_calendar_w199 | Coefficient  std. err.      t    P>|t|     [95% conf. interval]
------------------------------------+----------------------------------------------------------------
                       ars_cross_ev |   -.000341   .0026805    -0.13   0.899    -.0056074    .0049254
                 pmr_text_invite_zf |   .0010737   .0019711     0.54   0.586    -.0027989    .0049464
                                    |
c.ars_cross_ev#c.pmr_text_invite_zf |  -.0047691   .0063493    -0.75   0.453    -.0172438    .0077056
                                    |
                            pmr_any |  -.0000281   .0002801    -0.10   0.920    -.0005784    .0005223
                 ev_ln_review_count |   .0003436   .0002536     1.35   0.176    -.0001547    .0008418
                     ev_mean_rating |  -.0006726   .0003955    -1.70   0.090    -.0014496    .0001045
                       ev_sd_rating |  -.0004927    .000314    -1.57   0.117    -.0011096    .0001243
              ev_ln_mean_text_chars |  -.0001004   .0003289    -0.31   0.760    -.0007467    .0005458
                      sent_avg_bing |   .0000348   .0000716     0.49   0.627    -.0001059    .0001756
                  ln_lag_volumn_acc |   .0016925   .0005365     3.15   0.002     .0006383    .0027467
                 lag_avg_rating_acc |   .0045354   .0022595     2.01   0.045     .0000961    .0089747
                         lag_sd_acc |   .0040332   .0019888     2.03   0.043     .0001258    .0079406
                  ln_avg_com_RevPAR |   .0011624   .0004069     2.86   0.004     .0003629    .0019619
           lnRevenue_lag_month_w199 |   .9836261   .0025036   392.89   0.000     .9787073     .988545
                              _cons |   .0382452   .0142595     2.68   0.008     .0102292    .0662612
-----------------------------------------------------------------------------------------------------

Absorbed degrees of freedom:
------------------------------------------------------+
  Absorbed FE | Categories  - Redundant  = Num. Coefs |
--------------+---------------------------------------|
 hotel_id_num |       500         500           0    *|
           ym |       118           1         117     |
------------------------------------------------------+
* = FE nested within cluster; treated as redundant for DoF computation
(dropped 17 singleton observations)
(MWFE estimator converged in 8 iterations)

HDFE Linear regression                            Number of obs   =     20,060
Absorbing 2 HDFE groups                           F(  14,    499) =   26525.08
Statistics robust to heteroskedasticity           Prob > F        =     0.0000
                                                  R-squared       =     0.9997
                                                  Adj R-squared   =     0.9997
                                                  Within R-sq.    =     0.9980
Number of clusters (hotel_id_num) =        500    Root MSE        =     0.0110

                                                  (Std. err. adjusted for 500 clusters in hotel_id_num)
-------------------------------------------------------------------------------------------------------
                                      |               Robust
         lnRevenue_next_calendar_w199 | Coefficient  std. err.      t    P>|t|     [95% conf. interval]
--------------------------------------+----------------------------------------------------------------
                         ars_cross_ev |  -.0006792   .0026008    -0.26   0.794    -.0057891    .0044307
                 pmr_text_recovery_zf |  -.0004843   .0022855    -0.21   0.832    -.0049748    .0040061
                                      |
c.ars_cross_ev#c.pmr_text_recovery_zf |   .0002639   .0076726     0.03   0.973    -.0148108    .0153385
                                      |
                              pmr_any |  -.0000516   .0002717    -0.19   0.849    -.0005854    .0004822
                   ev_ln_review_count |   .0003407   .0002537     1.34   0.180    -.0001578    .0008391
                       ev_mean_rating |  -.0006743   .0003956    -1.70   0.089    -.0014516     .000103
                         ev_sd_rating |  -.0004936    .000314    -1.57   0.117    -.0011105    .0001233
                ev_ln_mean_text_chars |  -.0001033   .0003288    -0.31   0.753    -.0007494    .0005427
                        sent_avg_bing |    .000035   .0000716     0.49   0.626    -.0001058    .0001757
                    ln_lag_volumn_acc |   .0016948   .0005368     3.16   0.002     .0006402    .0027494
                   lag_avg_rating_acc |   .0045392   .0022594     2.01   0.045     .0001001    .0089783
                           lag_sd_acc |   .0040533   .0019912     2.04   0.042      .000141    .0079655
                    ln_avg_com_RevPAR |   .0011648   .0004067     2.86   0.004     .0003658    .0019637
             lnRevenue_lag_month_w199 |   .9836275   .0025041   392.80   0.000     .9787076    .9885475
                                _cons |   .0383083   .0142484     2.69   0.007      .010314    .0663026
-------------------------------------------------------------------------------------------------------

Absorbed degrees of freedom:
------------------------------------------------------+
  Absorbed FE | Categories  - Redundant  = Num. Coefs |
--------------+---------------------------------------|
 hotel_id_num |       500         500           0    *|
           ym |       118           1         117     |
------------------------------------------------------+
* = FE nested within cluster; treated as redundant for DoF computation
(dropped 17 singleton observations)
(MWFE estimator converged in 8 iterations)

HDFE Linear regression                            Number of obs   =     20,060
Absorbing 2 HDFE groups                           F(  14,    499) =   29591.66
Statistics robust to heteroskedasticity           Prob > F        =     0.0000
                                                  R-squared       =     0.9997
                                                  Adj R-squared   =     0.9997
                                                  Within R-sq.    =     0.9980
Number of clusters (hotel_id_num) =        500    Root MSE        =     0.0110

                                                     (Std. err. adjusted for 500 clusters in hotel_id_num)
----------------------------------------------------------------------------------------------------------
                                         |               Robust
            lnRevenue_next_calendar_w199 | Coefficient  std. err.      t    P>|t|     [95% conf. interval]
-----------------------------------------+----------------------------------------------------------------
                            ars_cross_ev |  -.0011069   .0029097    -0.38   0.704    -.0068237    .0046098
                 pmr_target_complaint_zf |  -.0010584   .0015065    -0.70   0.483    -.0040183    .0019015
                                         |
c.ars_cross_ev#c.pmr_target_complaint_zf |   .0017606   .0048311     0.36   0.716    -.0077311    .0112524
                                         |
                                 pmr_any |    .000086   .0003091     0.28   0.781    -.0005213    .0006932
                      ev_ln_review_count |   .0003308   .0002545     1.30   0.194    -.0001693    .0008309
                          ev_mean_rating |  -.0006766    .000396    -1.71   0.088    -.0014546    .0001013
                            ev_sd_rating |  -.0004954   .0003138    -1.58   0.115     -.001112    .0001213
                   ev_ln_mean_text_chars |  -.0001094   .0003307    -0.33   0.741    -.0007592    .0005403
                           sent_avg_bing |   .0000342   .0000717     0.48   0.634    -.0001066     .000175
                       ln_lag_volumn_acc |   .0016884    .000535     3.16   0.002     .0006372    .0027396
                      lag_avg_rating_acc |   .0044904   .0022613     1.99   0.048     .0000475    .0089334
                              lag_sd_acc |   .0040351   .0019894     2.03   0.043     .0001265    .0079436
                       ln_avg_com_RevPAR |   .0011599   .0004056     2.86   0.004      .000363    .0019567
                lnRevenue_lag_month_w199 |   .9836358   .0025008   393.32   0.000     .9787223    .9885492
                                   _cons |    .038733   .0143608     2.70   0.007     .0105179    .0669481
----------------------------------------------------------------------------------------------------------

Absorbed degrees of freedom:
------------------------------------------------------+
  Absorbed FE | Categories  - Redundant  = Num. Coefs |
--------------+---------------------------------------|
 hotel_id_num |       500         500           0    *|
           ym |       118           1         117     |
------------------------------------------------------+
* = FE nested within cluster; treated as redundant for DoF computation
(dropped 17 singleton observations)
(MWFE estimator converged in 8 iterations)

HDFE Linear regression                            Number of obs   =     20,060
Absorbing 2 HDFE groups                           F(  14,    499) =   28467.04
Statistics robust to heteroskedasticity           Prob > F        =     0.0000
                                                  R-squared       =     0.9997
                                                  Adj R-squared   =     0.9997
                                                  Within R-sq.    =     0.9980
Number of clusters (hotel_id_num) =        500    Root MSE        =     0.0110

                                                   (Std. err. adjusted for 500 clusters in hotel_id_num)
--------------------------------------------------------------------------------------------------------
                                       |               Robust
          lnRevenue_next_calendar_w199 | Coefficient  std. err.      t    P>|t|     [95% conf. interval]
---------------------------------------+----------------------------------------------------------------
                          ars_cross_ev |  -.0012448    .003486    -0.36   0.721    -.0080939    .0056043
                 pmr_target_service_zf |  -.0004471   .0012096    -0.37   0.712    -.0028236    .0019294
                                       |
c.ars_cross_ev#c.pmr_target_service_zf |   .0016876   .0041636     0.41   0.685    -.0064927    .0098679
                                       |
                               pmr_any |  -.0000961   .0003344    -0.29   0.774    -.0007531    .0005609
                    ev_ln_review_count |   .0003374   .0002536     1.33   0.184    -.0001608    .0008356
                        ev_mean_rating |  -.0006753   .0003954    -1.71   0.088    -.0014521    .0001015
                          ev_sd_rating |  -.0004926   .0003142    -1.57   0.118    -.0011099    .0001246
                 ev_ln_mean_text_chars |  -.0000996   .0003284    -0.30   0.762    -.0007449    .0005457
                         sent_avg_bing |   .0000349   .0000718     0.49   0.627    -.0001061     .000176
                     ln_lag_volumn_acc |   .0016921   .0005363     3.16   0.002     .0006384    .0027457
                    lag_avg_rating_acc |   .0045212   .0022607     2.00   0.046     .0000795    .0089628
                            lag_sd_acc |    .004036   .0019919     2.03   0.043     .0001226    .0079495
                     ln_avg_com_RevPAR |   .0011648   .0004074     2.86   0.004     .0003644    .0019652
              lnRevenue_lag_month_w199 |     .98363   .0025028   393.02   0.000     .9787128    .9885473
                                 _cons |    .038557   .0144243     2.67   0.008     .0102171    .0668968
--------------------------------------------------------------------------------------------------------

Absorbed degrees of freedom:
------------------------------------------------------+
  Absorbed FE | Categories  - Redundant  = Num. Coefs |
--------------+---------------------------------------|
 hotel_id_num |       500         500           0    *|
           ym |       118           1         117     |
------------------------------------------------------+
* = FE nested within cluster; treated as redundant for DoF computation
(dropped 17 singleton observations)
(MWFE estimator converged in 8 iterations)

HDFE Linear regression                            Number of obs   =     20,060
Absorbing 2 HDFE groups                           F(  14,    499) =   26292.78
Statistics robust to heteroskedasticity           Prob > F        =     0.0000
                                                  R-squared       =     0.9997
                                                  Adj R-squared   =     0.9997
                                                  Within R-sq.    =     0.9980
Number of clusters (hotel_id_num) =        500    Root MSE        =     0.0110

                                                (Std. err. adjusted for 500 clusters in hotel_id_num)
-----------------------------------------------------------------------------------------------------
                                    |               Robust
       lnRevenue_next_calendar_w199 | Coefficient  std. err.      t    P>|t|     [95% conf. interval]
------------------------------------+----------------------------------------------------------------
                       ars_cross_ev |  -.0007833   .0036879    -0.21   0.832     -.008029    .0064623
                 pmr_target_room_zf |  -.0004696   .0012524    -0.37   0.708    -.0029303    .0019911
                                    |
c.ars_cross_ev#c.pmr_target_room_zf |   .0000553   .0044137     0.01   0.990    -.0086163     .008727
                                    |
                            pmr_any |   .0002734   .0004813     0.57   0.570    -.0006723     .001219
                 ev_ln_review_count |   .0003348   .0002555     1.31   0.191    -.0001672    .0008367
                     ev_mean_rating |  -.0006796   .0003951    -1.72   0.086    -.0014559    .0000966
                       ev_sd_rating |  -.0004965   .0003147    -1.58   0.115    -.0011147    .0001217
              ev_ln_mean_text_chars |  -.0001027   .0003274    -0.31   0.754     -.000746    .0005406
                      sent_avg_bing |   .0000352   .0000716     0.49   0.623    -.0001055    .0001759
                  ln_lag_volumn_acc |   .0016892   .0005355     3.15   0.002      .000637    .0027413
                 lag_avg_rating_acc |   .0045041   .0022533     2.00   0.046      .000077    .0089312
                         lag_sd_acc |   .0040368    .001985     2.03   0.043     .0001368    .0079368
                  ln_avg_com_RevPAR |   .0011644   .0004069     2.86   0.004     .0003651    .0019638
           lnRevenue_lag_month_w199 |   .9836269   .0025034   392.92   0.000     .9787084    .9885454
                              _cons |   .0385592   .0143191     2.69   0.007     .0104261    .0666924
-----------------------------------------------------------------------------------------------------

Absorbed degrees of freedom:
------------------------------------------------------+
  Absorbed FE | Categories  - Redundant  = Num. Coefs |
--------------+---------------------------------------|
 hotel_id_num |       500         500           0    *|
           ym |       118           1         117     |
------------------------------------------------------+
* = FE nested within cluster; treated as redundant for DoF computation
(dropped 17 singleton observations)
(MWFE estimator converged in 8 iterations)

HDFE Linear regression                            Number of obs   =     20,060
Absorbing 2 HDFE groups                           F(  14,    499) =   25977.64
Statistics robust to heteroskedasticity           Prob > F        =     0.0000
                                                  R-squared       =     0.9997
                                                  Adj R-squared   =     0.9997
                                                  Within R-sq.    =     0.9980
Number of clusters (hotel_id_num) =        500    Root MSE        =     0.0110

                                                       (Std. err. adjusted for 500 clusters in hotel_id_num)
------------------------------------------------------------------------------------------------------------
                                           |               Robust
              lnRevenue_next_calendar_w199 | Coefficient  std. err.      t    P>|t|     [95% conf. interval]
-------------------------------------------+----------------------------------------------------------------
                              ars_cross_ev |   .0001482   .0030965     0.05   0.962    -.0059357     .006232
                 pmr_target_cleanliness_zf |   .0005621   .0016109     0.35   0.727    -.0026029    .0037272
                                           |
c.ars_cross_ev#c.pmr_target_cleanliness_zf |  -.0032068   .0054263    -0.59   0.555    -.0138681    .0074544
                                           |
                                   pmr_any |   .0001011   .0003002     0.34   0.736    -.0004888     .000691
                        ev_ln_review_count |   .0003396   .0002533     1.34   0.181    -.0001581    .0008373
                            ev_mean_rating |  -.0006737   .0003955    -1.70   0.089    -.0014508    .0001033
                              ev_sd_rating |  -.0004905    .000314    -1.56   0.119    -.0011073    .0001264
                     ev_ln_mean_text_chars |  -.0001021   .0003279    -0.31   0.756    -.0007463     .000542
                             sent_avg_bing |   .0000357   .0000717     0.50   0.619    -.0001052    .0001765
                         ln_lag_volumn_acc |   .0016989   .0005372     3.16   0.002     .0006435    .0027544
                        lag_avg_rating_acc |   .0045342   .0022679     2.00   0.046     .0000784    .0089899
                                lag_sd_acc |   .0040167   .0019832     2.03   0.043     .0001202    .0079131
                         ln_avg_com_RevPAR |   .0011621   .0004064     2.86   0.004     .0003636    .0019606
                  lnRevenue_lag_month_w199 |   .9836326   .0025039   392.85   0.000     .9787132     .988552
                                     _cons |   .0380705   .0143567     2.65   0.008     .0098635    .0662775
------------------------------------------------------------------------------------------------------------

Absorbed degrees of freedom:
------------------------------------------------------+
  Absorbed FE | Categories  - Redundant  = Num. Coefs |
--------------+---------------------------------------|
 hotel_id_num |       500         500           0    *|
           ym |       118           1         117     |
------------------------------------------------------+
* = FE nested within cluster; treated as redundant for DoF computation
(dropped 17 singleton observations)
(MWFE estimator converged in 8 iterations)

HDFE Linear regression                            Number of obs   =     20,060
Absorbing 2 HDFE groups                           F(  14,    499) =   29011.20
Statistics robust to heteroskedasticity           Prob > F        =     0.0000
                                                  R-squared       =     0.9997
                                                  Adj R-squared   =     0.9997
                                                  Within R-sq.    =     0.9980
Number of clusters (hotel_id_num) =        500    Root MSE        =     0.0110

                                                 (Std. err. adjusted for 500 clusters in hotel_id_num)
------------------------------------------------------------------------------------------------------
                                     |               Robust
        lnRevenue_next_calendar_w199 | Coefficient  std. err.      t    P>|t|     [95% conf. interval]
-------------------------------------+----------------------------------------------------------------
                        ars_cross_ev |  -.0011794   .0027889    -0.42   0.673    -.0066589    .0043001
                 pmr_target_value_zf |  -.0011642   .0020029    -0.58   0.561    -.0050994     .002771
                                     |
c.ars_cross_ev#c.pmr_target_value_zf |     .00585   .0073931     0.79   0.429    -.0086755    .0203754
                                     |
                             pmr_any |  -.0001764   .0002894    -0.61   0.542     -.000745    .0003921
                  ev_ln_review_count |   .0003446   .0002535     1.36   0.175    -.0001535    .0008427
                      ev_mean_rating |  -.0006761   .0003955    -1.71   0.088    -.0014531    .0001008
                        ev_sd_rating |  -.0004941   .0003141    -1.57   0.116    -.0011112    .0001229
               ev_ln_mean_text_chars |  -.0001005   .0003284    -0.31   0.760    -.0007456    .0005447
                       sent_avg_bing |   .0000353   .0000716     0.49   0.623    -.0001054     .000176
                   ln_lag_volumn_acc |   .0016899   .0005358     3.15   0.002     .0006372    .0027426
                  lag_avg_rating_acc |   .0045404   .0022553     2.01   0.045     .0001093    .0089715
                          lag_sd_acc |   .0040425   .0019875     2.03   0.042     .0001376    .0079475
                   ln_avg_com_RevPAR |   .0011654   .0004091     2.85   0.005     .0003616    .0019691
            lnRevenue_lag_month_w199 |   .9836263   .0025031   392.96   0.000     .9787084    .9885443
                               _cons |   .0384816   .0143429     2.68   0.008     .0103017    .0666615
------------------------------------------------------------------------------------------------------

Absorbed degrees of freedom:
------------------------------------------------------+
  Absorbed FE | Categories  - Redundant  = Num. Coefs |
--------------+---------------------------------------|
 hotel_id_num |       500         500           0    *|
           ym |       118           1         117     |
------------------------------------------------------+
* = FE nested within cluster; treated as redundant for DoF computation
(dropped 13 singleton observations)
(MWFE estimator converged in 7 iterations)

HDFE Linear regression                            Number of obs   =     21,724
Absorbing 2 HDFE groups                           F(  16,    516) =     172.44
Statistics robust to heteroskedasticity           Prob > F        =     0.0000
                                                  R-squared       =     0.4292
                                                  Adj R-squared   =     0.4116
                                                  Within R-sq.    =     0.2121
Number of clusters (hotel_id_num) =        517    Root MSE        =     0.0402

                                      (Std. err. adjusted for 517 clusters in hotel_id_num)
-------------------------------------------------------------------------------------------
                          |               Robust
              ars_pool_ev | Coefficient  std. err.      t    P>|t|     [95% conf. interval]
--------------------------+----------------------------------------------------------------
                  pmr_any |   .0085719   .0019779     4.33   0.000     .0046861    .0124577
           pmr_activity_n |   .0000199   .0000316     0.63   0.529    -.0000422     .000082
         pmr_cohort_rate7 |   .0003495   .0012091     0.29   0.773    -.0020259    .0027249
       pmr_text_invite_zf |   .0034176   .0018114     1.89   0.060    -.0001409    .0069762
     pmr_text_recovery_zf |  -.0130511   .0031979    -4.08   0.000    -.0193335   -.0067687
  pmr_target_complaint_zf |  -.0148296   .0014812   -10.01   0.000    -.0177396   -.0119196
    pmr_target_service_zf |  -.0016029   .0015305    -1.05   0.295    -.0046097    .0014039
       pmr_target_room_zf |   -.010152   .0016894    -6.01   0.000    -.0134709   -.0068331
pmr_target_cleanliness_zf |    .004069   .0013793     2.95   0.003     .0013593    .0067786
      pmr_target_value_zf |  -.0022665   .0015287    -1.48   0.139    -.0052698    .0007368
       ev_ln_review_count |   .0116608   .0009112    12.80   0.000     .0098706    .0134509
           ev_mean_rating |   .0012872   .0008703     1.48   0.140    -.0004225     .002997
             ev_sd_rating |  -.0143258   .0007845   -18.26   0.000     -.015867   -.0127846
    ev_ln_mean_text_chars |  -.0426713   .0011477   -37.18   0.000    -.0449259   -.0404166
            sent_avg_bing |   .0011013   .0002322     4.74   0.000     .0006452    .0015574
        ln_lag_volumn_acc |   .0009254   .0011894     0.78   0.437    -.0014112     .003262
                    _cons |   .5382506   .0111672    48.20   0.000     .5163117    .5601894
-------------------------------------------------------------------------------------------

Absorbed degrees of freedom:
------------------------------------------------------+
  Absorbed FE | Categories  - Redundant  = Num. Coefs |
--------------+---------------------------------------|
 hotel_id_num |       517         517           0    *|
           ym |       119           1         118     |
------------------------------------------------------+
* = FE nested within cluster; treated as redundant for DoF computation
(dropped 14 singleton observations)
(MWFE estimator converged in 7 iterations)

HDFE Linear regression                            Number of obs   =     22,491
Absorbing 2 HDFE groups                           F(  15,    518) =     193.87
Statistics robust to heteroskedasticity           Prob > F        =     0.0000
                                                  R-squared       =     0.4249
                                                  Adj R-squared   =     0.4077
                                                  Within R-sq.    =     0.2108
Number of clusters (hotel_id_num) =        519    Root MSE        =     0.0411

                                      (Std. err. adjusted for 519 clusters in hotel_id_num)
-------------------------------------------------------------------------------------------
                          |               Robust
              ars_pool_ev | Coefficient  std. err.      t    P>|t|     [95% conf. interval]
--------------------------+----------------------------------------------------------------
                  imr_any |   .0087386      .0019     4.60   0.000      .005006    .0124712
           imr_activity_n |   .0000236   .0000304     0.78   0.438    -.0000362    .0000835
       imr_text_invite_zf |   .0034776   .0017961     1.94   0.053    -.0000509    .0070061
     imr_text_recovery_zf |  -.0122069    .003328    -3.67   0.000     -.018745   -.0056688
  imr_target_complaint_zf |  -.0156421   .0014679   -10.66   0.000    -.0185258   -.0127584
    imr_target_service_zf |  -.0016038   .0015424    -1.04   0.299     -.004634    .0014263
       imr_target_room_zf |  -.0096035   .0016824    -5.71   0.000    -.0129086   -.0062985
imr_target_cleanliness_zf |   .0039457   .0014089     2.80   0.005     .0011778    .0067136
      imr_target_value_zf |  -.0023532   .0015676    -1.50   0.134    -.0054328    .0007263
       ev_ln_review_count |     .01199   .0009123    13.14   0.000     .0101977    .0137823
           ev_mean_rating |   .0009371    .000865     1.08   0.279    -.0007623    .0026365
             ev_sd_rating |  -.0147991   .0007506   -19.72   0.000    -.0162737   -.0133245
    ev_ln_mean_text_chars |  -.0432846   .0011491   -37.67   0.000     -.045542   -.0410271
            sent_avg_bing |    .001081   .0002308     4.68   0.000     .0006276    .0015344
        ln_lag_volumn_acc |   .0000441   .0011695     0.04   0.970    -.0022534    .0023416
                    _cons |   .5483211   .0111526    49.17   0.000     .5264113    .5702309
-------------------------------------------------------------------------------------------

Absorbed degrees of freedom:
------------------------------------------------------+
  Absorbed FE | Categories  - Redundant  = Num. Coefs |
--------------+---------------------------------------|
 hotel_id_num |       519         519           0    *|
           ym |       119           1         118     |
------------------------------------------------------+
* = FE nested within cluster; treated as redundant for DoF computation
(dropped 19 singleton observations)
(MWFE estimator converged in 8 iterations)

HDFE Linear regression                            Number of obs   =     19,377
Absorbing 2 HDFE groups                           F(  21,    494) =   23139.61
Statistics robust to heteroskedasticity           Prob > F        =     0.0000
                                                  R-squared       =     0.9997
                                                  Adj R-squared   =     0.9997
                                                  Within R-sq.    =     0.9981
Number of clusters (hotel_id_num) =        495    Root MSE        =     0.0103

                                      (Std. err. adjusted for 495 clusters in hotel_id_num)
-------------------------------------------------------------------------------------------
                          |               Robust
lnRevenue_next_calend~199 | Coefficient  std. err.      t    P>|t|     [95% conf. interval]
--------------------------+----------------------------------------------------------------
              ars_pool_ev |   .0006372   .0026886     0.24   0.813    -.0046453    .0059196
                  pmr_any |   .0004458     .00048     0.93   0.354    -.0004973    .0013889
           pmr_activity_n |   4.08e-06   7.19e-06     0.57   0.570      -.00001    .0000182
         pmr_cohort_rate7 |  -.0004782   .0002854    -1.68   0.094     -.001039    .0000825
       pmr_text_invite_zf |  -.0004069   .0004881    -0.83   0.405    -.0013659    .0005521
     pmr_text_recovery_zf |  -.0002614   .0004312    -0.61   0.545    -.0011085    .0005858
  pmr_target_complaint_zf |  -.0007377   .0003499    -2.11   0.036    -.0014252   -.0000502
    pmr_target_service_zf |   .0005223    .000346     1.51   0.132    -.0001575     .001202
       pmr_target_room_zf |  -.0003913   .0004895    -0.80   0.424    -.0013531    .0005704
pmr_target_cleanliness_zf |  -.0002609   .0004172    -0.63   0.532    -.0010806    .0005589
      pmr_target_value_zf |   .0007739   .0006147     1.26   0.209    -.0004338    .0019816
       ev_ln_review_count |   .0002296   .0002327     0.99   0.324    -.0002276    .0006869
           ev_mean_rating |  -.0007377   .0003964    -1.86   0.063    -.0015164    .0000411
             ev_sd_rating |  -.0006034   .0003133    -1.93   0.055    -.0012189    .0000122
    ev_ln_mean_text_chars |   .0000413   .0003245     0.13   0.899    -.0005963    .0006789
            sent_avg_bing |   .0000263   .0000685     0.38   0.701    -.0001083     .000161
        ln_lag_volumn_acc |   .0018721    .000504     3.71   0.000     .0008817    .0028624
       lag_avg_rating_acc |   .0052188   .0026881     1.94   0.053    -.0000627    .0105003
               lag_sd_acc |    .004735   .0022118     2.14   0.033     .0003893    .0090807
        ln_avg_com_RevPAR |   .0010232    .000399     2.56   0.011     .0002392    .0018072
 lnRevenue_lag_month_w199 |   .9846255   .0026747   368.13   0.000     .9793703    .9898806
                    _cons |   .0293773   .0167099     1.76   0.079    -.0034539    .0622086
-------------------------------------------------------------------------------------------

Absorbed degrees of freedom:
------------------------------------------------------+
  Absorbed FE | Categories  - Redundant  = Num. Coefs |
--------------+---------------------------------------|
 hotel_id_num |       495         495           0    *|
           ym |       118           1         117     |
------------------------------------------------------+
* = FE nested within cluster; treated as redundant for DoF computation
(dropped 16 singleton observations)
(MWFE estimator converged in 8 iterations)

HDFE Linear regression                            Number of obs   =     20,088
Absorbing 2 HDFE groups                           F(  14,    500) =   31241.60
Statistics robust to heteroskedasticity           Prob > F        =     0.0000
                                                  R-squared       =     0.9997
                                                  Adj R-squared   =     0.9997
                                                  Within R-sq.    =     0.9980
Number of clusters (hotel_id_num) =        501    Root MSE        =     0.0110

                                           (Std. err. adjusted for 501 clusters in hotel_id_num)
------------------------------------------------------------------------------------------------
                               |               Robust
  lnRevenue_next_calendar_w199 | Coefficient  std. err.      t    P>|t|     [95% conf. interval]
-------------------------------+----------------------------------------------------------------
                   ars_pool_ev |   .0017545   .0030962     0.57   0.571    -.0043287    .0078378
                pmr_activity_n |   .0001787   .0000948     1.88   0.060    -7.56e-06     .000365
                               |
c.ars_pool_ev#c.pmr_activity_n |  -.0005629   .0003169    -1.78   0.076    -.0011855    .0000596
                               |
                       pmr_any |  -.0001017   .0002754    -0.37   0.712    -.0006428    .0004393
            ev_ln_review_count |   .0003387   .0002434     1.39   0.165    -.0001395    .0008168
                ev_mean_rating |  -.0006731   .0003956    -1.70   0.089    -.0014503    .0001041
                  ev_sd_rating |  -.0004782   .0003069    -1.56   0.120    -.0010813    .0001249
         ev_ln_mean_text_chars |  -.0000793   .0003284    -0.24   0.809    -.0007244    .0005659
                 sent_avg_bing |   .0000339   .0000714     0.48   0.635    -.0001064    .0001743
             ln_lag_volumn_acc |   .0017433   .0005247     3.32   0.001     .0007124    .0027743
            lag_avg_rating_acc |   .0044314     .00219     2.02   0.044     .0001287    .0087342
                    lag_sd_acc |   .0036261   .0018394     1.97   0.049     .0000121    .0072401
             ln_avg_com_RevPAR |   .0011701   .0004071     2.87   0.004     .0003702      .00197
      lnRevenue_lag_month_w199 |   .9836429   .0024892   395.16   0.000     .9787523    .9885335
                         _cons |   .0379259     .01386     2.74   0.006      .010695    .0651568
------------------------------------------------------------------------------------------------

Absorbed degrees of freedom:
------------------------------------------------------+
  Absorbed FE | Categories  - Redundant  = Num. Coefs |
--------------+---------------------------------------|
 hotel_id_num |       501         501           0    *|
           ym |       118           1         117     |
------------------------------------------------------+
* = FE nested within cluster; treated as redundant for DoF computation
(dropped 19 singleton observations)
(MWFE estimator converged in 8 iterations)

HDFE Linear regression                            Number of obs   =     19,377
Absorbing 2 HDFE groups                           F(  14,    494) =   28063.02
Statistics robust to heteroskedasticity           Prob > F        =     0.0000
                                                  R-squared       =     0.9997
                                                  Adj R-squared   =     0.9997
                                                  Within R-sq.    =     0.9981
Number of clusters (hotel_id_num) =        495    Root MSE        =     0.0103

                                             (Std. err. adjusted for 495 clusters in hotel_id_num)
--------------------------------------------------------------------------------------------------
                                 |               Robust
    lnRevenue_next_calendar_w199 | Coefficient  std. err.      t    P>|t|     [95% conf. interval]
---------------------------------+----------------------------------------------------------------
                     ars_pool_ev |   .0032801   .0037578     0.87   0.383    -.0041031    .0106633
                pmr_cohort_rate7 |   .0013455    .001331     1.01   0.313    -.0012697    .0039606
                                 |
c.ars_pool_ev#c.pmr_cohort_rate7 |  -.0059556   .0044082    -1.35   0.177    -.0146168    .0027056
                                 |
                         pmr_any |   .0002859   .0002658     1.08   0.282    -.0002362    .0008081
              ev_ln_review_count |   .0002548   .0002367     1.08   0.282    -.0002102    .0007197
                  ev_mean_rating |  -.0007198   .0003974    -1.81   0.071    -.0015007     .000061
                    ev_sd_rating |  -.0005985   .0003124    -1.92   0.056    -.0012122    .0000152
           ev_ln_mean_text_chars |   .0000618    .000325     0.19   0.849    -.0005768    .0007005
                   sent_avg_bing |   .0000265   .0000684     0.39   0.699     -.000108    .0001609
               ln_lag_volumn_acc |   .0018717   .0005032     3.72   0.000      .000883    .0028604
              lag_avg_rating_acc |    .005394   .0027231     1.98   0.048     .0000437    .0107443
                      lag_sd_acc |   .0048023   .0022325     2.15   0.032      .000416    .0091887
               ln_avg_com_RevPAR |   .0010359   .0003985     2.60   0.010     .0002529    .0018189
        lnRevenue_lag_month_w199 |   .9846236   .0026782   367.64   0.000     .9793615    .9898857
                           _cons |   .0275385   .0168536     1.63   0.103     -.005575    .0606519
--------------------------------------------------------------------------------------------------

Absorbed degrees of freedom:
------------------------------------------------------+
  Absorbed FE | Categories  - Redundant  = Num. Coefs |
--------------+---------------------------------------|
 hotel_id_num |       495         495           0    *|
           ym |       118           1         117     |
------------------------------------------------------+
* = FE nested within cluster; treated as redundant for DoF computation
(dropped 16 singleton observations)
(MWFE estimator converged in 8 iterations)

HDFE Linear regression                            Number of obs   =     20,088
Absorbing 2 HDFE groups                           F(  14,    500) =   28322.70
Statistics robust to heteroskedasticity           Prob > F        =     0.0000
                                                  R-squared       =     0.9997
                                                  Adj R-squared   =     0.9997
                                                  Within R-sq.    =     0.9980
Number of clusters (hotel_id_num) =        501    Root MSE        =     0.0110

                                               (Std. err. adjusted for 501 clusters in hotel_id_num)
----------------------------------------------------------------------------------------------------
                                   |               Robust
      lnRevenue_next_calendar_w199 | Coefficient  std. err.      t    P>|t|     [95% conf. interval]
-----------------------------------+----------------------------------------------------------------
                       ars_pool_ev |   .0008644   .0029617     0.29   0.771    -.0049544    .0066833
                pmr_text_invite_zf |   .0027686   .0024448     1.13   0.258    -.0020347     .007572
                                   |
c.ars_pool_ev#c.pmr_text_invite_zf |  -.0104683   .0082048    -1.28   0.203    -.0265884    .0056519
                                   |
                           pmr_any |  -9.41e-06   .0002791    -0.03   0.973    -.0005577    .0005389
                ev_ln_review_count |   .0003409   .0002503     1.36   0.174    -.0001508    .0008326
                    ev_mean_rating |  -.0006755   .0003951    -1.71   0.088    -.0014517    .0001008
                      ev_sd_rating |  -.0004786   .0003066    -1.56   0.119     -.001081    .0001239
             ev_ln_mean_text_chars |  -.0000735   .0003296    -0.22   0.824    -.0007211    .0005741
                     sent_avg_bing |   .0000328   .0000714     0.46   0.646    -.0001074    .0001731
                 ln_lag_volumn_acc |   .0017388   .0005248     3.31   0.001     .0007078    .0027699
                lag_avg_rating_acc |   .0044123   .0021668     2.04   0.042     .0001552    .0086694
                        lag_sd_acc |   .0036632   .0018408     1.99   0.047     .0000466    .0072798
                 ln_avg_com_RevPAR |    .001172   .0004059     2.89   0.004     .0003745    .0019696
          lnRevenue_lag_month_w199 |   .9836581   .0024879   395.37   0.000       .97877    .9885462
                             _cons |   .0381671   .0136583     2.79   0.005     .0113324    .0650018
----------------------------------------------------------------------------------------------------

Absorbed degrees of freedom:
------------------------------------------------------+
  Absorbed FE | Categories  - Redundant  = Num. Coefs |
--------------+---------------------------------------|
 hotel_id_num |       501         501           0    *|
           ym |       118           1         117     |
------------------------------------------------------+
* = FE nested within cluster; treated as redundant for DoF computation
(dropped 16 singleton observations)
(MWFE estimator converged in 8 iterations)

HDFE Linear regression                            Number of obs   =     20,088
Absorbing 2 HDFE groups                           F(  14,    500) =   28888.24
Statistics robust to heteroskedasticity           Prob > F        =     0.0000
                                                  R-squared       =     0.9997
                                                  Adj R-squared   =     0.9997
                                                  Within R-sq.    =     0.9980
Number of clusters (hotel_id_num) =        501    Root MSE        =     0.0110

                                                 (Std. err. adjusted for 501 clusters in hotel_id_num)
------------------------------------------------------------------------------------------------------
                                     |               Robust
        lnRevenue_next_calendar_w199 | Coefficient  std. err.      t    P>|t|     [95% conf. interval]
-------------------------------------+----------------------------------------------------------------
                         ars_pool_ev |   .0002629   .0028396     0.09   0.926    -.0053162     .005842
                pmr_text_recovery_zf |   .0010923   .0026835     0.41   0.684      -.00418    .0063646
                                     |
c.ars_pool_ev#c.pmr_text_recovery_zf |  -.0051641    .008984    -0.57   0.566    -.0228152     .012487
                                     |
                             pmr_any |  -.0000357   .0002715    -0.13   0.895    -.0005691    .0004977
                  ev_ln_review_count |   .0003377   .0002507     1.35   0.179    -.0001549    .0008302
                      ev_mean_rating |  -.0006789   .0003952    -1.72   0.086    -.0014555    .0000976
                        ev_sd_rating |  -.0004806   .0003068    -1.57   0.118    -.0010834    .0001221
               ev_ln_mean_text_chars |  -.0000761   .0003296    -0.23   0.818    -.0007236    .0005715
                       sent_avg_bing |   .0000332   .0000714     0.46   0.642    -.0001071    .0001735
                   ln_lag_volumn_acc |   .0017417   .0005251     3.32   0.001       .00071    .0027733
                  lag_avg_rating_acc |   .0044116   .0021665     2.04   0.042      .000155    .0086681
                          lag_sd_acc |   .0036806   .0018426     2.00   0.046     .0000603    .0073009
                   ln_avg_com_RevPAR |   .0011739   .0004058     2.89   0.004     .0003765    .0019712
            lnRevenue_lag_month_w199 |   .9836584   .0024888   395.24   0.000     .9787686    .9885481
                               _cons |   .0383411   .0136304     2.81   0.005     .0115612    .0651209
------------------------------------------------------------------------------------------------------

Absorbed degrees of freedom:
------------------------------------------------------+
  Absorbed FE | Categories  - Redundant  = Num. Coefs |
--------------+---------------------------------------|
 hotel_id_num |       501         501           0    *|
           ym |       118           1         117     |
------------------------------------------------------+
* = FE nested within cluster; treated as redundant for DoF computation
(dropped 16 singleton observations)
(MWFE estimator converged in 8 iterations)

HDFE Linear regression                            Number of obs   =     20,088
Absorbing 2 HDFE groups                           F(  14,    500) =   31434.39
Statistics robust to heteroskedasticity           Prob > F        =     0.0000
                                                  R-squared       =     0.9997
                                                  Adj R-squared   =     0.9997
                                                  Within R-sq.    =     0.9980
Number of clusters (hotel_id_num) =        501    Root MSE        =     0.0110

                                                    (Std. err. adjusted for 501 clusters in hotel_id_num)
---------------------------------------------------------------------------------------------------------
                                        |               Robust
           lnRevenue_next_calendar_w199 | Coefficient  std. err.      t    P>|t|     [95% conf. interval]
----------------------------------------+----------------------------------------------------------------
                            ars_pool_ev |   .0006199   .0031594     0.20   0.845    -.0055874    .0068272
                pmr_target_complaint_zf |    .000966   .0015998     0.60   0.546    -.0021773    .0041092
                                        |
c.ars_pool_ev#c.pmr_target_complaint_zf |  -.0052985   .0052698    -1.01   0.315    -.0156521    .0050551
                                        |
                                pmr_any |    .000101     .00031     0.33   0.745    -.0005079      .00071
                     ev_ln_review_count |   .0003334   .0002523     1.32   0.187    -.0001622    .0008291
                         ev_mean_rating |  -.0006839   .0003954    -1.73   0.084    -.0014608    .0000929
                           ev_sd_rating |  -.0004826   .0003064    -1.57   0.116    -.0010846    .0001194
                  ev_ln_mean_text_chars |  -.0000816   .0003313    -0.25   0.805    -.0007325    .0005693
                          sent_avg_bing |   .0000321   .0000715     0.45   0.653    -.0001083    .0001725
                      ln_lag_volumn_acc |   .0017407   .0005238     3.32   0.001     .0007115    .0027699
                     lag_avg_rating_acc |   .0043699   .0021655     2.02   0.044     .0001153    .0086245
                             lag_sd_acc |   .0036641   .0018396     1.99   0.047     .0000498    .0072784
                      ln_avg_com_RevPAR |   .0011634   .0004042     2.88   0.004     .0003693    .0019576
               lnRevenue_lag_month_w199 |   .9836641   .0024855   395.77   0.000     .9787809    .9885473
                                  _cons |   .0385066   .0137048     2.81   0.005     .0115806    .0654327
---------------------------------------------------------------------------------------------------------

Absorbed degrees of freedom:
------------------------------------------------------+
  Absorbed FE | Categories  - Redundant  = Num. Coefs |
--------------+---------------------------------------|
 hotel_id_num |       501         501           0    *|
           ym |       118           1         117     |
------------------------------------------------------+
* = FE nested within cluster; treated as redundant for DoF computation
(dropped 16 singleton observations)
(MWFE estimator converged in 8 iterations)

HDFE Linear regression                            Number of obs   =     20,088
Absorbing 2 HDFE groups                           F(  14,    500) =   30304.64
Statistics robust to heteroskedasticity           Prob > F        =     0.0000
                                                  R-squared       =     0.9997
                                                  Adj R-squared   =     0.9997
                                                  Within R-sq.    =     0.9980
Number of clusters (hotel_id_num) =        501    Root MSE        =     0.0110

                                                  (Std. err. adjusted for 501 clusters in hotel_id_num)
-------------------------------------------------------------------------------------------------------
                                      |               Robust
         lnRevenue_next_calendar_w199 | Coefficient  std. err.      t    P>|t|     [95% conf. interval]
--------------------------------------+----------------------------------------------------------------
                          ars_pool_ev |  -.0004343   .0037662    -0.12   0.908     -.007834    .0069653
                pmr_target_service_zf |  -.0004749   .0013798    -0.34   0.731    -.0031859    .0022361
                                      |
c.ars_pool_ev#c.pmr_target_service_zf |   .0018326   .0046629     0.39   0.694    -.0073287    .0109939
                                      |
                              pmr_any |  -.0000917   .0003332    -0.28   0.783    -.0007464     .000563
                   ev_ln_review_count |   .0003329   .0002518     1.32   0.187    -.0001618    .0008276
                       ev_mean_rating |  -.0006797   .0003946    -1.72   0.086    -.0014549    .0000955
                         ev_sd_rating |  -.0004797   .0003066    -1.56   0.118    -.0010821    .0001227
                ev_ln_mean_text_chars |  -.0000743     .00033    -0.23   0.822    -.0007225     .000574
                        sent_avg_bing |   .0000331   .0000716     0.46   0.644    -.0001075    .0001738
                    ln_lag_volumn_acc |   .0017385   .0005247     3.31   0.001     .0007076    .0027693
                   lag_avg_rating_acc |   .0043933   .0021637     2.03   0.043     .0001422    .0086444
                           lag_sd_acc |   .0036647   .0018426     1.99   0.047     .0000445    .0072849
                    ln_avg_com_RevPAR |   .0011745   .0004061     2.89   0.004     .0003767    .0019724
             lnRevenue_lag_month_w199 |   .9836621   .0024874   395.46   0.000     .9787751    .9885492
                                _cons |   .0386378   .0137109     2.82   0.005     .0116998    .0655759
-------------------------------------------------------------------------------------------------------

Absorbed degrees of freedom:
------------------------------------------------------+
  Absorbed FE | Categories  - Redundant  = Num. Coefs |
--------------+---------------------------------------|
 hotel_id_num |       501         501           0    *|
           ym |       118           1         117     |
------------------------------------------------------+
* = FE nested within cluster; treated as redundant for DoF computation
(dropped 16 singleton observations)
(MWFE estimator converged in 8 iterations)

HDFE Linear regression                            Number of obs   =     20,088
Absorbing 2 HDFE groups                           F(  14,    500) =   28149.92
Statistics robust to heteroskedasticity           Prob > F        =     0.0000
                                                  R-squared       =     0.9997
                                                  Adj R-squared   =     0.9997
                                                  Within R-sq.    =     0.9980
Number of clusters (hotel_id_num) =        501    Root MSE        =     0.0110

                                               (Std. err. adjusted for 501 clusters in hotel_id_num)
----------------------------------------------------------------------------------------------------
                                   |               Robust
      lnRevenue_next_calendar_w199 | Coefficient  std. err.      t    P>|t|     [95% conf. interval]
-----------------------------------+----------------------------------------------------------------
                       ars_pool_ev |   .0009122   .0039415     0.23   0.817    -.0068318    .0086562
                pmr_target_room_zf |   .0001752   .0014045     0.12   0.901    -.0025842    .0029345
                                   |
c.ars_pool_ev#c.pmr_target_room_zf |  -.0021036   .0048774    -0.43   0.666    -.0116864    .0074791
                                   |
                           pmr_any |   .0002816   .0004837     0.58   0.561    -.0006688    .0012319
                ev_ln_review_count |   .0003357   .0002532     1.33   0.186    -.0001618    .0008331
                    ev_mean_rating |  -.0006837   .0003943    -1.73   0.084    -.0014585     .000091
                      ev_sd_rating |  -.0004845   .0003072    -1.58   0.115     -.001088    .0001191
             ev_ln_mean_text_chars |  -.0000771   .0003292    -0.23   0.815    -.0007238    .0005695
                     sent_avg_bing |   .0000331   .0000714     0.46   0.643    -.0001072    .0001735
                 ln_lag_volumn_acc |   .0017378   .0005241     3.32   0.001     .0007081    .0027675
                lag_avg_rating_acc |   .0043767   .0021612     2.03   0.043     .0001306    .0086228
                        lag_sd_acc |   .0036551   .0018378     1.99   0.047     .0000444    .0072658
                 ln_avg_com_RevPAR |   .0011713   .0004056     2.89   0.004     .0003744    .0019682
          lnRevenue_lag_month_w199 |    .983655   .0024883   395.32   0.000     .9787662    .9885438
                             _cons |   .0383922   .0136795     2.81   0.005     .0115159    .0652685
----------------------------------------------------------------------------------------------------

Absorbed degrees of freedom:
------------------------------------------------------+
  Absorbed FE | Categories  - Redundant  = Num. Coefs |
--------------+---------------------------------------|
 hotel_id_num |       501         501           0    *|
           ym |       118           1         117     |
------------------------------------------------------+
* = FE nested within cluster; treated as redundant for DoF computation
(dropped 16 singleton observations)
(MWFE estimator converged in 8 iterations)

HDFE Linear regression                            Number of obs   =     20,088
Absorbing 2 HDFE groups                           F(  14,    500) =   28094.68
Statistics robust to heteroskedasticity           Prob > F        =     0.0000
                                                  R-squared       =     0.9997
                                                  Adj R-squared   =     0.9997
                                                  Within R-sq.    =     0.9980
Number of clusters (hotel_id_num) =        501    Root MSE        =     0.0110

                                                      (Std. err. adjusted for 501 clusters in hotel_id_num)
-----------------------------------------------------------------------------------------------------------
                                          |               Robust
             lnRevenue_next_calendar_w199 | Coefficient  std. err.      t    P>|t|     [95% conf. interval]
------------------------------------------+----------------------------------------------------------------
                              ars_pool_ev |   .0009396   .0033911     0.28   0.782     -.005723    .0076022
                pmr_target_cleanliness_zf |   .0004579   .0016385     0.28   0.780    -.0027613    .0036772
                                          |
c.ars_pool_ev#c.pmr_target_cleanliness_zf |  -.0028497   .0057752    -0.49   0.622    -.0141964    .0084969
                                          |
                                  pmr_any |   .0001187   .0002999     0.40   0.693    -.0004706     .000708
                       ev_ln_review_count |   .0003355   .0002502     1.34   0.180    -.0001559     .000827
                           ev_mean_rating |   -.000678   .0003952    -1.72   0.087    -.0014544    .0000984
                             ev_sd_rating |  -.0004767   .0003066    -1.55   0.121    -.0010791    .0001257
                    ev_ln_mean_text_chars |  -.0000729   .0003294    -0.22   0.825      -.00072    .0005742
                            sent_avg_bing |   .0000337   .0000715     0.47   0.637    -.0001067    .0001742
                        ln_lag_volumn_acc |   .0017456   .0005253     3.32   0.001     .0007135    .0027777
                       lag_avg_rating_acc |   .0044082   .0021738     2.03   0.043     .0001373    .0086791
                               lag_sd_acc |    .003652   .0018369     1.99   0.047     .0000429    .0072611
                        ln_avg_com_RevPAR |   .0011722   .0004054     2.89   0.004     .0003757    .0019686
                 lnRevenue_lag_month_w199 |   .9836623   .0024882   395.33   0.000     .9787737    .9885509
                                    _cons |   .0381224   .0137101     2.78   0.006     .0111859    .0650589
-----------------------------------------------------------------------------------------------------------

Absorbed degrees of freedom:
------------------------------------------------------+
  Absorbed FE | Categories  - Redundant  = Num. Coefs |
--------------+---------------------------------------|
 hotel_id_num |       501         501           0    *|
           ym |       118           1         117     |
------------------------------------------------------+
* = FE nested within cluster; treated as redundant for DoF computation
(dropped 16 singleton observations)
(MWFE estimator converged in 8 iterations)

HDFE Linear regression                            Number of obs   =     20,088
Absorbing 2 HDFE groups                           F(  14,    500) =   30279.67
Statistics robust to heteroskedasticity           Prob > F        =     0.0000
                                                  R-squared       =     0.9997
                                                  Adj R-squared   =     0.9997
                                                  Within R-sq.    =     0.9980
Number of clusters (hotel_id_num) =        501    Root MSE        =     0.0110

                                                (Std. err. adjusted for 501 clusters in hotel_id_num)
-----------------------------------------------------------------------------------------------------
                                    |               Robust
       lnRevenue_next_calendar_w199 | Coefficient  std. err.      t    P>|t|     [95% conf. interval]
------------------------------------+----------------------------------------------------------------
                        ars_pool_ev |  -.0003929    .003001    -0.13   0.896    -.0062889    .0055032
                pmr_target_value_zf |  -.0014438   .0022871    -0.63   0.528    -.0059373    .0030498
                                    |
c.ars_pool_ev#c.pmr_target_value_zf |   .0067415   .0083181     0.81   0.418    -.0096012    .0230842
                                    |
                            pmr_any |  -.0001592   .0002888    -0.55   0.582    -.0007267    .0004083
                 ev_ln_review_count |   .0003404   .0002503     1.36   0.175    -.0001515    .0008322
                     ev_mean_rating |  -.0006821    .000395    -1.73   0.085    -.0014582     .000094
                       ev_sd_rating |  -.0004819   .0003066    -1.57   0.117    -.0010843    .0001204
              ev_ln_mean_text_chars |  -.0000744   .0003292    -0.23   0.821    -.0007211    .0005724
                      sent_avg_bing |   .0000337   .0000714     0.47   0.637    -.0001066    .0001739
                  ln_lag_volumn_acc |   .0017374   .0005239     3.32   0.001      .000708    .0027668
                 lag_avg_rating_acc |   .0044122   .0021628     2.04   0.042      .000163    .0086614
                         lag_sd_acc |   .0036718    .001839     2.00   0.046     .0000587    .0072848
                  ln_avg_com_RevPAR |   .0011738   .0004076     2.88   0.004      .000373    .0019747
           lnRevenue_lag_month_w199 |    .983658   .0024875   395.44   0.000     .9787707    .9885452
                              _cons |   .0385727   .0137317     2.81   0.005     .0115936    .0655517
-----------------------------------------------------------------------------------------------------

Absorbed degrees of freedom:
------------------------------------------------------+
  Absorbed FE | Categories  - Redundant  = Num. Coefs |
--------------+---------------------------------------|
 hotel_id_num |       501         501           0    *|
           ym |       118           1         117     |
------------------------------------------------------+
* = FE nested within cluster; treated as redundant for DoF computation

. log close
      name:  <unnamed>
       log:  /Users/samxie/Research/ReviewSimi_Sales/Code/stata-log/run_routeB_dynamic_path_event_260710.log
  log type:  text
 closed on:  25 Jul 2026, 04:04:38
---------------------------------------------------------------------------------------------------------------------------------------------------------------------------------------------------------------------------------------------------------------

. 
end of do-file
