
  ___  ____  ____  ____  ____ ©
 /__    /   ____/   /   ____/      17.0
___/   /   /___/   /   /___/       MP—Parallel Edition

 Statistics and Data Science       Copyright 1985-2021 StataCorp LLC
                                   StataCorp
                                   4905 Lakeway Drive
                                   College Station, Texas 77845 USA
                                   800-STATA-PC        https://www.stata.com
                                   979-696-4600        stata@stata.com

Stata license: Single-user 2-core  perpetual
Serial number: 501806366047
  Licensed to: Sam Xie
               samxie

Notes:
      1. Stata is running in batch mode.
      2. Unicode is supported; see help unicode_advice.
      3. More than 2 billion observations are allowed; see help obs_advice.
      4. Maximum number of variables is set to 5,000; see help set_maxvar.


Running /Applications/Stata/profile.do ...
command window is unrecognized
r(199);

. do scripts/stata/run_routeB_mr_targeting_260605.do 

. *******************************************************
. * run_routeB_mr_targeting_260605.do
. * Route B / Route C bridge: ARS as a moderator of review
. * asset value, with management-response targeting as the
. * focal engagement strategy.
. *
. * The goal is not to treat reply as pure solicitation.
. * Instead, reply targeting is treated as observable
. * complaint handling and review-environment management.
. *******************************************************
. 
. version 17.0

. clear all

. set more off

. set linesize 255

. mata: mata set matafavor speed

. capture log close

. 
. *******************************************************
. ************ 0. paths and required packages ************
. *******************************************************
. 
. local project "/Users/samxie/Research/ReviewSimi_Sales/Code"

. local out_root "`project'/outputs/core_simi_260501"

. local data_dir "`out_root'/data"

. local table_dir "`out_root'/tables_explicit"

. local csv_dir "`out_root'/csv"

. local log_dir "`out_root'/logs"

. local run_id "260605"

. 
. local data_main "`data_dir'/core_simi_panel_260501_with_mr_text_sentiment_260526.dta"

. 
. cap mkdir "`table_dir'"

. cap mkdir "`csv_dir'"

. cap mkdir "`log_dir'"

. 
. capture confirm file "`data_main'"

. if _rc {
.     di as error "Cannot find `data_main'."
.     exit 601
. }

. 
. capture which reghdfe

. if _rc {
.     di as error "reghdfe not found. Install it first: ssc install reghdfe, replace"
.     exit 199
. }

. 
. capture which esttab

. if _rc {
.     di as error "esttab not found. Install it first: ssc install estout, replace"
.     exit 199
. }

. 
. *******************************************************
. ************ 1. load data and prepare variables ********
. *******************************************************
. 
. use "`data_main'", clear

. log using "`log_dir'/run_routeB_mr_targeting_`run_id'.log", text replace
---------------------------------------------------------------------------------------------------------------------------------------------------------------------------------------------------------------------------------------------------------------
      name:  <unnamed>
       log:  /Users/samxie/Research/ReviewSimi_Sales/Code/outputs/core_simi_260501/logs/run_routeB_mr_targeting_260605.log
  log type:  text
 opened on:   5 Jun 2026, 12:12:09

. 
. di as text "Data source: `data_main'"
Data source: /Users/samxie/Research/ReviewSimi_Sales/Code/outputs/core_simi_260501/data/core_simi_panel_260501_with_mr_text_sentiment_260526.dta

. 
. capture drop hotel_id_num

. capture confirm numeric variable HotelID

. if _rc {
.     encode HotelID, gen(hotel_id_num)
. }

. else {
.     gen long hotel_id_num = HotelID
. }

. 
. capture drop ym

. gen ym = monthly(year_month, "YM")

. format ym %tm

. xtset hotel_id_num ym

Panel variable: hotel_id_num (unbalanced)
 Time variable: ym, 2011m1 to 2022m9, but with gaps
         Delta: 1 month

. sort hotel_id_num ym

. 
. capture drop ln_RevPAR_clean_w199 ln_lag_RevPAR_clean_w199

. gen double ln_RevPAR_clean_w199 = ln_RevPAR_clean
(714 missing values generated)

. gen double ln_lag_RevPAR_clean_w199 = ln_lag_RevPAR_clean
(1,680 missing values generated)

. 
. quietly _pctile ln_RevPAR_clean if cs_sample_focus100 == 1, p(1 99)

. local y_p1 = r(r1)

. local y_p99 = r(r2)

. quietly _pctile ln_lag_RevPAR_clean if cs_sample_focus100 == 1, p(1 99)

. local ly_p1 = r(r1)

. local ly_p99 = r(r2)

. 
. replace ln_RevPAR_clean_w199 = `y_p1' if ln_RevPAR_clean_w199 < `y_p1' & !missing(ln_RevPAR_clean_w199)
(430 real changes made)

. replace ln_RevPAR_clean_w199 = `y_p99' if ln_RevPAR_clean_w199 > `y_p99' & !missing(ln_RevPAR_clean_w199)
(410 real changes made)

. replace ln_lag_RevPAR_clean_w199 = `ly_p1' if ln_lag_RevPAR_clean_w199 < `ly_p1' & !missing(ln_lag_RevPAR_clean_w199)
(419 real changes made)

. replace ln_lag_RevPAR_clean_w199 = `ly_p99' if ln_lag_RevPAR_clean_w199 > `ly_p99' & !missing(ln_lag_RevPAR_clean_w199)
(397 real changes made)

. 
. capture confirm variable ln_lag_mr_words

. if _rc {
.     capture drop ln_lag_mr_words
.     gen double ln_lag_mr_words = ln(lag_mr_text_words + 1)
. }

. 
. capture drop sim_mean_c lag_mr_rate_c lag_mr_count_c ln_lag_mr_words_c

. capture drop mr_rep_complaint_c mr_rep_service_c mr_rep_room_c mr_rep_clean_c

. capture drop mr_rep_value_c mr_rep_neg_c mr_rep_low_c

. 
. quietly summarize sim_mean if cs_sample_focus100 == 1 & !missing(sim_mean)

. gen double sim_mean_c = sim_mean - r(mean) if !missing(sim_mean)
(223 missing values generated)

. 
. quietly summarize lag_mr_rate if cs_sample_focus100 == 1 & !missing(lag_mr_rate)

. gen double lag_mr_rate_c = lag_mr_rate - r(mean) if !missing(lag_mr_rate)

. 
. quietly summarize lag_mr_count if cs_sample_focus100 == 1 & !missing(lag_mr_count)

. gen double lag_mr_count_c = lag_mr_count - r(mean) if !missing(lag_mr_count)

. 
. quietly summarize ln_lag_mr_words if cs_sample_focus100 == 1 & !missing(ln_lag_mr_words)

. gen double ln_lag_mr_words_c = ln_lag_mr_words - r(mean) if !missing(ln_lag_mr_words)

. 
. quietly summarize lag_mr_rep_complaint_share if cs_sample_focus100 == 1 & !missing(lag_mr_rep_complaint_share)

. gen double mr_rep_complaint_c = lag_mr_rep_complaint_share - r(mean) if !missing(lag_mr_rep_complaint_share)

. 
. quietly summarize lag_mr_rep_service_share if cs_sample_focus100 == 1 & !missing(lag_mr_rep_service_share)

. gen double mr_rep_service_c = lag_mr_rep_service_share - r(mean) if !missing(lag_mr_rep_service_share)

. 
. quietly summarize lag_mr_rep_room_share if cs_sample_focus100 == 1 & !missing(lag_mr_rep_room_share)

. gen double mr_rep_room_c = lag_mr_rep_room_share - r(mean) if !missing(lag_mr_rep_room_share)

. 
. quietly summarize lag_mr_rep_clean_share if cs_sample_focus100 == 1 & !missing(lag_mr_rep_clean_share)

. gen double mr_rep_clean_c = lag_mr_rep_clean_share - r(mean) if !missing(lag_mr_rep_clean_share)

. 
. quietly summarize lag_mr_rep_value_share if cs_sample_focus100 == 1 & !missing(lag_mr_rep_value_share)

. gen double mr_rep_value_c = lag_mr_rep_value_share - r(mean) if !missing(lag_mr_rep_value_share)

. 
. quietly summarize lag_mr_rep_neg_share if cs_sample_focus100 == 1 & !missing(lag_mr_rep_neg_share)

. gen double mr_rep_neg_c = lag_mr_rep_neg_share - r(mean) if !missing(lag_mr_rep_neg_share)

. 
. quietly summarize lag_mr_rep_low_share if cs_sample_focus100 == 1 & !missing(lag_mr_rep_low_share)

. gen double mr_rep_low_c = lag_mr_rep_low_share - r(mean) if !missing(lag_mr_rep_low_share)

. 
. *******************************************************
. ************ 2. revenue moderation by targeting ********
. *******************************************************
. 
. estimates clear

. 
. * T1. Complaint-heavy reply targeting.
. * This asks whether ARS matters differently when management focuses replies on complaint-heavy reviews.
. reghdfe ln_RevPAR_clean_w199 c.sim_mean_c##c.mr_rep_complaint_c ///
>     ln_recent_volumn recent_sd recent_rating ln_lag_volumn_acc lag_avg_rating_acc ///
>     lag_sd_acc lag_avg_rating_month ln_avg_com_RevPAR ln_lag_RevPAR_clean_w199 ///
>     lag_mr_any lag_mr_rate lag_mr_count ///
>     if cs_sample_focus100 == 1, absorb(hotel_id_num ym) vce(cluster hotel_id_num)
(dropped 2 singleton observations)
(MWFE estimator converged in 7 iterations)

HDFE Linear regression                            Number of obs   =     33,546
Absorbing 2 HDFE groups                           F(  15,    557) =      89.18
Statistics robust to heteroskedasticity           Prob > F        =     0.0000
                                                  R-squared       =     0.8769
                                                  Adj R-squared   =     0.8743
                                                  Within R-sq.    =     0.3037
Number of clusters (hotel_id_num) =        558    Root MSE        =     0.2300

                                              (Std. err. adjusted for 558 clusters in hotel_id_num)
---------------------------------------------------------------------------------------------------
                                  |               Robust
             ln_RevPAR_clean_w199 | Coefficient  std. err.      t    P>|t|     [95% conf. interval]
----------------------------------+----------------------------------------------------------------
                       sim_mean_c |  -.1839255   .0571613    -3.22   0.001    -.2962035   -.0716475
               mr_rep_complaint_c |  -.0044177   .0095344    -0.46   0.643    -.0231455    .0143101
                                  |
c.sim_mean_c#c.mr_rep_complaint_c |   .0502891    .087756     0.57   0.567     -.122084    .2226622
                                  |
                 ln_recent_volumn |   .0851154   .0085761     9.92   0.000       .06827    .1019609
                        recent_sd |  -.0020053   .0075726    -0.26   0.791    -.0168796    .0128689
                    recent_rating |   .0181135   .0062709     2.89   0.004      .005796     .030431
                ln_lag_volumn_acc |    .029097   .0071368     4.08   0.000     .0150787    .0431153
               lag_avg_rating_acc |  -.0010827   .0278357    -0.04   0.969    -.0557585    .0535932
                       lag_sd_acc |  -.0179214   .0345296    -0.52   0.604    -.0857457    .0499028
             lag_avg_rating_month |   .0042261     .00171     2.47   0.014     .0008673    .0075849
                ln_avg_com_RevPAR |   .1209649   .0120283    10.06   0.000     .0973385    .1445914
         ln_lag_RevPAR_clean_w199 |   .4395865   .0176436    24.91   0.000     .4049303    .4742427
                       lag_mr_any |   .0111453   .0093782     1.19   0.235    -.0072756    .0295663
                      lag_mr_rate |   .0022098   .0014008     1.58   0.115    -.0005416    .0049613
                     lag_mr_count |  -.0006077   .0002318    -2.62   0.009    -.0010631   -.0001523
                            _cons |   1.416572   .1501577     9.43   0.000     1.121627    1.711516
---------------------------------------------------------------------------------------------------

Absorbed degrees of freedom:
------------------------------------------------------+
  Absorbed FE | Categories  - Redundant  = Num. Coefs |
--------------+---------------------------------------|
 hotel_id_num |       558         558           0    *|
           ym |       135           1         134     |
------------------------------------------------------+
* = FE nested within cluster; treated as redundant for DoF computation

. est store rt_complaint

. 
. * T2. Service-issue targeting.
. * Here the interaction tests whether reply focus on service complaints changes the ARS revenue slope.
. reghdfe ln_RevPAR_clean_w199 c.sim_mean_c##c.mr_rep_service_c ///
>     ln_recent_volumn recent_sd recent_rating ln_lag_volumn_acc lag_avg_rating_acc ///
>     lag_sd_acc lag_avg_rating_month ln_avg_com_RevPAR ln_lag_RevPAR_clean_w199 ///
>     lag_mr_any lag_mr_rate lag_mr_count ///
>     if cs_sample_focus100 == 1, absorb(hotel_id_num ym) vce(cluster hotel_id_num)
(dropped 2 singleton observations)
(MWFE estimator converged in 7 iterations)

HDFE Linear regression                            Number of obs   =     33,546
Absorbing 2 HDFE groups                           F(  15,    557) =      89.08
Statistics robust to heteroskedasticity           Prob > F        =     0.0000
                                                  R-squared       =     0.8769
                                                  Adj R-squared   =     0.8743
                                                  Within R-sq.    =     0.3037
Number of clusters (hotel_id_num) =        558    Root MSE        =     0.2300

                                            (Std. err. adjusted for 558 clusters in hotel_id_num)
-------------------------------------------------------------------------------------------------
                                |               Robust
           ln_RevPAR_clean_w199 | Coefficient  std. err.      t    P>|t|     [95% conf. interval]
--------------------------------+----------------------------------------------------------------
                     sim_mean_c |   -.184087   .0569247    -3.23   0.001    -.2959004   -.0722737
               mr_rep_service_c |    .001735   .0063493     0.27   0.785    -.0107365    .0142065
                                |
c.sim_mean_c#c.mr_rep_service_c |   .0283894   .0998167     0.28   0.776    -.1676738    .2244527
                                |
               ln_recent_volumn |   .0851079   .0085729     9.93   0.000     .0682688     .101947
                      recent_sd |  -.0019134   .0075629    -0.25   0.800    -.0167687     .012942
                  recent_rating |   .0181213   .0062733     2.89   0.004      .005799    .0304436
              ln_lag_volumn_acc |   .0291148   .0071348     4.08   0.000     .0151005    .0431291
             lag_avg_rating_acc |  -.0011894   .0278427    -0.04   0.966    -.0558789       .0535
                     lag_sd_acc |  -.0180816   .0345339    -0.52   0.601     -.085914    .0497509
           lag_avg_rating_month |   .0042404    .001703     2.49   0.013     .0008954    .0075855
              ln_avg_com_RevPAR |   .1209129   .0120279    10.05   0.000     .0972873    .1445386
       ln_lag_RevPAR_clean_w199 |   .4395654   .0176543    24.90   0.000     .4048883    .4742426
                     lag_mr_any |   .0059272   .0063522     0.93   0.351      -.00655    .0184044
                    lag_mr_rate |   .0021883   .0014033     1.56   0.119    -.0005681    .0049446
                   lag_mr_count |  -.0005961   .0002314    -2.58   0.010    -.0010505   -.0001416
                          _cons |   1.419731   .1499554     9.47   0.000     1.125183    1.714278
-------------------------------------------------------------------------------------------------

Absorbed degrees of freedom:
------------------------------------------------------+
  Absorbed FE | Categories  - Redundant  = Num. Coefs |
--------------+---------------------------------------|
 hotel_id_num |       558         558           0    *|
           ym |       135           1         134     |
------------------------------------------------------+
* = FE nested within cluster; treated as redundant for DoF computation

. est store rt_service

. 
. * T3. Room-issue targeting.
. * This asks whether room-complaint engagement changes the value of review similarity.
. reghdfe ln_RevPAR_clean_w199 c.sim_mean_c##c.mr_rep_room_c ///
>     ln_recent_volumn recent_sd recent_rating ln_lag_volumn_acc lag_avg_rating_acc ///
>     lag_sd_acc lag_avg_rating_month ln_avg_com_RevPAR ln_lag_RevPAR_clean_w199 ///
>     lag_mr_any lag_mr_rate lag_mr_count ///
>     if cs_sample_focus100 == 1, absorb(hotel_id_num ym) vce(cluster hotel_id_num)
(dropped 2 singleton observations)
(MWFE estimator converged in 7 iterations)

HDFE Linear regression                            Number of obs   =     33,546
Absorbing 2 HDFE groups                           F(  15,    557) =      89.15
Statistics robust to heteroskedasticity           Prob > F        =     0.0000
                                                  R-squared       =     0.8769
                                                  Adj R-squared   =     0.8743
                                                  Within R-sq.    =     0.3038
Number of clusters (hotel_id_num) =        558    Root MSE        =     0.2299

                                         (Std. err. adjusted for 558 clusters in hotel_id_num)
----------------------------------------------------------------------------------------------
                             |               Robust
        ln_RevPAR_clean_w199 | Coefficient  std. err.      t    P>|t|     [95% conf. interval]
-----------------------------+----------------------------------------------------------------
                  sim_mean_c |  -.1894694   .0571212    -3.32   0.001    -.3016687   -.0772701
               mr_rep_room_c |  -.0085944   .0061738    -1.39   0.164    -.0207212    .0035324
                             |
c.sim_mean_c#c.mr_rep_room_c |  -.0243105   .1100083    -0.22   0.825    -.2403924    .1917714
                             |
            ln_recent_volumn |   .0851641   .0085848     9.92   0.000     .0683015    .1020266
                   recent_sd |  -.0020011   .0075827    -0.26   0.792    -.0168953    .0128932
               recent_rating |   .0180514   .0062688     2.88   0.004      .005738    .0303647
           ln_lag_volumn_acc |   .0291054   .0071365     4.08   0.000     .0150876    .0431232
          lag_avg_rating_acc |  -.0012641   .0278705    -0.05   0.964    -.0560082      .05348
                  lag_sd_acc |  -.0181581   .0345856    -0.53   0.600    -.0860922     .049776
        lag_avg_rating_month |    .004061   .0017158     2.37   0.018     .0006908    .0074312
           ln_avg_com_RevPAR |   .1208761   .0120127    10.06   0.000     .0972803    .1444718
    ln_lag_RevPAR_clean_w199 |   .4394524   .0176528    24.89   0.000     .4047782    .4741266
                  lag_mr_any |   .0121618   .0060371     2.01   0.044     .0003035    .0240202
                 lag_mr_rate |   .0021555   .0013875     1.55   0.121      -.00057     .004881
                lag_mr_count |  -.0006052   .0002304    -2.63   0.009    -.0010578   -.0001526
                       _cons |   1.418651   .1501135     9.45   0.000     1.123793    1.713509
----------------------------------------------------------------------------------------------

Absorbed degrees of freedom:
------------------------------------------------------+
  Absorbed FE | Categories  - Redundant  = Num. Coefs |
--------------+---------------------------------------|
 hotel_id_num |       558         558           0    *|
           ym |       135           1         134     |
------------------------------------------------------+
* = FE nested within cluster; treated as redundant for DoF computation

. est store rt_room

. 
. * T4. Cleanliness-issue targeting.
. * The question is whether management attention to cleanliness complaints amplifies or dampens the ARS slope.
. reghdfe ln_RevPAR_clean_w199 c.sim_mean_c##c.mr_rep_clean_c ///
>     ln_recent_volumn recent_sd recent_rating ln_lag_volumn_acc lag_avg_rating_acc ///
>     lag_sd_acc lag_avg_rating_month ln_avg_com_RevPAR ln_lag_RevPAR_clean_w199 ///
>     lag_mr_any lag_mr_rate lag_mr_count ///
>     if cs_sample_focus100 == 1, absorb(hotel_id_num ym) vce(cluster hotel_id_num)
(dropped 2 singleton observations)
(MWFE estimator converged in 7 iterations)

HDFE Linear regression                            Number of obs   =     33,546
Absorbing 2 HDFE groups                           F(  15,    557) =      89.55
Statistics robust to heteroskedasticity           Prob > F        =     0.0000
                                                  R-squared       =     0.8769
                                                  Adj R-squared   =     0.8743
                                                  Within R-sq.    =     0.3037
Number of clusters (hotel_id_num) =        558    Root MSE        =     0.2300

                                          (Std. err. adjusted for 558 clusters in hotel_id_num)
-----------------------------------------------------------------------------------------------
                              |               Robust
         ln_RevPAR_clean_w199 | Coefficient  std. err.      t    P>|t|     [95% conf. interval]
------------------------------+----------------------------------------------------------------
                   sim_mean_c |  -.1848602   .0571524    -3.23   0.001    -.2971209   -.0725995
               mr_rep_clean_c |  -.0004725   .0055966    -0.08   0.933    -.0114655    .0105206
                              |
c.sim_mean_c#c.mr_rep_clean_c |   .0284059   .1182256     0.24   0.810    -.2038165    .2606284
                              |
             ln_recent_volumn |   .0851582    .008584     9.92   0.000     .0682973    .1020191
                    recent_sd |  -.0019453   .0075571    -0.26   0.797    -.0167893    .0128987
                recent_rating |   .0181404   .0062629     2.90   0.004     .0058386    .0304422
            ln_lag_volumn_acc |   .0291013   .0071281     4.08   0.000     .0151001    .0431025
           lag_avg_rating_acc |  -.0012083   .0278312    -0.04   0.965    -.0558752    .0534586
                   lag_sd_acc |   -.018055   .0345158    -0.52   0.601    -.0858519     .049742
         lag_avg_rating_month |   .0042562   .0017037     2.50   0.013     .0009098    .0076027
            ln_avg_com_RevPAR |   .1209137   .0120212    10.06   0.000     .0973014    .1445261
     ln_lag_RevPAR_clean_w199 |   .4395521   .0176606    24.89   0.000     .4048625    .4742417
                   lag_mr_any |   .0071818   .0050132     1.43   0.153    -.0026653    .0170289
                  lag_mr_rate |   .0021775   .0014072     1.55   0.122    -.0005865    .0049415
                 lag_mr_count |  -.0005929   .0002292    -2.59   0.010     -.001043   -.0001427
                        _cons |   1.419033   .1499592     9.46   0.000     1.124479    1.713588
-----------------------------------------------------------------------------------------------

Absorbed degrees of freedom:
------------------------------------------------------+
  Absorbed FE | Categories  - Redundant  = Num. Coefs |
--------------+---------------------------------------|
 hotel_id_num |       558         558           0    *|
           ym |       135           1         134     |
------------------------------------------------------+
* = FE nested within cluster; treated as redundant for DoF computation

. est store rt_clean

. 
. * T5. Value-issue targeting.
. * This uses replies to value-for-money complaints as the focal targeting strategy.
. reghdfe ln_RevPAR_clean_w199 c.sim_mean_c##c.mr_rep_value_c ///
>     ln_recent_volumn recent_sd recent_rating ln_lag_volumn_acc lag_avg_rating_acc ///
>     lag_sd_acc lag_avg_rating_month ln_avg_com_RevPAR ln_lag_RevPAR_clean_w199 ///
>     lag_mr_any lag_mr_rate lag_mr_count ///
>     if cs_sample_focus100 == 1, absorb(hotel_id_num ym) vce(cluster hotel_id_num)
(dropped 2 singleton observations)
(MWFE estimator converged in 7 iterations)

HDFE Linear regression                            Number of obs   =     33,546
Absorbing 2 HDFE groups                           F(  15,    557) =      88.79
Statistics robust to heteroskedasticity           Prob > F        =     0.0000
                                                  R-squared       =     0.8769
                                                  Adj R-squared   =     0.8743
                                                  Within R-sq.    =     0.3037
Number of clusters (hotel_id_num) =        558    Root MSE        =     0.2300

                                          (Std. err. adjusted for 558 clusters in hotel_id_num)
-----------------------------------------------------------------------------------------------
                              |               Robust
         ln_RevPAR_clean_w199 | Coefficient  std. err.      t    P>|t|     [95% conf. interval]
------------------------------+----------------------------------------------------------------
                   sim_mean_c |  -.1835017   .0572475    -3.21   0.001    -.2959491   -.0710542
               mr_rep_value_c |   .0052346   .0082886     0.63   0.528    -.0110462    .0215153
                              |
c.sim_mean_c#c.mr_rep_value_c |   .1022326   .1754967     0.58   0.560    -.2424835    .4469488
                              |
             ln_recent_volumn |   .0851425    .008583     9.92   0.000     .0682834    .1020016
                    recent_sd |  -.0019741   .0075651    -0.26   0.794    -.0168337    .0128855
                recent_rating |   .0181328   .0062678     2.89   0.004     .0058214    .0304442
            ln_lag_volumn_acc |   .0290775   .0071296     4.08   0.000     .0150733    .0430816
           lag_avg_rating_acc |  -.0011039   .0278259    -0.04   0.968    -.0557604    .0535526
                   lag_sd_acc |  -.0180169   .0344988    -0.52   0.602    -.0857805    .0497467
         lag_avg_rating_month |   .0042798   .0017067     2.51   0.012     .0009273    .0076322
            ln_avg_com_RevPAR |   .1208926   .0120233    10.05   0.000     .0972762    .1445091
     ln_lag_RevPAR_clean_w199 |   .4395813   .0176651    24.88   0.000     .4048828    .4742797
                   lag_mr_any |   .0061237   .0049855     1.23   0.220    -.0036689    .0159164
                  lag_mr_rate |   .0021746   .0014015     1.55   0.121    -.0005783    .0049275
                 lag_mr_count |  -.0005887   .0002292    -2.57   0.010     -.001039   -.0001384
                        _cons |   1.419229   .1499275     9.47   0.000     1.124737    1.713722
-----------------------------------------------------------------------------------------------

Absorbed degrees of freedom:
------------------------------------------------------+
  Absorbed FE | Categories  - Redundant  = Num. Coefs |
--------------+---------------------------------------|
 hotel_id_num |       558         558           0    *|
           ym |       135           1         134     |
------------------------------------------------------+
* = FE nested within cluster; treated as redundant for DoF computation

. est store rt_value

. 
. * T6. Triple interaction for complaint targeting intensity.
. * This checks whether complaint-heavy targeting changes how reply rate and ARS jointly shape revenue.
. reghdfe ln_RevPAR_clean_w199 c.lag_mr_rate_c##c.sim_mean_c##c.mr_rep_complaint_c ///
>     ln_recent_volumn recent_sd recent_rating ln_lag_volumn_acc lag_avg_rating_acc ///
>     lag_sd_acc lag_avg_rating_month ln_avg_com_RevPAR ln_lag_RevPAR_clean_w199 ///
>     lag_mr_any lag_mr_count ///
>     if cs_sample_focus100 == 1, absorb(hotel_id_num ym) vce(cluster hotel_id_num)
(dropped 2 singleton observations)
(MWFE estimator converged in 7 iterations)

HDFE Linear regression                            Number of obs   =     33,546
Absorbing 2 HDFE groups                           F(  18,    557) =      74.91
Statistics robust to heteroskedasticity           Prob > F        =     0.0000
                                                  R-squared       =     0.8769
                                                  Adj R-squared   =     0.8743
                                                  Within R-sq.    =     0.3038
Number of clusters (hotel_id_num) =        558    Root MSE        =     0.2300

                                                              (Std. err. adjusted for 558 clusters in hotel_id_num)
-------------------------------------------------------------------------------------------------------------------
                                                  |               Robust
                             ln_RevPAR_clean_w199 | Coefficient  std. err.      t    P>|t|     [95% conf. interval]
--------------------------------------------------+----------------------------------------------------------------
                                    lag_mr_rate_c |   .0041957   .0065877     0.64   0.524     -.008744    .0171354
                                       sim_mean_c |  -.1466789   .0714658    -2.05   0.041    -.2870542   -.0063035
                                                  |
                     c.lag_mr_rate_c#c.sim_mean_c |      .1226   .0958732     1.28   0.202    -.0657173    .3109173
                                                  |
                               mr_rep_complaint_c |  -.0031566   .0100249    -0.31   0.753    -.0228479    .0165347
                                                  |
             c.lag_mr_rate_c#c.mr_rep_complaint_c |   -.002821   .0142475    -0.20   0.843    -.0308065    .0251645
                                                  |
                c.sim_mean_c#c.mr_rep_complaint_c |  -.0665431   .1248098    -0.53   0.594    -.3116986    .1786124
                                                  |
c.lag_mr_rate_c#c.sim_mean_c#c.mr_rep_complaint_c |  -.1720545   .2123731    -0.81   0.418    -.5892045    .2450955
                                                  |
                                 ln_recent_volumn |   .0854863   .0085792     9.96   0.000     .0686347    .1023379
                                        recent_sd |   -.001996    .007569    -0.26   0.792    -.0168634    .0128714
                                    recent_rating |   .0181136   .0062745     2.89   0.004      .005789    .0304383
                                ln_lag_volumn_acc |   .0291386    .007141     4.08   0.000     .0151119    .0431652
                               lag_avg_rating_acc |  -.0011326   .0278186    -0.04   0.968    -.0557749    .0535097
                                       lag_sd_acc |  -.0178622    .034518    -0.52   0.605    -.0856635    .0499392
                             lag_avg_rating_month |   .0042319   .0017099     2.48   0.014     .0008734    .0075905
                                ln_avg_com_RevPAR |    .121036   .0120265    10.06   0.000     .0974133    .1446588
                         ln_lag_RevPAR_clean_w199 |   .4397672   .0176482    24.92   0.000      .405102    .4744324
                                       lag_mr_any |   .0080583   .0136501     0.59   0.555    -.0187536    .0348701
                                     lag_mr_count |  -.0006368   .0002346    -2.71   0.007    -.0010976    -.000176
                                            _cons |   1.417615   .1501289     9.44   0.000     1.122727    1.712503
-------------------------------------------------------------------------------------------------------------------

Absorbed degrees of freedom:
------------------------------------------------------+
  Absorbed FE | Categories  - Redundant  = Num. Coefs |
--------------+---------------------------------------|
 hotel_id_num |       558         558           0    *|
           ym |       135           1         134     |
------------------------------------------------------+
* = FE nested within cluster; treated as redundant for DoF computation

. est store rt_triple_complaint

. 
. esttab rt_complaint rt_service rt_room rt_clean rt_value rt_triple_complaint ///
>     using "`table_dir'/routeB_mr_targeting_revenue_`run_id'.rtf", replace ///
>     star(* 0.10 ** 0.05 *** 0.01 **** 0.001) ///
>     cells(b(star fmt(4)) se(par fmt(4))) ///
>     stats(N r2_a, labels("Observations" "Adjusted R-squared")) ///
>     mtitles("complaint" "service" "room" "clean" "value" "triple complaint") ///
>     nogap compress
(file /Users/samxie/Research/ReviewSimi_Sales/Code/outputs/core_simi_260501/tables_explicit/routeB_mr_targeting_revenue_260605.rtf not found)
(output written to /Users/samxie/Research/ReviewSimi_Sales/Code/outputs/core_simi_260501/tables_explicit/routeB_mr_targeting_revenue_260605.rtf)

. 
. esttab rt_complaint rt_service rt_room rt_clean rt_value rt_triple_complaint ///
>     using "`csv_dir'/routeB_mr_targeting_revenue_`run_id'.csv", replace csv ///
>     star(* 0.10 ** 0.05 *** 0.01 **** 0.001) ///
>     cells(b(star fmt(4)) se(par fmt(4))) ///
>     stats(N r2_a, labels("Observations" "Adjusted R-squared")) ///
>     mtitles("complaint" "service" "room" "clean" "value" "triple complaint") ///
>     nogap
(file /Users/samxie/Research/ReviewSimi_Sales/Code/outputs/core_simi_260501/csv/routeB_mr_targeting_revenue_260605.csv not found)
(output written to /Users/samxie/Research/ReviewSimi_Sales/Code/outputs/core_simi_260501/csv/routeB_mr_targeting_revenue_260605.csv)

. 
. *******************************************************
. ************ 3. targeting and review production ********
. *******************************************************
. 
. estimates clear

. 
. * T7. Next-month review volume.
. * This asks whether targeting complaint-heavy or category-specific reviews predicts more later review inflow.
. reghdfe ln_recent_volumn ///
>     lag_mr_rep_complaint_share lag_mr_rep_service_share lag_mr_rep_room_share ///
>     lag_mr_rep_clean_share lag_mr_rep_value_share lag_mr_rate lag_mr_count ///
>     ln_lag_mr_words recent_sd recent_rating ln_lag_volumn_acc lag_avg_rating_acc ///
>     lag_sd_acc lag_avg_rating_month ln_avg_com_RevPAR ln_lag_RevPAR_clean_w199 ///
>     if cs_sample_focus100 == 1, absorb(hotel_id_num ym) vce(cluster hotel_id_num)
(dropped 2 singleton observations)
(MWFE estimator converged in 7 iterations)

HDFE Linear regression                            Number of obs   =     33,589
Absorbing 2 HDFE groups                           F(  16,    557) =      34.28
Statistics robust to heteroskedasticity           Prob > F        =     0.0000
                                                  R-squared       =     0.7023
                                                  Adj R-squared   =     0.6959
                                                  Within R-sq.    =     0.1339
Number of clusters (hotel_id_num) =        558    Root MSE        =     0.2075

                                       (Std. err. adjusted for 558 clusters in hotel_id_num)
--------------------------------------------------------------------------------------------
                           |               Robust
          ln_recent_volumn | Coefficient  std. err.      t    P>|t|     [95% conf. interval]
---------------------------+----------------------------------------------------------------
lag_mr_rep_complaint_share |  -.0328382   .0129628    -2.53   0.012    -.0583001   -.0073763
  lag_mr_rep_service_share |   .0011841   .0057033     0.21   0.836    -.0100185    .0123867
     lag_mr_rep_room_share |  -.0107529   .0059695    -1.80   0.072    -.0224784    .0009726
    lag_mr_rep_clean_share |  -.0286749   .0058402    -4.91   0.000    -.0401464   -.0172034
    lag_mr_rep_value_share |  -.0171382   .0073916    -2.32   0.021    -.0316569   -.0026195
               lag_mr_rate |  -.0280649   .0066852    -4.20   0.000    -.0411963   -.0149336
              lag_mr_count |   .0081084   .0012851     6.31   0.000     .0055841    .0106327
           ln_lag_mr_words |   .0167411   .0034365     4.87   0.000     .0099909    .0234912
                 recent_sd |  -.0366387   .0089484    -4.09   0.000    -.0542153    -.019062
             recent_rating |   .0578593    .007314     7.91   0.000      .043493    .0722257
         ln_lag_volumn_acc |   .0764671   .0116928     6.54   0.000     .0534996    .0994345
        lag_avg_rating_acc |   .0602879   .0331931     1.82   0.070    -.0049111     .125487
                lag_sd_acc |   .0515903   .0444701     1.16   0.247    -.0357594      .13894
      lag_avg_rating_month |  -.0030851   .0011691    -2.64   0.009    -.0053816   -.0007886
         ln_avg_com_RevPAR |   .0144325    .007001     2.06   0.040     .0006809    .0281841
  ln_lag_RevPAR_clean_w199 |   .0522849   .0073252     7.14   0.000     .0378966    .0666732
                     _cons |   1.509585   .1616195     9.34   0.000     1.192126    1.827043
--------------------------------------------------------------------------------------------

Absorbed degrees of freedom:
------------------------------------------------------+
  Absorbed FE | Categories  - Redundant  = Num. Coefs |
--------------+---------------------------------------|
 hotel_id_num |       558         558           0    *|
           ym |       135           1         134     |
------------------------------------------------------+
* = FE nested within cluster; treated as redundant for DoF computation

. est store tm_volume

. 
. * T8. Next-month ARS.
. * This tests whether reply targeting changes the similarity structure of later reviews.
. reghdfe sim_mean ///
>     lag_mr_rep_complaint_share lag_mr_rep_service_share lag_mr_rep_room_share ///
>     lag_mr_rep_clean_share lag_mr_rep_value_share lag_mr_rate lag_mr_count ///
>     ln_lag_mr_words ln_recent_volumn recent_sd recent_rating ln_lag_volumn_acc ///
>     lag_avg_rating_acc lag_sd_acc lag_avg_rating_month ln_avg_com_RevPAR ///
>     ln_lag_RevPAR_clean_w199 if cs_sample_focus100 == 1, ///
>     absorb(hotel_id_num ym) vce(cluster hotel_id_num)
(dropped 2 singleton observations)
(MWFE estimator converged in 7 iterations)

HDFE Linear regression                            Number of obs   =     33,589
Absorbing 2 HDFE groups                           F(  17,    557) =      92.51
Statistics robust to heteroskedasticity           Prob > F        =     0.0000
                                                  R-squared       =     0.5758
                                                  Adj R-squared   =     0.5666
                                                  Within R-sq.    =     0.2662
Number of clusters (hotel_id_num) =        558    Root MSE        =     0.0291

                                       (Std. err. adjusted for 558 clusters in hotel_id_num)
--------------------------------------------------------------------------------------------
                           |               Robust
                  sim_mean | Coefficient  std. err.      t    P>|t|     [95% conf. interval]
---------------------------+----------------------------------------------------------------
lag_mr_rep_complaint_share |   .0042509   .0015341     2.77   0.006     .0012375    .0072642
  lag_mr_rep_service_share |  -.0039685    .000899    -4.41   0.000    -.0057342   -.0022027
     lag_mr_rep_room_share |  -.0079715   .0008916    -8.94   0.000    -.0097227   -.0062202
    lag_mr_rep_clean_share |  -.0005355   .0008826    -0.61   0.544    -.0022691     .001198
    lag_mr_rep_value_share |  -.0033823    .000928    -3.64   0.000    -.0052051   -.0015596
               lag_mr_rate |   .0000212   .0002025     0.10   0.917    -.0003765    .0004189
              lag_mr_count |  -.0000805    .000038    -2.12   0.035    -.0001552   -5.77e-06
           ln_lag_mr_words |   .0008633   .0002579     3.35   0.001     .0003566    .0013699
          ln_recent_volumn |   .0201078   .0015052    13.36   0.000     .0171512    .0230644
                 recent_sd |  -.0418427   .0015047   -27.81   0.000    -.0447983    -.038887
             recent_rating |    .013064   .0011891    10.99   0.000     .0107283    .0153997
         ln_lag_volumn_acc |   .0052497   .0011829     4.44   0.000     .0029263    .0075732
        lag_avg_rating_acc |  -.0083849   .0042223    -1.99   0.048    -.0166784   -.0000914
                lag_sd_acc |   .0141181   .0050784     2.78   0.006     .0041429    .0240934
      lag_avg_rating_month |   .0001217   .0001802     0.68   0.500    -.0002323    .0004757
         ln_avg_com_RevPAR |    .000526   .0008654     0.61   0.544    -.0011738    .0022258
  ln_lag_RevPAR_clean_w199 |  -.0023528   .0009266    -2.54   0.011    -.0041729   -.0005328
                     _cons |   .2306377   .0206313    11.18   0.000      .190113    .2711624
--------------------------------------------------------------------------------------------

Absorbed degrees of freedom:
------------------------------------------------------+
  Absorbed FE | Categories  - Redundant  = Num. Coefs |
--------------+---------------------------------------|
 hotel_id_num |       558         558           0    *|
           ym |       135           1         134     |
------------------------------------------------------+
* = FE nested within cluster; treated as redundant for DoF computation

. est store tm_ars

. 
. * T9. Next-month review sentiment.
. * This asks whether reply targeting affects the tone of later review text.
. reghdfe sent_net_pos_bing ///
>     lag_mr_rep_complaint_share lag_mr_rep_service_share lag_mr_rep_room_share ///
>     lag_mr_rep_clean_share lag_mr_rep_value_share lag_mr_rate lag_mr_count ///
>     ln_lag_mr_words ln_recent_volumn sim_mean recent_sd recent_rating ///
>     ln_lag_volumn_acc lag_avg_rating_acc lag_sd_acc lag_avg_rating_month ///
>     ln_avg_com_RevPAR ln_lag_RevPAR_clean_w199 ///
>     if cs_sample_focus100 == 1 & !missing(sent_net_pos_bing), ///
>     absorb(hotel_id_num ym) vce(cluster hotel_id_num)
(dropped 2 singleton observations)
(MWFE estimator converged in 7 iterations)

HDFE Linear regression                            Number of obs   =     33,589
Absorbing 2 HDFE groups                           F(  18,    557) =      80.84
Statistics robust to heteroskedasticity           Prob > F        =     0.0000
                                                  R-squared       =     0.4219
                                                  Adj R-squared   =     0.4095
                                                  Within R-sq.    =     0.0732
Number of clusters (hotel_id_num) =        558    Root MSE        =     0.3918

                                       (Std. err. adjusted for 558 clusters in hotel_id_num)
--------------------------------------------------------------------------------------------
                           |               Robust
         sent_net_pos_bing | Coefficient  std. err.      t    P>|t|     [95% conf. interval]
---------------------------+----------------------------------------------------------------
lag_mr_rep_complaint_share |   .0198116   .0219406     0.90   0.367    -.0232847    .0629079
  lag_mr_rep_service_share |   .0073512   .0141153     0.52   0.603    -.0203746     .035077
     lag_mr_rep_room_share |  -.0102191   .0133757    -0.76   0.445    -.0364921    .0160539
    lag_mr_rep_clean_share |  -.0313519   .0117591    -2.67   0.008    -.0544496   -.0082543
    lag_mr_rep_value_share |  -.0329623   .0163654    -2.01   0.044    -.0651078   -.0008169
               lag_mr_rate |  -.0042897   .0025684    -1.67   0.095    -.0093347    .0007553
              lag_mr_count |  -.0000368   .0003372    -0.11   0.913    -.0006992    .0006256
           ln_lag_mr_words |   .0076516   .0028892     2.65   0.008     .0019766    .0133266
          ln_recent_volumn |   .0148453   .0132125     1.12   0.262    -.0111071    .0407976
                  sim_mean |   .0785875   .0939411     0.84   0.403    -.1059347    .2631096
                 recent_sd |  -.1147378   .0138219    -8.30   0.000    -.1418872   -.0875885
             recent_rating |   .2322924   .0116842    19.88   0.000     .2093419     .255243
         ln_lag_volumn_acc |  -.0150306    .007647    -1.97   0.050    -.0300511   -.0000101
        lag_avg_rating_acc |  -.1701183   .0448676    -3.79   0.000    -.2582487   -.0819878
                lag_sd_acc |   .1139206   .0529698     2.15   0.032     .0098756    .2179656
      lag_avg_rating_month |  -.0360846   .0038518    -9.37   0.000    -.0436505   -.0285187
         ln_avg_com_RevPAR |    -.00427   .0066142    -0.65   0.519    -.0172618    .0087217
  ln_lag_RevPAR_clean_w199 |  -.0062849   .0100764    -0.62   0.533    -.0260774    .0135075
                     _cons |   .5232723   .2197169     2.38   0.018     .0916974    .9548473
--------------------------------------------------------------------------------------------

Absorbed degrees of freedom:
------------------------------------------------------+
  Absorbed FE | Categories  - Redundant  = Num. Coefs |
--------------+---------------------------------------|
 hotel_id_num |       558         558           0    *|
           ym |       135           1         134     |
------------------------------------------------------+
* = FE nested within cluster; treated as redundant for DoF computation

. est store tm_sentiment

. 
. esttab tm_volume tm_ars tm_sentiment ///
>     using "`table_dir'/routeB_mr_targeting_mechanisms_`run_id'.rtf", replace ///
>     star(* 0.10 ** 0.05 *** 0.01 **** 0.001) ///
>     cells(b(star fmt(4)) se(par fmt(4))) ///
>     stats(N r2_a, labels("Observations" "Adjusted R-squared")) ///
>     mtitles("DV volume" "DV ARS" "DV sentiment") ///
>     nogap compress
(file /Users/samxie/Research/ReviewSimi_Sales/Code/outputs/core_simi_260501/tables_explicit/routeB_mr_targeting_mechanisms_260605.rtf not found)
(output written to /Users/samxie/Research/ReviewSimi_Sales/Code/outputs/core_simi_260501/tables_explicit/routeB_mr_targeting_mechanisms_260605.rtf)

. 
. esttab tm_volume tm_ars tm_sentiment ///
>     using "`csv_dir'/routeB_mr_targeting_mechanisms_`run_id'.csv", replace csv ///
>     star(* 0.10 ** 0.05 *** 0.01 **** 0.001) ///
>     cells(b(star fmt(4)) se(par fmt(4))) ///
>     stats(N r2_a, labels("Observations" "Adjusted R-squared")) ///
>     mtitles("DV volume" "DV ARS" "DV sentiment") ///
>     nogap
(file /Users/samxie/Research/ReviewSimi_Sales/Code/outputs/core_simi_260501/csv/routeB_mr_targeting_mechanisms_260605.csv not found)
(output written to /Users/samxie/Research/ReviewSimi_Sales/Code/outputs/core_simi_260501/csv/routeB_mr_targeting_mechanisms_260605.csv)

. 
. log close
      name:  <unnamed>
       log:  /Users/samxie/Research/ReviewSimi_Sales/Code/outputs/core_simi_260501/logs/run_routeB_mr_targeting_260605.log
  log type:  text
 closed on:   5 Jun 2026, 12:12:11
---------------------------------------------------------------------------------------------------------------------------------------------------------------------------------------------------------------------------------------------------------------

. 
end of do-file
