
  ___  ____  ____  ____  ____ ©
 /__    /   ____/   /   ____/      17.0
___/   /   /___/   /   /___/       MP—Parallel Edition

 Statistics and Data Science       Copyright 1985-2021 StataCorp LLC
                                   StataCorp
                                   4905 Lakeway Drive
                                   College Station, Texas 77845 USA
                                   800-STATA-PC        https://www.stata.com
                                   979-696-4600        stata@stata.com

Stata license: Single-user 2-core  perpetual
Serial number: 501806366047
  Licensed to: Sam Xie
               samxie

Notes:
      1. Stata is running in batch mode.
      2. Unicode is supported; see help unicode_advice.
      3. More than 2 billion observations are allowed; see help obs_advice.
      4. Maximum number of variables is set to 5,000; see help set_maxvar.


Running /Applications/Stata/profile.do ...
command window is unrecognized
r(199);

. do scripts/stata/run_routeA_organization_boundaries_260605.do 

. *******************************************************
. * run_routeA_organization_boundaries_260605.do
. * Route A extension: ARS as the main effect, with
. * organization-form boundaries from chain structure.
. *******************************************************
. 
. version 17.0

. clear all

. set more off

. set linesize 255

. mata: mata set matafavor speed

. capture log close

. 
. local project "/Users/samxie/Research/ReviewSimi_Sales/Code"

. local out_root "`project'/outputs/core_simi_260501"

. local data_dir "`out_root'/data"

. local table_dir "`out_root'/tables_explicit"

. local csv_dir "`out_root'/csv"

. local log_dir "`out_root'/logs"

. local run_id "260605"

. local data_main "`data_dir'/core_simi_panel_260501_with_mr_text_sentiment_260526.dta"

. 
. cap mkdir "`table_dir'"

. cap mkdir "`csv_dir'"

. cap mkdir "`log_dir'"

. 
. capture confirm file "`data_main'"

. if _rc exit 601

. capture which reghdfe

. if _rc exit 199

. capture which esttab

. if _rc exit 199

. 
. use "`data_main'", clear

. log using "`log_dir'/run_routeA_organization_boundaries_`run_id'.log", text replace
(file /Users/samxie/Research/ReviewSimi_Sales/Code/outputs/core_simi_260501/logs/run_routeA_organization_boundaries_260605.log not found)
---------------------------------------------------------------------------------------------------------------------------------------------------------------------------------------------------------------------------------------------------------------
      name:  <unnamed>
       log:  /Users/samxie/Research/ReviewSimi_Sales/Code/outputs/core_simi_260501/logs/run_routeA_organization_boundaries_260605.log
  log type:  text
 opened on:   5 Jun 2026, 13:57:52

. 
. capture drop hotel_id_num

. capture confirm numeric variable HotelID

. if _rc encode HotelID, gen(hotel_id_num)

. else gen long hotel_id_num = HotelID

. capture drop ym

. gen ym = monthly(year_month, "YM")

. format ym %tm

. xtset hotel_id_num ym

Panel variable: hotel_id_num (unbalanced)
 Time variable: ym, 2011m1 to 2022m9, but with gaps
         Delta: 1 month

. sort hotel_id_num ym

. 
. capture drop ln_RevPAR_clean_w199 ln_lag_RevPAR_clean_w199 sim_mean_c

. gen double ln_RevPAR_clean_w199 = ln_RevPAR_clean
(714 missing values generated)

. gen double ln_lag_RevPAR_clean_w199 = ln_lag_RevPAR_clean
(1,680 missing values generated)

. quietly _pctile ln_RevPAR_clean if cs_sample_focus100 == 1, p(1 99)

. local y_p1 = r(r1)

. local y_p99 = r(r2)

. quietly _pctile ln_lag_RevPAR_clean if cs_sample_focus100 == 1, p(1 99)

. local ly_p1 = r(r1)

. local ly_p99 = r(r2)

. replace ln_RevPAR_clean_w199 = `y_p1' if ln_RevPAR_clean_w199 < `y_p1' & !missing(ln_RevPAR_clean_w199)
(430 real changes made)

. replace ln_RevPAR_clean_w199 = `y_p99' if ln_RevPAR_clean_w199 > `y_p99' & !missing(ln_RevPAR_clean_w199)
(410 real changes made)

. replace ln_lag_RevPAR_clean_w199 = `ly_p1' if ln_lag_RevPAR_clean_w199 < `ly_p1' & !missing(ln_lag_RevPAR_clean_w199)
(419 real changes made)

. replace ln_lag_RevPAR_clean_w199 = `ly_p99' if ln_lag_RevPAR_clean_w199 > `ly_p99' & !missing(ln_lag_RevPAR_clean_w199)
(397 real changes made)

. quietly summarize sim_mean if cs_sample_focus100 == 1 & !missing(sim_mean)

. gen double sim_mean_c = sim_mean - r(mean) if !missing(sim_mean)
(223 missing values generated)

. 
. estimates clear

. 
. * O1. Chain versus non-chain boundary.
. reghdfe ln_RevPAR_clean_w199 c.sim_mean_c##i.chain ///
>     ln_recent_volumn recent_sd recent_rating ln_lag_volumn_acc lag_avg_rating_acc lag_sd_acc ///
>     lag_avg_rating_month ln_avg_com_RevPAR ln_lag_RevPAR_clean_w199 ///
>     if cs_sample_focus100 == 1 & !missing(chain), absorb(hotel_id_num ym) vce(cluster hotel_id_num)
(dropped 2 singleton observations)
(MWFE estimator converged in 7 iterations)
note: 1bn.chain is probably collinear with the fixed effects (all partialled-out values are close to zero; tol = 1.0e-09)

HDFE Linear regression                            Number of obs   =     33,546
Absorbing 2 HDFE groups                           F(  11,    557) =     116.82
Statistics robust to heteroskedasticity           Prob > F        =     0.0000
                                                  R-squared       =     0.8769
                                                  Adj R-squared   =     0.8742
                                                  Within R-sq.    =     0.3035
Number of clusters (hotel_id_num) =        558    Root MSE        =     0.2300

                                     (Std. err. adjusted for 558 clusters in hotel_id_num)
------------------------------------------------------------------------------------------
                         |               Robust
    ln_RevPAR_clean_w199 | Coefficient  std. err.      t    P>|t|     [95% conf. interval]
-------------------------+----------------------------------------------------------------
              sim_mean_c |  -.1231895   .0994245    -1.24   0.216    -.3184822    .0721032
                 1.chain |          0  (omitted)
                         |
      chain#c.sim_mean_c |
                      1  |  -.0882341   .1134571    -0.78   0.437    -.3110902     .134622
                         |
        ln_recent_volumn |   .0815561   .0088756     9.19   0.000     .0641225    .0989898
               recent_sd |  -.0016087   .0075623    -0.21   0.832    -.0164628    .0132454
           recent_rating |   .0183789   .0062645     2.93   0.003      .006074    .0306838
       ln_lag_volumn_acc |   .0292667   .0071165     4.11   0.000     .0152882    .0432452
      lag_avg_rating_acc |  -.0007967   .0278104    -0.03   0.977    -.0554229    .0538294
              lag_sd_acc |  -.0162847   .0344205    -0.47   0.636    -.0838945    .0513251
    lag_avg_rating_month |   .0040281   .0017108     2.35   0.019     .0006676    .0073886
       ln_avg_com_RevPAR |   .1208839   .0120094    10.07   0.000     .0972947    .1444731
ln_lag_RevPAR_clean_w199 |   .4395608    .017582    25.00   0.000     .4050258    .4740958
                   _cons |   1.426324   .1498548     9.52   0.000     1.131974    1.720673
------------------------------------------------------------------------------------------

Absorbed degrees of freedom:
------------------------------------------------------+
  Absorbed FE | Categories  - Redundant  = Num. Coefs |
--------------+---------------------------------------|
 hotel_id_num |       558         558           0    *|
           ym |       135           1         134     |
------------------------------------------------------+
* = FE nested within cluster; treated as redundant for DoF computation

. est store org_chain

. 
. * O2. Independent-hotel boundary.
. reghdfe ln_RevPAR_clean_w199 c.sim_mean_c##i.independent ///
>     ln_recent_volumn recent_sd recent_rating ln_lag_volumn_acc lag_avg_rating_acc lag_sd_acc ///
>     lag_avg_rating_month ln_avg_com_RevPAR ln_lag_RevPAR_clean_w199 ///
>     if cs_sample_focus100 == 1 & !missing(independent), absorb(hotel_id_num ym) vce(cluster hotel_id_num)
(dropped 2 singleton observations)
(MWFE estimator converged in 7 iterations)
note: 1bn.independent is probably collinear with the fixed effects (all partialled-out values are close to zero; tol = 1.0e-09)

HDFE Linear regression                            Number of obs   =     33,546
Absorbing 2 HDFE groups                           F(  11,    557) =     116.82
Statistics robust to heteroskedasticity           Prob > F        =     0.0000
                                                  R-squared       =     0.8769
                                                  Adj R-squared   =     0.8742
                                                  Within R-sq.    =     0.3035
Number of clusters (hotel_id_num) =        558    Root MSE        =     0.2300

                                     (Std. err. adjusted for 558 clusters in hotel_id_num)
------------------------------------------------------------------------------------------
                         |               Robust
    ln_RevPAR_clean_w199 | Coefficient  std. err.      t    P>|t|     [95% conf. interval]
-------------------------+----------------------------------------------------------------
              sim_mean_c |  -.2114236   .0655504    -3.23   0.001    -.3401798   -.0826674
           1.independent |          0  (omitted)
                         |
independent#c.sim_mean_c |
                      1  |   .0882341   .1134571     0.78   0.437     -.134622    .3110902
                         |
        ln_recent_volumn |   .0815561   .0088756     9.19   0.000     .0641225    .0989898
               recent_sd |  -.0016087   .0075623    -0.21   0.832    -.0164628    .0132454
           recent_rating |   .0183789   .0062645     2.93   0.003      .006074    .0306838
       ln_lag_volumn_acc |   .0292667   .0071165     4.11   0.000     .0152882    .0432452
      lag_avg_rating_acc |  -.0007967   .0278104    -0.03   0.977    -.0554229    .0538294
              lag_sd_acc |  -.0162847   .0344205    -0.47   0.636    -.0838945    .0513251
    lag_avg_rating_month |   .0040281   .0017108     2.35   0.019     .0006676    .0073886
       ln_avg_com_RevPAR |   .1208839   .0120094    10.07   0.000     .0972947    .1444731
ln_lag_RevPAR_clean_w199 |   .4395608    .017582    25.00   0.000     .4050258    .4740958
                   _cons |   1.426324   .1498548     9.52   0.000     1.131974    1.720673
------------------------------------------------------------------------------------------

Absorbed degrees of freedom:
------------------------------------------------------+
  Absorbed FE | Categories  - Redundant  = Num. Coefs |
--------------+---------------------------------------|
 hotel_id_num |       558         558           0    *|
           ym |       135           1         134     |
------------------------------------------------------+
* = FE nested within cluster; treated as redundant for DoF computation

. est store org_indep

. 
. * O3. Small-chain boundary.
. reghdfe ln_RevPAR_clean_w199 c.sim_mean_c##i.chain_small ///
>     ln_recent_volumn recent_sd recent_rating ln_lag_volumn_acc lag_avg_rating_acc lag_sd_acc ///
>     lag_avg_rating_month ln_avg_com_RevPAR ln_lag_RevPAR_clean_w199 ///
>     if cs_sample_focus100 == 1 & !missing(chain_small), absorb(hotel_id_num ym) vce(cluster hotel_id_num)
(dropped 2 singleton observations)
(MWFE estimator converged in 7 iterations)
note: 1bn.chain_small is probably collinear with the fixed effects (all partialled-out values are close to zero; tol = 1.0e-09)

HDFE Linear regression                            Number of obs   =     33,546
Absorbing 2 HDFE groups                           F(  11,    557) =     116.82
Statistics robust to heteroskedasticity           Prob > F        =     0.0000
                                                  R-squared       =     0.8769
                                                  Adj R-squared   =     0.8742
                                                  Within R-sq.    =     0.3035
Number of clusters (hotel_id_num) =        558    Root MSE        =     0.2300

                                     (Std. err. adjusted for 558 clusters in hotel_id_num)
------------------------------------------------------------------------------------------
                         |               Robust
    ln_RevPAR_clean_w199 | Coefficient  std. err.      t    P>|t|     [95% conf. interval]
-------------------------+----------------------------------------------------------------
              sim_mean_c |  -.1231895   .0994245    -1.24   0.216    -.3184822    .0721032
           1.chain_small |          0  (omitted)
                         |
chain_small#c.sim_mean_c |
                      1  |  -.0882341   .1134571    -0.78   0.437    -.3110902     .134622
                         |
        ln_recent_volumn |   .0815561   .0088756     9.19   0.000     .0641225    .0989898
               recent_sd |  -.0016087   .0075623    -0.21   0.832    -.0164628    .0132454
           recent_rating |   .0183789   .0062645     2.93   0.003      .006074    .0306838
       ln_lag_volumn_acc |   .0292667   .0071165     4.11   0.000     .0152882    .0432452
      lag_avg_rating_acc |  -.0007967   .0278104    -0.03   0.977    -.0554229    .0538294
              lag_sd_acc |  -.0162847   .0344205    -0.47   0.636    -.0838945    .0513251
    lag_avg_rating_month |   .0040281   .0017108     2.35   0.019     .0006676    .0073886
       ln_avg_com_RevPAR |   .1208839   .0120094    10.07   0.000     .0972947    .1444731
ln_lag_RevPAR_clean_w199 |   .4395608    .017582    25.00   0.000     .4050258    .4740958
                   _cons |   1.426324   .1498548     9.52   0.000     1.131974    1.720673
------------------------------------------------------------------------------------------

Absorbed degrees of freedom:
------------------------------------------------------+
  Absorbed FE | Categories  - Redundant  = Num. Coefs |
--------------+---------------------------------------|
 hotel_id_num |       558         558           0    *|
           ym |       135           1         134     |
------------------------------------------------------+
* = FE nested within cluster; treated as redundant for DoF computation

. est store org_chsmall

. 
. * O4. Three-property chain boundary.
. reghdfe ln_RevPAR_clean_w199 c.sim_mean_c##i.chain3_small ///
>     ln_recent_volumn recent_sd recent_rating ln_lag_volumn_acc lag_avg_rating_acc lag_sd_acc ///
>     lag_avg_rating_month ln_avg_com_RevPAR ln_lag_RevPAR_clean_w199 ///
>     if cs_sample_focus100 == 1 & !missing(chain3_small), absorb(hotel_id_num ym) vce(cluster hotel_id_num)
(dropped 2 singleton observations)
(MWFE estimator converged in 7 iterations)
note: 1bn.chain3_small is probably collinear with the fixed effects (all partialled-out values are close to zero; tol = 1.0e-09)

HDFE Linear regression                            Number of obs   =     33,546
Absorbing 2 HDFE groups                           F(  11,    557) =     116.85
Statistics robust to heteroskedasticity           Prob > F        =     0.0000
                                                  R-squared       =     0.8769
                                                  Adj R-squared   =     0.8742
                                                  Within R-sq.    =     0.3035
Number of clusters (hotel_id_num) =        558    Root MSE        =     0.2300

                                      (Std. err. adjusted for 558 clusters in hotel_id_num)
-------------------------------------------------------------------------------------------
                          |               Robust
     ln_RevPAR_clean_w199 | Coefficient  std. err.      t    P>|t|     [95% conf. interval]
--------------------------+----------------------------------------------------------------
               sim_mean_c |  -.1182313   .0991983    -1.19   0.234    -.3130797    .0766171
           1.chain3_small |          0  (omitted)
                          |
chain3_small#c.sim_mean_c |
                       1  |  -.0954795   .1133592    -0.84   0.400    -.3181432    .1271842
                          |
         ln_recent_volumn |   .0815409   .0088755     9.19   0.000     .0641073    .0989744
                recent_sd |  -.0015871   .0075618    -0.21   0.834    -.0164402    .0132661
            recent_rating |   .0183901   .0062636     2.94   0.003      .006087    .0306933
        ln_lag_volumn_acc |   .0292721   .0071162     4.11   0.000     .0152942    .0432499
       lag_avg_rating_acc |  -.0008064   .0278109    -0.03   0.977    -.0554334    .0538206
               lag_sd_acc |  -.0162876   .0344211    -0.47   0.636    -.0838986    .0513235
     lag_avg_rating_month |   .0040254   .0017107     2.35   0.019     .0006652    .0073856
        ln_avg_com_RevPAR |   .1208837   .0120098    10.07   0.000     .0972936    .1444738
 ln_lag_RevPAR_clean_w199 |   .4395536    .017582    25.00   0.000     .4050184    .4740888
                    _cons |   1.426339   .1498532     9.52   0.000     1.131992    1.720685
-------------------------------------------------------------------------------------------

Absorbed degrees of freedom:
------------------------------------------------------+
  Absorbed FE | Categories  - Redundant  = Num. Coefs |
--------------+---------------------------------------|
 hotel_id_num |       558         558           0    *|
           ym |       135           1         134     |
------------------------------------------------------+
* = FE nested within cluster; treated as redundant for DoF computation

. est store org_ch3

. 
. esttab org_chain org_indep org_chsmall org_ch3 using "`table_dir'/routeA_organization_boundaries_`run_id'.rtf", replace star(* 0.10 ** 0.05 *** 0.01 **** 0.001) cells(b(star fmt(4)) se(par fmt(4))) stats(N r2_a, labels("Observations" "Adjusted R-squared
> ")) mtitles("chain" "independent" "chain small" "chain3 small") nogap compress
(file /Users/samxie/Research/ReviewSimi_Sales/Code/outputs/core_simi_260501/tables_explicit/routeA_organization_boundaries_260605.rtf not found)
(output written to /Users/samxie/Research/ReviewSimi_Sales/Code/outputs/core_simi_260501/tables_explicit/routeA_organization_boundaries_260605.rtf)

. esttab org_chain org_indep org_chsmall org_ch3 using "`csv_dir'/routeA_organization_boundaries_`run_id'.csv", replace csv star(* 0.10 ** 0.05 *** 0.01 **** 0.001) cells(b(star fmt(4)) se(par fmt(4))) stats(N r2_a, labels("Observations" "Adjusted R-squar
> ed")) mtitles("chain" "independent" "chain small" "chain3 small") nogap
(file /Users/samxie/Research/ReviewSimi_Sales/Code/outputs/core_simi_260501/csv/routeA_organization_boundaries_260605.csv not found)
(output written to /Users/samxie/Research/ReviewSimi_Sales/Code/outputs/core_simi_260501/csv/routeA_organization_boundaries_260605.csv)

. 
. log close
      name:  <unnamed>
       log:  /Users/samxie/Research/ReviewSimi_Sales/Code/outputs/core_simi_260501/logs/run_routeA_organization_boundaries_260605.log
  log type:  text
 closed on:   5 Jun 2026, 13:57:53
---------------------------------------------------------------------------------------------------------------------------------------------------------------------------------------------------------------------------------------------------------------

. 
end of do-file
