
  ___  ____  ____  ____  ____ ©
 /__    /   ____/   /   ____/      17.0
___/   /   /___/   /   /___/       MP—Parallel Edition

 Statistics and Data Science       Copyright 1985-2021 StataCorp LLC
                                   StataCorp
                                   4905 Lakeway Drive
                                   College Station, Texas 77845 USA
                                   800-STATA-PC        https://www.stata.com
                                   979-696-4600        stata@stata.com

Stata license: Single-user 2-core  perpetual
Serial number: 501806366047
  Licensed to: Sam Xie
               samxie

Notes:
      1. Stata is running in batch mode.
      2. Unicode is supported; see help unicode_advice.
      3. More than 2 billion observations are allowed; see help obs_advice.
      4. Maximum number of variables is set to 5,000; see help set_maxvar.


Running /Applications/Stata/profile.do ...
command window is unrecognized
r(199);

. do scripts/stata/add_routeab_variable_names_260711.do 

. version 17.0

. clear all

. set more off

. local p "/Users/samxie/Research/ReviewSimi_Sales/Code"

. use "`p'/outputs/core_simi_260501/data/event_month_pool_allreviews_gt100_pane
> l_260711.dta", clear

. capture drop sim_mean ln_RevPAR_clean ln_lag_RevPAR_clean cs_sample_focus100

. gen double sim_mean = ars_pool_ev
(190 missing values generated)

. gen double ln_RevPAR_clean = lnRevenue_current
(637 missing values generated)

. gen double ln_lag_RevPAR_clean = lnRevenue_lag_month
(1,171 missing values generated)

. gen byte cs_sample_focus100 = 1

. save "`p'/outputs/core_simi_260501/data/event_month_pool_allreviews_gt100_pan
> el_260711.dta", replace
file
    /Users/samxie/Research/ReviewSimi_Sales/Code/outputs/core_simi_260501/dat
    > a/event_month_pool_allreviews_gt100_panel_260711.dta saved

. 
end of do-file
