-------------------------------------------------------------------------------
      name:  <unnamed>
       log:  /Users/samxie/Research/ReviewSimi_Sales/Code/stata-log/run_event_m
> onth_pool_gt100_learning_mr_260711.log
  log type:  text
 opened on:  11 Jul 2026, 18:07:07

. local C ev_ln_review_count ev_mean_rating ev_sd_rating ev_ln_mean_text_chars 
> ln_lag_volumn_acc lag_avg_rating_acc lag_sd_acc ln_avg_com_RevPAR lnRevenue_l
> ag_month_w199

. estimates clear

. * L1-L2 corrected learning specifications: next-event levels, no mechanically
>  coupled delta outcome.
. reghdfe next_event_ars_pool_ev ars_pool_ev ev_ln_review_count ev_mean_rating 
> ev_sd_rating ev_ln_mean_text_chars sent_avg_bing ln_lag_volumn_acc lag_avg_ra
> ting_acc lag_sd_acc ln_avg_com_RevPAR if !missing(next_event_ars_pool_ev,ars_
> pool_ev), absorb(hotel_id_num ym) vce(cluster hotel_id_num)
(dropped 10 singleton observations)
(MWFE estimator converged in 7 iterations)

HDFE Linear regression                            Number of obs   =     26,635
Absorbing 2 HDFE groups                           F(  10,    547) =     656.24
Statistics robust to heteroskedasticity           Prob > F        =     0.0000
                                                  R-squared       =     0.4848
                                                  Adj R-squared   =     0.4710
                                                  Within R-sq.    =     0.3144
Number of clusters (hotel_id_num) =        548    Root MSE        =     0.0400

                         (Std. err. adjusted for 548 clusters in hotel_id_num)
------------------------------------------------------------------------------
             |               Robust
next_event~v | Coefficient  std. err.      t    P>|t|     [95% conf. interval]
-------------+----------------------------------------------------------------
 ars_pool_ev |   .3649535   .0093889    38.87   0.000     .3465108    .3833962
ev_ln_revi~t |   .0089795   .0006998    12.83   0.000     .0076049     .010354
ev_mean_ra~g |   .0001576   .0006749     0.23   0.815     -.001168    .0014833
ev_sd_rating |   -.010573   .0006133   -17.24   0.000    -.0117777   -.0093684
ev_ln_mean~s |  -.0281799   .0009495   -29.68   0.000     -.030045   -.0263147
sent_avg_b~g |   .0008545   .0002151     3.97   0.000      .000432    .0012771
ln_lag_vol~c |  -.0005404    .000817    -0.66   0.509    -.0021453    .0010644
lag_avg_ra~c |  -.0010821   .0032155    -0.34   0.737    -.0073983    .0052342
  lag_sd_acc |   .0081136    .003943     2.06   0.040     .0003683    .0158588
ln_avg_com~R |   .0002852   .0008004     0.36   0.722     -.001287    .0018574
       _cons |   .3495777   .0178375    19.60   0.000     .3145393    .3846161
------------------------------------------------------------------------------

Absorbed degrees of freedom:
------------------------------------------------------+
  Absorbed FE | Categories  - Redundant  = Num. Coefs |
--------------+---------------------------------------|
 hotel_id_num |       548         548           0    *|
           ym |       135           1         134     |
------------------------------------------------------+
* = FE nested within cluster; treated as redundant for DoF computation

. estimates store L1_nextpool

. reghdfe next_event_mean_text_chars ars_pool_ev ev_ln_review_count ev_mean_rat
> ing ev_sd_rating ev_ln_mean_text_chars sent_avg_bing ln_lag_volumn_acc lag_av
> g_rating_acc lag_sd_acc ln_avg_com_RevPAR if !missing(next_event_mean_text_ch
> ars,ars_pool_ev), absorb(hotel_id_num ym) vce(cluster hotel_id_num)
(dropped 10 singleton observations)
(MWFE estimator converged in 7 iterations)

HDFE Linear regression                            Number of obs   =     26,642
Absorbing 2 HDFE groups                           F(  10,    547) =      16.71
Statistics robust to heteroskedasticity           Prob > F        =     0.0000
                                                  R-squared       =     0.1883
                                                  Adj R-squared   =     0.1667
                                                  Within R-sq.    =     0.0101
Number of clusters (hotel_id_num) =        548    Root MSE        =   282.7006

                         (Std. err. adjusted for 548 clusters in hotel_id_num)
------------------------------------------------------------------------------
             |               Robust
next_event~s | Coefficient  std. err.      t    P>|t|     [95% conf. interval]
-------------+----------------------------------------------------------------
 ars_pool_ev |  -108.2632   53.02438    -2.04   0.042    -212.4196   -4.106914
ev_ln_revi~t |   -44.1033   4.688342    -9.41   0.000    -53.31266   -34.89394
ev_mean_ra~g |  -13.56216   4.686807    -2.89   0.004     -22.7685    -4.35582
ev_sd_rating |  -5.410753   4.432595    -1.22   0.223    -14.11775     3.29624
ev_ln_mean~s |   24.09723   6.712352     3.59   0.000     10.91209    37.28237
sent_avg_b~g |   1.116696   1.371692     0.81   0.416    -1.577732    3.811124
ln_lag_vol~c |  -11.68735   5.953759    -1.96   0.050    -23.38238    .0076827
lag_avg_ra~c |  -20.49141    23.9806    -0.85   0.393    -67.59676    26.61393
  lag_sd_acc |  -14.39148   30.67646    -0.47   0.639    -74.64957     45.8666
ln_avg_com~R |  -10.95032   4.819817    -2.27   0.023    -20.41794   -1.482705
       _cons |   766.0133    136.905     5.60   0.000     497.0893    1034.937
------------------------------------------------------------------------------

Absorbed degrees of freedom:
------------------------------------------------------+
  Absorbed FE | Categories  - Redundant  = Num. Coefs |
--------------+---------------------------------------|
 hotel_id_num |       548         548           0    *|
           ym |       135           1         134     |
------------------------------------------------------+
* = FE nested within cluster; treated as redundant for DoF computation

. estimates store L2_nextlength

. * T1-T3: pooled ARS moderation by prior-event targeting shares.
. reghdfe lnRevenue_current_w199 c.ars_pool_ev##c.pmr_activity_complaint_zf pmr
> _activity_any pmr_activity_n pmr_cohort_rate7 `C' if !missing(ars_pool_ev,pmr
> _activity_complaint_zf), absorb(hotel_id_num ym) vce(cluster hotel_id_num)
(dropped 10 singleton observations)
(MWFE estimator converged in 8 iterations)

HDFE Linear regression                            Number of obs   =     25,293
Absorbing 2 HDFE groups                           F(  15,    540) =      83.83
Statistics robust to heteroskedasticity           Prob > F        =     0.0000
                                                  R-squared       =     0.8831
                                                  Adj R-squared   =     0.8798
                                                  Within R-sq.    =     0.2979
Number of clusters (hotel_id_num) =        541    Root MSE        =     0.2111

                         (Std. err. adjusted for 541 clusters in hotel_id_num)
------------------------------------------------------------------------------
             |               Robust
lnRev~t_w199 | Coefficient  std. err.      t    P>|t|     [95% conf. interval]
-------------+----------------------------------------------------------------
 ars_pool_ev |  -.0595501   .0442708    -1.35   0.179    -.1465143     .027414
pmr_ac~nt_zf |    .021756   .0313078     0.69   0.487    -.0397441    .0832561
             |
          c. |
 ars_pool_ev#|
          c. |
pmr_ac~nt_zf |  -.1070752   .1086371    -0.99   0.325    -.3204784    .1063279
             |
pmr_activ~ny |   .0019885   .0058722     0.34   0.735    -.0095467    .0135237
pmr_activi~n |  -.0003858   .0002051    -1.88   0.060    -.0007886    .0000171
pmr_coho~te7 |   .0080166    .006464     1.24   0.215    -.0046812    .0207143
ev_ln_revi~t |   .0406653    .004623     8.80   0.000     .0315842    .0497465
ev_mean_ra~g |   .0016911   .0033417     0.51   0.613    -.0048733    .0082554
ev_sd_rating |   .0018395   .0033568     0.55   0.584    -.0047545    .0084336
ev_ln_mean~s |   .0099241   .0044974     2.21   0.028     .0010896    .0187587
ln_lag_vol~c |   .0348251   .0068818     5.06   0.000     .0213067    .0483435
lag_avg_ra~c |   .0481456   .0262946     1.83   0.068    -.0035066    .0997977
  lag_sd_acc |   .0003186   .0328789     0.01   0.992    -.0642676    .0649048
ln_avg_com~R |   .1199599   .0127511     9.41   0.000     .0949121    .1450077
lnRev~h_w199 |   .4355219   .0191462    22.75   0.000     .3979118    .4731321
       _cons |   1.420827   .1473327     9.64   0.000     1.131412    1.710242
------------------------------------------------------------------------------

Absorbed degrees of freedom:
------------------------------------------------------+
  Absorbed FE | Categories  - Redundant  = Num. Coefs |
--------------+---------------------------------------|
 hotel_id_num |       541         541           0    *|
           ym |       135           1         134     |
------------------------------------------------------+
* = FE nested within cluster; treated as redundant for DoF computation

. estimates store T1_complaint

. reghdfe lnRevenue_current_w199 c.ars_pool_ev##c.pmr_activity_service_zf pmr_a
> ctivity_any pmr_activity_n pmr_cohort_rate7 `C' if !missing(ars_pool_ev,pmr_a
> ctivity_service_zf), absorb(hotel_id_num ym) vce(cluster hotel_id_num)
(dropped 10 singleton observations)
(MWFE estimator converged in 8 iterations)

HDFE Linear regression                            Number of obs   =     25,293
Absorbing 2 HDFE groups                           F(  15,    540) =      84.61
Statistics robust to heteroskedasticity           Prob > F        =     0.0000
                                                  R-squared       =     0.8830
                                                  Adj R-squared   =     0.8798
                                                  Within R-sq.    =     0.2979
Number of clusters (hotel_id_num) =        541    Root MSE        =     0.2111

                         (Std. err. adjusted for 541 clusters in hotel_id_num)
------------------------------------------------------------------------------
             |               Robust
lnRev~t_w199 | Coefficient  std. err.      t    P>|t|     [95% conf. interval]
-------------+----------------------------------------------------------------
 ars_pool_ev |   -.074287   .0486562    -1.53   0.127    -.1698657    .0212917
pmr_ac~ce_zf |   .0002208   .0211356     0.01   0.992    -.0412973    .0417389
             |
          c. |
 ars_pool_ev#|
          c. |
pmr_ac~ce_zf |   .0170479   .0716282     0.24   0.812    -.1236562    .1577519
             |
pmr_activ~ny |  -.0043716   .0072141    -0.61   0.545    -.0185427    .0097994
pmr_activi~n |  -.0003737   .0002042    -1.83   0.068    -.0007749    .0000275
pmr_coho~te7 |   .0087945    .006474     1.36   0.175    -.0039229    .0215119
ev_ln_revi~t |   .0405643   .0046297     8.76   0.000     .0314698    .0496588
ev_mean_ra~g |   .0017952   .0033523     0.54   0.593    -.0047901    .0083804
ev_sd_rating |   .0019051   .0033571     0.57   0.571    -.0046894    .0084997
ev_ln_mean~s |   .0100129   .0044951     2.23   0.026     .0011829    .0188429
ln_lag_vol~c |   .0348397   .0068904     5.06   0.000     .0213044     .048375
lag_avg_ra~c |   .0484566   .0262896     1.84   0.066     -.003186    .1000991
  lag_sd_acc |   .0002969   .0328432     0.01   0.993    -.0642193     .064813
ln_avg_com~R |   .1200425   .0127572     9.41   0.000     .0949825    .1451024
lnRev~h_w199 |   .4355182   .0191416    22.75   0.000      .397917    .4731193
       _cons |   1.422749   .1476924     9.63   0.000     1.132627    1.712871
------------------------------------------------------------------------------

Absorbed degrees of freedom:
------------------------------------------------------+
  Absorbed FE | Categories  - Redundant  = Num. Coefs |
--------------+---------------------------------------|
 hotel_id_num |       541         541           0    *|
           ym |       135           1         134     |
------------------------------------------------------+
* = FE nested within cluster; treated as redundant for DoF computation

. estimates store T2_service

. reghdfe lnRevenue_current_w199 c.ars_pool_ev##c.pmr_activity_room_zf pmr_acti
> vity_any pmr_activity_n pmr_cohort_rate7 `C' if !missing(ars_pool_ev,pmr_acti
> vity_room_zf), absorb(hotel_id_num ym) vce(cluster hotel_id_num)
(dropped 10 singleton observations)
(MWFE estimator converged in 8 iterations)

HDFE Linear regression                            Number of obs   =     25,293
Absorbing 2 HDFE groups                           F(  15,    540) =      85.68
Statistics robust to heteroskedasticity           Prob > F        =     0.0000
                                                  R-squared       =     0.8830
                                                  Adj R-squared   =     0.8798
                                                  Within R-sq.    =     0.2979
Number of clusters (hotel_id_num) =        541    Root MSE        =     0.2111

                         (Std. err. adjusted for 541 clusters in hotel_id_num)
------------------------------------------------------------------------------
             |               Robust
lnRev~t_w199 | Coefficient  std. err.      t    P>|t|     [95% conf. interval]
-------------+----------------------------------------------------------------
 ars_pool_ev |  -.0705867   .0509086    -1.39   0.166    -.1705898    .0294165
pmr_ac~om_zf |  -.0032355   .0209229    -0.15   0.877    -.0443358    .0378647
             |
          c. |
 ars_pool_ev#|
          c. |
pmr_ac~om_zf |   .0033288   .0721398     0.05   0.963    -.1383801    .1450378
             |
pmr_activ~ny |   .0007262   .0073089     0.10   0.921    -.0136311    .0150834
pmr_activi~n |   -.000374   .0002039    -1.83   0.067    -.0007745    .0000264
pmr_coho~te7 |   .0088019   .0064745     1.36   0.175    -.0039165    .0215202
ev_ln_revi~t |   .0405797   .0046229     8.78   0.000     .0314987    .0496607
ev_mean_ra~g |   .0017907    .003344     0.54   0.593    -.0047781    .0083596
ev_sd_rating |   .0018654   .0033601     0.56   0.579     -.004735    .0084659
ev_ln_mean~s |    .010041   .0044924     2.24   0.026     .0012163    .0188656
ln_lag_vol~c |   .0347986   .0068893     5.05   0.000     .0212655    .0483317
lag_avg_ra~c |    .048575   .0263385     1.84   0.066    -.0031636    .1003135
  lag_sd_acc |   .0004694   .0328597     0.01   0.989    -.0640791    .0650179
ln_avg_com~R |   .1200811    .012756     9.41   0.000     .0950235    .1451386
lnRev~h_w199 |   .4355184    .019134    22.76   0.000     .3979321    .4731046
       _cons |   1.420943   .1479486     9.60   0.000     1.130318    1.711568
------------------------------------------------------------------------------

Absorbed degrees of freedom:
------------------------------------------------------+
  Absorbed FE | Categories  - Redundant  = Num. Coefs |
--------------+---------------------------------------|
 hotel_id_num |       541         541           0    *|
           ym |       135           1         134     |
------------------------------------------------------+
* = FE nested within cluster; treated as redundant for DoF computation

. estimates store T3_room

. * T4-T6: targeting and future review production; sequential associations only
> .
. reghdfe next_event_review_count pmr_activity_complaint_zf pmr_activity_servic
> e_zf pmr_activity_room_zf pmr_activity_cleanliness_zf pmr_activity_value_zf p
> mr_activity_any pmr_activity_n ln_pmr_words ev_ln_review_count ev_mean_rating
>  ev_sd_rating ev_ln_mean_text_chars ln_lag_volumn_acc lag_avg_rating_acc lag_
> sd_acc ln_avg_com_RevPAR if !missing(next_event_review_count), absorb(hotel_i
> d_num ym) vce(cluster hotel_id_num)
(dropped 10 singleton observations)
(MWFE estimator converged in 7 iterations)

HDFE Linear regression                            Number of obs   =     26,656
Absorbing 2 HDFE groups                           F(  16,    547) =      26.32
Statistics robust to heteroskedasticity           Prob > F        =     0.0000
                                                  R-squared       =     0.7115
                                                  Adj R-squared   =     0.7037
                                                  Within R-sq.    =     0.2316
Number of clusters (hotel_id_num) =        548    Root MSE        =     6.1280

                         (Std. err. adjusted for 548 clusters in hotel_id_num)
------------------------------------------------------------------------------
             |               Robust
next_even~nt | Coefficient  std. err.      t    P>|t|     [95% conf. interval]
-------------+----------------------------------------------------------------
pmr_ac~nt_zf |   .0428748   .1660098     0.26   0.796    -.2832201    .3689696
pmr_ac~ce_zf |  -.2129809   .1675707    -1.27   0.204    -.5421418    .1161799
pmr_ac~om_zf |    .086979   .1880832     0.46   0.644    -.2824747    .4564327
pmr_ac~ss_zf |  -.1158823   .1294553    -0.90   0.371    -.3701727    .1384081
pmr_ac~ue_zf |   .0884435   .1566463     0.56   0.573    -.2192584    .3961453
pmr_activ~ny |   2.003121   1.552012     1.29   0.197    -1.045512    5.051754
pmr_activi~n |   .2207349   .0607461     3.63   0.000     .1014108     .340059
ln_pmr_words |  -.5353266   .3493806    -1.53   0.126    -1.221618    .1509654
ev_ln_revi~t |    6.12834   .7581394     8.08   0.000     4.639119    7.617561
ev_mean_ra~g |  -.0840447   .0683869    -1.23   0.220    -.2183778    .0502884
ev_sd_rating |  -.4739924   .0751135    -6.31   0.000    -.6215387   -.3264461
ev_ln_mean~s |  -.7806252   .1228081    -6.36   0.000    -1.021858   -.5393919
ln_lag_vol~c |   .1857945   .2880127     0.65   0.519    -.3799518    .7515408
lag_avg_ra~c |    .790509   .6771987     1.17   0.244    -.5397194    2.120737
  lag_sd_acc |  -.0278409   .8646716    -0.03   0.974    -1.726324    1.670642
ln_avg_com~R |  -.1484933   .2986171    -0.50   0.619      -.73507    .4380835
       _cons |  -1.999042    4.05833    -0.49   0.623    -9.970861    5.972777
------------------------------------------------------------------------------

Absorbed degrees of freedom:
------------------------------------------------------+
  Absorbed FE | Categories  - Redundant  = Num. Coefs |
--------------+---------------------------------------|
 hotel_id_num |       548         548           0    *|
           ym |       135           1         134     |
------------------------------------------------------+
* = FE nested within cluster; treated as redundant for DoF computation

. estimates store T4_volume

. reghdfe next_event_ars_pool_ev pmr_activity_complaint_zf pmr_activity_service
> _zf pmr_activity_room_zf pmr_activity_cleanliness_zf pmr_activity_value_zf pm
> r_activity_any pmr_activity_n ln_pmr_words ev_ln_review_count ev_mean_rating 
> ev_sd_rating ev_ln_mean_text_chars ln_lag_volumn_acc lag_avg_rating_acc lag_s
> d_acc ln_avg_com_RevPAR if !missing(next_event_ars_pool_ev), absorb(hotel_id_
> num ym) vce(cluster hotel_id_num)
(dropped 10 singleton observations)
(MWFE estimator converged in 7 iterations)

HDFE Linear regression                            Number of obs   =     26,648
Absorbing 2 HDFE groups                           F(  16,    547) =     237.38
Statistics robust to heteroskedasticity           Prob > F        =     0.0000
                                                  R-squared       =     0.4063
                                                  Adj R-squared   =     0.3904
                                                  Within R-sq.    =     0.2103
Number of clusters (hotel_id_num) =        548    Root MSE        =     0.0429

                         (Std. err. adjusted for 548 clusters in hotel_id_num)
------------------------------------------------------------------------------
             |               Robust
next_event~v | Coefficient  std. err.      t    P>|t|     [95% conf. interval]
-------------+----------------------------------------------------------------
pmr_ac~nt_zf |  -.0030416   .0013377    -2.27   0.023    -.0056693   -.0004139
pmr_ac~ce_zf |   .0012893   .0014057     0.92   0.359     -.001472    .0040506
pmr_ac~om_zf |  -.0020517    .001637    -1.25   0.211    -.0052672    .0011638
pmr_ac~ss_zf |  -.0008852   .0012258    -0.72   0.471    -.0032929    .0015226
pmr_ac~ue_zf |   .0008264   .0016236     0.51   0.611    -.0023629    .0040158
pmr_activ~ny |   .0007089   .0032422     0.22   0.827    -.0056597    .0070775
pmr_activi~n |  -.0000393   .0000363    -1.08   0.280    -.0001107     .000032
ln_pmr_words |   .0002532    .000518     0.49   0.625    -.0007643    .0012707
ev_ln_revi~t |   .0142651   .0009409    15.16   0.000     .0124168    .0161134
ev_mean_ra~g |   .0028687   .0007114     4.03   0.000     .0014714    .0042661
ev_sd_rating |  -.0164758   .0006992   -23.57   0.000    -.0178492   -.0151024
ev_ln_mean~s |  -.0422976   .0009747   -43.39   0.000    -.0442123   -.0403829
ln_lag_vol~c |   9.25e-06   .0011325     0.01   0.993    -.0022153    .0022338
lag_avg_ra~c |  -.0006877   .0040295    -0.17   0.865    -.0086029    .0072274
  lag_sd_acc |   .0034366   .0049002     0.70   0.483    -.0061888     .013062
ln_avg_com~R |   .0001794   .0010481     0.17   0.864    -.0018795    .0022383
       _cons |    .534368   .0204988    26.07   0.000      .494102    .5746339
------------------------------------------------------------------------------

Absorbed degrees of freedom:
------------------------------------------------------+
  Absorbed FE | Categories  - Redundant  = Num. Coefs |
--------------+---------------------------------------|
 hotel_id_num |       548         548           0    *|
           ym |       135           1         134     |
------------------------------------------------------+
* = FE nested within cluster; treated as redundant for DoF computation

. estimates store T5_pool

. reghdfe next_event_sent_bing pmr_activity_complaint_zf pmr_activity_service_z
> f pmr_activity_room_zf pmr_activity_cleanliness_zf pmr_activity_value_zf pmr_
> activity_any pmr_activity_n ln_pmr_words ev_ln_review_count ev_mean_rating ev
> _sd_rating ev_ln_mean_text_chars ln_lag_volumn_acc lag_avg_rating_acc lag_sd_
> acc ln_avg_com_RevPAR if !missing(next_event_sent_bing), absorb(hotel_id_num 
> ym) vce(cluster hotel_id_num)
(dropped 10 singleton observations)
(MWFE estimator converged in 7 iterations)

HDFE Linear regression                            Number of obs   =     26,656
Absorbing 2 HDFE groups                           F(  16,    547) =      12.44
Statistics robust to heteroskedasticity           Prob > F        =     0.0000
                                                  R-squared       =     0.3174
                                                  Adj R-squared   =     0.2991
                                                  Within R-sq.    =     0.0150
Number of clusters (hotel_id_num) =        548    Root MSE        =     2.3197

                         (Std. err. adjusted for 548 clusters in hotel_id_num)
------------------------------------------------------------------------------
             |               Robust
next_event~g | Coefficient  std. err.      t    P>|t|     [95% conf. interval]
-------------+----------------------------------------------------------------
pmr_ac~nt_zf |  -.1462108   .0761811    -1.92   0.055    -.2958542    .0034325
pmr_ac~ce_zf |  -.0402398   .0723907    -0.56   0.579    -.1824375     .101958
pmr_ac~om_zf |   .0235605   .0731181     0.32   0.747    -.1200661    .1671871
pmr_ac~ss_zf |   .0038417    .069154     0.06   0.956    -.1319982    .1396816
pmr_ac~ue_zf |   .0918164   .0871398     1.05   0.293    -.0793532     .262986
pmr_activ~ny |    .034709   .1614961     0.21   0.830    -.2825194    .3519374
pmr_activi~n |  -.0029936   .0017809    -1.68   0.093    -.0064919    .0005047
ln_pmr_words |   .0220149   .0266286     0.83   0.409     -.030292    .0743218
ev_ln_revi~t |   .0172955   .0366865     0.47   0.638    -.0547682    .0893592
ev_mean_ra~g |   .3670311   .0357204    10.28   0.000     .2968651     .437197
ev_sd_rating |    .024592   .0379772     0.65   0.518    -.0500071    .0991911
ev_ln_mean~s |   .0555121   .0482715     1.15   0.251    -.0393081    .1503323
ln_lag_vol~c |  -.0816336   .0508445    -1.61   0.109     -.181508    .0182407
lag_avg_ra~c |   .7374601    .237664     3.10   0.002     .2706143    1.204306
  lag_sd_acc |   -.373273   .3019191    -1.24   0.217    -.9663357    .2197898
ln_avg_com~R |  -.0601679   .0457425    -1.32   0.189    -.1500203    .0296846
       _cons |   .1906525   1.359184     0.14   0.888    -2.479207    2.860512
------------------------------------------------------------------------------

Absorbed degrees of freedom:
------------------------------------------------------+
  Absorbed FE | Categories  - Redundant  = Num. Coefs |
--------------+---------------------------------------|
 hotel_id_num |       548         548           0    *|
           ym |       135           1         134     |
------------------------------------------------------+
* = FE nested within cluster; treated as redundant for DoF computation

. estimates store T6_sentiment

. * Pool-only dynamic path: prior-event MR -> current pooled ARS -> next-calend
> ar revenue.
. reghdfe ars_pool_ev pmr_activity_any pmr_cohort_rate7 pmr_activity_n pmr_acti
> vity_invite_zf pmr_activity_recovery_zf pmr_activity_complaint_zf pmr_activit
> y_service_zf pmr_activity_room_zf pmr_activity_cleanliness_zf pmr_activity_va
> lue_zf ev_ln_review_count ev_mean_rating ev_sd_rating ev_ln_mean_text_chars l
> n_lag_volumn_acc lag_avg_rating_acc lag_sd_acc ln_avg_com_RevPAR if !missing(
> ars_pool_ev), absorb(hotel_id_num ym) vce(cluster hotel_id_num)
(dropped 9 singleton observations)
(MWFE estimator converged in 7 iterations)

HDFE Linear regression                            Number of obs   =     25,746
Absorbing 2 HDFE groups                           F(  18,    546) =     191.07
Statistics robust to heteroskedasticity           Prob > F        =     0.0000
                                                  R-squared       =     0.4240
                                                  Adj R-squared   =     0.4080
                                                  Within R-sq.    =     0.2249
Number of clusters (hotel_id_num) =        547    Root MSE        =     0.0413

                         (Std. err. adjusted for 547 clusters in hotel_id_num)
------------------------------------------------------------------------------
             |               Robust
 ars_pool_ev | Coefficient  std. err.      t    P>|t|     [95% conf. interval]
-------------+----------------------------------------------------------------
pmr_activ~ny |   .0099839   .0019868     5.03   0.000     .0060812    .0138866
pmr_coho~te7 |   .0000952   .0012194     0.08   0.938    -.0023002    .0024905
pmr_activi~n |   .0000121   .0000299     0.41   0.685    -.0000466    .0000708
pmr_ac~te_zf |   .0044647   .0018837     2.37   0.018     .0007646    .0081649
pmr_ac~ry_zf |  -.0122272    .003045    -4.02   0.000    -.0182086   -.0062459
pmr_ac~nt_zf |  -.0154684   .0014141   -10.94   0.000    -.0182463   -.0126906
pmr_ac~ce_zf |  -.0014321   .0015167    -0.94   0.345    -.0044113    .0015471
pmr_ac~om_zf |  -.0108837    .001745    -6.24   0.000    -.0143114    -.007456
pmr_ac~ss_zf |   .0033961   .0013313     2.55   0.011     .0007809    .0060112
pmr_ac~ue_zf |  -.0040629   .0014924    -2.72   0.007    -.0069944   -.0011313
ev_ln_revi~t |   .0144188   .0009042    15.95   0.000     .0126427    .0161949
ev_mean_ra~g |   .0030224   .0007339     4.12   0.000     .0015807    .0044641
ev_sd_rating |  -.0154588   .0007033   -21.98   0.000    -.0168403   -.0140773
ev_ln_mean~s |  -.0414238   .0009744   -42.51   0.000    -.0433379   -.0395097
ln_lag_vol~c |   .0010634   .0011266     0.94   0.346    -.0011497    .0032765
lag_avg_ra~c |   .0000352   .0044807     0.01   0.994    -.0087663    .0088367
  lag_sd_acc |  -.0114157   .0056949    -2.00   0.046    -.0226023    -.000229
ln_avg_com~R |  -.0002008   .0010475    -0.19   0.848    -.0022584    .0018568
       _cons |   .5369924   .0230482    23.30   0.000     .4917183    .5822665
------------------------------------------------------------------------------

Absorbed degrees of freedom:
------------------------------------------------------+
  Absorbed FE | Categories  - Redundant  = Num. Coefs |
--------------+---------------------------------------|
 hotel_id_num |       547         547           0    *|
           ym |       135           1         134     |
------------------------------------------------------+
* = FE nested within cluster; treated as redundant for DoF computation

. estimates store D1_mrpool

. capture drop lnRevenue_next_calendar_w199

. winsor2 lnRevenue_next_calendar, cuts(1 99) suffix(_w199)

. reghdfe lnRevenue_next_calendar_w199 ars_pool_ev pmr_activity_any pmr_cohort_
> rate7 pmr_activity_n pmr_activity_invite_zf pmr_activity_recovery_zf pmr_acti
> vity_complaint_zf pmr_activity_service_zf pmr_activity_room_zf pmr_activity_c
> leanliness_zf pmr_activity_value_zf ev_ln_review_count ev_mean_rating ev_sd_r
> ating ev_ln_mean_text_chars ln_lag_volumn_acc lag_avg_rating_acc lag_sd_acc l
> n_avg_com_RevPAR lnRevenue_lag_month_w199 if !missing(lnRevenue_next_calendar
> _w199,ars_pool_ev), absorb(hotel_id_num ym) vce(cluster hotel_id_num)
(dropped 14 singleton observations)
(MWFE estimator converged in 8 iterations)

HDFE Linear regression                            Number of obs   =     22,838
Absorbing 2 HDFE groups                           F(  20,    523) =   23440.50
Statistics robust to heteroskedasticity           Prob > F        =     0.0000
                                                  R-squared       =     0.9996
                                                  Adj R-squared   =     0.9996
                                                  Within R-sq.    =     0.9979
Number of clusters (hotel_id_num) =        524    Root MSE        =     0.0113

                         (Std. err. adjusted for 524 clusters in hotel_id_num)
------------------------------------------------------------------------------
             |               Robust
lnRev~r_w199 | Coefficient  std. err.      t    P>|t|     [95% conf. interval]
-------------+----------------------------------------------------------------
 ars_pool_ev |   .0006867   .0024448     0.28   0.779    -.0041161    .0054895
pmr_activ~ny |   .0001843   .0004173     0.44   0.659    -.0006354    .0010041
pmr_coho~te7 |  -.0003984   .0002671    -1.49   0.136    -.0009231    .0001263
pmr_activi~n |   .0000138   7.07e-06     1.95   0.052    -1.10e-07    .0000277
pmr_ac~te_zf |  -.0002914   .0004537    -0.64   0.521    -.0011827    .0005999
pmr_ac~ry_zf |  -.0000203   .0004151    -0.05   0.961    -.0008358    .0007952
pmr_ac~nt_zf |  -.0006762   .0003129    -2.16   0.031    -.0012909   -.0000615
pmr_ac~ce_zf |   .0005926   .0003563     1.66   0.097    -.0001073    .0012925
pmr_ac~om_zf |  -.0003163   .0004672    -0.68   0.499     -.001234    .0006014
pmr_ac~ss_zf |  -.0002007   .0004142    -0.48   0.628    -.0010144    .0006129
pmr_ac~ue_zf |   .0007054   .0005847     1.21   0.228    -.0004432     .001854
ev_ln_revi~t |   .0001953   .0001877     1.04   0.299    -.0001734     .000564
ev_mean_ra~g |   -.000614   .0002914    -2.11   0.036    -.0011865   -.0000416
ev_sd_rating |  -.0003257   .0002342    -1.39   0.165    -.0007857    .0001343
ev_ln_mean~s |   .0000183   .0003097     0.06   0.953      -.00059    .0006267
ln_lag_vol~c |   .0017857   .0004895     3.65   0.000     .0008242    .0027473
lag_avg_ra~c |    .003353   .0021755     1.54   0.124    -.0009208    .0076269
  lag_sd_acc |   .0026025   .0023052     1.13   0.259     -.001926     .007131
ln_avg_com~R |   .0010204   .0003612     2.82   0.005     .0003108    .0017301
lnRev~h_w199 |   .9838403    .002683   366.69   0.000     .9785695    .9891111
       _cons |    .042737   .0155634     2.75   0.006     .0121626    .0733113
------------------------------------------------------------------------------

Absorbed degrees of freedom:
------------------------------------------------------+
  Absorbed FE | Categories  - Redundant  = Num. Coefs |
--------------+---------------------------------------|
 hotel_id_num |       524         524           0    *|
           ym |       134           1         133     |
------------------------------------------------------+
* = FE nested within cluster; treated as redundant for DoF computation

. estimates store D2_nextrevenue

. reghdfe lnRevenue_next_calendar_w199 c.ars_pool_ev##c.pmr_activity_invite_zf 
> c.ars_pool_ev##c.pmr_activity_recovery_zf c.ars_pool_ev##c.pmr_activity_compl
> aint_zf c.ars_pool_ev##c.pmr_activity_service_zf c.ars_pool_ev##c.pmr_activit
> y_room_zf c.ars_pool_ev##c.pmr_activity_cleanliness_zf c.ars_pool_ev##c.pmr_a
> ctivity_value_zf pmr_activity_any pmr_activity_n ev_ln_review_count ev_mean_r
> ating ev_sd_rating ev_ln_mean_text_chars ln_lag_volumn_acc lag_avg_rating_acc
>  lag_sd_acc ln_avg_com_RevPAR lnRevenue_lag_month_w199 if !missing(lnRevenue_
> next_calendar_w199,ars_pool_ev), absorb(hotel_id_num ym) vce(cluster hotel_id
> _num)
(dropped 10 singleton observations)
(MWFE estimator converged in 8 iterations)
note: ars_pool_ev omitted because of collinearity
note: ars_pool_ev omitted because of collinearity
note: ars_pool_ev omitted because of collinearity
note: ars_pool_ev omitted because of collinearity
note: ars_pool_ev omitted because of collinearity
note: ars_pool_ev omitted because of collinearity

HDFE Linear regression                            Number of obs   =     23,682
Absorbing 2 HDFE groups                           F(  26,    530) =   16892.12
Statistics robust to heteroskedasticity           Prob > F        =     0.0000
                                                  R-squared       =     0.9996
                                                  Adj R-squared   =     0.9996
                                                  Within R-sq.    =     0.9977
Number of clusters (hotel_id_num) =        531    Root MSE        =     0.0120

                         (Std. err. adjusted for 531 clusters in hotel_id_num)
------------------------------------------------------------------------------
             |               Robust
lnRev~r_w199 | Coefficient  std. err.      t    P>|t|     [95% conf. interval]
-------------+----------------------------------------------------------------
 ars_pool_ev |  -.0004372   .0035007    -0.12   0.901    -.0073142    .0064398
pmr_ac~te_zf |   .0006481   .0025562     0.25   0.800    -.0043734    .0056697
             |
          c. |
 ars_pool_ev#|
          c. |
pmr_ac~te_zf |  -.0030643   .0084727    -0.36   0.718    -.0197086      .01358
             |
 ars_pool_ev |          0  (omitted)
pmr_ac~ry_zf |  -.0005363    .002376    -0.23   0.821    -.0052038    .0041311
             |
          c. |
 ars_pool_ev#|
          c. |
pmr_ac~ry_zf |   .0018787   .0078237     0.24   0.810    -.0134905     .017248
             |
 ars_pool_ev |          0  (omitted)
pmr_ac~nt_zf |    .002327   .0015487     1.50   0.134    -.0007153    .0053693
             |
          c. |
 ars_pool_ev#|
          c. |
pmr_ac~nt_zf |  -.0091072    .005322    -1.71   0.088     -.019562    .0013476
             |
 ars_pool_ev |          0  (omitted)
pmr_ac~ce_zf |  -.0035879   .0017316    -2.07   0.039    -.0069895   -.0001863
             |
          c. |
 ars_pool_ev#|
          c. |
pmr_ac~ce_zf |   .0127445   .0058029     2.20   0.029     .0013449    .0241441
             |
 ars_pool_ev |          0  (omitted)
pmr_ac~om_zf |   .0013879   .0017727     0.78   0.434    -.0020945    .0048703
             |
          c. |
 ars_pool_ev#|
          c. |
pmr_ac~om_zf |  -.0052737   .0059543    -0.89   0.376    -.0169707    .0064233
             |
 ars_pool_ev |          0  (omitted)
pmr_ac~ss_zf |   .0014726   .0020892     0.70   0.481    -.0026316    .0055768
             |
          c. |
 ars_pool_ev#|
          c. |
pmr_ac~ss_zf |  -.0060795    .006912    -0.88   0.379    -.0196578    .0074988
             |
 ars_pool_ev |          0  (omitted)
pmr_ac~ue_zf |   -.002201   .0024128    -0.91   0.362    -.0069408    .0025388
             |
          c. |
 ars_pool_ev#|
          c. |
pmr_ac~ue_zf |   .0094122   .0087759     1.07   0.284    -.0078277    .0266521
             |
pmr_activ~ny |   .0000193   .0004845     0.04   0.968    -.0009325    .0009712
pmr_activi~n |   .0000125   7.58e-06     1.65   0.099    -2.35e-06    .0000274
ev_ln_revi~t |   .0002336   .0001998     1.17   0.243    -.0001589    .0006262
ev_mean_ra~g |  -.0005947   .0002839    -2.09   0.037    -.0011525   -.0000369
ev_sd_rating |  -.0001455   .0002264    -0.64   0.521    -.0005903    .0002994
ev_ln_mean~s |  -.0000721   .0003113    -0.23   0.817    -.0006836    .0005393
ln_lag_vol~c |   .0014334   .0005609     2.56   0.011     .0003315    .0025354
lag_avg_ra~c |   .0032923   .0018275     1.80   0.072    -.0002978    .0068825
  lag_sd_acc |   .0033206   .0021512     1.54   0.123    -.0009052    .0075465
ln_avg_com~R |    .001145   .0003696     3.10   0.002     .0004188    .0018711
lnRev~h_w199 |   .9824856   .0024974   393.40   0.000     .9775795    .9873917
       _cons |   .0502208    .013601     3.69   0.000     .0235023    .0769394
------------------------------------------------------------------------------

Absorbed degrees of freedom:
------------------------------------------------------+
  Absorbed FE | Categories  - Redundant  = Num. Coefs |
--------------+---------------------------------------|
 hotel_id_num |       531         531           0    *|
           ym |       134           1         133     |
------------------------------------------------------+
* = FE nested within cluster; treated as redundant for DoF computation

. estimates store D3_interaction

. estimates table L1_nextpool L2_nextlength T1_complaint T2_service T3_room T4_
> volume T5_pool T6_sentiment D1_mrpool D2_nextrevenue D3_interaction, b(%9.4f)
>  se stats(N r2_a)

--------------------------------------------------------------------------
    Variable | L1_next~l   L2_next~h   T1_comp~t   T2_serv~e    T3_room   
-------------+------------------------------------------------------------
 ars_pool_ev |    0.3650   -108.2632     -0.0596     -0.0743     -0.0706  
             |    0.0094     53.0244      0.0443      0.0487      0.0509  
ev_ln_revi~t |    0.0090    -44.1033      0.0407      0.0406      0.0406  
             |    0.0007      4.6883      0.0046      0.0046      0.0046  
ev_mean_ra~g |    0.0002    -13.5622      0.0017      0.0018      0.0018  
             |    0.0007      4.6868      0.0033      0.0034      0.0033  
ev_sd_rating |   -0.0106     -5.4108      0.0018      0.0019      0.0019  
             |    0.0006      4.4326      0.0034      0.0034      0.0034  
ev_ln_mean~s |   -0.0282     24.0972      0.0099      0.0100      0.0100  
             |    0.0009      6.7124      0.0045      0.0045      0.0045  
sent_avg_b~g |    0.0009      1.1167                                      
             |    0.0002      1.3717                                      
ln_lag_vol~c |   -0.0005    -11.6873      0.0348      0.0348      0.0348  
             |    0.0008      5.9538      0.0069      0.0069      0.0069  
lag_avg_ra~c |   -0.0011    -20.4914      0.0481      0.0485      0.0486  
             |    0.0032     23.9806      0.0263      0.0263      0.0263  
  lag_sd_acc |    0.0081    -14.3915      0.0003      0.0003      0.0005  
             |    0.0039     30.6765      0.0329      0.0328      0.0329  
ln_avg_com~R |    0.0003    -10.9503      0.1200      0.1200      0.1201  
             |    0.0008      4.8198      0.0128      0.0128      0.0128  
pmr_ac~nt_zf |                            0.0218                          
             |                            0.0313                          
             |
          c. |
 ars_pool_ev#|
          c. |
pmr_ac~nt_zf |                           -0.1071                          
             |                            0.1086                          
             |
pmr_activ~ny |                            0.0020     -0.0044      0.0007  
             |                            0.0059      0.0072      0.0073  
pmr_activi~n |                           -0.0004     -0.0004     -0.0004  
             |                            0.0002      0.0002      0.0002  
pmr_coho~te7 |                            0.0080      0.0088      0.0088  
             |                            0.0065      0.0065      0.0065  
lnRev~h_w199 |                            0.4355      0.4355      0.4355  
             |                            0.0191      0.0191      0.0191  
pmr_ac~ce_zf |                                        0.0002              
             |                                        0.0211              
             |
          c. |
 ars_pool_ev#|
          c. |
pmr_ac~ce_zf |                                        0.0170              
             |                                        0.0716              
             |
pmr_ac~om_zf |                                                   -0.0032  
             |                                                    0.0209  
             |
          c. |
 ars_pool_ev#|
          c. |
pmr_ac~om_zf |                                                    0.0033  
             |                                                    0.0721  
             |
pmr_ac~ss_zf |                                                            
             |                                                            
pmr_ac~ue_zf |                                                            
             |                                                            
ln_pmr_words |                                                            
             |                                                            
pmr_ac~te_zf |                                                            
             |                                                            
pmr_ac~ry_zf |                                                            
             |                                                            
             |
          c. |
 ars_pool_ev#|
          c. |
pmr_ac~te_zf |                                                            
             |                                                            
             |
 ars_pool_ev |                                                            
             |                                                            
             |
          c. |
 ars_pool_ev#|
          c. |
pmr_ac~ry_zf |                                                            
             |                                                            
             |
 ars_pool_ev |                                                            
             |                                                            
 ars_pool_ev |                                                            
             |                                                            
 ars_pool_ev |                                                            
             |                                                            
 ars_pool_ev |                                                            
             |                                                            
             |
          c. |
 ars_pool_ev#|
          c. |
pmr_ac~ss_zf |                                                            
             |                                                            
             |
 ars_pool_ev |                                                            
             |                                                            
             |
          c. |
 ars_pool_ev#|
          c. |
pmr_ac~ue_zf |                                                            
             |                                                            
             |
       _cons |    0.3496    766.0133      1.4208      1.4227      1.4209  
             |    0.0178    136.9050      0.1473      0.1477      0.1479  
-------------+------------------------------------------------------------
           N |     26635       26642       25293       25293       25293  
        r2_a |    0.4710      0.1667      0.8798      0.8798      0.8798  
--------------------------------------------------------------------------
                                                              Legend: b/se


--------------------------------------------------------------------------
    Variable | T4_volume    T5_pool    T6_sent~t   D1_mrpool   D2_next~e  
-------------+------------------------------------------------------------
 ars_pool_ev |                                                    0.0007  
             |                                                    0.0024  
ev_ln_revi~t |    6.1283      0.0143      0.0173      0.0144      0.0002  
             |    0.7581      0.0009      0.0367      0.0009      0.0002  
ev_mean_ra~g |   -0.0840      0.0029      0.3670      0.0030     -0.0006  
             |    0.0684      0.0007      0.0357      0.0007      0.0003  
ev_sd_rating |   -0.4740     -0.0165      0.0246     -0.0155     -0.0003  
             |    0.0751      0.0007      0.0380      0.0007      0.0002  
ev_ln_mean~s |   -0.7806     -0.0423      0.0555     -0.0414      0.0000  
             |    0.1228      0.0010      0.0483      0.0010      0.0003  
sent_avg_b~g |                                                            
             |                                                            
ln_lag_vol~c |    0.1858      0.0000     -0.0816      0.0011      0.0018  
             |    0.2880      0.0011      0.0508      0.0011      0.0005  
lag_avg_ra~c |    0.7905     -0.0007      0.7375      0.0000      0.0034  
             |    0.6772      0.0040      0.2377      0.0045      0.0022  
  lag_sd_acc |   -0.0278      0.0034     -0.3733     -0.0114      0.0026  
             |    0.8647      0.0049      0.3019      0.0057      0.0023  
ln_avg_com~R |   -0.1485      0.0002     -0.0602     -0.0002      0.0010  
             |    0.2986      0.0010      0.0457      0.0010      0.0004  
pmr_ac~nt_zf |    0.0429     -0.0030     -0.1462     -0.0155     -0.0007  
             |    0.1660      0.0013      0.0762      0.0014      0.0003  
             |
          c. |
 ars_pool_ev#|
          c. |
pmr_ac~nt_zf |                                                            
             |                                                            
             |
pmr_activ~ny |    2.0031      0.0007      0.0347      0.0100      0.0002  
             |    1.5520      0.0032      0.1615      0.0020      0.0004  
pmr_activi~n |    0.2207     -0.0000     -0.0030      0.0000      0.0000  
             |    0.0607      0.0000      0.0018      0.0000      0.0000  
pmr_coho~te7 |                                        0.0001     -0.0004  
             |                                        0.0012      0.0003  
lnRev~h_w199 |                                                    0.9838  
             |                                                    0.0027  
pmr_ac~ce_zf |   -0.2130      0.0013     -0.0402     -0.0014      0.0006  
             |    0.1676      0.0014      0.0724      0.0015      0.0004  
             |
          c. |
 ars_pool_ev#|
          c. |
pmr_ac~ce_zf |                                                            
             |                                                            
             |
pmr_ac~om_zf |    0.0870     -0.0021      0.0236     -0.0109     -0.0003  
             |    0.1881      0.0016      0.0731      0.0017      0.0005  
             |
          c. |
 ars_pool_ev#|
          c. |
pmr_ac~om_zf |                                                            
             |                                                            
             |
pmr_ac~ss_zf |   -0.1159     -0.0009      0.0038      0.0034     -0.0002  
             |    0.1295      0.0012      0.0692      0.0013      0.0004  
pmr_ac~ue_zf |    0.0884      0.0008      0.0918     -0.0041      0.0007  
             |    0.1566      0.0016      0.0871      0.0015      0.0006  
ln_pmr_words |   -0.5353      0.0003      0.0220                          
             |    0.3494      0.0005      0.0266                          
pmr_ac~te_zf |                                        0.0045     -0.0003  
             |                                        0.0019      0.0005  
pmr_ac~ry_zf |                                       -0.0122     -0.0000  
             |                                        0.0030      0.0004  
             |
          c. |
 ars_pool_ev#|
          c. |
pmr_ac~te_zf |                                                            
             |                                                            
             |
 ars_pool_ev |                                                            
             |                                                            
             |
          c. |
 ars_pool_ev#|
          c. |
pmr_ac~ry_zf |                                                            
             |                                                            
             |
 ars_pool_ev |                                                            
             |                                                            
 ars_pool_ev |                                                            
             |                                                            
 ars_pool_ev |                                                            
             |                                                            
 ars_pool_ev |                                                            
             |                                                            
             |
          c. |
 ars_pool_ev#|
          c. |
pmr_ac~ss_zf |                                                            
             |                                                            
             |
 ars_pool_ev |                                                            
             |                                                            
             |
          c. |
 ars_pool_ev#|
          c. |
pmr_ac~ue_zf |                                                            
             |                                                            
             |
       _cons |   -1.9990      0.5344      0.1907      0.5370      0.0427  
             |    4.0583      0.0205      1.3592      0.0230      0.0156  
-------------+------------------------------------------------------------
           N |     26656       26648       26656       25746       22838  
        r2_a |    0.7037      0.3904      0.2991      0.4080      0.9996  
--------------------------------------------------------------------------
                                                              Legend: b/se


--------------------------
    Variable | D3_inte~n  
-------------+------------
 ars_pool_ev |   -0.0004  
             |    0.0035  
ev_ln_revi~t |    0.0002  
             |    0.0002  
ev_mean_ra~g |   -0.0006  
             |    0.0003  
ev_sd_rating |   -0.0001  
             |    0.0002  
ev_ln_mean~s |   -0.0001  
             |    0.0003  
sent_avg_b~g |            
             |            
ln_lag_vol~c |    0.0014  
             |    0.0006  
lag_avg_ra~c |    0.0033  
             |    0.0018  
  lag_sd_acc |    0.0033  
             |    0.0022  
ln_avg_com~R |    0.0011  
             |    0.0004  
pmr_ac~nt_zf |    0.0023  
             |    0.0015  
             |
          c. |
 ars_pool_ev#|
          c. |
pmr_ac~nt_zf |   -0.0091  
             |    0.0053  
             |
pmr_activ~ny |    0.0000  
             |    0.0005  
pmr_activi~n |    0.0000  
             |    0.0000  
pmr_coho~te7 |            
             |            
lnRev~h_w199 |    0.9825  
             |    0.0025  
pmr_ac~ce_zf |   -0.0036  
             |    0.0017  
             |
          c. |
 ars_pool_ev#|
          c. |
pmr_ac~ce_zf |    0.0127  
             |    0.0058  
             |
pmr_ac~om_zf |    0.0014  
             |    0.0018  
             |
          c. |
 ars_pool_ev#|
          c. |
pmr_ac~om_zf |   -0.0053  
             |    0.0060  
             |
pmr_ac~ss_zf |    0.0015  
             |    0.0021  
pmr_ac~ue_zf |   -0.0022  
             |    0.0024  
ln_pmr_words |            
             |            
pmr_ac~te_zf |    0.0006  
             |    0.0026  
pmr_ac~ry_zf |   -0.0005  
             |    0.0024  
             |
          c. |
 ars_pool_ev#|
          c. |
pmr_ac~te_zf |   -0.0031  
             |    0.0085  
             |
 ars_pool_ev | (omitted)  
             |            
             |
          c. |
 ars_pool_ev#|
          c. |
pmr_ac~ry_zf |    0.0019  
             |    0.0078  
             |
 ars_pool_ev | (omitted)  
             |            
 ars_pool_ev | (omitted)  
             |            
 ars_pool_ev | (omitted)  
             |            
 ars_pool_ev | (omitted)  
             |            
             |
          c. |
 ars_pool_ev#|
          c. |
pmr_ac~ss_zf |   -0.0061  
             |    0.0069  
             |
 ars_pool_ev | (omitted)  
             |            
             |
          c. |
 ars_pool_ev#|
          c. |
pmr_ac~ue_zf |    0.0094  
             |    0.0088  
             |
       _cons |    0.0502  
             |    0.0136  
-------------+------------
           N |     23682  
        r2_a |    0.9996  
--------------------------
              Legend: b/se

. log close
      name:  <unnamed>
       log:  /Users/samxie/Research/ReviewSimi_Sales/Code/stata-log/run_event_m
> onth_pool_gt100_learning_mr_260711.log
  log type:  text
 closed on:  11 Jul 2026, 18:07:09
-------------------------------------------------------------------------------
