---------------------------------------------------------------------------------------------------------------------------------------------------------------------------------------------------------------------------------------------------------------
      name:  <unnamed>
       log:  /Users/samxie/Research/ReviewSimi_Sales/Code/stata-log/run_tables5_8_new_controls_260722.log
  log type:  text
 opened on:  22 Jul 2026, 16:25:59

. 
. 
. 
. 
. ************************************************************
. * Tables 5--7: final Route A/B prepared panel.
. ************************************************************
. use "`data_main'", clear

. keep if cs_sample_focus100 == 1
(0 observations deleted)

. capture confirm variable hotel_id_num

. if _rc {
.     capture confirm numeric variable HotelID
.     if _rc encode HotelID, gen(hotel_id_num)
.     else gen long hotel_id_num = HotelID
. }

. capture confirm variable ym

. if _rc gen int ym = monthly(year_month, "YM")

. format ym %tm

. xtset hotel_id_num ym

Panel variable: hotel_id_num (unbalanced)
 Time variable: ym, 2011m1 to 2022m9, but with gaps
         Delta: 1 month

. label variable sim_mean "ARS"

. label variable recent_sd_10 "Recent rating SD"

. label variable ln_recent_volumn_10 "ln(Recent review volume)"

. label variable lag_avg_rating_month "Rating month, t-1"

. label variable rating_last_5 "Rating last 5, t"

. label variable ln_lag_volumn_acc "ln(Accumulated review volume)"

. label variable lag_avg_rating_acc "Accumulated rating, t-1"

. label variable lag_sd_acc "Accumulated rating SD, t-1"

. label variable ln_avg_com_RevPAR "ln(Competitor RevPAR)"

. label variable ln_lag_RevPAR_clean "ln(RevPAR), t-1"

. 
. * The prepared panel already has 1--99 winsorized fields.  Construct the
. * 1--95 and 5--95 variants only when later modules require them.
. 
. capture confirm variable ln_RevPAR_clean_w199

. if _rc winsor2 ln_RevPAR_clean, cuts(1 99) by(City ym) suffix(_w199)

. 
. capture confirm variable ln_lag_RevPAR_clean_w199

. if _rc winsor2 ln_lag_RevPAR_clean, cuts(1 99) by(City ym) suffix(_w199)

. 
. capture confirm variable ln_RevPAR_clean_w195

. if _rc winsor2 ln_RevPAR_clean, cuts(1 95) by(City ym) suffix(_w195)

. 
. capture confirm variable ln_lag_RevPAR_clean_w195

. if _rc winsor2 ln_lag_RevPAR_clean, cuts(1 95) by(City ym) suffix(_w195)

. 
. capture confirm variable ln_RevPAR_clean_w595

. if _rc winsor2 ln_RevPAR_clean, cuts(5 95) by(City ym) suffix(_w595)

. 
. capture confirm variable ln_lag_RevPAR_clean_w595

. if _rc winsor2 ln_lag_RevPAR_clean, cuts(5 95) by(City ym) suffix(_w595)

. 
. 
. 
. ************************************************************
. * Table 5. FE and OLS; Sys-GMM deliberately excluded.
. ************************************************************
. reghdfe ln_RevPAR_clean sim_mean ///
>     recent_sd_10 ln_recent_volumn_10 lag_avg_rating_month rating_last_5 ///
>     ln_lag_volumn_acc lag_avg_rating_acc lag_sd_acc ///
>     ln_avg_com_RevPAR ln_lag_RevPAR_clean, ///
>     absorb(hotel_id_num ym) vce(cluster hotel_id_num)
(dropped 2 singleton observations)
(MWFE estimator converged in 7 iterations)

HDFE Linear regression                            Number of obs   =     33,546
Absorbing 2 HDFE groups                           F(  10,    557) =      80.40
Statistics robust to heteroskedasticity           Prob > F        =     0.0000
                                                  R-squared       =     0.8568
                                                  Adj R-squared   =     0.8537
                                                  Within R-sq.    =     0.2512
Number of clusters (hotel_id_num) =        558    Root MSE        =     0.2655

                                 (Std. err. adjusted for 558 clusters in hotel_id_num)
--------------------------------------------------------------------------------------
                     |               Robust
     ln_RevPAR_clean | Coefficient  std. err.      t    P>|t|     [95% conf. interval]
---------------------+----------------------------------------------------------------
            sim_mean |  -.1802589   .0679161    -2.65   0.008    -.3136619   -.0468558
        recent_sd_10 |  -.0154018     .00811    -1.90   0.058    -.0313317    .0005281
 ln_recent_volumn_10 |   .0866087   .0101137     8.56   0.000     .0667431    .1064742
lag_avg_rating_month |   .0070592   .0022112     3.19   0.001      .002716    .0114025
       rating_last_5 |   .0012139   .0025583     0.47   0.635    -.0038112    .0062389
   ln_lag_volumn_acc |   .0339516   .0083727     4.06   0.000     .0175056    .0503976
  lag_avg_rating_acc |   .0201067   .0308752     0.65   0.515    -.0405394    .0807527
          lag_sd_acc |  -.0073695   .0377285    -0.20   0.845    -.0814771    .0667381
   ln_avg_com_RevPAR |   .1303443    .013695     9.52   0.000     .1034441    .1572446
 ln_lag_RevPAR_clean |   .3978797   .0287142    13.86   0.000     .3414784     .454281
               _cons |    1.55553   .1730597     8.99   0.000       1.2156    1.895459
--------------------------------------------------------------------------------------

Absorbed degrees of freedom:
------------------------------------------------------+
  Absorbed FE | Categories  - Redundant  = Num. Coefs |
--------------+---------------------------------------|
 hotel_id_num |       558         558           0    *|
           ym |       135           1         134     |
------------------------------------------------------+
* = FE nested within cluster; treated as redundant for DoF computation

. estimates store t5_fe

. 
. reg ln_RevPAR_clean sim_mean ///
>     recent_sd_10 ln_recent_volumn_10 lag_avg_rating_month rating_last_5 ///
>     ln_lag_volumn_acc lag_avg_rating_acc lag_sd_acc ///
>     ln_avg_com_RevPAR ln_lag_RevPAR_clean, ///
>     vce(cluster hotel_id_num)

Linear regression                               Number of obs     =     33,548
                                                F(10, 559)        =    1021.78
                                                Prob > F          =     0.0000
                                                R-squared         =     0.7437
                                                Root MSE          =     .35149

                                 (Std. err. adjusted for 560 clusters in hotel_id_num)
--------------------------------------------------------------------------------------
                     |               Robust
     ln_RevPAR_clean | Coefficient  std. err.      t    P>|t|     [95% conf. interval]
---------------------+----------------------------------------------------------------
            sim_mean |  -.2257583   .1062976    -2.12   0.034    -.4345499   -.0169667
        recent_sd_10 |  -.0147673   .0087003    -1.70   0.090    -.0318566    .0023221
 ln_recent_volumn_10 |   .1047445   .0145717     7.19   0.000     .0761226    .1333664
lag_avg_rating_month |   .0103101   .0029143     3.54   0.000     .0045859    .0160344
       rating_last_5 |   .0000719   .0034859     0.02   0.984    -.0067752     .006919
   ln_lag_volumn_acc |  -.0050793   .0034793    -1.46   0.145    -.0119134    .0017549
  lag_avg_rating_acc |   .0666652    .013916     4.79   0.000     .0393312    .0939992
          lag_sd_acc |  -.0321616   .0327968    -0.98   0.327    -.0965816    .0322585
   ln_avg_com_RevPAR |   .0944481   .0110022     8.58   0.000     .0728375    .1160588
 ln_lag_RevPAR_clean |   .7800232   .0245361    31.79   0.000     .7318289    .8282175
               _cons |   .0938514   .0984594     0.95   0.341    -.0995442    .2872469
--------------------------------------------------------------------------------------

. estimates store t5_ols

. 
. esttab t5_fe t5_ols using "`rtf'", replace rtf ///
>     keep(sim_mean recent_sd_10 ln_recent_volumn_10 lag_avg_rating_month rating_last_5 ///
>     ln_lag_volumn_acc lag_avg_rating_acc lag_sd_acc ln_avg_com_RevPAR ln_lag_RevPAR_clean) ///
>     order(sim_mean recent_sd_10 ln_recent_volumn_10 lag_avg_rating_month rating_last_5 ///
>     ln_lag_volumn_acc lag_avg_rating_acc lag_sd_acc ln_avg_com_RevPAR ln_lag_RevPAR_clean) ///
>     cells(b(star fmt(3)) se(par fmt(3))) ///
>     star(* 0.10 ** 0.05 *** 0.01 **** 0.001) ///
>     stats(N r2_a, labels("Observations" "Adjusted R-squared") fmt(%12.0fc %9.3f)) ///
>     mtitles("FE" "OLS") label nogap compress ///
>     title("Table 5. Effects of ARS on revenue: FE and OLS") ///
>     addnotes("Standard errors are clustered at the hotel level." ///
>     "All models include the new baseline control set shown in the table." ///
>     "The Sys-GMM specification is intentionally excluded.")
(output written to /Users/samxie/Research/ReviewSimi_Sales/Code/outputs/paper/rtf-0722/reviewsimi-revenue-tables5-8-new-controls-260722.rtf)

. 
. ************************************************************
. * Table 6. COVID-19 models.
. ************************************************************
. capture drop covid2020 covid2020_2022

. gen byte covid2020 = Year == 2020 if !missing(Year)

. gen byte covid2020_2022 = inrange(Year, 2020, 2022) if !missing(Year)

. 
. reghdfe ln_RevPAR_clean_w195 sim_mean ///
>     recent_sd_10 ln_recent_volumn_10 lag_avg_rating_month rating_last_5 ///
>     ln_lag_volumn_acc lag_avg_rating_acc lag_sd_acc ///
>     ln_avg_com_RevPAR ln_lag_RevPAR_clean ///
>     if covid2020_2022 == 0, absorb(hotel_id_num ym) vce(cluster hotel_id_num)
(dropped 6 singleton observations)
(MWFE estimator converged in 7 iterations)

HDFE Linear regression                            Number of obs   =     25,295
Absorbing 2 HDFE groups                           F(  10,    504) =      67.67
Statistics robust to heteroskedasticity           Prob > F        =     0.0000
                                                  R-squared       =     0.8817
                                                  Adj R-squared   =     0.8788
                                                  Within R-sq.    =     0.2466
Number of clusters (hotel_id_num) =        505    Root MSE        =     0.1991

                                 (Std. err. adjusted for 505 clusters in hotel_id_num)
--------------------------------------------------------------------------------------
                     |               Robust
ln_RevPAR_clean_w195 | Coefficient  std. err.      t    P>|t|     [95% conf. interval]
---------------------+----------------------------------------------------------------
            sim_mean |  -.1230237   .0593194    -2.07   0.039    -.2395675   -.0064799
        recent_sd_10 |  -.0104423   .0073136    -1.43   0.154    -.0248113    .0039266
 ln_recent_volumn_10 |   .0565851   .0089237     6.34   0.000     .0390529    .0741172
lag_avg_rating_month |   .0049747   .0020713     2.40   0.017     .0009052    .0090443
       rating_last_5 |  -.0064698   .0019612    -3.30   0.001     -.010323   -.0026166
   ln_lag_volumn_acc |    .036683    .008553     4.29   0.000     .0198791    .0534869
  lag_avg_rating_acc |   .0357156    .031143     1.15   0.252    -.0254705    .0969017
          lag_sd_acc |   .0161876   .0380887     0.42   0.671    -.0586446    .0910198
   ln_avg_com_RevPAR |   .1363298   .0182381     7.47   0.000     .1004977    .1721618
 ln_lag_RevPAR_clean |   .3457837   .0231956    14.91   0.000     .3002117    .3913557
               _cons |   1.764315   .1716756    10.28   0.000     1.427027    2.101603
--------------------------------------------------------------------------------------

Absorbed degrees of freedom:
------------------------------------------------------+
  Absorbed FE | Categories  - Redundant  = Num. Coefs |
--------------+---------------------------------------|
 hotel_id_num |       505         505           0    *|
           ym |       102           1         101     |
------------------------------------------------------+
* = FE nested within cluster; treated as redundant for DoF computation

. estimates store t6_pre2020

. 
. reghdfe ln_RevPAR_clean c.sim_mean##i.covid2020 ///
>     recent_sd_10 ln_recent_volumn_10 lag_avg_rating_month rating_last_5 ///
>     ln_lag_volumn_acc lag_avg_rating_acc lag_sd_acc ///
>     ln_avg_com_RevPAR ln_lag_RevPAR_clean, ///
>     absorb(hotel_id_num ym) vce(cluster hotel_id_num)
(dropped 2 singleton observations)
(MWFE estimator converged in 8 iterations)
note: 1bn.covid2020 is probably collinear with the fixed effects (all partialled-out values are close to zero; tol = 1.0e-09)

HDFE Linear regression                            Number of obs   =     33,546
Absorbing 2 HDFE groups                           F(  11,    557) =      74.53
Statistics robust to heteroskedasticity           Prob > F        =     0.0000
                                                  R-squared       =     0.8568
                                                  Adj R-squared   =     0.8538
                                                  Within R-sq.    =     0.2517
Number of clusters (hotel_id_num) =        558    Root MSE        =     0.2655

                                 (Std. err. adjusted for 558 clusters in hotel_id_num)
--------------------------------------------------------------------------------------
                     |               Robust
     ln_RevPAR_clean | Coefficient  std. err.      t    P>|t|     [95% conf. interval]
---------------------+----------------------------------------------------------------
            sim_mean |   -.226404   .0656486    -3.45   0.001    -.3553531    -.097455
         1.covid2020 |          0  (omitted)
                     |
covid2020#c.sim_mean |
                  1  |   .5487883   .2925977     1.88   0.061    -.0259415    1.123518
                     |
        recent_sd_10 |  -.0145494   .0081345    -1.79   0.074    -.0305274    .0014285
 ln_recent_volumn_10 |   .0870381   .0100664     8.65   0.000     .0672653    .1068108
lag_avg_rating_month |   .0069372   .0022013     3.15   0.002     .0026134    .0112611
       rating_last_5 |   .0010342   .0025705     0.40   0.688    -.0040149    .0060833
   ln_lag_volumn_acc |   .0342066   .0083849     4.08   0.000     .0177368    .0506764
  lag_avg_rating_acc |    .018585   .0309256     0.60   0.548    -.0421601    .0793302
          lag_sd_acc |  -.0087654   .0378093    -0.23   0.817    -.0830316    .0655009
   ln_avg_com_RevPAR |   .1300597   .0136631     9.52   0.000     .1032222    .1568973
 ln_lag_RevPAR_clean |   .3973804   .0286666    13.86   0.000     .3410725    .4536883
               _cons |   1.565559   .1726764     9.07   0.000     1.226382    1.904735
--------------------------------------------------------------------------------------

Absorbed degrees of freedom:
------------------------------------------------------+
  Absorbed FE | Categories  - Redundant  = Num. Coefs |
--------------+---------------------------------------|
 hotel_id_num |       558         558           0    *|
           ym |       135           1         134     |
------------------------------------------------------+
* = FE nested within cluster; treated as redundant for DoF computation

. estimates store t6_2020

. 
. reghdfe ln_RevPAR_clean c.sim_mean##i.covid2020_2022 ///
>     recent_sd_10 ln_recent_volumn_10 lag_avg_rating_month rating_last_5 ///
>     ln_lag_volumn_acc lag_avg_rating_acc lag_sd_acc ///
>     ln_avg_com_RevPAR ln_lag_RevPAR_clean, ///
>     absorb(hotel_id_num ym) vce(cluster hotel_id_num)
(dropped 2 singleton observations)
(MWFE estimator converged in 7 iterations)
note: 1bn.covid2020_2022 is probably collinear with the fixed effects (all partialled-out values are close to zero; tol = 1.0e-09)

HDFE Linear regression                            Number of obs   =     33,546
Absorbing 2 HDFE groups                           F(  11,    557) =      74.26
Statistics robust to heteroskedasticity           Prob > F        =     0.0000
                                                  R-squared       =     0.8569
                                                  Adj R-squared   =     0.8538
                                                  Within R-sq.    =     0.2519
Number of clusters (hotel_id_num) =        558    Root MSE        =     0.2654

                                      (Std. err. adjusted for 558 clusters in hotel_id_num)
-------------------------------------------------------------------------------------------
                          |               Robust
          ln_RevPAR_clean | Coefficient  std. err.      t    P>|t|     [95% conf. interval]
--------------------------+----------------------------------------------------------------
                 sim_mean |   -.307352   .0724722    -4.24   0.000    -.4497042   -.1649998
         1.covid2020_2022 |          0  (omitted)
                          |
covid2020_2022#c.sim_mean |
                       1  |   .4296924   .1600948     2.68   0.007     .1152291    .7441558
                          |
             recent_sd_10 |  -.0134002   .0081234    -1.65   0.100    -.0293565     .002556
      ln_recent_volumn_10 |   .0863467   .0100856     8.56   0.000     .0665362    .1061572
     lag_avg_rating_month |   .0068156   .0022044     3.09   0.002     .0024856    .0111455
            rating_last_5 |   .0009138   .0025499     0.36   0.720    -.0040949    .0059224
        ln_lag_volumn_acc |   .0339671   .0083758     4.06   0.000     .0175151    .0504191
       lag_avg_rating_acc |   .0162834   .0308914     0.53   0.598    -.0443944    .0769612
               lag_sd_acc |  -.0098061   .0378079    -0.26   0.795    -.0840696    .0644573
        ln_avg_com_RevPAR |   .1295617   .0136428     9.50   0.000     .1027641    .1563593
      ln_lag_RevPAR_clean |   .3964902   .0285818    13.87   0.000     .3403489    .4526315
                    _cons |   1.589599   .1721971     9.23   0.000     1.251364    1.927834
-------------------------------------------------------------------------------------------

Absorbed degrees of freedom:
------------------------------------------------------+
  Absorbed FE | Categories  - Redundant  = Num. Coefs |
--------------+---------------------------------------|
 hotel_id_num |       558         558           0    *|
           ym |       135           1         134     |
------------------------------------------------------+
* = FE nested within cluster; treated as redundant for DoF computation

. estimates store t6_pandemic

. 
. reghdfe d_ln_RevPAR c.sim_mean##i.covid2020_2022 ///
>     recent_sd_10 ln_recent_volumn_10 lag_avg_rating_month rating_last_5 ///
>     ln_lag_volumn_acc lag_avg_rating_acc lag_sd_acc ///
>     ln_avg_com_RevPAR ln_lag_RevPAR_clean, ///
>     absorb(hotel_id_num ym) vce(cluster hotel_id_num)
(dropped 2 singleton observations)
(MWFE estimator converged in 7 iterations)
note: 1bn.covid2020_2022 is probably collinear with the fixed effects (all partialled-out values are close to zero; tol = 1.0e-09)

HDFE Linear regression                            Number of obs   =     33,460
Absorbing 2 HDFE groups                           F(  11,    557) =      65.97
Statistics robust to heteroskedasticity           Prob > F        =     0.0000
                                                  R-squared       =     0.4873
                                                  Adj R-squared   =     0.4763
                                                  Within R-sq.    =     0.3287
Number of clusters (hotel_id_num) =        558    Root MSE        =     0.2866

                                      (Std. err. adjusted for 558 clusters in hotel_id_num)
-------------------------------------------------------------------------------------------
                          |               Robust
              d_ln_RevPAR | Coefficient  std. err.      t    P>|t|     [95% conf. interval]
--------------------------+----------------------------------------------------------------
                 sim_mean |  -.2728763   .0751972    -3.63   0.000     -.420581   -.1251716
         1.covid2020_2022 |          0  (omitted)
                          |
covid2020_2022#c.sim_mean |
                       1  |   .5484086   .1694139     3.24   0.001     .2156404    .8811768
                          |
             recent_sd_10 |  -.0119063   .0086622    -1.37   0.170    -.0289209    .0051084
      ln_recent_volumn_10 |   .0880809   .0104586     8.42   0.000     .0675379     .108624
     lag_avg_rating_month |   .0062161   .0022694     2.74   0.006     .0017584    .0106738
            rating_last_5 |   -.001918   .0026817    -0.72   0.475    -.0071856    .0033495
        ln_lag_volumn_acc |   .0356438    .008689     4.10   0.000     .0185766     .052711
       lag_avg_rating_acc |   .0279517   .0289806     0.96   0.335    -.0289729    .0848762
               lag_sd_acc |  -.0071286   .0407759    -0.17   0.861     -.087222    .0729648
        ln_avg_com_RevPAR |   .1335196   .0141017     9.47   0.000     .1058206    .1612186
      ln_lag_RevPAR_clean |  -.6341139   .0290299   -21.84   0.000    -.6911353   -.5770925
                    _cons |   1.636281   .1718626     9.52   0.000     1.298703    1.973859
-------------------------------------------------------------------------------------------

Absorbed degrees of freedom:
------------------------------------------------------+
  Absorbed FE | Categories  - Redundant  = Num. Coefs |
--------------+---------------------------------------|
 hotel_id_num |       558         558           0    *|
           ym |       135           1         134     |
------------------------------------------------------+
* = FE nested within cluster; treated as redundant for DoF computation

. estimates store t6_growth

. 
. esttab t6_pre2020 t6_2020 t6_pandemic t6_growth using "`rtf'", append rtf ///
>     keep(sim_mean 1.covid2020#c.sim_mean 1.covid2020_2022#c.sim_mean ///
>     recent_sd_10 ln_recent_volumn_10 lag_avg_rating_month rating_last_5 ///
>     ln_lag_volumn_acc lag_avg_rating_acc lag_sd_acc ln_avg_com_RevPAR ln_lag_RevPAR_clean) ///
>     order(sim_mean 1.covid2020#c.sim_mean 1.covid2020_2022#c.sim_mean ///
>     recent_sd_10 ln_recent_volumn_10 lag_avg_rating_month rating_last_5 ///
>     ln_lag_volumn_acc lag_avg_rating_acc lag_sd_acc ln_avg_com_RevPAR ln_lag_RevPAR_clean) ///
>     cells(b(star fmt(3)) se(par fmt(3))) ///
>     star(* 0.10 ** 0.05 *** 0.01 **** 0.001) ///
>     stats(N r2_a, labels("Observations" "Adjusted R-squared") fmt(%12.0fc %9.3f)) ///
>     mtitles("Before 2020" "2020 shock" "2020--2022 shock" "2020--2022 growth") label nogap compress ///
>     title("Table 6. Effects of COVID-19") ///
>     addnotes("Standard errors are clustered at the hotel level." ///
>     "COVID main effects are absorbed by calendar-month fixed effects; interaction terms remain identified.")
(output written to /Users/samxie/Research/ReviewSimi_Sales/Code/outputs/paper/rtf-0722/reviewsimi-revenue-tables5-8-new-controls-260722.rtf)

. 
. ************************************************************
. * Table 7. Alternative ARS measures.
. ************************************************************
. reghdfe ln_RevPAR_clean_w195 lag_sim_mean ///
>     recent_sd_10 ln_recent_volumn_10 lag_avg_rating_month rating_last_5 ///
>     ln_lag_volumn_acc lag_avg_rating_acc lag_sd_acc ///
>     ln_avg_com_RevPAR ln_lag_RevPAR_clean_w595, ///
>     absorb(hotel_id_num ym) vce(cluster hotel_id_num)
(dropped 2 singleton observations)
(MWFE estimator converged in 7 iterations)

HDFE Linear regression                            Number of obs   =     33,546
Absorbing 2 HDFE groups                           F(  10,    557) =     127.76
Statistics robust to heteroskedasticity           Prob > F        =     0.0000
                                                  R-squared       =     0.8401
                                                  Adj R-squared   =     0.8367
                                                  Within R-sq.    =     0.2593
Number of clusters (hotel_id_num) =        558    Root MSE        =     0.2557

                                     (Std. err. adjusted for 558 clusters in hotel_id_num)
------------------------------------------------------------------------------------------
                         |               Robust
    ln_RevPAR_clean_w195 | Coefficient  std. err.      t    P>|t|     [95% conf. interval]
-------------------------+----------------------------------------------------------------
            lag_sim_mean |  -.1265644   .0625703    -2.02   0.044    -.2494671   -.0036618
            recent_sd_10 |  -.0078137   .0074995    -1.04   0.298    -.0225444    .0069171
     ln_recent_volumn_10 |   .0779836   .0095912     8.13   0.000     .0591443    .0968228
    lag_avg_rating_month |   .0089551   .0020304     4.41   0.000      .004967    .0129432
           rating_last_5 |   .0004865   .0023349     0.21   0.835    -.0040998    .0050728
       ln_lag_volumn_acc |   .0357555   .0072572     4.93   0.000     .0215006    .0500104
      lag_avg_rating_acc |   .0040331    .031022     0.13   0.897    -.0569012    .0649675
              lag_sd_acc |  -.0221749   .0366177    -0.61   0.545    -.0941007    .0497508
       ln_avg_com_RevPAR |   .1206924   .0122305     9.87   0.000     .0966689     .144716
ln_lag_RevPAR_clean_w595 |   .4644326   .0186064    24.96   0.000     .4278853    .5009798
                   _cons |   1.356502   .1575225     8.61   0.000     1.047091    1.665912
------------------------------------------------------------------------------------------

Absorbed degrees of freedom:
------------------------------------------------------+
  Absorbed FE | Categories  - Redundant  = Num. Coefs |
--------------+---------------------------------------|
 hotel_id_num |       558         558           0    *|
           ym |       135           1         134     |
------------------------------------------------------+
* = FE nested within cluster; treated as redundant for DoF computation

. estimates store t7_lag

. label variable lag_sim_mean "ARS lag"

. 
. reghdfe ln_RevPAR_clean ars_roll_10 ///
>     recent_sd_10 ln_recent_volumn_10 lag_avg_rating_month rating_last_5 ///
>     ln_lag_volumn_acc lag_avg_rating_acc lag_sd_acc ///
>     ln_avg_com_RevPAR ln_lag_RevPAR_clean, ///
>     absorb(hotel_id_num ym) vce(cluster hotel_id_num)
(dropped 2 singleton observations)
(MWFE estimator converged in 7 iterations)

HDFE Linear regression                            Number of obs   =     33,546
Absorbing 2 HDFE groups                           F(  10,    557) =      80.56
Statistics robust to heteroskedasticity           Prob > F        =     0.0000
                                                  R-squared       =     0.8567
                                                  Adj R-squared   =     0.8537
                                                  Within R-sq.    =     0.2511
Number of clusters (hotel_id_num) =        558    Root MSE        =     0.2655

                                 (Std. err. adjusted for 558 clusters in hotel_id_num)
--------------------------------------------------------------------------------------
                     |               Robust
     ln_RevPAR_clean | Coefficient  std. err.      t    P>|t|     [95% conf. interval]
---------------------+----------------------------------------------------------------
         ars_roll_10 |  -.1348823   .0562098    -2.40   0.017    -.2452915   -.0244732
        recent_sd_10 |  -.0132658   .0079385    -1.67   0.095    -.0288589    .0023273
 ln_recent_volumn_10 |   .0858308   .0100763     8.52   0.000     .0660385    .1056231
lag_avg_rating_month |   .0070925   .0022133     3.20   0.001      .002745    .0114401
       rating_last_5 |   .0009137   .0025332     0.36   0.718     -.004062    .0058895
   ln_lag_volumn_acc |   .0337182   .0083611     4.03   0.000     .0172952    .0501413
  lag_avg_rating_acc |   .0199125   .0309083     0.64   0.520    -.0407986    .0806235
          lag_sd_acc |  -.0086459   .0377583    -0.23   0.819     -.082812    .0655201
   ln_avg_com_RevPAR |   .1303021   .0136997     9.51   0.000     .1033927    .1572115
 ln_lag_RevPAR_clean |   .3978978   .0287163    13.86   0.000     .3414922    .4543033
               _cons |   1.546656   .1732359     8.93   0.000      1.20638    1.886931
--------------------------------------------------------------------------------------

Absorbed degrees of freedom:
------------------------------------------------------+
  Absorbed FE | Categories  - Redundant  = Num. Coefs |
--------------+---------------------------------------|
 hotel_id_num |       558         558           0    *|
           ym |       135           1         134     |
------------------------------------------------------+
* = FE nested within cluster; treated as redundant for DoF computation

. estimates store t7_roll

. label variable ars_roll_10 "ARS roll"

. 
. reghdfe ln_RevPAR_clean ars_jsd_sim ///
>     recent_sd_10 ln_recent_volumn_10 lag_avg_rating_month rating_last_5 ///
>     ln_lag_volumn_acc lag_avg_rating_acc lag_sd_acc ///
>     ln_avg_com_RevPAR ln_lag_RevPAR_clean, ///
>     absorb(hotel_id_num ym) vce(cluster hotel_id_num)
(dropped 2 singleton observations)
(MWFE estimator converged in 7 iterations)

HDFE Linear regression                            Number of obs   =     33,546
Absorbing 2 HDFE groups                           F(  10,    557) =      80.37
Statistics robust to heteroskedasticity           Prob > F        =     0.0000
                                                  R-squared       =     0.8568
                                                  Adj R-squared   =     0.8537
                                                  Within R-sq.    =     0.2513
Number of clusters (hotel_id_num) =        558    Root MSE        =     0.2655

                                 (Std. err. adjusted for 558 clusters in hotel_id_num)
--------------------------------------------------------------------------------------
                     |               Robust
     ln_RevPAR_clean | Coefficient  std. err.      t    P>|t|     [95% conf. interval]
---------------------+----------------------------------------------------------------
         ars_jsd_sim |  -.0784342   .0283287    -2.77   0.006    -.1340783   -.0227902
        recent_sd_10 |  -.0115092   .0078258    -1.47   0.142    -.0268808    .0038624
 ln_recent_volumn_10 |   .0850326   .0100706     8.44   0.000     .0652516    .1048137
lag_avg_rating_month |   .0074498   .0022032     3.38   0.001     .0031223    .0117774
       rating_last_5 |    .001619   .0025724     0.63   0.529    -.0034339    .0066719
   ln_lag_volumn_acc |   .0343551   .0084005     4.09   0.000     .0178545    .0508557
  lag_avg_rating_acc |   .0218785   .0310763     0.70   0.482    -.0391625    .0829195
          lag_sd_acc |  -.0082329   .0377746    -0.22   0.828     -.082431    .0659653
   ln_avg_com_RevPAR |   .1304913   .0136938     9.53   0.000     .1035934    .1573892
 ln_lag_RevPAR_clean |   .3978099    .028724    13.85   0.000     .3413893    .4542305
               _cons |   1.417378   .1777586     7.97   0.000     1.068218    1.766537
--------------------------------------------------------------------------------------

Absorbed degrees of freedom:
------------------------------------------------------+
  Absorbed FE | Categories  - Redundant  = Num. Coefs |
--------------+---------------------------------------|
 hotel_id_num |       558         558           0    *|
           ym |       135           1         134     |
------------------------------------------------------+
* = FE nested within cluster; treated as redundant for DoF computation

. estimates store t7_jsd

. label variable ars_jsd_sim "ARS JSD"

. 
. esttab t7_lag t7_roll t7_jsd using "`rtf'", append rtf ///
>     keep(lag_sim_mean ars_roll_10 ars_jsd_sim recent_sd_10 ln_recent_volumn_10 ///
>     lag_avg_rating_month rating_last_5 ln_lag_volumn_acc lag_avg_rating_acc ///
>     lag_sd_acc ln_avg_com_RevPAR ln_lag_RevPAR_clean) ///
>     order(lag_sim_mean ars_roll_10 ars_jsd_sim recent_sd_10 ln_recent_volumn_10 ///
>     lag_avg_rating_month rating_last_5 ln_lag_volumn_acc lag_avg_rating_acc ///
>     lag_sd_acc ln_avg_com_RevPAR ln_lag_RevPAR_clean) ///
>     cells(b(star fmt(3)) se(par fmt(3))) ///
>     star(* 0.10 ** 0.05 *** 0.01 **** 0.001) ///
>     stats(N r2_a, labels("Observations" "Adjusted R-squared") fmt(%12.0fc %9.3f)) ///
>     mtitles("ARS lag" "ARS roll" "ARS JSD") label nogap compress ///
>     title("Table 7. Alternative ARS measurements") ///
>     addnotes("Standard errors are clustered at the hotel level." ///
>     "The three columns respectively use lagged ARS, rolling-window ARS, and JSD-based ARS.")
(output written to /Users/samxie/Research/ReviewSimi_Sales/Code/outputs/paper/rtf-0722/reviewsimi-revenue-tables5-8-new-controls-260722.rtf)

. 
. ************************************************************
. * Table 8. 5--50-review ARS windows.  Each column uses the ARS,
. * recent-rating-SD, and recent-review-volume variables for that scope.
. ************************************************************
. use "`data_scope'", clear

. keep if cs_sample_focus100 == 1
(5,406 observations deleted)

. capture confirm variable hotel_id_num

. if _rc {
.     capture confirm numeric variable HotelID
.     if _rc encode HotelID, gen(hotel_id_num)
.     else gen long hotel_id_num = HotelID
. }

. capture confirm variable ym

. if _rc gen int ym = monthly(year_month, "YM")

. format ym %tm

. xtset hotel_id_num ym

Panel variable: hotel_id_num (unbalanced)
 Time variable: ym_date, 3512m5 to 3867m6, but with gaps
         Delta: 1 month

. foreach s in 5 10 15 20 30 35 40 45 50 {
  2.     label variable recent_sd_`s' "Recent rating SD (`s' reviews)"
  3.     label variable ln_recent_volumn_`s' "ln(Recent review volume, `s' reviews)"
  4. }

. label variable lag_avg_rating_month "Rating month, t-1"

. label variable rating_last_5 "Rating last 5, t"

. label variable ln_lag_volumn_acc "ln(Accumulated review volume)"

. label variable lag_avg_rating_acc "Accumulated rating, t-1"

. label variable lag_sd_acc "Accumulated rating SD, t-1"

. label variable ln_avg_com_RevPAR "ln(Competitor RevPAR)"

. label variable ln_lag_RevPAR_clean "ln(RevPAR), t-1"

. 
. reghdfe ln_RevPAR_clean sim_mean_5 ///
>     recent_sd_5 ln_recent_volumn_5 lag_avg_rating_month rating_last_5 ///
>     ln_lag_volumn_acc lag_avg_rating_acc lag_sd_acc ///
>     ln_avg_com_RevPAR ln_lag_RevPAR_clean, ///
>     absorb(hotel_id_num ym) vce(cluster hotel_id_num)
(dropped 2 singleton observations)
(MWFE estimator converged in 7 iterations)

HDFE Linear regression                            Number of obs   =     33,546
Absorbing 2 HDFE groups                           F(  10,    557) =      83.44
Statistics robust to heteroskedasticity           Prob > F        =     0.0000
                                                  R-squared       =     0.8569
                                                  Adj R-squared   =     0.8538
                                                  Within R-sq.    =     0.2520
Number of clusters (hotel_id_num) =        558    Root MSE        =     0.2654

                                 (Std. err. adjusted for 558 clusters in hotel_id_num)
--------------------------------------------------------------------------------------
                     |               Robust
     ln_RevPAR_clean | Coefficient  std. err.      t    P>|t|     [95% conf. interval]
---------------------+----------------------------------------------------------------
          sim_mean_5 |  -.1396618   .0499698    -2.79   0.005     -.237814   -.0415096
         recent_sd_5 |  -.0077752   .0058358    -1.33   0.183     -.019238    .0036876
  ln_recent_volumn_5 |   .0708931   .0073029     9.71   0.000     .0565485    .0852377
lag_avg_rating_month |   .0072236   .0022411     3.22   0.001     .0028215    .0116257
       rating_last_5 |   .0013008    .002561     0.51   0.612    -.0037296    .0063312
   ln_lag_volumn_acc |   .0363833   .0083132     4.38   0.000     .0200542    .0527124
  lag_avg_rating_acc |   .0204515   .0306646     0.67   0.505     -.039781     .080684
          lag_sd_acc |  -.0065775   .0372153    -0.18   0.860    -.0796769     .066522
   ln_avg_com_RevPAR |   .1299531   .0136642     9.51   0.000     .1031134    .1567928
 ln_lag_RevPAR_clean |   .3976032   .0286784    13.86   0.000     .3412722    .4539341
               _cons |    1.59458   .1729574     9.22   0.000     1.254851    1.934308
--------------------------------------------------------------------------------------

Absorbed degrees of freedom:
------------------------------------------------------+
  Absorbed FE | Categories  - Redundant  = Num. Coefs |
--------------+---------------------------------------|
 hotel_id_num |       558         558           0    *|
      ym_date |       135           1         134     |
------------------------------------------------------+
* = FE nested within cluster; treated as redundant for DoF computation

. estimates store t8_scope5

. label variable sim_mean_5 "ARS (5 reviews)"

. 
. reghdfe ln_RevPAR_clean sim_mean_10 ///
>     recent_sd_10 ln_recent_volumn_10 lag_avg_rating_month rating_last_5 ///
>     ln_lag_volumn_acc lag_avg_rating_acc lag_sd_acc ///
>     ln_avg_com_RevPAR ln_lag_RevPAR_clean, ///
>     absorb(hotel_id_num ym) vce(cluster hotel_id_num)
(dropped 2 singleton observations)
(MWFE estimator converged in 7 iterations)

HDFE Linear regression                            Number of obs   =     33,546
Absorbing 2 HDFE groups                           F(  10,    557) =      80.40
Statistics robust to heteroskedasticity           Prob > F        =     0.0000
                                                  R-squared       =     0.8568
                                                  Adj R-squared   =     0.8537
                                                  Within R-sq.    =     0.2512
Number of clusters (hotel_id_num) =        558    Root MSE        =     0.2655

                                 (Std. err. adjusted for 558 clusters in hotel_id_num)
--------------------------------------------------------------------------------------
                     |               Robust
     ln_RevPAR_clean | Coefficient  std. err.      t    P>|t|     [95% conf. interval]
---------------------+----------------------------------------------------------------
         sim_mean_10 |  -.1802589   .0679161    -2.65   0.008    -.3136619   -.0468558
        recent_sd_10 |  -.0154018     .00811    -1.90   0.058    -.0313317    .0005281
 ln_recent_volumn_10 |   .0866087   .0101137     8.56   0.000     .0667431    .1064742
lag_avg_rating_month |   .0070592   .0022112     3.19   0.001      .002716    .0114025
       rating_last_5 |   .0012139   .0025583     0.47   0.635    -.0038112    .0062389
   ln_lag_volumn_acc |   .0339516   .0083727     4.06   0.000     .0175056    .0503976
  lag_avg_rating_acc |   .0201067   .0308752     0.65   0.515    -.0405394    .0807527
          lag_sd_acc |  -.0073695   .0377285    -0.20   0.845    -.0814771    .0667381
   ln_avg_com_RevPAR |   .1303443    .013695     9.52   0.000     .1034441    .1572446
 ln_lag_RevPAR_clean |   .3978797   .0287142    13.86   0.000     .3414784     .454281
               _cons |    1.55553   .1730597     8.99   0.000       1.2156    1.895459
--------------------------------------------------------------------------------------

Absorbed degrees of freedom:
------------------------------------------------------+
  Absorbed FE | Categories  - Redundant  = Num. Coefs |
--------------+---------------------------------------|
 hotel_id_num |       558         558           0    *|
      ym_date |       135           1         134     |
------------------------------------------------------+
* = FE nested within cluster; treated as redundant for DoF computation

. estimates store t8_scope10

. label variable sim_mean_10 "ARS (10 reviews)"

. 
. reghdfe ln_RevPAR_clean sim_mean_15 ///
>     recent_sd_15 ln_recent_volumn_15 lag_avg_rating_month rating_last_5 ///
>     ln_lag_volumn_acc lag_avg_rating_acc lag_sd_acc ///
>     ln_avg_com_RevPAR ln_lag_RevPAR_clean, ///
>     absorb(hotel_id_num ym) vce(cluster hotel_id_num)
(dropped 2 singleton observations)
(MWFE estimator converged in 7 iterations)

HDFE Linear regression                            Number of obs   =     33,546
Absorbing 2 HDFE groups                           F(  10,    557) =      78.05
Statistics robust to heteroskedasticity           Prob > F        =     0.0000
                                                  R-squared       =     0.8566
                                                  Adj R-squared   =     0.8535
                                                  Within R-sq.    =     0.2504
Number of clusters (hotel_id_num) =        558    Root MSE        =     0.2657

                                 (Std. err. adjusted for 558 clusters in hotel_id_num)
--------------------------------------------------------------------------------------
                     |               Robust
     ln_RevPAR_clean | Coefficient  std. err.      t    P>|t|     [95% conf. interval]
---------------------+----------------------------------------------------------------
         sim_mean_15 |  -.2174439    .080542    -2.70   0.007    -.3756472   -.0592407
        recent_sd_15 |  -.0231922   .0096087    -2.41   0.016    -.0420658   -.0043185
 ln_recent_volumn_15 |   .0895646   .0120211     7.45   0.000     .0659525    .1131768
lag_avg_rating_month |   .0070314   .0021696     3.24   0.001     .0027698    .0112929
       rating_last_5 |   .0012753   .0025816     0.49   0.621    -.0037955    .0063461
   ln_lag_volumn_acc |   .0311217   .0084761     3.67   0.000     .0144726    .0477708
  lag_avg_rating_acc |   .0195062   .0309464     0.63   0.529    -.0412796    .0802921
          lag_sd_acc |  -.0073611   .0380943    -0.19   0.847    -.0821871    .0674649
   ln_avg_com_RevPAR |    .130644   .0137252     9.52   0.000     .1036846    .1576034
 ln_lag_RevPAR_clean |   .3984919    .028719    13.88   0.000      .342081    .4549028
               _cons |   1.555296   .1725628     9.01   0.000     1.216343    1.894249
--------------------------------------------------------------------------------------

Absorbed degrees of freedom:
------------------------------------------------------+
  Absorbed FE | Categories  - Redundant  = Num. Coefs |
--------------+---------------------------------------|
 hotel_id_num |       558         558           0    *|
      ym_date |       135           1         134     |
------------------------------------------------------+
* = FE nested within cluster; treated as redundant for DoF computation

. estimates store t8_scope15

. label variable sim_mean_15 "ARS (15 reviews)"

. 
. reghdfe ln_RevPAR_clean sim_mean_20 ///
>     recent_sd_20 ln_recent_volumn_20 lag_avg_rating_month rating_last_5 ///
>     ln_lag_volumn_acc lag_avg_rating_acc lag_sd_acc ///
>     ln_avg_com_RevPAR ln_lag_RevPAR_clean, ///
>     absorb(hotel_id_num ym) vce(cluster hotel_id_num)
(dropped 2 singleton observations)
(MWFE estimator converged in 7 iterations)

HDFE Linear regression                            Number of obs   =     33,546
Absorbing 2 HDFE groups                           F(  10,    557) =      75.36
Statistics robust to heteroskedasticity           Prob > F        =     0.0000
                                                  R-squared       =     0.8565
                                                  Adj R-squared   =     0.8534
                                                  Within R-sq.    =     0.2497
Number of clusters (hotel_id_num) =        558    Root MSE        =     0.2658

                                 (Std. err. adjusted for 558 clusters in hotel_id_num)
--------------------------------------------------------------------------------------
                     |               Robust
     ln_RevPAR_clean | Coefficient  std. err.      t    P>|t|     [95% conf. interval]
---------------------+----------------------------------------------------------------
         sim_mean_20 |  -.2732796   .0937349    -2.92   0.004    -.4573967   -.0891624
        recent_sd_20 |  -.0298564   .0113152    -2.64   0.009    -.0520821   -.0076306
 ln_recent_volumn_20 |   .0820332   .0131034     6.26   0.000     .0562951    .1077712
lag_avg_rating_month |   .0072374   .0021453     3.37   0.001     .0030235    .0114513
       rating_last_5 |   .0015413    .002577     0.60   0.550    -.0035206    .0066032
   ln_lag_volumn_acc |   .0295018    .008676     3.40   0.001     .0124602    .0465434
  lag_avg_rating_acc |   .0199592   .0308889     0.65   0.518    -.0407138    .0806321
          lag_sd_acc |  -.0063136   .0383013    -0.16   0.869    -.0815462    .0689189
   ln_avg_com_RevPAR |   .1309611   .0137592     9.52   0.000     .1039349    .1579873
 ln_lag_RevPAR_clean |    .399366    .028704    13.91   0.000     .3429847    .4557473
               _cons |   1.583104   .1726616     9.17   0.000     1.243957    1.922251
--------------------------------------------------------------------------------------

Absorbed degrees of freedom:
------------------------------------------------------+
  Absorbed FE | Categories  - Redundant  = Num. Coefs |
--------------+---------------------------------------|
 hotel_id_num |       558         558           0    *|
      ym_date |       135           1         134     |
------------------------------------------------------+
* = FE nested within cluster; treated as redundant for DoF computation

. estimates store t8_scope20

. label variable sim_mean_20 "ARS (20 reviews)"

. 
. reghdfe ln_RevPAR_clean sim_mean_30 ///
>     recent_sd_30 ln_recent_volumn_30 lag_avg_rating_month rating_last_5 ///
>     ln_lag_volumn_acc lag_avg_rating_acc lag_sd_acc ///
>     ln_avg_com_RevPAR ln_lag_RevPAR_clean, ///
>     absorb(hotel_id_num ym) vce(cluster hotel_id_num)
(dropped 2 singleton observations)
(MWFE estimator converged in 7 iterations)

HDFE Linear regression                            Number of obs   =     33,546
Absorbing 2 HDFE groups                           F(  10,    557) =      70.69
Statistics robust to heteroskedasticity           Prob > F        =     0.0000
                                                  R-squared       =     0.8562
                                                  Adj R-squared   =     0.8531
                                                  Within R-sq.    =     0.2483
Number of clusters (hotel_id_num) =        558    Root MSE        =     0.2661

                                 (Std. err. adjusted for 558 clusters in hotel_id_num)
--------------------------------------------------------------------------------------
                     |               Robust
     ln_RevPAR_clean | Coefficient  std. err.      t    P>|t|     [95% conf. interval]
---------------------+----------------------------------------------------------------
         sim_mean_30 |  -.1662814   .1090838    -1.52   0.128    -.3805473    .0479846
        recent_sd_30 |    -.02461   .0143172    -1.72   0.086    -.0527323    .0035123
 ln_recent_volumn_30 |   .0515816   .0138154     3.73   0.000      .024445    .0787182
lag_avg_rating_month |   .0075081   .0021337     3.52   0.000     .0033171    .0116992
       rating_last_5 |    .002025   .0025533     0.79   0.428    -.0029903    .0070403
   ln_lag_volumn_acc |   .0298569   .0092116     3.24   0.001     .0117631    .0479507
  lag_avg_rating_acc |   .0221774   .0307713     0.72   0.471    -.0382646    .0826194
          lag_sd_acc |  -.0075369   .0388831    -0.19   0.846    -.0839124    .0688386
   ln_avg_com_RevPAR |   .1314373   .0138095     9.52   0.000     .1043121    .1585624
 ln_lag_RevPAR_clean |   .4013266   .0286779    13.99   0.000     .3449965    .4576568
               _cons |   1.604926   .1722372     9.32   0.000     1.266612     1.94324
--------------------------------------------------------------------------------------

Absorbed degrees of freedom:
------------------------------------------------------+
  Absorbed FE | Categories  - Redundant  = Num. Coefs |
--------------+---------------------------------------|
 hotel_id_num |       558         558           0    *|
      ym_date |       135           1         134     |
------------------------------------------------------+
* = FE nested within cluster; treated as redundant for DoF computation

. estimates store t8_scope30

. label variable sim_mean_30 "ARS (30 reviews)"

. 
. reghdfe ln_RevPAR_clean sim_mean_35 ///
>     recent_sd_35 ln_recent_volumn_35 lag_avg_rating_month rating_last_5 ///
>     ln_lag_volumn_acc lag_avg_rating_acc lag_sd_acc ///
>     ln_avg_com_RevPAR ln_lag_RevPAR_clean, ///
>     absorb(hotel_id_num ym) vce(cluster hotel_id_num)
(dropped 2 singleton observations)
(MWFE estimator converged in 7 iterations)

HDFE Linear regression                            Number of obs   =     33,546
Absorbing 2 HDFE groups                           F(  10,    557) =      69.98
Statistics robust to heteroskedasticity           Prob > F        =     0.0000
                                                  R-squared       =     0.8561
                                                  Adj R-squared   =     0.8531
                                                  Within R-sq.    =     0.2480
Number of clusters (hotel_id_num) =        558    Root MSE        =     0.2661

                                 (Std. err. adjusted for 558 clusters in hotel_id_num)
--------------------------------------------------------------------------------------
                     |               Robust
     ln_RevPAR_clean | Coefficient  std. err.      t    P>|t|     [95% conf. interval]
---------------------+----------------------------------------------------------------
         sim_mean_35 |  -.1578667   .1153163    -1.37   0.172    -.3843746    .0686412
        recent_sd_35 |  -.0272875   .0151846    -1.80   0.073    -.0571136    .0025386
 ln_recent_volumn_35 |   .0376512   .0137772     2.73   0.006     .0105896    .0647129
lag_avg_rating_month |   .0075441    .002135     3.53   0.000     .0033504    .0117377
       rating_last_5 |   .0020868   .0025441     0.82   0.412    -.0029103     .007084
   ln_lag_volumn_acc |   .0316437   .0094797     3.34   0.001     .0130234     .050264
  lag_avg_rating_acc |   .0241445   .0307009     0.79   0.432    -.0361591    .0844482
          lag_sd_acc |  -.0023342   .0388601    -0.06   0.952    -.0786645    .0739961
   ln_avg_com_RevPAR |   .1315255   .0138143     9.52   0.000     .1043911    .1586599
 ln_lag_RevPAR_clean |   .4018057   .0286633    14.02   0.000     .3455042    .4581072
               _cons |    1.62412   .1723444     9.42   0.000     1.285596    1.962644
--------------------------------------------------------------------------------------

Absorbed degrees of freedom:
------------------------------------------------------+
  Absorbed FE | Categories  - Redundant  = Num. Coefs |
--------------+---------------------------------------|
 hotel_id_num |       558         558           0    *|
      ym_date |       135           1         134     |
------------------------------------------------------+
* = FE nested within cluster; treated as redundant for DoF computation

. estimates store t8_scope35

. label variable sim_mean_35 "ARS (35 reviews)"

. 
. reghdfe ln_RevPAR_clean sim_mean_40 ///
>     recent_sd_40 ln_recent_volumn_40 lag_avg_rating_month rating_last_5 ///
>     ln_lag_volumn_acc lag_avg_rating_acc lag_sd_acc ///
>     ln_avg_com_RevPAR ln_lag_RevPAR_clean, ///
>     absorb(hotel_id_num ym) vce(cluster hotel_id_num)
(dropped 2 singleton observations)
(MWFE estimator converged in 7 iterations)

HDFE Linear regression                            Number of obs   =     33,546
Absorbing 2 HDFE groups                           F(  10,    557) =      69.74
Statistics robust to heteroskedasticity           Prob > F        =     0.0000
                                                  R-squared       =     0.8561
                                                  Adj R-squared   =     0.8530
                                                  Within R-sq.    =     0.2478
Number of clusters (hotel_id_num) =        558    Root MSE        =     0.2661

                                 (Std. err. adjusted for 558 clusters in hotel_id_num)
--------------------------------------------------------------------------------------
                     |               Robust
     ln_RevPAR_clean | Coefficient  std. err.      t    P>|t|     [95% conf. interval]
---------------------+----------------------------------------------------------------
         sim_mean_40 |  -.1007585   .1229517    -0.82   0.413    -.3422642    .1407471
        recent_sd_40 |  -.0290429   .0165712    -1.75   0.080    -.0615925    .0035067
 ln_recent_volumn_40 |   .0256407   .0136655     1.88   0.061    -.0012015    .0524829
lag_avg_rating_month |   .0074379   .0021441     3.47   0.001     .0032264    .0116495
       rating_last_5 |   .0020014   .0025214     0.79   0.428    -.0029511     .006954
   ln_lag_volumn_acc |   .0334047   .0097498     3.43   0.001     .0142538    .0525557
  lag_avg_rating_acc |   .0251403   .0306812     0.82   0.413    -.0351246    .0854052
          lag_sd_acc |    .003505   .0388521     0.09   0.928    -.0728095    .0798195
   ln_avg_com_RevPAR |   .1315565   .0138155     9.52   0.000     .1044197    .1586934
 ln_lag_RevPAR_clean |   .4021851   .0286482    14.04   0.000     .3459134    .4584568
               _cons |   1.629688   .1722792     9.46   0.000     1.291292    1.968085
--------------------------------------------------------------------------------------

Absorbed degrees of freedom:
------------------------------------------------------+
  Absorbed FE | Categories  - Redundant  = Num. Coefs |
--------------+---------------------------------------|
 hotel_id_num |       558         558           0    *|
      ym_date |       135           1         134     |
------------------------------------------------------+
* = FE nested within cluster; treated as redundant for DoF computation

. estimates store t8_scope40

. label variable sim_mean_40 "ARS (40 reviews)"

. 
. reghdfe ln_RevPAR_clean sim_mean_45 ///
>     recent_sd_45 ln_recent_volumn_45 lag_avg_rating_month rating_last_5 ///
>     ln_lag_volumn_acc lag_avg_rating_acc lag_sd_acc ///
>     ln_avg_com_RevPAR ln_lag_RevPAR_clean, ///
>     absorb(hotel_id_num ym) vce(cluster hotel_id_num)
(dropped 2 singleton observations)
(MWFE estimator converged in 7 iterations)

HDFE Linear regression                            Number of obs   =     33,546
Absorbing 2 HDFE groups                           F(  10,    557) =      69.35
Statistics robust to heteroskedasticity           Prob > F        =     0.0000
                                                  R-squared       =     0.8561
                                                  Adj R-squared   =     0.8530
                                                  Within R-sq.    =     0.2477
Number of clusters (hotel_id_num) =        558    Root MSE        =     0.2662

                                 (Std. err. adjusted for 558 clusters in hotel_id_num)
--------------------------------------------------------------------------------------
                     |               Robust
     ln_RevPAR_clean | Coefficient  std. err.      t    P>|t|     [95% conf. interval]
---------------------+----------------------------------------------------------------
         sim_mean_45 |  -.0804716   .1300733    -0.62   0.536    -.3359658    .1750225
        recent_sd_45 |  -.0336577   .0177218    -1.90   0.058    -.0684674    .0011519
 ln_recent_volumn_45 |   .0165747   .0136694     1.21   0.226    -.0102753    .0434246
lag_avg_rating_month |   .0073646   .0021292     3.46   0.001     .0031824    .0115468
       rating_last_5 |   .0019068   .0025325     0.75   0.452    -.0030677    .0068812
   ln_lag_volumn_acc |   .0352914   .0100367     3.52   0.000      .015577    .0550059
  lag_avg_rating_acc |   .0259959    .030671     0.85   0.397     -.034249    .0862409
          lag_sd_acc |   .0106304   .0390009     0.27   0.785    -.0659765    .0872373
   ln_avg_com_RevPAR |   .1315585   .0138141     9.52   0.000     .1044244    .1586927
 ln_lag_RevPAR_clean |   .4023347   .0286409    14.05   0.000     .3460773    .4585921
               _cons |   1.640071   .1730102     9.48   0.000     1.300238    1.979903
--------------------------------------------------------------------------------------

Absorbed degrees of freedom:
------------------------------------------------------+
  Absorbed FE | Categories  - Redundant  = Num. Coefs |
--------------+---------------------------------------|
 hotel_id_num |       558         558           0    *|
      ym_date |       135           1         134     |
------------------------------------------------------+
* = FE nested within cluster; treated as redundant for DoF computation

. estimates store t8_scope45

. label variable sim_mean_45 "ARS (45 reviews)"

. 
. reghdfe ln_RevPAR_clean sim_mean_50 ///
>     recent_sd_50 ln_recent_volumn_50 lag_avg_rating_month rating_last_5 ///
>     ln_lag_volumn_acc lag_avg_rating_acc lag_sd_acc ///
>     ln_avg_com_RevPAR ln_lag_RevPAR_clean, ///
>     absorb(hotel_id_num ym) vce(cluster hotel_id_num)
(dropped 2 singleton observations)
(MWFE estimator converged in 7 iterations)

HDFE Linear regression                            Number of obs   =     33,546
Absorbing 2 HDFE groups                           F(  10,    557) =      69.07
Statistics robust to heteroskedasticity           Prob > F        =     0.0000
                                                  R-squared       =     0.8561
                                                  Adj R-squared   =     0.8530
                                                  Within R-sq.    =     0.2477
Number of clusters (hotel_id_num) =        558    Root MSE        =     0.2662

                                 (Std. err. adjusted for 558 clusters in hotel_id_num)
--------------------------------------------------------------------------------------
                     |               Robust
     ln_RevPAR_clean | Coefficient  std. err.      t    P>|t|     [95% conf. interval]
---------------------+----------------------------------------------------------------
         sim_mean_50 |  -.1075701   .1356052    -0.79   0.428    -.3739302      .15879
        recent_sd_50 |  -.0416522   .0191132    -2.18   0.030     -.079195   -.0041094
 ln_recent_volumn_50 |   .0096135   .0136682     0.70   0.482    -.0172341    .0364611
lag_avg_rating_month |   .0073209   .0021271     3.44   0.001     .0031428    .0114989
       rating_last_5 |   .0018247   .0025212     0.72   0.470    -.0031275    .0067768
   ln_lag_volumn_acc |    .037354   .0102888     3.63   0.000     .0171444    .0575637
  lag_avg_rating_acc |   .0269754   .0306701     0.88   0.379    -.0332678    .0872185
          lag_sd_acc |   .0193868   .0393188     0.49   0.622    -.0578444     .096618
   ln_avg_com_RevPAR |   .1315253   .0138056     9.53   0.000     .1044078    .1586428
 ln_lag_RevPAR_clean |   .4023869   .0286332    14.05   0.000     .3461446    .4586291
               _cons |   1.658739   .1733418     9.57   0.000     1.318256    1.999223
--------------------------------------------------------------------------------------

Absorbed degrees of freedom:
------------------------------------------------------+
  Absorbed FE | Categories  - Redundant  = Num. Coefs |
--------------+---------------------------------------|
 hotel_id_num |       558         558           0    *|
      ym_date |       135           1         134     |
------------------------------------------------------+
* = FE nested within cluster; treated as redundant for DoF computation

. estimates store t8_scope50

. label variable sim_mean_50 "ARS (50 reviews)"

. 
. esttab t8_scope5 t8_scope10 t8_scope15 t8_scope20 t8_scope30 ///
>     t8_scope35 t8_scope40 t8_scope45 t8_scope50 using "`rtf'", append rtf ///
>     keep(sim_mean_5 sim_mean_10 sim_mean_15 sim_mean_20 sim_mean_30 ///
>     sim_mean_35 sim_mean_40 sim_mean_45 sim_mean_50 ///
>     recent_sd_5 recent_sd_10 recent_sd_15 recent_sd_20 recent_sd_30 ///
>     recent_sd_35 recent_sd_40 recent_sd_45 recent_sd_50 ///
>     ln_recent_volumn_5 ln_recent_volumn_10 ln_recent_volumn_15 ///
>     ln_recent_volumn_20 ln_recent_volumn_30 ln_recent_volumn_35 ///
>     ln_recent_volumn_40 ln_recent_volumn_45 ln_recent_volumn_50 ///
>     lag_avg_rating_month rating_last_5 ln_lag_volumn_acc ///
>     lag_avg_rating_acc lag_sd_acc ln_avg_com_RevPAR ln_lag_RevPAR_clean) ///
>     order(sim_mean_5 sim_mean_10 sim_mean_15 sim_mean_20 sim_mean_30 ///
>     sim_mean_35 sim_mean_40 sim_mean_45 sim_mean_50 ///
>     recent_sd_5 recent_sd_10 recent_sd_15 recent_sd_20 recent_sd_30 ///
>     recent_sd_35 recent_sd_40 recent_sd_45 recent_sd_50 ///
>     ln_recent_volumn_5 ln_recent_volumn_10 ln_recent_volumn_15 ///
>     ln_recent_volumn_20 ln_recent_volumn_30 ln_recent_volumn_35 ///
>     ln_recent_volumn_40 ln_recent_volumn_45 ln_recent_volumn_50 ///
>     lag_avg_rating_month rating_last_5 ln_lag_volumn_acc ///
>     lag_avg_rating_acc lag_sd_acc ln_avg_com_RevPAR ln_lag_RevPAR_clean) ///
>     cells(b(star fmt(3)) se(par fmt(3))) ///
>     star(* 0.10 ** 0.05 *** 0.01 **** 0.001) ///
>     stats(N r2_a, labels("Observations" "Adjusted R-squared") fmt(%12.0fc %9.3f)) ///
>     mtitles("5" "10" "15" "20" "30" "35" "40" "45" "50") label nogap compress ///
>     title("Table 8. Alternative review-history scopes") ///
>     addnotes("Standard errors are clustered at the hotel level." ///
>     "ARS, recent rating SD, and recent review volume use the review-history scope shown in each column.")
(output written to /Users/samxie/Research/ReviewSimi_Sales/Code/outputs/paper/rtf-0722/reviewsimi-revenue-tables5-8-new-controls-260722.rtf)

. 
. log close
      name:  <unnamed>
       log:  /Users/samxie/Research/ReviewSimi_Sales/Code/stata-log/run_tables5_8_new_controls_260722.log
  log type:  text
 closed on:  22 Jul 2026, 16:26:05
---------------------------------------------------------------------------------------------------------------------------------------------------------------------------------------------------------------------------------------------------------------
