---------------------------------------------------------------------------------------------------------------------------------------------------------------------------------------------------------------------------------------------------------------
      name:  <unnamed>
       log:  /Users/samxie/Research/ReviewSimi_Sales/Code/stata-log/run_event_month_pool_gt100_organization_boundaries_260711.log
  log type:  text
 opened on:  12 Jul 2026, 17:59:59

. estimates clear

. 
. * O1-O4 chain form and size.
. reghdfe ln_RevPAR_clean_w199 c.sim_mean##i.chain ln_recent_volumn recent_rating recent_sd ln_lag_volumn_acc lag_avg_rating_acc lag_sd_acc ln_avg_com_RevPAR ln_lag_RevPAR_clean_w199 if !missing(sim_mean, chain), absorb(hotel_id_num ym) vce(cluster hotel_
> id_num)
(dropped 2 singleton observations)
(MWFE estimator converged in 7 iterations)
note: 1bn.chain is probably collinear with the fixed effects (all partialled-out values are close to zero; tol = 1.0e-09)

HDFE Linear regression                            Number of obs   =     33,317
Absorbing 2 HDFE groups                           F(  10,    555) =     128.84
Statistics robust to heteroskedasticity           Prob > F        =     0.0000
                                                  R-squared       =     0.8777
                                                  Adj R-squared   =     0.8750
                                                  Within R-sq.    =     0.3040
Number of clusters (hotel_id_num) =        556    Root MSE        =     0.2291

                                     (Std. err. adjusted for 556 clusters in hotel_id_num)
------------------------------------------------------------------------------------------
                         |               Robust
    ln_RevPAR_clean_w199 | Coefficient  std. err.      t    P>|t|     [95% conf. interval]
-------------------------+----------------------------------------------------------------
                sim_mean |  -.0568226   .0470718    -1.21   0.228    -.1492833    .0356382
                 1.chain |          0  (omitted)
                         |
        chain#c.sim_mean |
                      1  |  -.0315483   .0550736    -0.57   0.567    -.1397264    .0766298
                         |
        ln_recent_volumn |   .0783644   .0087937     8.91   0.000     .0610914    .0956375
           recent_rating |   .0207218   .0059787     3.47   0.001     .0089781    .0324655
               recent_sd |   .0024276   .0074454     0.33   0.745    -.0121971    .0170522
       ln_lag_volumn_acc |    .028098   .0071028     3.96   0.000     .0141464    .0420496
      lag_avg_rating_acc |   .0039969   .0277335     0.14   0.885    -.0504786    .0584723
              lag_sd_acc |  -.0130751   .0343728    -0.38   0.704    -.0805918    .0544417
       ln_avg_com_RevPAR |   .1202412   .0119912    10.03   0.000     .0966875    .1437948
ln_lag_RevPAR_clean_w199 |   .4398382   .0176853    24.87   0.000     .4050998    .4745765
                   _cons |   1.447024   .1499387     9.65   0.000     1.152507    1.741541
------------------------------------------------------------------------------------------

Absorbed degrees of freedom:
------------------------------------------------------+
  Absorbed FE | Categories  - Redundant  = Num. Coefs |
--------------+---------------------------------------|
 hotel_id_num |       556         556           0    *|
           ym |       135           1         134     |
------------------------------------------------------+
* = FE nested within cluster; treated as redundant for DoF computation

. estimates store O1_chain

. reghdfe ln_RevPAR_clean_w199 c.sim_mean##i.independent ln_recent_volumn recent_rating recent_sd ln_lag_volumn_acc lag_avg_rating_acc lag_sd_acc ln_avg_com_RevPAR ln_lag_RevPAR_clean_w199 if !missing(sim_mean, independent), absorb(hotel_id_num ym) vce(cl
> uster hotel_id_num)
(dropped 2 singleton observations)
(MWFE estimator converged in 7 iterations)
note: 1bn.independent is probably collinear with the fixed effects (all partialled-out values are close to zero; tol = 1.0e-09)

HDFE Linear regression                            Number of obs   =     33,317
Absorbing 2 HDFE groups                           F(  10,    555) =     128.84
Statistics robust to heteroskedasticity           Prob > F        =     0.0000
                                                  R-squared       =     0.8777
                                                  Adj R-squared   =     0.8750
                                                  Within R-sq.    =     0.3040
Number of clusters (hotel_id_num) =        556    Root MSE        =     0.2291

                                     (Std. err. adjusted for 556 clusters in hotel_id_num)
------------------------------------------------------------------------------------------
                         |               Robust
    ln_RevPAR_clean_w199 | Coefficient  std. err.      t    P>|t|     [95% conf. interval]
-------------------------+----------------------------------------------------------------
                sim_mean |  -.0883708   .0296398    -2.98   0.003    -.1465907    -.030151
           1.independent |          0  (omitted)
                         |
  independent#c.sim_mean |
                      1  |   .0315483   .0550736     0.57   0.567    -.0766298    .1397264
                         |
        ln_recent_volumn |   .0783644   .0087937     8.91   0.000     .0610914    .0956375
           recent_rating |   .0207218   .0059787     3.47   0.001     .0089781    .0324655
               recent_sd |   .0024276   .0074454     0.33   0.745    -.0121971    .0170522
       ln_lag_volumn_acc |    .028098   .0071028     3.96   0.000     .0141464    .0420496
      lag_avg_rating_acc |   .0039969   .0277335     0.14   0.885    -.0504786    .0584723
              lag_sd_acc |  -.0130751   .0343728    -0.38   0.704    -.0805918    .0544417
       ln_avg_com_RevPAR |   .1202412   .0119912    10.03   0.000     .0966875    .1437948
ln_lag_RevPAR_clean_w199 |   .4398382   .0176853    24.87   0.000     .4050998    .4745765
                   _cons |   1.447024   .1499387     9.65   0.000     1.152507    1.741541
------------------------------------------------------------------------------------------

Absorbed degrees of freedom:
------------------------------------------------------+
  Absorbed FE | Categories  - Redundant  = Num. Coefs |
--------------+---------------------------------------|
 hotel_id_num |       556         556           0    *|
           ym |       135           1         134     |
------------------------------------------------------+
* = FE nested within cluster; treated as redundant for DoF computation

. estimates store O2_independent

. reghdfe ln_RevPAR_clean_w199 c.sim_mean##i.chain_small ln_recent_volumn recent_rating recent_sd ln_lag_volumn_acc lag_avg_rating_acc lag_sd_acc ln_avg_com_RevPAR ln_lag_RevPAR_clean_w199 if !missing(sim_mean, chain_small), absorb(hotel_id_num ym) vce(cl
> uster hotel_id_num)
(dropped 2 singleton observations)
(MWFE estimator converged in 7 iterations)
note: 1bn.chain_small is probably collinear with the fixed effects (all partialled-out values are close to zero; tol = 1.0e-09)

HDFE Linear regression                            Number of obs   =     33,317
Absorbing 2 HDFE groups                           F(  10,    555) =     128.84
Statistics robust to heteroskedasticity           Prob > F        =     0.0000
                                                  R-squared       =     0.8777
                                                  Adj R-squared   =     0.8750
                                                  Within R-sq.    =     0.3040
Number of clusters (hotel_id_num) =        556    Root MSE        =     0.2291

                                     (Std. err. adjusted for 556 clusters in hotel_id_num)
------------------------------------------------------------------------------------------
                         |               Robust
    ln_RevPAR_clean_w199 | Coefficient  std. err.      t    P>|t|     [95% conf. interval]
-------------------------+----------------------------------------------------------------
                sim_mean |  -.0568226   .0470718    -1.21   0.228    -.1492833    .0356382
           1.chain_small |          0  (omitted)
                         |
  chain_small#c.sim_mean |
                      1  |  -.0315483   .0550736    -0.57   0.567    -.1397264    .0766298
                         |
        ln_recent_volumn |   .0783644   .0087937     8.91   0.000     .0610914    .0956375
           recent_rating |   .0207218   .0059787     3.47   0.001     .0089781    .0324655
               recent_sd |   .0024276   .0074454     0.33   0.745    -.0121971    .0170522
       ln_lag_volumn_acc |    .028098   .0071028     3.96   0.000     .0141464    .0420496
      lag_avg_rating_acc |   .0039969   .0277335     0.14   0.885    -.0504786    .0584723
              lag_sd_acc |  -.0130751   .0343728    -0.38   0.704    -.0805918    .0544417
       ln_avg_com_RevPAR |   .1202412   .0119912    10.03   0.000     .0966875    .1437948
ln_lag_RevPAR_clean_w199 |   .4398382   .0176853    24.87   0.000     .4050998    .4745765
                   _cons |   1.447024   .1499387     9.65   0.000     1.152507    1.741541
------------------------------------------------------------------------------------------

Absorbed degrees of freedom:
------------------------------------------------------+
  Absorbed FE | Categories  - Redundant  = Num. Coefs |
--------------+---------------------------------------|
 hotel_id_num |       556         556           0    *|
           ym |       135           1         134     |
------------------------------------------------------+
* = FE nested within cluster; treated as redundant for DoF computation

. estimates store O3_smallchain

. reghdfe ln_RevPAR_clean_w199 c.sim_mean##i.chain3_small ln_recent_volumn recent_rating recent_sd ln_lag_volumn_acc lag_avg_rating_acc lag_sd_acc ln_avg_com_RevPAR ln_lag_RevPAR_clean_w199 if !missing(sim_mean, chain3_small), absorb(hotel_id_num ym) vce(
> cluster hotel_id_num)
(dropped 2 singleton observations)
(MWFE estimator converged in 7 iterations)
note: 1bn.chain3_small is probably collinear with the fixed effects (all partialled-out values are close to zero; tol = 1.0e-09)

HDFE Linear regression                            Number of obs   =     33,317
Absorbing 2 HDFE groups                           F(  10,    555) =     128.84
Statistics robust to heteroskedasticity           Prob > F        =     0.0000
                                                  R-squared       =     0.8777
                                                  Adj R-squared   =     0.8750
                                                  Within R-sq.    =     0.3040
Number of clusters (hotel_id_num) =        556    Root MSE        =     0.2291

                                     (Std. err. adjusted for 556 clusters in hotel_id_num)
------------------------------------------------------------------------------------------
                         |               Robust
    ln_RevPAR_clean_w199 | Coefficient  std. err.      t    P>|t|     [95% conf. interval]
-------------------------+----------------------------------------------------------------
                sim_mean |  -.0566029   .0466846    -1.21   0.226     -.148303    .0350973
          1.chain3_small |          0  (omitted)
                         |
 chain3_small#c.sim_mean |
                      1  |  -.0319905   .0548083    -0.58   0.560    -.1396475    .0756666
                         |
        ln_recent_volumn |   .0783652   .0087935     8.91   0.000     .0610927    .0956377
           recent_rating |   .0207258    .005979     3.47   0.001     .0089815      .03247
               recent_sd |   .0024292   .0074453     0.33   0.744    -.0121952    .0170536
       ln_lag_volumn_acc |   .0280962   .0071028     3.96   0.000     .0141446    .0420478
      lag_avg_rating_acc |    .003994   .0277335     0.14   0.886    -.0504814    .0584695
              lag_sd_acc |  -.0130819   .0343726    -0.38   0.704    -.0805982    .0544344
       ln_avg_com_RevPAR |   .1202421   .0119912    10.03   0.000     .0966884    .1437958
ln_lag_RevPAR_clean_w199 |   .4398366   .0176851    24.87   0.000     .4050987    .4745746
                   _cons |   1.447037   .1499369     9.65   0.000     1.152523     1.74155
------------------------------------------------------------------------------------------

Absorbed degrees of freedom:
------------------------------------------------------+
  Absorbed FE | Categories  - Redundant  = Num. Coefs |
--------------+---------------------------------------|
 hotel_id_num |       556         556           0    *|
           ym |       135           1         134     |
------------------------------------------------------+
* = FE nested within cluster; treated as redundant for DoF computation

. estimates store O4_chain3

. 
. * O5-O7 star-class boundaries.
. reghdfe ln_RevPAR_clean_w199 c.sim_mean##i.star_class_final ln_recent_volumn recent_rating recent_sd ln_lag_volumn_acc lag_avg_rating_acc lag_sd_acc ln_avg_com_RevPAR ln_lag_RevPAR_clean_w199 if !missing(sim_mean, star_class_final), absorb(hotel_id_num 
> ym) vce(cluster hotel_id_num)
(dropped 2 singleton observations)
(MWFE estimator converged in 7 iterations)
note: 3bn.star_class_final is probably collinear with the fixed effects (all partialled-out values are close to zero; tol = 1.0e-09)
note: 4bn.star_class_final is probably collinear with the fixed effects (all partialled-out values are close to zero; tol = 1.0e-09)
note: 5bn.star_class_final is probably collinear with the fixed effects (all partialled-out values are close to zero; tol = 1.0e-09)
note: 6bn.star_class_final is probably collinear with the fixed effects (all partialled-out values are close to zero; tol = 1.0e-09)
note: 7bn.star_class_final is probably collinear with the fixed effects (all partialled-out values are close to zero; tol = 1.0e-09)
note: 8bn.star_class_final is probably collinear with the fixed effects (all partialled-out values are close to zero; tol = 1.0e-09)
note: 9bn.star_class_final is probably collinear with the fixed effects (all partialled-out values are close to zero; tol = 1.0e-09)

HDFE Linear regression                            Number of obs   =     32,614
Absorbing 2 HDFE groups                           F(  16,    544) =      87.96
Statistics robust to heteroskedasticity           Prob > F        =     0.0000
                                                  R-squared       =     0.8769
                                                  Adj R-squared   =     0.8742
                                                  Within R-sq.    =     0.3144
Number of clusters (hotel_id_num) =        545    Root MSE        =     0.2244

                                        (Std. err. adjusted for 545 clusters in hotel_id_num)
---------------------------------------------------------------------------------------------
                            |               Robust
       ln_RevPAR_clean_w199 | Coefficient  std. err.      t    P>|t|     [95% conf. interval]
----------------------------+----------------------------------------------------------------
                   sim_mean |    .292804   .0412904     7.09   0.000     .2116958    .3739122
                            |
           star_class_final |
                         3  |          0  (omitted)
                         4  |          0  (omitted)
                         5  |          0  (omitted)
                         6  |          0  (omitted)
                         7  |          0  (omitted)
                         8  |          0  (omitted)
                         9  |          0  (omitted)
                            |
star_class_final#c.sim_mean |
                         3  |  -.3073644   .0816816    -3.76   0.000    -.4678144   -.1469144
                         4  |  -.3952558   .0594667    -6.65   0.000    -.5120682   -.2784433
                         5  |  -.3560257    .054352    -6.55   0.000    -.4627913   -.2492602
                         6  |  -.5349986   .1061839    -5.04   0.000    -.7435792    -.326418
                         7  |  -.2847912   .1239509    -2.30   0.022    -.5282723   -.0413102
                         8  |  -.5886733   .2474038    -2.38   0.018    -1.074657   -.1026896
                         9  |  -.3628373    .224887    -1.61   0.107    -.8045905     .078916
                            |
           ln_recent_volumn |   .0758528   .0089141     8.51   0.000     .0583426     .093363
              recent_rating |   .0213824   .0059901     3.57   0.000     .0096159     .033149
                  recent_sd |   .0028808   .0075112     0.38   0.701    -.0118737    .0176353
          ln_lag_volumn_acc |   .0261305   .0072203     3.62   0.000     .0119474    .0403135
         lag_avg_rating_acc |   .0064441   .0274517     0.23   0.814    -.0474803    .0603686
                 lag_sd_acc |  -.0107303   .0344472    -0.31   0.756    -.0783961    .0569355
          ln_avg_com_RevPAR |   .1183086   .0118487     9.98   0.000     .0950338    .1415834
   ln_lag_RevPAR_clean_w199 |   .4484222   .0175456    25.56   0.000     .4139567    .4828877
                      _cons |   1.415142   .1498752     9.44   0.000     1.120737    1.709547
---------------------------------------------------------------------------------------------

Absorbed degrees of freedom:
------------------------------------------------------+
  Absorbed FE | Categories  - Redundant  = Num. Coefs |
--------------+---------------------------------------|
 hotel_id_num |       545         545           0    *|
           ym |       135           1         134     |
------------------------------------------------------+
* = FE nested within cluster; treated as redundant for DoF computation

. estimates store O5_starclass

. reghdfe ln_RevPAR_clean_w199 c.sim_mean##ib2.star_class_bucket3 ln_recent_volumn recent_rating recent_sd ln_lag_volumn_acc lag_avg_rating_acc lag_sd_acc ln_avg_com_RevPAR ln_lag_RevPAR_clean_w199 if !missing(sim_mean, star_class_bucket3), absorb(hotel_i
> d_num ym) vce(cluster hotel_id_num)
(dropped 2 singleton observations)
(MWFE estimator converged in 7 iterations)
note: 1bn.star_class_bucket3 is probably collinear with the fixed effects (all partialled-out values are close to zero; tol = 1.0e-09)
note: 3bn.star_class_bucket3 is probably collinear with the fixed effects (all partialled-out values are close to zero; tol = 1.0e-09)

HDFE Linear regression                            Number of obs   =     32,614
Absorbing 2 HDFE groups                           F(  11,    544) =     127.84
Statistics robust to heteroskedasticity           Prob > F        =     0.0000
                                                  R-squared       =     0.8769
                                                  Adj R-squared   =     0.8742
                                                  Within R-sq.    =     0.3143
Number of clusters (hotel_id_num) =        545    Root MSE        =     0.2244

                                          (Std. err. adjusted for 545 clusters in hotel_id_num)
-----------------------------------------------------------------------------------------------
                              |               Robust
         ln_RevPAR_clean_w199 | Coefficient  std. err.      t    P>|t|     [95% conf. interval]
------------------------------+----------------------------------------------------------------
                     sim_mean |  -.0151599   .0715036    -0.21   0.832    -.1556169    .1252972
                              |
           star_class_bucket3 |
                           1  |          0  (omitted)
                           3  |          0  (omitted)
                              |
star_class_bucket3#c.sim_mean |
                           1  |   .3077351   .0815626     3.77   0.000     .1475188    .4679514
                           3  |  -.0701498   .0765947    -0.92   0.360    -.2206075    .0803078
                              |
             ln_recent_volumn |     .07664   .0088704     8.64   0.000     .0592155    .0940644
                recent_rating |   .0214883   .0059881     3.59   0.000     .0097257    .0332508
                    recent_sd |   .0027165   .0075286     0.36   0.718    -.0120722    .0175053
            ln_lag_volumn_acc |   .0259297   .0071779     3.61   0.000       .01183    .0400294
           lag_avg_rating_acc |   .0065901   .0274233     0.24   0.810    -.0472784    .0604586
                   lag_sd_acc |  -.0110509   .0344421    -0.32   0.748    -.0787067     .056605
            ln_avg_com_RevPAR |   .1182175   .0118479     9.98   0.000     .0949443    .1414907
     ln_lag_RevPAR_clean_w199 |   .4485545   .0175496    25.56   0.000     .4140812    .4830277
                        _cons |   1.414362   .1498095     9.44   0.000     1.120086    1.708638
-----------------------------------------------------------------------------------------------

Absorbed degrees of freedom:
------------------------------------------------------+
  Absorbed FE | Categories  - Redundant  = Num. Coefs |
--------------+---------------------------------------|
 hotel_id_num |       545         545           0    *|
           ym |       135           1         134     |
------------------------------------------------------+
* = FE nested within cluster; treated as redundant for DoF computation

. estimates store O6_starbucket

. reghdfe ln_RevPAR_clean_w199 c.sim_mean##i.high_star4 ln_recent_volumn recent_rating recent_sd ln_lag_volumn_acc lag_avg_rating_acc lag_sd_acc ln_avg_com_RevPAR ln_lag_RevPAR_clean_w199 if !missing(sim_mean, high_star4), absorb(hotel_id_num ym) vce(clus
> ter hotel_id_num)
(dropped 2 singleton observations)
(MWFE estimator converged in 7 iterations)
note: 1bn.high_star4 is probably collinear with the fixed effects (all partialled-out values are close to zero; tol = 1.0e-09)

HDFE Linear regression                            Number of obs   =     32,614
Absorbing 2 HDFE groups                           F(  10,    544) =     128.81
Statistics robust to heteroskedasticity           Prob > F        =     0.0000
                                                  R-squared       =     0.8769
                                                  Adj R-squared   =     0.8742
                                                  Within R-sq.    =     0.3143
Number of clusters (hotel_id_num) =        545    Root MSE        =     0.2244

                                     (Std. err. adjusted for 545 clusters in hotel_id_num)
------------------------------------------------------------------------------------------
                         |               Robust
    ln_RevPAR_clean_w199 | Coefficient  std. err.      t    P>|t|     [95% conf. interval]
-------------------------+----------------------------------------------------------------
                sim_mean |  -.0133889   .0711247    -0.19   0.851    -.1531016    .1263238
            1.high_star4 |          0  (omitted)
                         |
   high_star4#c.sim_mean |
                      1  |   -.071923   .0762334    -0.94   0.346    -.2216708    .0778248
                         |
        ln_recent_volumn |   .0766576   .0088724     8.64   0.000     .0592291     .094086
           recent_rating |    .021494    .005988     3.59   0.000     .0097314    .0332565
               recent_sd |   .0027276   .0075291     0.36   0.717    -.0120621    .0175174
       ln_lag_volumn_acc |   .0259525    .007176     3.62   0.000     .0118565    .0400484
      lag_avg_rating_acc |   .0065947   .0274219     0.24   0.810    -.0472711    .0604604
              lag_sd_acc |  -.0109818   .0344409    -0.32   0.750    -.0786351    .0566716
       ln_avg_com_RevPAR |   .1182233   .0118477     9.98   0.000     .0949504    .1414961
ln_lag_RevPAR_clean_w199 |   .4485455   .0175492    25.56   0.000     .4140731    .4830179
                   _cons |   1.414252   .1498214     9.44   0.000     1.119953    1.708552
------------------------------------------------------------------------------------------

Absorbed degrees of freedom:
------------------------------------------------------+
  Absorbed FE | Categories  - Redundant  = Num. Coefs |
--------------+---------------------------------------|
 hotel_id_num |       545         545           0    *|
           ym |       135           1         134     |
------------------------------------------------------+
* = FE nested within cluster; treated as redundant for DoF computation

. estimates store O7_highstar

. 
. * O8-O10 quality level and local quality status.
. reghdfe ln_RevPAR_clean_w199 c.sim_mean##c.lag_avg_rating_acc ln_recent_volumn recent_rating recent_sd ln_lag_volumn_acc lag_sd_acc ln_avg_com_RevPAR ln_lag_RevPAR_clean_w199 if !missing(sim_mean, lag_avg_rating_acc), absorb(hotel_id_num ym) vce(cluster
>  hotel_id_num)
(dropped 2 singleton observations)
(MWFE estimator converged in 7 iterations)

HDFE Linear regression                            Number of obs   =     33,317
Absorbing 2 HDFE groups                           F(  10,    555) =     134.18
Statistics robust to heteroskedasticity           Prob > F        =     0.0000
                                                  R-squared       =     0.8777
                                                  Adj R-squared   =     0.8751
                                                  Within R-sq.    =     0.3041
Number of clusters (hotel_id_num) =        556    Root MSE        =     0.2290

                                            (Std. err. adjusted for 556 clusters in hotel_id_num)
-------------------------------------------------------------------------------------------------
                                |               Robust
           ln_RevPAR_clean_w199 | Coefficient  std. err.      t    P>|t|     [95% conf. interval]
--------------------------------+----------------------------------------------------------------
                       sim_mean |   .1733281   .2040677     0.85   0.396    -.2275114    .5741676
             lag_avg_rating_acc |   .0230032   .0299624     0.77   0.443    -.0358503    .0818568
                                |
c.sim_mean#c.lag_avg_rating_acc |  -.0648211   .0514645    -1.26   0.208    -.1659101    .0362678
                                |
               ln_recent_volumn |   .0785762   .0087667     8.96   0.000     .0613563    .0957961
                  recent_rating |    .020899   .0059771     3.50   0.001     .0091584    .0326396
                      recent_sd |   .0020084   .0074202     0.27   0.787    -.0125666    .0165834
              ln_lag_volumn_acc |   .0280635   .0071049     3.95   0.000     .0141078    .0420193
                     lag_sd_acc |  -.0130244   .0344603    -0.38   0.706    -.0807129    .0546641
              ln_avg_com_RevPAR |   .1202414   .0119882    10.03   0.000     .0966937    .1437892
       ln_lag_RevPAR_clean_w199 |   .4397807   .0176875    24.86   0.000     .4050381    .4745234
                          _cons |   1.372762   .1508627     9.10   0.000      1.07643    1.669093
-------------------------------------------------------------------------------------------------

Absorbed degrees of freedom:
------------------------------------------------------+
  Absorbed FE | Categories  - Redundant  = Num. Coefs |
--------------+---------------------------------------|
 hotel_id_num |       556         556           0    *|
           ym |       135           1         134     |
------------------------------------------------------+
* = FE nested within cluster; treated as redundant for DoF computation

. estimates store O8_qualitylevel

. reghdfe ln_RevPAR_clean_w199 c.sim_mean##i.high_quality_ym ln_recent_volumn recent_rating recent_sd ln_lag_volumn_acc lag_avg_rating_acc lag_sd_acc ln_avg_com_RevPAR ln_lag_RevPAR_clean_w199 if !missing(sim_mean, high_quality_ym), absorb(hotel_id_num ym
> ) vce(cluster hotel_id_num)
(dropped 2 singleton observations)
(MWFE estimator converged in 7 iterations)

HDFE Linear regression                            Number of obs   =     33,317
Absorbing 2 HDFE groups                           F(  11,    555) =     119.14
Statistics robust to heteroskedasticity           Prob > F        =     0.0000
                                                  R-squared       =     0.8777
                                                  Adj R-squared   =     0.8751
                                                  Within R-sq.    =     0.3043
Number of clusters (hotel_id_num) =        556    Root MSE        =     0.2290

                                       (Std. err. adjusted for 556 clusters in hotel_id_num)
--------------------------------------------------------------------------------------------
                           |               Robust
      ln_RevPAR_clean_w199 | Coefficient  std. err.      t    P>|t|     [95% conf. interval]
---------------------------+----------------------------------------------------------------
                  sim_mean |  -.0502698   .0354953    -1.42   0.157    -.1199914    .0194518
         1.high_quality_ym |    -.00344   .0170604    -0.20   0.840    -.0369509    .0300709
                           |
high_quality_ym#c.sim_mean |
                        1  |   -.059382    .049192    -1.21   0.228    -.1560072    .0372432
                           |
          ln_recent_volumn |     .07817   .0087929     8.89   0.000     .0608987    .0954414
             recent_rating |   .0207105   .0059676     3.47   0.001     .0089888    .0324323
                 recent_sd |    .002003   .0074529     0.27   0.788    -.0126364    .0166424
         ln_lag_volumn_acc |   .0284871   .0070783     4.02   0.000     .0145834    .0423907
        lag_avg_rating_acc |   .0158944     .02771     0.57   0.566    -.0385349    .0703237
                lag_sd_acc |  -.0167519   .0342102    -0.49   0.625    -.0839492    .0504454
         ln_avg_com_RevPAR |   .1204923   .0119693    10.07   0.000     .0969817    .1440029
  ln_lag_RevPAR_clean_w199 |   .4395284   .0176506    24.90   0.000     .4048583    .4741985
                     _cons |   1.405681   .1478662     9.51   0.000     1.115235    1.696127
--------------------------------------------------------------------------------------------

Absorbed degrees of freedom:
------------------------------------------------------+
  Absorbed FE | Categories  - Redundant  = Num. Coefs |
--------------+---------------------------------------|
 hotel_id_num |       556         556           0    *|
           ym |       135           1         134     |
------------------------------------------------------+
* = FE nested within cluster; treated as redundant for DoF computation

. estimates store O8_qualityym

. reghdfe ln_RevPAR_clean_w199 c.sim_mean##i.high_quality_cityym ln_recent_volumn recent_rating recent_sd ln_lag_volumn_acc lag_avg_rating_acc lag_sd_acc ln_avg_com_RevPAR ln_lag_RevPAR_clean_w199 if !missing(sim_mean, high_quality_cityym), absorb(hotel_i
> d_num ym) vce(cluster hotel_id_num)
(dropped 2 singleton observations)
(MWFE estimator converged in 7 iterations)

HDFE Linear regression                            Number of obs   =     33,317
Absorbing 2 HDFE groups                           F(  11,    555) =     119.08
Statistics robust to heteroskedasticity           Prob > F        =     0.0000
                                                  R-squared       =     0.8777
                                                  Adj R-squared   =     0.8751
                                                  Within R-sq.    =     0.3044
Number of clusters (hotel_id_num) =        556    Root MSE        =     0.2290

                                           (Std. err. adjusted for 556 clusters in hotel_id_num)
------------------------------------------------------------------------------------------------
                               |               Robust
          ln_RevPAR_clean_w199 | Coefficient  std. err.      t    P>|t|     [95% conf. interval]
-------------------------------+----------------------------------------------------------------
                      sim_mean |  -.0401144   .0356654    -1.12   0.261      -.11017    .0299413
         1.high_quality_cityym |  -.0003385   .0163844    -0.02   0.984    -.0325214    .0318444
                               |
high_quality_cityym#c.sim_mean |
                            1  |  -.0802515   .0494663    -1.62   0.105    -.1774155    .0169125
                               |
              ln_recent_volumn |   .0787351   .0087526     9.00   0.000     .0615428    .0959273
                 recent_rating |   .0208894   .0059782     3.49   0.001     .0091467    .0326321
                     recent_sd |   .0020136    .007443     0.27   0.787    -.0126062    .0166334
             ln_lag_volumn_acc |   .0286015   .0070551     4.05   0.000     .0147435    .0424595
            lag_avg_rating_acc |   .0175092   .0277069     0.63   0.528     -.036914    .0719324
                    lag_sd_acc |  -.0183237   .0340563    -0.54   0.591    -.0852187    .0485713
             ln_avg_com_RevPAR |   .1202194   .0119867    10.03   0.000     .0966746    .1437642
      ln_lag_RevPAR_clean_w199 |   .4395937    .017633    24.93   0.000     .4049581    .4742292
                         _cons |   1.397584   .1484086     9.42   0.000     1.106072    1.689095
------------------------------------------------------------------------------------------------

Absorbed degrees of freedom:
------------------------------------------------------+
  Absorbed FE | Categories  - Redundant  = Num. Coefs |
--------------+---------------------------------------|
 hotel_id_num |       556         556           0    *|
           ym |       135           1         134     |
------------------------------------------------------+
* = FE nested within cluster; treated as redundant for DoF computation

. estimates store O9_qualitycity

. reghdfe ln_RevPAR_clean_w199 c.sim_mean##i.high_quality_zipym ln_recent_volumn recent_rating recent_sd ln_lag_volumn_acc lag_avg_rating_acc lag_sd_acc ln_avg_com_RevPAR ln_lag_RevPAR_clean_w199 if !missing(sim_mean, high_quality_zipym), absorb(hotel_id_
> num ym) vce(cluster hotel_id_num)
(dropped 2 singleton observations)
(MWFE estimator converged in 7 iterations)

HDFE Linear regression                            Number of obs   =     33,317
Absorbing 2 HDFE groups                           F(  11,    555) =     118.38
Statistics robust to heteroskedasticity           Prob > F        =     0.0000
                                                  R-squared       =     0.8777
                                                  Adj R-squared   =     0.8750
                                                  Within R-sq.    =     0.3040
Number of clusters (hotel_id_num) =        556    Root MSE        =     0.2291

                                          (Std. err. adjusted for 556 clusters in hotel_id_num)
-----------------------------------------------------------------------------------------------
                              |               Robust
         ln_RevPAR_clean_w199 | Coefficient  std. err.      t    P>|t|     [95% conf. interval]
------------------------------+----------------------------------------------------------------
                     sim_mean |  -.0813238   .0335799    -2.42   0.016     -.147283   -.0153646
         1.high_quality_zipym |  -.0050555   .0153309    -0.33   0.742    -.0351692    .0250581
                              |
high_quality_zipym#c.sim_mean |
                           1  |   .0077296   .0471942     0.16   0.870    -.0849715    .1004308
                              |
             ln_recent_volumn |   .0782533   .0087679     8.93   0.000     .0610311    .0954756
                recent_rating |   .0207363   .0059876     3.46   0.001     .0089752    .0324975
                    recent_sd |   .0023751   .0074471     0.32   0.750    -.0122528     .017003
            ln_lag_volumn_acc |   .0280634   .0071058     3.95   0.000     .0141058     .042021
           lag_avg_rating_acc |   .0052837   .0276706     0.19   0.849    -.0490683    .0596357
                   lag_sd_acc |  -.0135687     .03448    -0.39   0.694    -.0812959    .0541585
            ln_avg_com_RevPAR |    .120325   .0119676    10.05   0.000     .0968177    .1438324
     ln_lag_RevPAR_clean_w199 |   .4398473   .0176851    24.87   0.000     .4051095    .4745851
                        _cons |   1.444375   .1482966     9.74   0.000     1.153083    1.735666
-----------------------------------------------------------------------------------------------

Absorbed degrees of freedom:
------------------------------------------------------+
  Absorbed FE | Categories  - Redundant  = Num. Coefs |
--------------+---------------------------------------|
 hotel_id_num |       556         556           0    *|
           ym |       135           1         134     |
------------------------------------------------------+
* = FE nested within cluster; treated as redundant for DoF computation

. estimates store O10_qualityzip

. 
. * O11-O13 rank, evaluation category, and accumulated popularity.
. reghdfe ln_RevPAR_clean_w199 c.sim_mean##i.high_rank_status ln_recent_volumn recent_rating recent_sd ln_lag_volumn_acc lag_avg_rating_acc lag_sd_acc ln_avg_com_RevPAR ln_lag_RevPAR_clean_w199 if !missing(sim_mean, high_rank_status), absorb(hotel_id_num 
> ym) vce(cluster hotel_id_num)
(dropped 2 singleton observations)
(MWFE estimator converged in 7 iterations)
note: 1bn.high_rank_status is probably collinear with the fixed effects (all partialled-out values are close to zero; tol = 1.0e-09)

HDFE Linear regression                            Number of obs   =     33,317
Absorbing 2 HDFE groups                           F(  10,    555) =     130.28
Statistics robust to heteroskedasticity           Prob > F        =     0.0000
                                                  R-squared       =     0.8777
                                                  Adj R-squared   =     0.8750
                                                  Within R-sq.    =     0.3040
Number of clusters (hotel_id_num) =        556    Root MSE        =     0.2290

                                        (Std. err. adjusted for 556 clusters in hotel_id_num)
---------------------------------------------------------------------------------------------
                            |               Robust
       ln_RevPAR_clean_w199 | Coefficient  std. err.      t    P>|t|     [95% conf. interval]
----------------------------+----------------------------------------------------------------
                   sim_mean |   -.062599   .0317328    -1.97   0.049    -.1249301    -.000268
         1.high_rank_status |          0  (omitted)
                            |
high_rank_status#c.sim_mean |
                         1  |   -.041339   .0496881    -0.83   0.406    -.1389387    .0562606
                            |
           ln_recent_volumn |   .0789025   .0088075     8.96   0.000     .0616024    .0962026
              recent_rating |   .0208366   .0059643     3.49   0.001     .0091213     .032552
                  recent_sd |   .0020732   .0074393     0.28   0.781    -.0125394    .0166857
          ln_lag_volumn_acc |   .0280969   .0071115     3.95   0.000     .0141282    .0420656
         lag_avg_rating_acc |   .0040367   .0277494     0.15   0.884    -.0504701    .0585434
                 lag_sd_acc |  -.0132781   .0343986    -0.39   0.700    -.0808454    .0542892
          ln_avg_com_RevPAR |   .1202823   .0119887    10.03   0.000     .0967334    .1438311
   ln_lag_RevPAR_clean_w199 |   .4398092   .0176887    24.86   0.000     .4050642    .4745543
                      _cons |   1.446979   .1499802     9.65   0.000     1.152381    1.741578
---------------------------------------------------------------------------------------------

Absorbed degrees of freedom:
------------------------------------------------------+
  Absorbed FE | Categories  - Redundant  = Num. Coefs |
--------------+---------------------------------------|
 hotel_id_num |       556         556           0    *|
           ym |       135           1         134     |
------------------------------------------------------+
* = FE nested within cluster; treated as redundant for DoF computation

. estimates store O11_rank

. reghdfe ln_RevPAR_clean_w199 c.sim_mean##i.hotel_evaluation_factor ln_recent_volumn recent_rating recent_sd ln_lag_volumn_acc lag_avg_rating_acc lag_sd_acc ln_avg_com_RevPAR ln_lag_RevPAR_clean_w199 if !missing(sim_mean, hotel_evaluation_factor), absorb
> (hotel_id_num ym) vce(cluster hotel_id_num)
(dropped 2 singleton observations)
(MWFE estimator converged in 7 iterations)
note: 2bn.hotel_evaluation_factor is probably collinear with the fixed effects (all partialled-out values are close to zero; tol = 1.0e-09)
note: 3bn.hotel_evaluation_factor is probably collinear with the fixed effects (all partialled-out values are close to zero; tol = 1.0e-09)
note: 4bn.hotel_evaluation_factor is probably collinear with the fixed effects (all partialled-out values are close to zero; tol = 1.0e-09)
note: 5bn.hotel_evaluation_factor is probably collinear with the fixed effects (all partialled-out values are close to zero; tol = 1.0e-09)

HDFE Linear regression                            Number of obs   =     33,317
Absorbing 2 HDFE groups                           F(  13,    555) =     103.09
Statistics robust to heteroskedasticity           Prob > F        =     0.0000
                                                  R-squared       =     0.8777
                                                  Adj R-squared   =     0.8751
                                                  Within R-sq.    =     0.3042
Number of clusters (hotel_id_num) =        556    Root MSE        =     0.2290

                                               (Std. err. adjusted for 556 clusters in hotel_id_num)
----------------------------------------------------------------------------------------------------
                                   |               Robust
              ln_RevPAR_clean_w199 | Coefficient  std. err.      t    P>|t|     [95% conf. interval]
-----------------------------------+----------------------------------------------------------------
                          sim_mean |  -.0249464    .044124    -0.57   0.572    -.1116169    .0617241
                                   |
           hotel_evaluation_factor |
                        Excellent  |          0  (omitted)
                             Good  |          0  (omitted)
                             Poor  |          0  (omitted)
                        Very Good  |          0  (omitted)
                                   |
hotel_evaluation_factor#c.sim_mean |
                        Excellent  |  -.1958222   .1804964    -1.08   0.278    -.5503618    .1587173
                             Good  |  -.0760665   .0584048    -1.30   0.193    -.1907879    .0386549
                             Poor  |   .1222871   .1552086     0.79   0.431     -.182581    .4271552
                        Very Good  |  -.0846956   .0644738    -1.31   0.190    -.2113381    .0419468
                                   |
                  ln_recent_volumn |   .0787938   .0087843     8.97   0.000     .0615393    .0960483
                     recent_rating |   .0211758     .00597     3.55   0.000     .0094492    .0329023
                         recent_sd |   .0020491    .007441     0.28   0.783    -.0125668    .0166649
                 ln_lag_volumn_acc |   .0281177   .0071169     3.95   0.000     .0141384    .0420971
                lag_avg_rating_acc |   .0042053   .0277096     0.15   0.879    -.0502231    .0586337
                        lag_sd_acc |  -.0131658   .0343109    -0.38   0.701     -.080561    .0542293
                 ln_avg_com_RevPAR |   .1203563   .0119841    10.04   0.000     .0968166     .143896
          ln_lag_RevPAR_clean_w199 |   .4397578   .0176781    24.88   0.000     .4050336     .474482
                             _cons |   1.445214   .1496708     9.66   0.000     1.151223    1.739204
----------------------------------------------------------------------------------------------------

Absorbed degrees of freedom:
------------------------------------------------------+
  Absorbed FE | Categories  - Redundant  = Num. Coefs |
--------------+---------------------------------------|
 hotel_id_num |       556         556           0    *|
           ym |       135           1         134     |
------------------------------------------------------+
* = FE nested within cluster; treated as redundant for DoF computation

. estimates store O12_evaluation

. reghdfe ln_RevPAR_clean_w199 c.sim_mean##c.ln_lag_volumn_acc ln_recent_volumn recent_rating recent_sd lag_avg_rating_acc lag_sd_acc ln_avg_com_RevPAR ln_lag_RevPAR_clean_w199 if !missing(sim_mean, ln_lag_volumn_acc), absorb(hotel_id_num ym) vce(cluster 
> hotel_id_num)
(dropped 2 singleton observations)
(MWFE estimator converged in 7 iterations)

HDFE Linear regression                            Number of obs   =     33,317
Absorbing 2 HDFE groups                           F(  10,    555) =     128.91
Statistics robust to heteroskedasticity           Prob > F        =     0.0000
                                                  R-squared       =     0.8777
                                                  Adj R-squared   =     0.8750
                                                  Within R-sq.    =     0.3040
Number of clusters (hotel_id_num) =        556    Root MSE        =     0.2291

                                           (Std. err. adjusted for 556 clusters in hotel_id_num)
------------------------------------------------------------------------------------------------
                               |               Robust
          ln_RevPAR_clean_w199 | Coefficient  std. err.      t    P>|t|     [95% conf. interval]
-------------------------------+----------------------------------------------------------------
                      sim_mean |  -.0921359   .1211717    -0.76   0.447    -.3301472    .1458754
             ln_lag_volumn_acc |   .0272773   .0103515     2.64   0.009     .0069445    .0476101
                               |
c.sim_mean#c.ln_lag_volumn_acc |   .0025697   .0239033     0.11   0.914    -.0443823    .0495217
                               |
              ln_recent_volumn |   .0783265    .008725     8.98   0.000     .0611885    .0954645
                 recent_rating |   .0206787   .0059732     3.46   0.001     .0089458    .0324117
                     recent_sd |   .0024111   .0074496     0.32   0.746    -.0122217     .017044
            lag_avg_rating_acc |    .004023   .0277178     0.15   0.885    -.0504217    .0584676
                    lag_sd_acc |  -.0133137    .034372    -0.39   0.699    -.0808289    .0542015
             ln_avg_com_RevPAR |   .1202567   .0119883    10.03   0.000     .0967087    .1438046
      ln_lag_RevPAR_clean_w199 |   .4398318   .0176882    24.87   0.000     .4050878    .4745757
                         _cons |   1.451641   .1542053     9.41   0.000     1.148743    1.754538
------------------------------------------------------------------------------------------------

Absorbed degrees of freedom:
------------------------------------------------------+
  Absorbed FE | Categories  - Redundant  = Num. Coefs |
--------------+---------------------------------------|
 hotel_id_num |       556         556           0    *|
           ym |       135           1         134     |
------------------------------------------------------+
* = FE nested within cluster; treated as redundant for DoF computation

. estimates store O13_popularity

. reghdfe ln_RevPAR_clean_w199 c.sim_mean##i.high_popularity ln_recent_volumn recent_rating recent_sd ln_lag_volumn_acc lag_avg_rating_acc lag_sd_acc ln_avg_com_RevPAR ln_lag_RevPAR_clean_w199 if !missing(sim_mean, high_popularity), absorb(hotel_id_num ym
> ) vce(cluster hotel_id_num)
(dropped 2 singleton observations)
(MWFE estimator converged in 7 iterations)

HDFE Linear regression                            Number of obs   =     33,317
Absorbing 2 HDFE groups                           F(  11,    555) =     119.20
Statistics robust to heteroskedasticity           Prob > F        =     0.0000
                                                  R-squared       =     0.8777
                                                  Adj R-squared   =     0.8751
                                                  Within R-sq.    =     0.3041
Number of clusters (hotel_id_num) =        556    Root MSE        =     0.2290

                                       (Std. err. adjusted for 556 clusters in hotel_id_num)
--------------------------------------------------------------------------------------------
                           |               Robust
      ln_RevPAR_clean_w199 | Coefficient  std. err.      t    P>|t|     [95% conf. interval]
---------------------------+----------------------------------------------------------------
                  sim_mean |  -.0675969   .0289478    -2.34   0.020    -.1244576   -.0107363
         1.high_popularity |   .0145569   .0149838     0.97   0.332    -.0148751    .0439889
                           |
high_popularity#c.sim_mean |
                        1  |  -.0325347   .0476459    -0.68   0.495     -.126123    .0610536
                           |
          ln_recent_volumn |   .0786596   .0087365     9.00   0.000      .061499    .0958202
             recent_rating |   .0208287   .0059786     3.48   0.001     .0090854    .0325721
                 recent_sd |   .0022748   .0074457     0.31   0.760    -.0123505       .0169
         ln_lag_volumn_acc |   .0270713    .007242     3.74   0.000     .0128462    .0412964
        lag_avg_rating_acc |   .0035995   .0277319     0.13   0.897    -.0508728    .0580718
                lag_sd_acc |  -.0127745    .034509    -0.37   0.711    -.0805586    .0550097
         ln_avg_com_RevPAR |   .1201907   .0119786    10.03   0.000     .0966618    .1437196
  ln_lag_RevPAR_clean_w199 |   .4397663   .0176534    24.91   0.000     .4050907    .4744419
                     _cons |   1.447707    .149995     9.65   0.000      1.15308    1.742335
--------------------------------------------------------------------------------------------

Absorbed degrees of freedom:
------------------------------------------------------+
  Absorbed FE | Categories  - Redundant  = Num. Coefs |
--------------+---------------------------------------|
 hotel_id_num |       556         556           0    *|
           ym |       135           1         134     |
------------------------------------------------------+
* = FE nested within cluster; treated as redundant for DoF computation

. estimates store O13_popularitycell

. 
. * Grouped O13 slopes.
. reghdfe ln_RevPAR_clean_w199 sim_mean ln_recent_volumn recent_rating recent_sd ln_lag_volumn_acc lag_avg_rating_acc lag_sd_acc ln_avg_com_RevPAR ln_lag_RevPAR_clean_w199 if high_popularity == 0 & !missing(sim_mean), absorb(hotel_id_num ym) vce(cluster h
> otel_id_num)
(dropped 17 singleton observations)
(MWFE estimator converged in 9 iterations)

HDFE Linear regression                            Number of obs   =     17,170
Absorbing 2 HDFE groups                           F(   9,    511) =     109.07
Statistics robust to heteroskedasticity           Prob > F        =     0.0000
                                                  R-squared       =     0.8856
                                                  Adj R-squared   =     0.8811
                                                  Within R-sq.    =     0.2844
Number of clusters (hotel_id_num) =        512    Root MSE        =     0.2259

                                     (Std. err. adjusted for 512 clusters in hotel_id_num)
------------------------------------------------------------------------------------------
                         |               Robust
    ln_RevPAR_clean_w199 | Coefficient  std. err.      t    P>|t|     [95% conf. interval]
-------------------------+----------------------------------------------------------------
                sim_mean |  -.0544118   .0293368    -1.85   0.064    -.1120474    .0032238
        ln_recent_volumn |   .0773733   .0116799     6.62   0.000     .0544267    .1003198
           recent_rating |   .0296421   .0068271     4.34   0.000     .0162294    .0430548
               recent_sd |   .0129087   .0085909     1.50   0.134    -.0039692    .0297866
       ln_lag_volumn_acc |   .0285809   .0076936     3.71   0.000     .0134659     .043696
      lag_avg_rating_acc |   -.004367   .0298892    -0.15   0.884    -.0630877    .0543538
              lag_sd_acc |   .0068341   .0372865     0.18   0.855    -.0664197    .0800878
       ln_avg_com_RevPAR |   .1287615    .015801     8.15   0.000     .0977185    .1598044
ln_lag_RevPAR_clean_w199 |   .4012961   .0189676    21.16   0.000     .3640321    .4385601
                   _cons |   1.522959    .162203     9.39   0.000     1.204292    1.841626
------------------------------------------------------------------------------------------

Absorbed degrees of freedom:
------------------------------------------------------+
  Absorbed FE | Categories  - Redundant  = Num. Coefs |
--------------+---------------------------------------|
 hotel_id_num |       512         512           0    *|
           ym |       135           1         134     |
------------------------------------------------------+
* = FE nested within cluster; treated as redundant for DoF computation

. estimates store O13_low

. reghdfe ln_RevPAR_clean_w199 sim_mean ln_recent_volumn recent_rating recent_sd ln_lag_volumn_acc lag_avg_rating_acc lag_sd_acc ln_avg_com_RevPAR ln_lag_RevPAR_clean_w199 if high_popularity == 1 & !missing(sim_mean), absorb(hotel_id_num ym) vce(cluster h
> otel_id_num)
(dropped 30 singleton observations)
(MWFE estimator converged in 8 iterations)

HDFE Linear regression                            Number of obs   =     16,102
Absorbing 2 HDFE groups                           F(   9,    421) =      79.51
Statistics robust to heteroskedasticity           Prob > F        =     0.0000
                                                  R-squared       =     0.8755
                                                  Adj R-squared   =     0.8710
                                                  Within R-sq.    =     0.2956
Number of clusters (hotel_id_num) =        422    Root MSE        =     0.2274

                                     (Std. err. adjusted for 422 clusters in hotel_id_num)
------------------------------------------------------------------------------------------
                         |               Robust
    ln_RevPAR_clean_w199 | Coefficient  std. err.      t    P>|t|     [95% conf. interval]
-------------------------+----------------------------------------------------------------
                sim_mean |  -.1018038   .0442418    -2.30   0.022    -.1887661   -.0148414
        ln_recent_volumn |   .0759899   .0124777     6.09   0.000     .0514636    .1005162
           recent_rating |   .0093689   .0088296     1.06   0.289    -.0079866    .0267245
               recent_sd |  -.0077213   .0105051    -0.74   0.463    -.0283702    .0129276
       ln_lag_volumn_acc |   .0470845   .0174776     2.69   0.007     .0127303    .0814388
      lag_avg_rating_acc |   .0227887   .0504461     0.45   0.652    -.0763688    .1219463
              lag_sd_acc |  -.0363554   .0602284    -0.60   0.546    -.1547411    .0820304
       ln_avg_com_RevPAR |   .1158444   .0133499     8.68   0.000     .0896036    .1420852
ln_lag_RevPAR_clean_w199 |   .4531256   .0239639    18.91   0.000     .4060218    .5002294
                   _cons |   1.320345   .2725067     4.85   0.000     .7847019    1.855988
------------------------------------------------------------------------------------------

Absorbed degrees of freedom:
------------------------------------------------------+
  Absorbed FE | Categories  - Redundant  = Num. Coefs |
--------------+---------------------------------------|
 hotel_id_num |       422         422           0    *|
           ym |       135           1         134     |
------------------------------------------------------+
* = FE nested within cluster; treated as redundant for DoF computation

. estimates store O13_high

. 
. estimates table O1_chain O2_independent O3_smallchain O4_chain3 O5_starclass O6_starbucket O7_highstar O8_qualitylevel O8_qualityym O9_qualitycity O10_qualityzip O11_rank O12_evaluation O13_popularity O13_popularitycell O13_low O13_high, b(%9.4f) se sta
> ts(N r2_a)

--------------------------------------------------------------------------------------------------------------------------------------------------------------------------------------------------------------------------
    Variable | O1_chain    O2_inde~t   O3_smal~n   O4_chain3   O5_star~s   O6_star~t   O7_high~r   O8_qual~l   O8_qual~m   O9_qual~y   O10_qua~p   O11_rank    O12_eva~n   O13_pop~y   O13_pop~l    O13_low    O13_high   
-------------+------------------------------------------------------------------------------------------------------------------------------------------------------------------------------------------------------------
    sim_mean |   -0.0568     -0.0884     -0.0568     -0.0566      0.2928     -0.0152     -0.0134      0.1733     -0.0503     -0.0401     -0.0813     -0.0626     -0.0249     -0.0921     -0.0676     -0.0544     -0.1018  
             |    0.0471      0.0296      0.0471      0.0467      0.0413      0.0715      0.0711      0.2041      0.0355      0.0357      0.0336      0.0317      0.0441      0.1212      0.0289      0.0293      0.0442  
             |
       chain |
          1  | (omitted)                                                                                                                                                                                                  
             |                                                                                                                                                                                                            
             |
       chain#|
  c.sim_mean |
          1  |   -0.0315                                                                                                                                                                                                  
             |    0.0551                                                                                                                                                                                                  
             |
ln_recent_~n |    0.0784      0.0784      0.0784      0.0784      0.0759      0.0766      0.0767      0.0786      0.0782      0.0787      0.0783      0.0789      0.0788      0.0783      0.0787      0.0774      0.0760  
             |    0.0088      0.0088      0.0088      0.0088      0.0089      0.0089      0.0089      0.0088      0.0088      0.0088      0.0088      0.0088      0.0088      0.0087      0.0087      0.0117      0.0125  
recent_rat~g |    0.0207      0.0207      0.0207      0.0207      0.0214      0.0215      0.0215      0.0209      0.0207      0.0209      0.0207      0.0208      0.0212      0.0207      0.0208      0.0296      0.0094  
             |    0.0060      0.0060      0.0060      0.0060      0.0060      0.0060      0.0060      0.0060      0.0060      0.0060      0.0060      0.0060      0.0060      0.0060      0.0060      0.0068      0.0088  
   recent_sd |    0.0024      0.0024      0.0024      0.0024      0.0029      0.0027      0.0027      0.0020      0.0020      0.0020      0.0024      0.0021      0.0020      0.0024      0.0023      0.0129     -0.0077  
             |    0.0074      0.0074      0.0074      0.0074      0.0075      0.0075      0.0075      0.0074      0.0075      0.0074      0.0074      0.0074      0.0074      0.0074      0.0074      0.0086      0.0105  
ln_lag_vol~c |    0.0281      0.0281      0.0281      0.0281      0.0261      0.0259      0.0260      0.0281      0.0285      0.0286      0.0281      0.0281      0.0281      0.0273      0.0271      0.0286      0.0471  
             |    0.0071      0.0071      0.0071      0.0071      0.0072      0.0072      0.0072      0.0071      0.0071      0.0071      0.0071      0.0071      0.0071      0.0104      0.0072      0.0077      0.0175  
lag_avg_ra~c |    0.0040      0.0040      0.0040      0.0040      0.0064      0.0066      0.0066      0.0230      0.0159      0.0175      0.0053      0.0040      0.0042      0.0040      0.0036     -0.0044      0.0228  
             |    0.0277      0.0277      0.0277      0.0277      0.0275      0.0274      0.0274      0.0300      0.0277      0.0277      0.0277      0.0277      0.0277      0.0277      0.0277      0.0299      0.0504  
  lag_sd_acc |   -0.0131     -0.0131     -0.0131     -0.0131     -0.0107     -0.0111     -0.0110     -0.0130     -0.0168     -0.0183     -0.0136     -0.0133     -0.0132     -0.0133     -0.0128      0.0068     -0.0364  
             |    0.0344      0.0344      0.0344      0.0344      0.0344      0.0344      0.0344      0.0345      0.0342      0.0341      0.0345      0.0344      0.0343      0.0344      0.0345      0.0373      0.0602  
ln_avg_com~R |    0.1202      0.1202      0.1202      0.1202      0.1183      0.1182      0.1182      0.1202      0.1205      0.1202      0.1203      0.1203      0.1204      0.1203      0.1202      0.1288      0.1158  
             |    0.0120      0.0120      0.0120      0.0120      0.0118      0.0118      0.0118      0.0120      0.0120      0.0120      0.0120      0.0120      0.0120      0.0120      0.0120      0.0158      0.0133  
ln_la~n_w199 |    0.4398      0.4398      0.4398      0.4398      0.4484      0.4486      0.4485      0.4398      0.4395      0.4396      0.4398      0.4398      0.4398      0.4398      0.4398      0.4013      0.4531  
             |    0.0177      0.0177      0.0177      0.0177      0.0175      0.0175      0.0175      0.0177      0.0177      0.0176      0.0177      0.0177      0.0177      0.0177      0.0177      0.0190      0.0240  
             |
 independent |
          1  |             (omitted)                                                                                                                                                                                      
             |                                                                                                                                                                                                            
             |
 independent#|
  c.sim_mean |
          1  |                0.0315                                                                                                                                                                                      
             |                0.0551                                                                                                                                                                                      
             |
 chain_small |
          1  |                         (omitted)                                                                                                                                                                          
             |                                                                                                                                                                                                            
             |
 chain_small#|
  c.sim_mean |
          1  |                           -0.0315                                                                                                                                                                          
             |                            0.0551                                                                                                                                                                          
             |
chain3_small |
          1  |                                     (omitted)                                                                                                                                                              
             |                                                                                                                                                                                                            
             |
chain3_small#|
  c.sim_mean |
          1  |                                       -0.0320                                                                                                                                                              
             |                                        0.0548                                                                                                                                                              
             |
star_class~l |
          3  |                                                 (omitted)                                                                                                                                                  
             |                                                                                                                                                                                                            
          4  |                                                 (omitted)                                                                                                                                                  
             |                                                                                                                                                                                                            
          5  |                                                 (omitted)                                                                                                                                                  
             |                                                                                                                                                                                                            
          6  |                                                 (omitted)                                                                                                                                                  
             |                                                                                                                                                                                                            
          7  |                                                 (omitted)                                                                                                                                                  
             |                                                                                                                                                                                                            
          8  |                                                 (omitted)                                                                                                                                                  
             |                                                                                                                                                                                                            
          9  |                                                 (omitted)                                                                                                                                                  
             |                                                                                                                                                                                                            
             |
star_class~l#|
  c.sim_mean |
          3  |                                                   -0.3074                                                                                                                                                  
             |                                                    0.0817                                                                                                                                                  
          4  |                                                   -0.3953                                                                                                                                                  
             |                                                    0.0595                                                                                                                                                  
          5  |                                                   -0.3560                                                                                                                                                  
             |                                                    0.0544                                                                                                                                                  
          6  |                                                   -0.5350                                                                                                                                                  
             |                                                    0.1062                                                                                                                                                  
          7  |                                                   -0.2848                                                                                                                                                  
             |                                                    0.1240                                                                                                                                                  
          8  |                                                   -0.5887                                                                                                                                                  
             |                                                    0.2474                                                                                                                                                  
          9  |                                                   -0.3628                                                                                                                                                  
             |                                                    0.2249                                                                                                                                                  
             |
star_class~3 |
          1  |                                                             (omitted)                                                                                                                                      
             |                                                                                                                                                                                                            
             |
star_class~3 |
          3  |                                                             (omitted)                                                                                                                                      
             |                                                                                                                                                                                                            
             |
star_class~3#|
  c.sim_mean |
          1  |                                                                0.3077                                                                                                                                      
             |                                                                0.0816                                                                                                                                      
             |
star_class~3#|
  c.sim_mean |
          3  |                                                               -0.0701                                                                                                                                      
             |                                                                0.0766                                                                                                                                      
             |
  high_star4 |
          1  |                                                                         (omitted)                                                                                                                          
             |                                                                                                                                                                                                            
             |
  high_star4#|
  c.sim_mean |
          1  |                                                                           -0.0719                                                                                                                          
             |                                                                            0.0762                                                                                                                          
             |
  c.sim_mean#|
          c. |
lag_avg_ra~c |                                                                                       -0.0648                                                                                                              
             |                                                                                        0.0515                                                                                                              
             |
high_qua~_ym |
          1  |                                                                                                   -0.0034                                                                                                  
             |                                                                                                    0.0171                                                                                                  
             |
high_qua~_ym#|
  c.sim_mean |
          1  |                                                                                                   -0.0594                                                                                                  
             |                                                                                                    0.0492                                                                                                  
             |
high_qua~yym |
          1  |                                                                                                               -0.0003                                                                                      
             |                                                                                                                0.0164                                                                                      
             |
high_qua~yym#|
  c.sim_mean |
          1  |                                                                                                               -0.0803                                                                                      
             |                                                                                                                0.0495                                                                                      
             |
high_qua~pym |
          1  |                                                                                                                           -0.0051                                                                          
             |                                                                                                                            0.0153                                                                          
             |
high_qua~pym#|
  c.sim_mean |
          1  |                                                                                                                            0.0077                                                                          
             |                                                                                                                            0.0472                                                                          
             |
high_rank_~s |
          1  |                                                                                                                                     (omitted)                                                              
             |                                                                                                                                                                                                            
             |
high_rank_~s#|
  c.sim_mean |
          1  |                                                                                                                                       -0.0413                                                              
             |                                                                                                                                        0.0497                                                              
             |
hotel_eval~r |
          2  |                                                                                                                                                 (omitted)                                                  
             |                                                                                                                                                                                                            
          3  |                                                                                                                                                 (omitted)                                                  
             |                                                                                                                                                                                                            
          4  |                                                                                                                                                 (omitted)                                                  
             |                                                                                                                                                                                                            
          5  |                                                                                                                                                 (omitted)                                                  
             |                                                                                                                                                                                                            
             |
hotel_eval~r#|
  c.sim_mean |
          2  |                                                                                                                                                   -0.1958                                                  
             |                                                                                                                                                    0.1805                                                  
          3  |                                                                                                                                                   -0.0761                                                  
             |                                                                                                                                                    0.0584                                                  
          4  |                                                                                                                                                    0.1223                                                  
             |                                                                                                                                                    0.1552                                                  
          5  |                                                                                                                                                   -0.0847                                                  
             |                                                                                                                                                    0.0645                                                  
             |
  c.sim_mean#|
          c. |
ln_lag_vol~c |                                                                                                                                                                0.0026                                      
             |                                                                                                                                                                0.0239                                      
             |
high_popul~y |
          1  |                                                                                                                                                                            0.0146                          
             |                                                                                                                                                                            0.0150                          
             |
high_popul~y#|
  c.sim_mean |
          1  |                                                                                                                                                                           -0.0325                          
             |                                                                                                                                                                            0.0476                          
             |
       _cons |    1.4470      1.4470      1.4470      1.4470      1.4151      1.4144      1.4143      1.3728      1.4057      1.3976      1.4444      1.4470      1.4452      1.4516      1.4477      1.5230      1.3203  
             |    0.1499      0.1499      0.1499      0.1499      0.1499      0.1498      0.1498      0.1509      0.1479      0.1484      0.1483      0.1500      0.1497      0.1542      0.1500      0.1622      0.2725  
-------------+------------------------------------------------------------------------------------------------------------------------------------------------------------------------------------------------------------
           N |     33317       33317       33317       33317       32614       32614       32614       33317       33317       33317       33317       33317       33317       33317       33317       17170       16102  
        r2_a |    0.8750      0.8750      0.8750      0.8750      0.8742      0.8742      0.8742      0.8751      0.8751      0.8751      0.8750      0.8750      0.8751      0.8750      0.8751      0.8811      0.8710  
--------------------------------------------------------------------------------------------------------------------------------------------------------------------------------------------------------------------------
                                                                                                                                                                                                              Legend: b/se

. log close
      name:  <unnamed>
       log:  /Users/samxie/Research/ReviewSimi_Sales/Code/stata-log/run_event_month_pool_gt100_organization_boundaries_260711.log
  log type:  text
 closed on:  12 Jul 2026, 18:00:02
---------------------------------------------------------------------------------------------------------------------------------------------------------------------------------------------------------------------------------------------------------------
