---------------------------------------------------------------------------------------------------------------------------------------------------------------------------------------------------------------------------------------------------------------
      name:  <unnamed>
       log:  /Users/samxie/Research/ReviewSimi_Sales/Code/stata-log/run_event_month_core_dynamic_260710.log
  log type:  text
 opened on:  18 Jul 2026, 07:51:17

. 
. keep if cs_sample_focus100 == 1
(55,391 observations deleted)

. encode HotelID, gen(hotel_id_num)

. gen ym = monthly(event_ym,"YM")

. format ym %tm

. quietly _pctile lnRevenue_current if !missing(lnRevenue_current), p(1 99)

. gen double lnRevenue_current_w199 = min(max(lnRevenue_current,r(r1)),r(r2)) if !missing(lnRevenue_current)
(524 missing values generated)

. quietly _pctile lnRevenue_lag_month if !missing(lnRevenue_lag_month), p(1 99)

. gen double lnRevenue_lag_month_w199 = min(max(lnRevenue_lag_month,r(r1)),r(r2)) if !missing(lnRevenue_lag_month)
(999 missing values generated)

. quietly _pctile lnRevenue_next_calendar if !missing(lnRevenue_next_calendar), p(1 99)

. gen double lnRevenue_next_calendar_w199 = min(max(lnRevenue_next_calendar,r(r1)),r(r2)) if !missing(lnRevenue_next_calendar)
(5,087 missing values generated)

. 
. * M0.1: event-aligned controls, hotel and calendar year-month fixed effects.
. reghdfe lnRevenue_current_w199 ars_cross_ev ev_ln_review_count ev_mean_rating ev_sd_rating ev_ln_mean_text_chars sent_avg_bing sent_pos_share_bing sent_neg_share_bing ln_lag_volumn_acc lag_avg_rating_acc lag_sd_acc ln_avg_com_RevPAR lnRevenue_lag_month_
> w199 if !missing(ars_cross_ev), absorb(hotel_id_num ym) vce(cluster hotel_id_num)
(dropped 16 singleton observations)
(MWFE estimator converged in 7 iterations)

HDFE Linear regression                            Number of obs   =     21,926
Absorbing 2 HDFE groups                           F(  13,    511) =      74.01
Statistics robust to heteroskedasticity           Prob > F        =     0.0000
                                                  R-squared       =     0.8924
                                                  Adj R-squared   =     0.8892
                                                  Within R-sq.    =     0.2936
Number of clusters (hotel_id_num) =        512    Root MSE        =     0.2027

                                     (Std. err. adjusted for 512 clusters in hotel_id_num)
------------------------------------------------------------------------------------------
                         |               Robust
  lnRevenue_current_w199 | Coefficient  std. err.      t    P>|t|     [95% conf. interval]
-------------------------+----------------------------------------------------------------
            ars_cross_ev |  -.0461488   .0315546    -1.46   0.144    -.1081416     .015844
      ev_ln_review_count |   .0448224   .0047609     9.41   0.000      .035469    .0541758
          ev_mean_rating |   .0017266   .0039049     0.44   0.659     -.005945    .0093982
            ev_sd_rating |    .002037   .0035583     0.57   0.567    -.0049537    .0090277
   ev_ln_mean_text_chars |   .0093912   .0047337     1.98   0.048     .0000913    .0186912
           sent_avg_bing |  -.0002411   .0011034    -0.22   0.827    -.0024088    .0019266
     sent_pos_share_bing |   .0147715   .0130898     1.13   0.260    -.0109449     .040488
     sent_neg_share_bing |   .0282059   .0151151     1.87   0.063    -.0014895    .0579013
       ln_lag_volumn_acc |   .0335817   .0075744     4.43   0.000     .0187009    .0484625
      lag_avg_rating_acc |   .0391494   .0302071     1.30   0.196    -.0201959    .0984948
              lag_sd_acc |  -.0011906   .0377744    -0.03   0.975    -.0754029    .0730217
       ln_avg_com_RevPAR |   .1333667   .0159745     8.35   0.000     .1019829    .1647505
lnRevenue_lag_month_w199 |   .4074627    .020781    19.61   0.000      .366636    .4482894
                   _cons |   1.505827   .1633678     9.22   0.000     1.184872    1.826782
------------------------------------------------------------------------------------------

Absorbed degrees of freedom:
------------------------------------------------------+
  Absorbed FE | Categories  - Redundant  = Num. Coefs |
--------------+---------------------------------------|
 hotel_id_num |       512         512           0    *|
           ym |       119           1         118     |
------------------------------------------------------+
* = FE nested within cluster; treated as redundant for DoF computation

. estimates store M01_cross

. reghdfe lnRevenue_current_w199 ars_pool_ev ev_ln_review_count ev_mean_rating ev_sd_rating ev_ln_mean_text_chars sent_avg_bing sent_pos_share_bing sent_neg_share_bing ln_lag_volumn_acc lag_avg_rating_acc lag_sd_acc ln_avg_com_RevPAR lnRevenue_lag_month_w
> 199 if !missing(ars_pool_ev), absorb(hotel_id_num ym) vce(cluster hotel_id_num)
(dropped 15 singleton observations)
(MWFE estimator converged in 7 iterations)

HDFE Linear regression                            Number of obs   =     22,092
Absorbing 2 HDFE groups                           F(  13,    512) =      75.59
Statistics robust to heteroskedasticity           Prob > F        =     0.0000
                                                  R-squared       =     0.8921
                                                  Adj R-squared   =     0.8888
                                                  Within R-sq.    =     0.2929
Number of clusters (hotel_id_num) =        513    Root MSE        =     0.2032

                                     (Std. err. adjusted for 513 clusters in hotel_id_num)
------------------------------------------------------------------------------------------
                         |               Robust
  lnRevenue_current_w199 | Coefficient  std. err.      t    P>|t|     [95% conf. interval]
-------------------------+----------------------------------------------------------------
             ars_pool_ev |  -.0783998    .039755    -1.97   0.049    -.1565028   -.0002967
      ev_ln_review_count |   .0465233   .0047638     9.77   0.000     .0371643    .0558823
          ev_mean_rating |   .0016845   .0038719     0.44   0.664    -.0059222    .0092912
            ev_sd_rating |   .0023043   .0036117     0.64   0.524    -.0047913    .0093998
   ev_ln_mean_text_chars |   .0074892   .0048771     1.54   0.125    -.0020924    .0170709
           sent_avg_bing |  -.0000863   .0010983    -0.08   0.937     -.002244    .0020715
     sent_pos_share_bing |    .014077    .012986     1.08   0.279    -.0114353    .0395893
     sent_neg_share_bing |   .0271037   .0151849     1.78   0.075    -.0027287     .056936
       ln_lag_volumn_acc |   .0320566   .0073551     4.36   0.000     .0176067    .0465066
      lag_avg_rating_acc |   .0362038   .0298629     1.21   0.226    -.0224651    .0948727
              lag_sd_acc |  -.0036908   .0351318    -0.11   0.916     -.072711    .0653293
       ln_avg_com_RevPAR |   .1341909   .0160279     8.37   0.000     .1027024    .1656794
lnRevenue_lag_month_w199 |   .4031396   .0206065    19.56   0.000      .362656    .4436233
                   _cons |   1.561718   .1602111     9.75   0.000     1.246966     1.87647
------------------------------------------------------------------------------------------

Absorbed degrees of freedom:
------------------------------------------------------+
  Absorbed FE | Categories  - Redundant  = Num. Coefs |
--------------+---------------------------------------|
 hotel_id_num |       513         513           0    *|
           ym |       119           1         118     |
------------------------------------------------------+
* = FE nested within cluster; treated as redundant for DoF computation

. estimates store M01_pool

. 
. * Route B: previous-event response activity and wording predict current ARS.
. reghdfe ars_cross_ev pmr_any pmr_activity_n pmr_cohort_rate7 pmr_text_invite_zf pmr_text_recovery_zf pmr_target_complaint_zf pmr_target_service_zf pmr_target_room_zf pmr_target_cleanliness_zf pmr_target_value_zf ev_ln_review_count ev_mean_rating ev_sd_r
> ating sent_avg_bing ln_lag_volumn_acc if !missing(ars_cross_ev), absorb(hotel_id_num ym) vce(cluster hotel_id_num)
(dropped 13 singleton observations)
(MWFE estimator converged in 7 iterations)

HDFE Linear regression                            Number of obs   =     21,609
Absorbing 2 HDFE groups                           F(  15,    516) =      57.47
Statistics robust to heteroskedasticity           Prob > F        =     0.0000
                                                  R-squared       =     0.3084
                                                  Adj R-squared   =     0.2870
                                                  Within R-sq.    =     0.0823
Number of clusters (hotel_id_num) =        517    Root MSE        =     0.0482

                                      (Std. err. adjusted for 517 clusters in hotel_id_num)
-------------------------------------------------------------------------------------------
                          |               Robust
             ars_cross_ev | Coefficient  std. err.      t    P>|t|     [95% conf. interval]
--------------------------+----------------------------------------------------------------
                  pmr_any |   .0122589   .0023835     5.14   0.000     .0075763    .0169416
           pmr_activity_n |   .0000838   .0000379     2.22   0.027     9.49e-06    .0001582
         pmr_cohort_rate7 |   .0008054   .0014829     0.54   0.587    -.0021078    .0037186
       pmr_text_invite_zf |   .0041025   .0023538     1.74   0.082    -.0005217    .0087267
     pmr_text_recovery_zf |  -.0141901   .0038517    -3.68   0.000    -.0217571   -.0066231
  pmr_target_complaint_zf |  -.0166031    .001852    -8.97   0.000    -.0202415   -.0129648
    pmr_target_service_zf |  -.0032636   .0018206    -1.79   0.074    -.0068402     .000313
       pmr_target_room_zf |  -.0128794   .0020242    -6.36   0.000    -.0168561   -.0089028
pmr_target_cleanliness_zf |   .0042062   .0017418     2.41   0.016     .0007843    .0076282
      pmr_target_value_zf |  -.0053032     .00203    -2.61   0.009    -.0092913   -.0013151
       ev_ln_review_count |   .0102322   .0010346     9.89   0.000     .0081997    .0122648
           ev_mean_rating |   .0152019   .0010082    15.08   0.000     .0132213    .0171826
             ev_sd_rating |  -.0104237   .0009119   -11.43   0.000    -.0122152   -.0086323
            sent_avg_bing |   -.001857   .0002384    -7.79   0.000    -.0023253   -.0013887
        ln_lag_volumn_acc |   .0036802   .0013773     2.67   0.008     .0009743    .0063861
                    _cons |   .2123359   .0092505    22.95   0.000     .1941625    .2305092
-------------------------------------------------------------------------------------------

Absorbed degrees of freedom:
------------------------------------------------------+
  Absorbed FE | Categories  - Redundant  = Num. Coefs |
--------------+---------------------------------------|
 hotel_id_num |       517         517           0    *|
           ym |       119           1         118     |
------------------------------------------------------+
* = FE nested within cluster; treated as redundant for DoF computation

. estimates store D1_cross

. reghdfe ars_pool_ev pmr_any pmr_activity_n pmr_cohort_rate7 pmr_text_invite_zf pmr_text_recovery_zf pmr_target_complaint_zf pmr_target_service_zf pmr_target_room_zf pmr_target_cleanliness_zf pmr_target_value_zf ev_ln_review_count ev_mean_rating ev_sd_ra
> ting sent_avg_bing ln_lag_volumn_acc if !missing(ars_pool_ev), absorb(hotel_id_num ym) vce(cluster hotel_id_num)
(dropped 13 singleton observations)
(MWFE estimator converged in 7 iterations)

HDFE Linear regression                            Number of obs   =     21,724
Absorbing 2 HDFE groups                           F(  15,    516) =      86.79
Statistics robust to heteroskedasticity           Prob > F        =     0.0000
                                                  R-squared       =     0.3588
                                                  Adj R-squared   =     0.3391
                                                  Within R-sq.    =     0.1150
Number of clusters (hotel_id_num) =        517    Root MSE        =     0.0426

                                      (Std. err. adjusted for 517 clusters in hotel_id_num)
-------------------------------------------------------------------------------------------
                          |               Robust
              ars_pool_ev | Coefficient  std. err.      t    P>|t|     [95% conf. interval]
--------------------------+----------------------------------------------------------------
                  pmr_any |   .0100713   .0021498     4.68   0.000      .005848    .0142947
           pmr_activity_n |   .0000625   .0000369     1.69   0.091    -9.98e-06     .000135
         pmr_cohort_rate7 |   .0000446   .0012855     0.03   0.972    -.0024808      .00257
       pmr_text_invite_zf |    .002754   .0019809     1.39   0.165    -.0011376    .0066455
     pmr_text_recovery_zf |  -.0119426   .0032452    -3.68   0.000    -.0183181   -.0055671
  pmr_target_complaint_zf |  -.0148167   .0016055    -9.23   0.000    -.0179709   -.0116625
    pmr_target_service_zf |  -.0027876    .001602    -1.74   0.082    -.0059348    .0003597
       pmr_target_room_zf |   -.010747   .0018089    -5.94   0.000    -.0143007   -.0071933
pmr_target_cleanliness_zf |   .0040334   .0014711     2.74   0.006     .0011434    .0069234
      pmr_target_value_zf |  -.0027871   .0016627    -1.68   0.094    -.0060535    .0004794
       ev_ln_review_count |   .0123213   .0009875    12.48   0.000     .0103812    .0142614
           ev_mean_rating |   .0130759   .0008888    14.71   0.000     .0113298     .014822
             ev_sd_rating |  -.0157673   .0007997   -19.72   0.000    -.0173383   -.0141963
            sent_avg_bing |  -.0019872   .0002222    -8.94   0.000    -.0024237   -.0015506
        ln_lag_volumn_acc |   .0026505   .0013594     1.95   0.052    -.0000201     .005321
                    _cons |   .2301782    .008945    25.73   0.000     .2126052    .2477512
-------------------------------------------------------------------------------------------

Absorbed degrees of freedom:
------------------------------------------------------+
  Absorbed FE | Categories  - Redundant  = Num. Coefs |
--------------+---------------------------------------|
 hotel_id_num |       517         517           0    *|
           ym |       119           1         118     |
------------------------------------------------------+
* = FE nested within cluster; treated as redundant for DoF computation

. estimates store D1_pool

. 
. * Sequential revenue models: next calendar month outcome, not mediation claims.
. reghdfe lnRevenue_next_calendar_w199 ars_cross_ev pmr_any pmr_activity_n pmr_cohort_rate7 pmr_text_invite_zf pmr_text_recovery_zf pmr_target_complaint_zf pmr_target_service_zf pmr_target_room_zf pmr_target_cleanliness_zf pmr_target_value_zf ev_ln_review
> _count ev_mean_rating ev_sd_rating sent_avg_bing ln_lag_volumn_acc lag_avg_rating_acc lag_sd_acc ln_avg_com_RevPAR lnRevenue_lag_month_w199 if !missing(lnRevenue_next_calendar_w199,ars_cross_ev), absorb(hotel_id_num ym) vce(cluster hotel_id_num)
(dropped 19 singleton observations)
(MWFE estimator converged in 8 iterations)

HDFE Linear regression                            Number of obs   =     19,377
Absorbing 2 HDFE groups                           F(  20,    494) =   23175.87
Statistics robust to heteroskedasticity           Prob > F        =     0.0000
                                                  R-squared       =     0.9997
                                                  Adj R-squared   =     0.9997
                                                  Within R-sq.    =     0.9981
Number of clusters (hotel_id_num) =        495    Root MSE        =     0.0103

                                      (Std. err. adjusted for 495 clusters in hotel_id_num)
-------------------------------------------------------------------------------------------
                          |               Robust
lnRevenue_next_calend~199 | Coefficient  std. err.      t    P>|t|     [95% conf. interval]
--------------------------+----------------------------------------------------------------
             ars_cross_ev |  -.0003818   .0026081    -0.15   0.884    -.0055061    .0047426
                  pmr_any |   .0004564   .0004763     0.96   0.338    -.0004795    .0013923
           pmr_activity_n |   4.11e-06   7.15e-06     0.58   0.565    -9.93e-06    .0000182
         pmr_cohort_rate7 |   -.000478   .0002847    -1.68   0.094    -.0010374    .0000814
       pmr_text_invite_zf |  -.0004012    .000489    -0.82   0.412    -.0013619    .0005595
     pmr_text_recovery_zf |  -.0002745   .0004286    -0.64   0.522    -.0011165    .0005676
  pmr_target_complaint_zf |  -.0007536   .0003488    -2.16   0.031     -.001439   -.0000682
    pmr_target_service_zf |    .000519   .0003468     1.50   0.135    -.0001624    .0012003
       pmr_target_room_zf |  -.0004022   .0004876    -0.82   0.410    -.0013604    .0005559
pmr_target_cleanliness_zf |  -.0002564   .0004184    -0.61   0.540    -.0010784    .0005656
      pmr_target_value_zf |   .0007703   .0006156     1.25   0.211    -.0004392    .0019798
       ev_ln_review_count |   .0002405   .0002377     1.01   0.312    -.0002266    .0007076
           ev_mean_rating |  -.0007344   .0003897    -1.88   0.060       -.0015    .0000312
             ev_sd_rating |  -.0006152    .000321    -1.92   0.056     -.001246    .0000156
            sent_avg_bing |   .0000274   .0000684     0.40   0.689    -.0001069    .0001617
        ln_lag_volumn_acc |   .0018733   .0005054     3.71   0.000     .0008803    .0028663
       lag_avg_rating_acc |   .0052212   .0027023     1.93   0.054    -.0000882    .0105306
               lag_sd_acc |    .004727   .0022128     2.14   0.033     .0003793    .0090748
        ln_avg_com_RevPAR |   .0010244   .0003988     2.57   0.011     .0002408     .001808
 lnRevenue_lag_month_w199 |   .9846241   .0026753   368.04   0.000     .9793677    .9898805
                    _cons |   .0299012    .015626     1.91   0.056    -.0008004    .0606027
-------------------------------------------------------------------------------------------

Absorbed degrees of freedom:
------------------------------------------------------+
  Absorbed FE | Categories  - Redundant  = Num. Coefs |
--------------+---------------------------------------|
 hotel_id_num |       495         495           0    *|
           ym |       118           1         117     |
------------------------------------------------------+
* = FE nested within cluster; treated as redundant for DoF computation

. estimates store D2_cross

. reghdfe lnRevenue_next_calendar_w199 ars_pool_ev pmr_any pmr_activity_n pmr_cohort_rate7 pmr_text_invite_zf pmr_text_recovery_zf pmr_target_complaint_zf pmr_target_service_zf pmr_target_room_zf pmr_target_cleanliness_zf pmr_target_value_zf ev_ln_review_
> count ev_mean_rating ev_sd_rating sent_avg_bing ln_lag_volumn_acc lag_avg_rating_acc lag_sd_acc ln_avg_com_RevPAR lnRevenue_lag_month_w199 if !missing(lnRevenue_next_calendar_w199,ars_pool_ev), absorb(hotel_id_num ym) vce(cluster hotel_id_num)
(dropped 19 singleton observations)
(MWFE estimator converged in 8 iterations)

HDFE Linear regression                            Number of obs   =     19,377
Absorbing 2 HDFE groups                           F(  20,    494) =   23167.62
Statistics robust to heteroskedasticity           Prob > F        =     0.0000
                                                  R-squared       =     0.9997
                                                  Adj R-squared   =     0.9997
                                                  Within R-sq.    =     0.9981
Number of clusters (hotel_id_num) =        495    Root MSE        =     0.0103

                                      (Std. err. adjusted for 495 clusters in hotel_id_num)
-------------------------------------------------------------------------------------------
                          |               Robust
lnRevenue_next_calend~199 | Coefficient  std. err.      t    P>|t|     [95% conf. interval]
--------------------------+----------------------------------------------------------------
              ars_pool_ev |   .0005258   .0026485     0.20   0.843    -.0046779    .0057296
                  pmr_any |   .0004458     .00048     0.93   0.354    -.0004973    .0013888
           pmr_activity_n |   4.04e-06   7.16e-06     0.56   0.573      -.00001    .0000181
         pmr_cohort_rate7 |   -.000478   .0002852    -1.68   0.094    -.0010382    .0000823
       pmr_text_invite_zf |  -.0004057   .0004876    -0.83   0.406    -.0013638    .0005524
     pmr_text_recovery_zf |   -.000264   .0004282    -0.62   0.538    -.0011054    .0005774
  pmr_target_complaint_zf |  -.0007392   .0003489    -2.12   0.035    -.0014246   -.0000538
    pmr_target_service_zf |   .0005233    .000346     1.51   0.131    -.0001565    .0012031
       pmr_target_room_zf |   -.000392   .0004901    -0.80   0.424     -.001355     .000571
pmr_target_cleanliness_zf |  -.0002606   .0004176    -0.62   0.533    -.0010811    .0005598
      pmr_target_value_zf |   .0007743   .0006153     1.26   0.209    -.0004346    .0019832
       ev_ln_review_count |   .0002303   .0002328     0.99   0.323    -.0002272    .0006878
           ev_mean_rating |  -.0007477   .0003937    -1.90   0.058    -.0015212    .0000259
             ev_sd_rating |  -.0006035   .0003134    -1.93   0.055    -.0012193    .0000123
            sent_avg_bing |   .0000292   .0000682     0.43   0.669    -.0001049    .0001632
        ln_lag_volumn_acc |   .0018707   .0005052     3.70   0.000      .000878    .0028633
       lag_avg_rating_acc |   .0052223   .0026987     1.94   0.054      -.00008    .0105246
               lag_sd_acc |   .0047339   .0022093     2.14   0.033     .0003931    .0090748
        ln_avg_com_RevPAR |   .0010231   .0003991     2.56   0.011      .000239    .0018073
 lnRevenue_lag_month_w199 |   .9846257    .002675   368.08   0.000     .9793699    .9898816
                    _cons |   .0296875   .0155544     1.91   0.057    -.0008734    .0602483
-------------------------------------------------------------------------------------------

Absorbed degrees of freedom:
------------------------------------------------------+
  Absorbed FE | Categories  - Redundant  = Num. Coefs |
--------------+---------------------------------------|
 hotel_id_num |       495         495           0    *|
           ym |       118           1         117     |
------------------------------------------------------+
* = FE nested within cluster; treated as redundant for DoF computation

. estimates store D2_pool

. reghdfe lnRevenue_next_calendar_w199 c.ars_cross_ev##c.pmr_cohort_rate7 c.ars_cross_ev##c.pmr_text_invite_zf c.ars_cross_ev##c.pmr_text_recovery_zf c.ars_cross_ev##c.pmr_target_complaint_zf c.ars_cross_ev##c.pmr_target_service_zf c.ars_cross_ev##c.pmr_t
> arget_room_zf c.ars_cross_ev##c.pmr_target_cleanliness_zf c.ars_cross_ev##c.pmr_target_value_zf pmr_any pmr_activity_n ev_ln_review_count ev_mean_rating ev_sd_rating sent_avg_bing ln_lag_volumn_acc lag_avg_rating_acc lag_sd_acc ln_avg_com_RevPAR lnReven
> ue_lag_month_w199 if !missing(lnRevenue_next_calendar_w199,ars_cross_ev), absorb(hotel_id_num ym) vce(cluster hotel_id_num)
(dropped 19 singleton observations)
(MWFE estimator converged in 8 iterations)
note: ars_cross_ev omitted because of collinearity
note: ars_cross_ev omitted because of collinearity
note: ars_cross_ev omitted because of collinearity
note: ars_cross_ev omitted because of collinearity
note: ars_cross_ev omitted because of collinearity
note: ars_cross_ev omitted because of collinearity
note: ars_cross_ev omitted because of collinearity

HDFE Linear regression                            Number of obs   =     19,377
Absorbing 2 HDFE groups                           F(  28,    494) =   23133.11
Statistics robust to heteroskedasticity           Prob > F        =     0.0000
                                                  R-squared       =     0.9997
                                                  Adj R-squared   =     0.9997
                                                  Within R-sq.    =     0.9981
Number of clusters (hotel_id_num) =        495    Root MSE        =     0.0103

                                                       (Std. err. adjusted for 495 clusters in hotel_id_num)
------------------------------------------------------------------------------------------------------------
                                           |               Robust
              lnRevenue_next_calendar_w199 | Coefficient  std. err.      t    P>|t|     [95% conf. interval]
-------------------------------------------+----------------------------------------------------------------
                              ars_cross_ev |   .0010817   .0042188     0.26   0.798    -.0072072    .0093706
                          pmr_cohort_rate7 |   .0027116   .0011754     2.31   0.021     .0004022     .005021
                                           |
         c.ars_cross_ev#c.pmr_cohort_rate7 |  -.0108737   .0039412    -2.76   0.006    -.0186174     -.00313
                                           |
                              ars_cross_ev |          0  (omitted)
                        pmr_text_invite_zf |   .0011404   .0018724     0.61   0.543    -.0025384    .0048192
                                           |
       c.ars_cross_ev#c.pmr_text_invite_zf |  -.0052447   .0059531    -0.88   0.379    -.0169412    .0064517
                                           |
                              ars_cross_ev |          0  (omitted)
                      pmr_text_recovery_zf |   .0016106   .0026737     0.60   0.547    -.0036426    .0068638
                                           |
     c.ars_cross_ev#c.pmr_text_recovery_zf |  -.0067246   .0089584    -0.75   0.453    -.0243258    .0108766
                                           |
                              ars_cross_ev |          0  (omitted)
                   pmr_target_complaint_zf |  -.0007951   .0013337    -0.60   0.551    -.0034156    .0018254
                                           |
  c.ars_cross_ev#c.pmr_target_complaint_zf |   .0001134   .0042709     0.03   0.979    -.0082779    .0085046
                                           |
                              ars_cross_ev |          0  (omitted)
                     pmr_target_service_zf |  -.0024063   .0017619    -1.37   0.173    -.0058681    .0010555
                                           |
    c.ars_cross_ev#c.pmr_target_service_zf |   .0100066   .0062523     1.60   0.110    -.0022778    .0222911
                                           |
                              ars_cross_ev |          0  (omitted)
                        pmr_target_room_zf |   -.000265   .0013246    -0.20   0.842    -.0028675    .0023375
                                           |
       c.ars_cross_ev#c.pmr_target_room_zf |  -.0005862   .0050196    -0.12   0.907    -.0104487    .0092762
                                           |
                              ars_cross_ev |          0  (omitted)
                 pmr_target_cleanliness_zf |   .0011545   .0018695     0.62   0.537    -.0025186    .0048277
                                           |
c.ars_cross_ev#c.pmr_target_cleanliness_zf |  -.0048287   .0061417    -0.79   0.432    -.0168959    .0072384
                                           |
                              ars_cross_ev |          0  (omitted)
                       pmr_target_value_zf |  -.0013742   .0022865    -0.60   0.548    -.0058666    .0031182
                                           |
      c.ars_cross_ev#c.pmr_target_value_zf |   .0073791   .0084822     0.87   0.385    -.0092866    .0240448
                                           |
                                   pmr_any |   .0005052   .0004841     1.04   0.297     -.000446    .0014565
                            pmr_activity_n |   4.63e-06   7.12e-06     0.65   0.517    -9.37e-06    .0000186
                        ev_ln_review_count |   .0002322   .0002373     0.98   0.328    -.0002341    .0006984
                            ev_mean_rating |  -.0007496   .0003897    -1.92   0.055    -.0015153    .0000161
                              ev_sd_rating |  -.0006173    .000322    -1.92   0.056    -.0012499    .0000154
                             sent_avg_bing |   .0000285   .0000679     0.42   0.675     -.000105    .0001619
                         ln_lag_volumn_acc |   .0018553   .0005038     3.68   0.000     .0008656    .0028451
                        lag_avg_rating_acc |   .0052646   .0027069     1.94   0.052    -.0000538    .0105831
                                lag_sd_acc |   .0047079    .002204     2.14   0.033     .0003776    .0090382
                         ln_avg_com_RevPAR |   .0010227   .0004009     2.55   0.011     .0002351    .0018103
                  lnRevenue_lag_month_w199 |   .9846315   .0026727   368.40   0.000     .9793803    .9898827
                                     _cons |   .0294597   .0157525     1.87   0.062    -.0014904    .0604098
------------------------------------------------------------------------------------------------------------

Absorbed degrees of freedom:
------------------------------------------------------+
  Absorbed FE | Categories  - Redundant  = Num. Coefs |
--------------+---------------------------------------|
 hotel_id_num |       495         495           0    *|
           ym |       118           1         117     |
------------------------------------------------------+
* = FE nested within cluster; treated as redundant for DoF computation

. estimates store D3_cross

. reghdfe lnRevenue_next_calendar_w199 c.ars_pool_ev##c.pmr_cohort_rate7 c.ars_pool_ev##c.pmr_text_invite_zf c.ars_pool_ev##c.pmr_text_recovery_zf c.ars_pool_ev##c.pmr_target_complaint_zf c.ars_pool_ev##c.pmr_target_service_zf c.ars_pool_ev##c.pmr_target_
> room_zf c.ars_pool_ev##c.pmr_target_cleanliness_zf c.ars_pool_ev##c.pmr_target_value_zf pmr_any pmr_activity_n ev_ln_review_count ev_mean_rating ev_sd_rating sent_avg_bing ln_lag_volumn_acc lag_avg_rating_acc lag_sd_acc ln_avg_com_RevPAR lnRevenue_lag_m
> onth_w199 if !missing(lnRevenue_next_calendar_w199,ars_pool_ev), absorb(hotel_id_num ym) vce(cluster hotel_id_num)
(dropped 19 singleton observations)
(MWFE estimator converged in 8 iterations)
note: ars_pool_ev omitted because of collinearity
note: ars_pool_ev omitted because of collinearity
note: ars_pool_ev omitted because of collinearity
note: ars_pool_ev omitted because of collinearity
note: ars_pool_ev omitted because of collinearity
note: ars_pool_ev omitted because of collinearity
note: ars_pool_ev omitted because of collinearity

HDFE Linear regression                            Number of obs   =     19,377
Absorbing 2 HDFE groups                           F(  28,    494) =   21056.90
Statistics robust to heteroskedasticity           Prob > F        =     0.0000
                                                  R-squared       =     0.9997
                                                  Adj R-squared   =     0.9997
                                                  Within R-sq.    =     0.9981
Number of clusters (hotel_id_num) =        495    Root MSE        =     0.0103

                                                      (Std. err. adjusted for 495 clusters in hotel_id_num)
-----------------------------------------------------------------------------------------------------------
                                          |               Robust
             lnRevenue_next_calendar_w199 | Coefficient  std. err.      t    P>|t|     [95% conf. interval]
------------------------------------------+----------------------------------------------------------------
                              ars_pool_ev |    .002188   .0042586     0.51   0.608    -.0061791    .0105552
                         pmr_cohort_rate7 |   .0021676   .0011981     1.81   0.071    -.0001864    .0045217
                                          |
         c.ars_pool_ev#c.pmr_cohort_rate7 |  -.0090128   .0039407    -2.29   0.023    -.0167554   -.0012702
                                          |
                              ars_pool_ev |          0  (omitted)
                       pmr_text_invite_zf |   .0032224   .0025643     1.26   0.209    -.0018159    .0082608
                                          |
       c.ars_pool_ev#c.pmr_text_invite_zf |  -.0122444   .0085508    -1.43   0.153    -.0290448    .0045559
                                          |
                              ars_pool_ev |          0  (omitted)
                     pmr_text_recovery_zf |   .0024435   .0028019     0.87   0.384    -.0030616    .0079486
                                          |
     c.ars_pool_ev#c.pmr_text_recovery_zf |   -.009613   .0094187    -1.02   0.308    -.0281186    .0088926
                                          |
                              ars_pool_ev |          0  (omitted)
                  pmr_target_complaint_zf |   .0010281   .0016209     0.63   0.526    -.0021566    .0042127
                                          |
  c.ars_pool_ev#c.pmr_target_complaint_zf |  -.0061751   .0054979    -1.12   0.262    -.0169772     .004627
                                          |
                              ars_pool_ev |          0  (omitted)
                    pmr_target_service_zf |  -.0036977   .0022516    -1.64   0.101    -.0081216    .0007263
                                          |
    c.ars_pool_ev#c.pmr_target_service_zf |   .0142525    .007916     1.80   0.072    -.0013008    .0298057
                                          |
                              ars_pool_ev |          0  (omitted)
                       pmr_target_room_zf |    .001857    .001653     1.12   0.262    -.0013908    .0051047
                                          |
       c.ars_pool_ev#c.pmr_target_room_zf |  -.0076983   .0062189    -1.24   0.216     -.019917    .0045204
                                          |
                              ars_pool_ev |          0  (omitted)
                pmr_target_cleanliness_zf |   -.000138   .0018689    -0.07   0.941    -.0038099    .0035339
                                          |
c.ars_pool_ev#c.pmr_target_cleanliness_zf |  -.0004082   .0063781    -0.06   0.949    -.0129397    .0121233
                                          |
                              ars_pool_ev |          0  (omitted)
                      pmr_target_value_zf |  -.0025387   .0026842    -0.95   0.345    -.0078126    .0027352
                                          |
      c.ars_pool_ev#c.pmr_target_value_zf |   .0113725   .0099108     1.15   0.252       -.0081    .0308451
                                          |
                                  pmr_any |   .0004926   .0004863     1.01   0.312    -.0004629    .0014481
                           pmr_activity_n |   4.57e-06   7.23e-06     0.63   0.527    -9.64e-06    .0000188
                       ev_ln_review_count |    .000229   .0002339     0.98   0.328    -.0002306    .0006886
                           ev_mean_rating |  -.0007641   .0003938    -1.94   0.053    -.0015378    9.64e-06
                             ev_sd_rating |  -.0006093   .0003141    -1.94   0.053    -.0012265    7.89e-06
                            sent_avg_bing |   .0000291   .0000678     0.43   0.668    -.0001041    .0001624
                        ln_lag_volumn_acc |   .0018573   .0005036     3.69   0.000      .000868    .0028467
                       lag_avg_rating_acc |   .0052119   .0026795     1.95   0.052    -.0000527    .0104764
                               lag_sd_acc |   .0047085   .0021938     2.15   0.032     .0003982    .0090188
                        ln_avg_com_RevPAR |   .0010248   .0004005     2.56   0.011      .000238    .0018116
                 lnRevenue_lag_month_w199 |   .9846239   .0026735   368.29   0.000     .9793711    .9898767
                                    _cons |   .0294056   .0155323     1.89   0.059     -.001112    .0599232
-----------------------------------------------------------------------------------------------------------

Absorbed degrees of freedom:
------------------------------------------------------+
  Absorbed FE | Categories  - Redundant  = Num. Coefs |
--------------+---------------------------------------|
 hotel_id_num |       495         495           0    *|
           ym |       118           1         117     |
------------------------------------------------------+
* = FE nested within cluster; treated as redundant for DoF computation

. estimates store D3_pool

. 
. estimates table M01_cross M01_pool D1_cross D1_pool D2_cross D2_pool D3_cross D3_pool, b(%9.4f) se stats(N r2_a)

--------------------------------------------------------------------------------------------------------------
    Variable | M01_cross   M01_pool    D1_cross     D1_pool    D2_cross     D2_pool    D3_cross     D3_pool   
-------------+------------------------------------------------------------------------------------------------
ars_cross_ev |   -0.0461                                         -0.0004                  0.0011              
             |    0.0316                                          0.0026                  0.0042              
ev_ln_revi~t |    0.0448      0.0465      0.0102      0.0123      0.0002      0.0002      0.0002      0.0002  
             |    0.0048      0.0048      0.0010      0.0010      0.0002      0.0002      0.0002      0.0002  
ev_mean_ra~g |    0.0017      0.0017      0.0152      0.0131     -0.0007     -0.0007     -0.0007     -0.0008  
             |    0.0039      0.0039      0.0010      0.0009      0.0004      0.0004      0.0004      0.0004  
ev_sd_rating |    0.0020      0.0023     -0.0104     -0.0158     -0.0006     -0.0006     -0.0006     -0.0006  
             |    0.0036      0.0036      0.0009      0.0008      0.0003      0.0003      0.0003      0.0003  
ev_ln_mean~s |    0.0094      0.0075                                                                          
             |    0.0047      0.0049                                                                          
sent_avg_b~g |   -0.0002     -0.0001     -0.0019     -0.0020      0.0000      0.0000      0.0000      0.0000  
             |    0.0011      0.0011      0.0002      0.0002      0.0001      0.0001      0.0001      0.0001  
sent_pos_s~g |    0.0148      0.0141                                                                          
             |    0.0131      0.0130                                                                          
sent_neg_s~g |    0.0282      0.0271                                                                          
             |    0.0151      0.0152                                                                          
ln_lag_vol~c |    0.0336      0.0321      0.0037      0.0027      0.0019      0.0019      0.0019      0.0019  
             |    0.0076      0.0074      0.0014      0.0014      0.0005      0.0005      0.0005      0.0005  
lag_avg_ra~c |    0.0391      0.0362                              0.0052      0.0052      0.0053      0.0052  
             |    0.0302      0.0299                              0.0027      0.0027      0.0027      0.0027  
  lag_sd_acc |   -0.0012     -0.0037                              0.0047      0.0047      0.0047      0.0047  
             |    0.0378      0.0351                              0.0022      0.0022      0.0022      0.0022  
ln_avg_com~R |    0.1334      0.1342                              0.0010      0.0010      0.0010      0.0010  
             |    0.0160      0.0160                              0.0004      0.0004      0.0004      0.0004  
lnRev~h_w199 |    0.4075      0.4031                              0.9846      0.9846      0.9846      0.9846  
             |    0.0208      0.0206                              0.0027      0.0027      0.0027      0.0027  
 ars_pool_ev |               -0.0784                                          0.0005                  0.0022  
             |                0.0398                                          0.0026                  0.0043  
     pmr_any |                            0.0123      0.0101      0.0005      0.0004      0.0005      0.0005  
             |                            0.0024      0.0021      0.0005      0.0005      0.0005      0.0005  
pmr_activi~n |                            0.0001      0.0001      0.0000      0.0000      0.0000      0.0000  
             |                            0.0000      0.0000      0.0000      0.0000      0.0000      0.0000  
pmr_~t_rate7 |                            0.0008      0.0000     -0.0005     -0.0005      0.0027      0.0022  
             |                            0.0015      0.0013      0.0003      0.0003      0.0012      0.0012  
pmr_text_i~f |                            0.0041      0.0028     -0.0004     -0.0004      0.0011      0.0032  
             |                            0.0024      0.0020      0.0005      0.0005      0.0019      0.0026  
pmr_text_r~f |                           -0.0142     -0.0119     -0.0003     -0.0003      0.0016      0.0024  
             |                            0.0039      0.0032      0.0004      0.0004      0.0027      0.0028  
pmr_tar~t_zf |                           -0.0166     -0.0148     -0.0008     -0.0007     -0.0008      0.0010  
             |                            0.0019      0.0016      0.0003      0.0003      0.0013      0.0016  
pmr_ta~ce_zf |                           -0.0033     -0.0028      0.0005      0.0005     -0.0024     -0.0037  
             |                            0.0018      0.0016      0.0003      0.0003      0.0018      0.0023  
pmr_tar~m_zf |                           -0.0129     -0.0107     -0.0004     -0.0004     -0.0003      0.0019  
             |                            0.0020      0.0018      0.0005      0.0005      0.0013      0.0017  
pmr_tar~s_zf |                            0.0042      0.0040     -0.0003     -0.0003      0.0012     -0.0001  
             |                            0.0017      0.0015      0.0004      0.0004      0.0019      0.0019  
pmr_ta~ue_zf |                           -0.0053     -0.0028      0.0008      0.0008     -0.0014     -0.0025  
             |                            0.0020      0.0017      0.0006      0.0006      0.0023      0.0027  
             |
          c. |
ars_cross_ev#|
          c. |
pmr_~t_rate7 |                                                                           -0.0109              
             |                                                                            0.0039              
             |
ars_cross_ev |                                                                         (omitted)              
             |                                                                                                
             |
          c. |
ars_cross_ev#|
          c. |
pmr_text_i~f |                                                                           -0.0052              
             |                                                                            0.0060              
             |
ars_cross_ev |                                                                         (omitted)              
             |                                                                                                
             |
          c. |
ars_cross_ev#|
          c. |
pmr_text_r~f |                                                                           -0.0067              
             |                                                                            0.0090              
             |
ars_cross_ev |                                                                         (omitted)              
             |                                                                                                
             |
          c. |
ars_cross_ev#|
          c. |
pmr_tar~t_zf |                                                                            0.0001              
             |                                                                            0.0043              
             |
ars_cross_ev |                                                                         (omitted)              
             |                                                                                                
             |
          c. |
ars_cross_ev#|
          c. |
pmr_ta~ce_zf |                                                                            0.0100              
             |                                                                            0.0063              
             |
ars_cross_ev |                                                                         (omitted)              
             |                                                                                                
             |
          c. |
ars_cross_ev#|
          c. |
pmr_tar~m_zf |                                                                           -0.0006              
             |                                                                            0.0050              
             |
ars_cross_ev |                                                                         (omitted)              
             |                                                                                                
             |
          c. |
ars_cross_ev#|
          c. |
pmr_tar~s_zf |                                                                           -0.0048              
             |                                                                            0.0061              
             |
ars_cross_ev |                                                                         (omitted)              
             |                                                                                                
             |
          c. |
ars_cross_ev#|
          c. |
pmr_ta~ue_zf |                                                                            0.0074              
             |                                                                            0.0085              
             |
          c. |
 ars_pool_ev#|
          c. |
pmr_~t_rate7 |                                                                                       -0.0090  
             |                                                                                        0.0039  
             |
 ars_pool_ev |                                                                                     (omitted)  
             |                                                                                                
             |
          c. |
 ars_pool_ev#|
          c. |
pmr_text_i~f |                                                                                       -0.0122  
             |                                                                                        0.0086  
             |
 ars_pool_ev |                                                                                     (omitted)  
             |                                                                                                
             |
          c. |
 ars_pool_ev#|
          c. |
pmr_text_r~f |                                                                                       -0.0096  
             |                                                                                        0.0094  
             |
 ars_pool_ev |                                                                                     (omitted)  
             |                                                                                                
             |
          c. |
 ars_pool_ev#|
          c. |
pmr_tar~t_zf |                                                                                       -0.0062  
             |                                                                                        0.0055  
             |
 ars_pool_ev |                                                                                     (omitted)  
             |                                                                                                
             |
          c. |
 ars_pool_ev#|
          c. |
pmr_ta~ce_zf |                                                                                        0.0143  
             |                                                                                        0.0079  
             |
 ars_pool_ev |                                                                                     (omitted)  
             |                                                                                                
             |
          c. |
 ars_pool_ev#|
          c. |
pmr_tar~m_zf |                                                                                       -0.0077  
             |                                                                                        0.0062  
             |
 ars_pool_ev |                                                                                     (omitted)  
             |                                                                                                
             |
          c. |
 ars_pool_ev#|
          c. |
pmr_tar~s_zf |                                                                                       -0.0004  
             |                                                                                        0.0064  
             |
 ars_pool_ev |                                                                                     (omitted)  
             |                                                                                                
             |
          c. |
 ars_pool_ev#|
          c. |
pmr_ta~ue_zf |                                                                                        0.0114  
             |                                                                                        0.0099  
             |
       _cons |    1.5058      1.5617      0.2123      0.2302      0.0299      0.0297      0.0295      0.0294  
             |    0.1634      0.1602      0.0093      0.0089      0.0156      0.0156      0.0158      0.0155  
-------------+------------------------------------------------------------------------------------------------
           N |     21926       22092       21609       21724       19377       19377       19377       19377  
        r2_a |    0.8892      0.8888      0.2870      0.3391      0.9997      0.9997      0.9997      0.9997  
--------------------------------------------------------------------------------------------------------------
                                                                                                  Legend: b/se

. log close
      name:  <unnamed>
       log:  /Users/samxie/Research/ReviewSimi_Sales/Code/stata-log/run_event_month_core_dynamic_260710.log
  log type:  text
 closed on:  18 Jul 2026, 07:51:18
---------------------------------------------------------------------------------------------------------------------------------------------------------------------------------------------------------------------------------------------------------------
