---------------------------------------------------------------------------------------------------------------------------------------------------------------------------------------------------------------------------------------------------------------
      name:  <unnamed>
       log:  /Users/samxie/Research/ReviewSimi_Sales/Code/stata-log/run_routeB_learning_effect_260606.log
  log type:  text
 opened on:   6 Jun 2026, 17:43:08

. 
. keep if cs_sample_focus100 == 1
(5,406 observations deleted)

. 
. capture drop hotel_id_num

. capture confirm numeric variable HotelID

. if _rc encode HotelID, gen(hotel_id_num)

. else gen long hotel_id_num = HotelID

. 
. capture drop ym

. gen ym = monthly(year_month, "YM")

. format ym %tm

. xtset hotel_id_num ym

Panel variable: hotel_id_num (unbalanced)
 Time variable: ym, 2011m1 to 2022m9, but with gaps
         Delta: 1 month

. sort hotel_id_num ym

. 
. * Build current and next-month text shares.
. capture drop sent_neu_share_bing

. gen double sent_neu_share_bing = 1 - sent_pos_share_bing - sent_neg_share_bing if sent_any_text == 1
(5,911 missing values generated)

. 
. capture drop lead1_sent_pos_share_bing

. capture drop lead1_sent_neu_share_bing

. capture drop lead1_sent_neg_share_bing

. capture drop lead1_sent_avg_text_words

. capture drop lead1_sent_any_text

. gen double lead1_sent_pos_share_bing = F1.sent_pos_share_bing
(5,970 missing values generated)

. gen double lead1_sent_neu_share_bing = F1.sent_neu_share_bing
(10,562 missing values generated)

. gen double lead1_sent_neg_share_bing = F1.sent_neg_share_bing
(5,970 missing values generated)

. gen double lead1_sent_avg_text_words = F1.sent_avg_text_words
(5,970 missing values generated)

. gen double lead1_sent_any_text = F1.sent_any_text
(5,970 missing values generated)

. 
. * Build learning-effect delta outcomes.
. capture drop d_topic_similarity

. capture drop d_sent_pos_bing

. capture drop d_sent_neu_bing

. capture drop d_sent_neg_bing

. capture drop d_sent_avg_text_words

. gen double d_topic_similarity = lead1_sim_mean - sim_mean if !missing(lead1_sim_mean, sim_mean)
(591 missing values generated)

. gen double d_sent_avg_text_words = lead1_sent_avg_text_words - sent_avg_text_words if !missing(lead1_sent_avg_text_words, sent_avg_text_words)
(5,970 missing values generated)

. 
. 
. winsor2 ln_RevPAR_clean, cuts(1 99) suffix(_w199)

. winsor2 ln_RevPAR_clean, cuts(5 95) suffix(_w595)

. winsor2 ln_lag_RevPAR_clean, cuts(1 99) suffix(_w199)

. winsor2 ln_lag_RevPAR_clean, cuts(5 95) suffix(_w595)

. 
. winsor2 ln_RevPAR_clean, cuts(1 99) suffix(_w199_cym) by(City ym)

. winsor2 ln_RevPAR_clean, cuts(5 95) suffix(_w595_cym) by(City ym)

. winsor2 ln_lag_RevPAR_clean, cuts(1 99) suffix(_w199_cym) by(City ym)

. winsor2 ln_lag_RevPAR_clean, cuts(5 95) suffix(_w595_cym) by(City ym)

. 
. * Group current ARS into low/high cells within each Zip-month.
. capture drop med_sim_mean_zipym

. capture drop learn_hi_ars

. bysort Zip ym: egen med_sim_mean_zipym = median(sim_mean)
(9 missing values generated)

. gen byte learn_hi_ars = 1 if cs_sample_focus100 == 1 & !missing(sim_mean) & sim_mean > med_sim_mean_zipym
(21,389 missing values generated)

. replace learn_hi_ars = 0 if cs_sample_focus100 == 1 & !missing(sim_mean) & sim_mean < med_sim_mean_zipym
(13,402 real changes made)

. 
end of do-file

. do "/var/folders/x9/p1d98gj518326zdc2s5gzn8w0000gn/T//SD99297.000000"

. reghdfe ln_sent_avg_text_words sim_mean ///
>     ln_recent_volumn recent_sd recent_rating ln_lag_volumn_acc lag_avg_rating_acc lag_sd_acc ///
>     ln_avg_com_RevPAR ln_lag_RevPAR_clean_w199 ///
>     if cs_sample_focus100 == 1 & !missing(d_sent_avg_text_words), absorb(hotel_id_num ym) vce(cluster hotel_id_num)
(dropped 10 singleton observations)
(MWFE estimator converged in 8 iterations)

HDFE Linear regression                            Number of obs   =     27,840
Absorbing 2 HDFE groups                           F(   9,    544) =      83.51
Statistics robust to heteroskedasticity           Prob > F        =     0.0000
                                                  R-squared       =     0.9120
                                                  Adj R-squared   =     0.9098
                                                  Within R-sq.    =     0.0450
Number of clusters (hotel_id_num) =        545    Root MSE        =     0.5015

                                     (Std. err. adjusted for 545 clusters in hotel_id_num)
------------------------------------------------------------------------------------------
                         |               Robust
  ln_sent_avg_text_words | Coefficient  std. err.      t    P>|t|     [95% conf. interval]
-------------------------+----------------------------------------------------------------
                sim_mean |  -3.127501    .150011   -20.85   0.000    -3.422173   -2.832829
        ln_recent_volumn |   .0472518   .0286489     1.65   0.100    -.0090241    .1035278
               recent_sd |  -.0842774   .0293183    -2.87   0.004    -.1418682   -.0266865
           recent_rating |  -.0815302   .0225795    -3.61   0.000     -.125884   -.0371765
       ln_lag_volumn_acc |  -.0240677   .0256679    -0.94   0.349    -.0744881    .0263527
      lag_avg_rating_acc |   .1878535   .0919585     2.04   0.042     .0072162    .3684907
              lag_sd_acc |   .0539493   .1024542     0.53   0.599    -.1473049    .2552036
       ln_avg_com_RevPAR |   .0194717   .0130623     1.49   0.137     -.006187    .0451303
ln_lag_RevPAR_clean_w199 |   .0164553   .0188646     0.87   0.383    -.0206011    .0535118
                   _cons |   4.170558    .377291    11.05   0.000     3.429432    4.911683
------------------------------------------------------------------------------------------

Absorbed degrees of freedom:
------------------------------------------------------+
  Absorbed FE | Categories  - Redundant  = Num. Coefs |
--------------+---------------------------------------|
 hotel_id_num |       545         545           0    *|
           ym |       133           1         132     |
------------------------------------------------------+
* = FE nested within cluster; treated as redundant for DoF computation

. 
end of do-file

. do "/var/folders/x9/p1d98gj518326zdc2s5gzn8w0000gn/T//SD99297.000000"

. reghdfe ln_sent_avg_text_words lag_sim_mean ///
>     ln_recent_volumn recent_sd recent_rating ln_lag_volumn_acc lag_avg_rating_acc lag_sd_acc ///
>     ln_avg_com_RevPAR ln_lag_RevPAR_clean_w199 ///
>     if cs_sample_focus100 == 1 & !missing(d_sent_avg_text_words), absorb(hotel_id_num ym) vce(cluster hotel_id_num)
(dropped 10 singleton observations)
(MWFE estimator converged in 8 iterations)

HDFE Linear regression                            Number of obs   =     27,840
Absorbing 2 HDFE groups                           F(   9,    544) =      26.26
Statistics robust to heteroskedasticity           Prob > F        =     0.0000
                                                  R-squared       =     0.9091
                                                  Adj R-squared   =     0.9068
                                                  Within R-sq.    =     0.0141
Number of clusters (hotel_id_num) =        545    Root MSE        =     0.5096

                                     (Std. err. adjusted for 545 clusters in hotel_id_num)
------------------------------------------------------------------------------------------
                         |               Robust
  ln_sent_avg_text_words | Coefficient  std. err.      t    P>|t|     [95% conf. interval]
-------------------------+----------------------------------------------------------------
            lag_sim_mean |  -.0087759   .1395122    -0.06   0.950    -.2828246    .2652728
        ln_recent_volumn |  -.0172426   .0277618    -0.62   0.535    -.0717761    .0372909
               recent_sd |   .0442793   .0284498     1.56   0.120    -.0116056    .1001642
           recent_rating |  -.1258103   .0225711    -5.57   0.000    -.1701475   -.0814731
       ln_lag_volumn_acc |  -.0382594   .0261674    -1.46   0.144    -.0896608    .0131421
      lag_avg_rating_acc |   .2218238   .0928269     2.39   0.017     .0394806    .4041669
              lag_sd_acc |   .0204064   .1044436     0.20   0.845    -.1847557    .2255685
       ln_avg_com_RevPAR |   .0186186   .0133948     1.39   0.165    -.0076932    .0449304
ln_lag_RevPAR_clean_w199 |   .0263089   .0188754     1.39   0.164    -.0107687    .0633865
                   _cons |   3.403357   .3879692     8.77   0.000     2.641256    4.165458
------------------------------------------------------------------------------------------

Absorbed degrees of freedom:
------------------------------------------------------+
  Absorbed FE | Categories  - Redundant  = Num. Coefs |
--------------+---------------------------------------|
 hotel_id_num |       545         545           0    *|
           ym |       133           1         132     |
------------------------------------------------------+
* = FE nested within cluster; treated as redundant for DoF computation

. 
end of do-file

. do "/var/folders/x9/p1d98gj518326zdc2s5gzn8w0000gn/T//SD99297.000000"

. reghdfe ln_sent_avg_text_words c.lag_sim_mean##i.learn_hi_ars ///
>     ln_recent_volumn recent_sd recent_rating ln_lag_volumn_acc lag_avg_rating_acc lag_sd_acc ///
>     ln_avg_com_RevPAR ln_lag_RevPAR_clean_w199 ///
>     if cs_sample_focus100 == 1 & !missing(d_sent_avg_text_words), absorb(hotel_id_num ym) vce(cluster hotel_id_num)
(dropped 17 singleton observations)
(MWFE estimator converged in 8 iterations)

HDFE Linear regression                            Number of obs   =     21,668
Absorbing 2 HDFE groups                           F(  11,    493) =      35.89
Statistics robust to heteroskedasticity           Prob > F        =     0.0000
                                                  R-squared       =     0.9078
                                                  Adj R-squared   =     0.9050
                                                  Within R-sq.    =     0.0273
Number of clusters (hotel_id_num) =        494    Root MSE        =     0.5145

                                        (Std. err. adjusted for 494 clusters in hotel_id_num)
---------------------------------------------------------------------------------------------
                            |               Robust
     ln_sent_avg_text_words | Coefficient  std. err.      t    P>|t|     [95% conf. interval]
----------------------------+----------------------------------------------------------------
               lag_sim_mean |   .8998798   .2717314     3.31   0.001     .3659853    1.433774
             1.learn_hi_ars |  -.0338019   .0807163    -0.42   0.676    -.1923922    .1247885
                            |
learn_hi_ars#c.lag_sim_mean |
                         1  |  -.4020884   .2820855    -1.43   0.155    -.9563264    .1521496
                            |
           ln_recent_volumn |  -.0104853   .0311084    -0.34   0.736    -.0716067    .0506361
                  recent_sd |   .0334787   .0322275     1.04   0.299    -.0298415    .0967989
              recent_rating |  -.1037037   .0256756    -4.04   0.000    -.1541509   -.0532565
          ln_lag_volumn_acc |  -.0463833   .0290306    -1.60   0.111    -.1034224    .0106557
         lag_avg_rating_acc |   .2495179   .1177795     2.12   0.035     .0181062    .4809297
                 lag_sd_acc |   .0358487   .1245379     0.29   0.774    -.2088418    .2805392
          ln_avg_com_RevPAR |    .035615   .0190848     1.87   0.063    -.0018826    .0731127
   ln_lag_RevPAR_clean_w199 |   .0255607    .023453     1.09   0.276    -.0205195    .0716408
                      _cons |   2.980682   .4788388     6.22   0.000     2.039866    3.921499
---------------------------------------------------------------------------------------------

Absorbed degrees of freedom:
------------------------------------------------------+
  Absorbed FE | Categories  - Redundant  = Num. Coefs |
--------------+---------------------------------------|
 hotel_id_num |       494         494           0    *|
           ym |       133           1         132     |
------------------------------------------------------+
* = FE nested within cluster; treated as redundant for DoF computation

. 
end of do-file

. do "/var/folders/x9/p1d98gj518326zdc2s5gzn8w0000gn/T//SD99297.000000"

. reghdfe ln_sent_avg_text_words c.sim_mean##i.learn_hi_ars ///
>     ln_recent_volumn recent_sd recent_rating ln_lag_volumn_acc lag_avg_rating_acc lag_sd_acc ///
>     ln_avg_com_RevPAR ln_lag_RevPAR_clean_w199 ///
>     if cs_sample_focus100 == 1 & !missing(d_sent_avg_text_words), absorb(hotel_id_num ym) vce(cluster hotel_id_num)
(dropped 17 singleton observations)
(MWFE estimator converged in 8 iterations)

HDFE Linear regression                            Number of obs   =     21,668
Absorbing 2 HDFE groups                           F(  11,    493) =      54.46
Statistics robust to heteroskedasticity           Prob > F        =     0.0000
                                                  R-squared       =     0.9094
                                                  Adj R-squared   =     0.9067
                                                  Within R-sq.    =     0.0447
Number of clusters (hotel_id_num) =        494    Root MSE        =     0.5099

                                     (Std. err. adjusted for 494 clusters in hotel_id_num)
------------------------------------------------------------------------------------------
                         |               Robust
  ln_sent_avg_text_words | Coefficient  std. err.      t    P>|t|     [95% conf. interval]
-------------------------+----------------------------------------------------------------
                sim_mean |  -3.303513   .2689476   -12.28   0.000    -3.831938   -2.775088
          1.learn_hi_ars |   -.172435   .0823623    -2.09   0.037    -.3342595   -.0106105
                         |
 learn_hi_ars#c.sim_mean |
                      1  |   .5481183   .2877281     1.90   0.057    -.0172062    1.113443
                         |
        ln_recent_volumn |    .039765   .0313622     1.27   0.205    -.0218552    .1013851
               recent_sd |  -.0652855   .0331997    -1.97   0.050    -.1305158   -.0000552
           recent_rating |  -.0688135   .0256511    -2.68   0.008    -.1192124   -.0184145
       ln_lag_volumn_acc |  -.0326992   .0284973    -1.15   0.252    -.0886903    .0232918
      lag_avg_rating_acc |   .2295034   .1162354     1.97   0.049     .0011257    .4578812
              lag_sd_acc |   .0366764   .1204914     0.30   0.761    -.2000636    .2734163
       ln_avg_com_RevPAR |   .0386658   .0186824     2.07   0.039     .0019589    .0753728
ln_lag_RevPAR_clean_w199 |   .0166016   .0233962     0.71   0.478     -.029367    .0625702
                   _cons |   3.991461   .4703171     8.49   0.000     3.067388    4.915535
------------------------------------------------------------------------------------------

Absorbed degrees of freedom:
------------------------------------------------------+
  Absorbed FE | Categories  - Redundant  = Num. Coefs |
--------------+---------------------------------------|
 hotel_id_num |       494         494           0    *|
           ym |       133           1         132     |
------------------------------------------------------+
* = FE nested within cluster; treated as redundant for DoF computation

. 
end of do-file

. do "/var/folders/x9/p1d98gj518326zdc2s5gzn8w0000gn/T//SD99297.000000"

. reghdfe ln_sent_avg_text_words c.sim_mean##i.learn_hi_ars ///
>     ln_recent_volumn recent_sd recent_rating ln_lag_volumn_acc lag_avg_rating_acc lag_sd_acc ///
>     ln_avg_com_RevPAR ln_lag_RevPAR_clean_w199 ///
>     if cs_sample_focus100 == 1 & !missing(d_sent_avg_text_words), absorb(hotel_id_num ym) vce(cluster hotel_id_num)
(dropped 17 singleton observations)
(MWFE estimator converged in 8 iterations)

HDFE Linear regression                            Number of obs   =     21,668
Absorbing 2 HDFE groups                           F(  11,    493) =      54.46
Statistics robust to heteroskedasticity           Prob > F        =     0.0000
                                                  R-squared       =     0.9094
                                                  Adj R-squared   =     0.9067
                                                  Within R-sq.    =     0.0447
Number of clusters (hotel_id_num) =        494    Root MSE        =     0.5099

                                     (Std. err. adjusted for 494 clusters in hotel_id_num)
------------------------------------------------------------------------------------------
                         |               Robust
  ln_sent_avg_text_words | Coefficient  std. err.      t    P>|t|     [95% conf. interval]
-------------------------+----------------------------------------------------------------
                sim_mean |  -3.303513   .2689476   -12.28   0.000    -3.831938   -2.775088
          1.learn_hi_ars |   -.172435   .0823623    -2.09   0.037    -.3342595   -.0106105
                         |
 learn_hi_ars#c.sim_mean |
                      1  |   .5481183   .2877281     1.90   0.057    -.0172062    1.113443
                         |
        ln_recent_volumn |    .039765   .0313622     1.27   0.205    -.0218552    .1013851
               recent_sd |  -.0652855   .0331997    -1.97   0.050    -.1305158   -.0000552
           recent_rating |  -.0688135   .0256511    -2.68   0.008    -.1192124   -.0184145
       ln_lag_volumn_acc |  -.0326992   .0284973    -1.15   0.252    -.0886903    .0232918
      lag_avg_rating_acc |   .2295034   .1162354     1.97   0.049     .0011257    .4578812
              lag_sd_acc |   .0366764   .1204914     0.30   0.761    -.2000636    .2734163
       ln_avg_com_RevPAR |   .0386658   .0186824     2.07   0.039     .0019589    .0753728
ln_lag_RevPAR_clean_w199 |   .0166016   .0233962     0.71   0.478     -.029367    .0625702
                   _cons |   3.991461   .4703171     8.49   0.000     3.067388    4.915535
------------------------------------------------------------------------------------------

Absorbed degrees of freedom:
------------------------------------------------------+
  Absorbed FE | Categories  - Redundant  = Num. Coefs |
--------------+---------------------------------------|
 hotel_id_num |       494         494           0    *|
           ym |       133           1         132     |
------------------------------------------------------+
* = FE nested within cluster; treated as redundant for DoF computation

. 
end of do-file

. do "/var/folders/x9/p1d98gj518326zdc2s5gzn8w0000gn/T//SD99297.000000"

. reghdfe ln_sent_avg_text_words c.sim_mean##i.learn_hi_ars ///
>     ln_recent_volumn recent_sd recent_rating ln_lag_volumn_acc lag_avg_rating_acc lag_sd_acc ///
>     ln_avg_com_RevPAR ln_lag_RevPAR_clean_w199 ///
>     if cs_sample_focus100 == 1 & !missing(d_sent_avg_text_words), absorb(hotel_id_num ym) vce(cluster hotel_id_num)
(dropped 17 singleton observations)
(MWFE estimator converged in 8 iterations)

HDFE Linear regression                            Number of obs   =     21,668
Absorbing 2 HDFE groups                           F(  11,    493) =      54.46
Statistics robust to heteroskedasticity           Prob > F        =     0.0000
                                                  R-squared       =     0.9094
                                                  Adj R-squared   =     0.9067
                                                  Within R-sq.    =     0.0447
Number of clusters (hotel_id_num) =        494    Root MSE        =     0.5099

                                     (Std. err. adjusted for 494 clusters in hotel_id_num)
------------------------------------------------------------------------------------------
                         |               Robust
  ln_sent_avg_text_words | Coefficient  std. err.      t    P>|t|     [95% conf. interval]
-------------------------+----------------------------------------------------------------
                sim_mean |  -3.303513   .2689476   -12.28   0.000    -3.831938   -2.775088
          1.learn_hi_ars |   -.172435   .0823623    -2.09   0.037    -.3342595   -.0106105
                         |
 learn_hi_ars#c.sim_mean |
                      1  |   .5481183   .2877281     1.90   0.057    -.0172062    1.113443
                         |
        ln_recent_volumn |    .039765   .0313622     1.27   0.205    -.0218552    .1013851
               recent_sd |  -.0652855   .0331997    -1.97   0.050    -.1305158   -.0000552
           recent_rating |  -.0688135   .0256511    -2.68   0.008    -.1192124   -.0184145
       ln_lag_volumn_acc |  -.0326992   .0284973    -1.15   0.252    -.0886903    .0232918
      lag_avg_rating_acc |   .2295034   .1162354     1.97   0.049     .0011257    .4578812
              lag_sd_acc |   .0366764   .1204914     0.30   0.761    -.2000636    .2734163
       ln_avg_com_RevPAR |   .0386658   .0186824     2.07   0.039     .0019589    .0753728
ln_lag_RevPAR_clean_w199 |   .0166016   .0233962     0.71   0.478     -.029367    .0625702
                   _cons |   3.991461   .4703171     8.49   0.000     3.067388    4.915535
------------------------------------------------------------------------------------------

Absorbed degrees of freedom:
------------------------------------------------------+
  Absorbed FE | Categories  - Redundant  = Num. Coefs |
--------------+---------------------------------------|
 hotel_id_num |       494         494           0    *|
           ym |       133           1         132     |
------------------------------------------------------+
* = FE nested within cluster; treated as redundant for DoF computation

. 
end of do-file

. do "/var/folders/x9/p1d98gj518326zdc2s5gzn8w0000gn/T//SD99297.000000"

. reghdfe ln_sent_avg_text_words c.lag_sim_mean##i.learn_hi_ars ///
>     ln_recent_volumn recent_sd recent_rating ln_lag_volumn_acc lag_avg_rating_acc lag_sd_acc ///
>     ln_avg_com_RevPAR ln_lag_RevPAR_clean_w199 ///
>     if cs_sample_focus100 == 1 & !missing(d_sent_avg_text_words), absorb(hotel_id_num ym) vce(cluster hotel_id_num)
(dropped 17 singleton observations)
(MWFE estimator converged in 8 iterations)

HDFE Linear regression                            Number of obs   =     21,668
Absorbing 2 HDFE groups                           F(  11,    493) =      35.89
Statistics robust to heteroskedasticity           Prob > F        =     0.0000
                                                  R-squared       =     0.9078
                                                  Adj R-squared   =     0.9050
                                                  Within R-sq.    =     0.0273
Number of clusters (hotel_id_num) =        494    Root MSE        =     0.5145

                                        (Std. err. adjusted for 494 clusters in hotel_id_num)
---------------------------------------------------------------------------------------------
                            |               Robust
     ln_sent_avg_text_words | Coefficient  std. err.      t    P>|t|     [95% conf. interval]
----------------------------+----------------------------------------------------------------
               lag_sim_mean |   .8998798   .2717314     3.31   0.001     .3659853    1.433774
             1.learn_hi_ars |  -.0338019   .0807163    -0.42   0.676    -.1923922    .1247885
                            |
learn_hi_ars#c.lag_sim_mean |
                         1  |  -.4020884   .2820855    -1.43   0.155    -.9563264    .1521496
                            |
           ln_recent_volumn |  -.0104853   .0311084    -0.34   0.736    -.0716067    .0506361
                  recent_sd |   .0334787   .0322275     1.04   0.299    -.0298415    .0967989
              recent_rating |  -.1037037   .0256756    -4.04   0.000    -.1541509   -.0532565
          ln_lag_volumn_acc |  -.0463833   .0290306    -1.60   0.111    -.1034224    .0106557
         lag_avg_rating_acc |   .2495179   .1177795     2.12   0.035     .0181062    .4809297
                 lag_sd_acc |   .0358487   .1245379     0.29   0.774    -.2088418    .2805392
          ln_avg_com_RevPAR |    .035615   .0190848     1.87   0.063    -.0018826    .0731127
   ln_lag_RevPAR_clean_w199 |   .0255607    .023453     1.09   0.276    -.0205195    .0716408
                      _cons |   2.980682   .4788388     6.22   0.000     2.039866    3.921499
---------------------------------------------------------------------------------------------

Absorbed degrees of freedom:
------------------------------------------------------+
  Absorbed FE | Categories  - Redundant  = Num. Coefs |
--------------+---------------------------------------|
 hotel_id_num |       494         494           0    *|
           ym |       133           1         132     |
------------------------------------------------------+
* = FE nested within cluster; treated as redundant for DoF computation

. 
end of do-file

. do "/var/folders/x9/p1d98gj518326zdc2s5gzn8w0000gn/T//SD99297.000000"

. reghdfe lead1_ln_sent_avg_text_words c.sim_mean##i.learn_hi_ars ///
>     ln_recent_volumn recent_sd recent_rating ln_lag_volumn_acc lag_avg_rating_acc lag_sd_acc ///
>     ln_avg_com_RevPAR ln_lag_RevPAR_clean_w199 ///
>     if cs_sample_focus100 == 1 & !missing(d_sent_avg_text_words), absorb(hotel_id_num ym) vce(cluster hotel_id_num)
variable lead1_ln_sent_avg_text_words not found
r(111);

end of do-file

r(111);

. do "/var/folders/x9/p1d98gj518326zdc2s5gzn8w0000gn/T//SD99297.000000"

. reghdfe ln_sent_avg_text_words c.sim_mean##i.learn_hi_ars ///
>     ln_recent_volumn recent_sd recent_rating ln_lag_volumn_acc lag_avg_rating_acc lag_sd_acc ///
>     ln_avg_com_RevPAR ln_lag_RevPAR_clean_w199 ///
>     if cs_sample_focus100 == 1 & !missing(d_sent_avg_text_words), absorb(hotel_id_num ym) vce(cluster hotel_id_num)
(dropped 17 singleton observations)
(MWFE estimator converged in 8 iterations)

HDFE Linear regression                            Number of obs   =     21,668
Absorbing 2 HDFE groups                           F(  11,    493) =      54.46
Statistics robust to heteroskedasticity           Prob > F        =     0.0000
                                                  R-squared       =     0.9094
                                                  Adj R-squared   =     0.9067
                                                  Within R-sq.    =     0.0447
Number of clusters (hotel_id_num) =        494    Root MSE        =     0.5099

                                     (Std. err. adjusted for 494 clusters in hotel_id_num)
------------------------------------------------------------------------------------------
                         |               Robust
  ln_sent_avg_text_words | Coefficient  std. err.      t    P>|t|     [95% conf. interval]
-------------------------+----------------------------------------------------------------
                sim_mean |  -3.303513   .2689476   -12.28   0.000    -3.831938   -2.775088
          1.learn_hi_ars |   -.172435   .0823623    -2.09   0.037    -.3342595   -.0106105
                         |
 learn_hi_ars#c.sim_mean |
                      1  |   .5481183   .2877281     1.90   0.057    -.0172062    1.113443
                         |
        ln_recent_volumn |    .039765   .0313622     1.27   0.205    -.0218552    .1013851
               recent_sd |  -.0652855   .0331997    -1.97   0.050    -.1305158   -.0000552
           recent_rating |  -.0688135   .0256511    -2.68   0.008    -.1192124   -.0184145
       ln_lag_volumn_acc |  -.0326992   .0284973    -1.15   0.252    -.0886903    .0232918
      lag_avg_rating_acc |   .2295034   .1162354     1.97   0.049     .0011257    .4578812
              lag_sd_acc |   .0366764   .1204914     0.30   0.761    -.2000636    .2734163
       ln_avg_com_RevPAR |   .0386658   .0186824     2.07   0.039     .0019589    .0753728
ln_lag_RevPAR_clean_w199 |   .0166016   .0233962     0.71   0.478     -.029367    .0625702
                   _cons |   3.991461   .4703171     8.49   0.000     3.067388    4.915535
------------------------------------------------------------------------------------------

Absorbed degrees of freedom:
------------------------------------------------------+
  Absorbed FE | Categories  - Redundant  = Num. Coefs |
--------------+---------------------------------------|
 hotel_id_num |       494         494           0    *|
           ym |       133           1         132     |
------------------------------------------------------+
* = FE nested within cluster; treated as redundant for DoF computation

. 
end of do-file

. do "/var/folders/x9/p1d98gj518326zdc2s5gzn8w0000gn/T//SD99297.000000"

. reghdfe ln_sent_avg_text_words c.lag_sim_mean##i.learn_hi_ars ///
>     ln_recent_volumn recent_sd recent_rating ln_lag_volumn_acc lag_avg_rating_acc lag_sd_acc ///
>     ln_avg_com_RevPAR ln_lag_RevPAR_clean_w199 ///
>     if cs_sample_focus100 == 1 & !missing(d_sent_avg_text_words), absorb(hotel_id_num ym) vce(cluster hotel_id_num)
(dropped 17 singleton observations)
(MWFE estimator converged in 8 iterations)

HDFE Linear regression                            Number of obs   =     21,668
Absorbing 2 HDFE groups                           F(  11,    493) =      35.89
Statistics robust to heteroskedasticity           Prob > F        =     0.0000
                                                  R-squared       =     0.9078
                                                  Adj R-squared   =     0.9050
                                                  Within R-sq.    =     0.0273
Number of clusters (hotel_id_num) =        494    Root MSE        =     0.5145

                                        (Std. err. adjusted for 494 clusters in hotel_id_num)
---------------------------------------------------------------------------------------------
                            |               Robust
     ln_sent_avg_text_words | Coefficient  std. err.      t    P>|t|     [95% conf. interval]
----------------------------+----------------------------------------------------------------
               lag_sim_mean |   .8998798   .2717314     3.31   0.001     .3659853    1.433774
             1.learn_hi_ars |  -.0338019   .0807163    -0.42   0.676    -.1923922    .1247885
                            |
learn_hi_ars#c.lag_sim_mean |
                         1  |  -.4020884   .2820855    -1.43   0.155    -.9563264    .1521496
                            |
           ln_recent_volumn |  -.0104853   .0311084    -0.34   0.736    -.0716067    .0506361
                  recent_sd |   .0334787   .0322275     1.04   0.299    -.0298415    .0967989
              recent_rating |  -.1037037   .0256756    -4.04   0.000    -.1541509   -.0532565
          ln_lag_volumn_acc |  -.0463833   .0290306    -1.60   0.111    -.1034224    .0106557
         lag_avg_rating_acc |   .2495179   .1177795     2.12   0.035     .0181062    .4809297
                 lag_sd_acc |   .0358487   .1245379     0.29   0.774    -.2088418    .2805392
          ln_avg_com_RevPAR |    .035615   .0190848     1.87   0.063    -.0018826    .0731127
   ln_lag_RevPAR_clean_w199 |   .0255607    .023453     1.09   0.276    -.0205195    .0716408
                      _cons |   2.980682   .4788388     6.22   0.000     2.039866    3.921499
---------------------------------------------------------------------------------------------

Absorbed degrees of freedom:
------------------------------------------------------+
  Absorbed FE | Categories  - Redundant  = Num. Coefs |
--------------+---------------------------------------|
 hotel_id_num |       494         494           0    *|
           ym |       133           1         132     |
------------------------------------------------------+
* = FE nested within cluster; treated as redundant for DoF computation

. 
end of do-file

. do "/var/folders/x9/p1d98gj518326zdc2s5gzn8w0000gn/T//SD99297.000000"

. reghdfe ln_sent_avg_text_words lag_sim_mean ///
>     ln_recent_volumn recent_sd recent_rating ln_lag_volumn_acc lag_avg_rating_acc lag_sd_acc ///
>     ln_avg_com_RevPAR ln_lag_RevPAR_clean_w199 ///
>     if cs_sample_focus100 == 1 & !missing(d_sent_avg_text_words), absorb(hotel_id_num ym) vce(cluster hotel_id_num)
(dropped 10 singleton observations)
(MWFE estimator converged in 8 iterations)

HDFE Linear regression                            Number of obs   =     27,840
Absorbing 2 HDFE groups                           F(   9,    544) =      26.26
Statistics robust to heteroskedasticity           Prob > F        =     0.0000
                                                  R-squared       =     0.9091
                                                  Adj R-squared   =     0.9068
                                                  Within R-sq.    =     0.0141
Number of clusters (hotel_id_num) =        545    Root MSE        =     0.5096

                                     (Std. err. adjusted for 545 clusters in hotel_id_num)
------------------------------------------------------------------------------------------
                         |               Robust
  ln_sent_avg_text_words | Coefficient  std. err.      t    P>|t|     [95% conf. interval]
-------------------------+----------------------------------------------------------------
            lag_sim_mean |  -.0087759   .1395122    -0.06   0.950    -.2828246    .2652728
        ln_recent_volumn |  -.0172426   .0277618    -0.62   0.535    -.0717761    .0372909
               recent_sd |   .0442793   .0284498     1.56   0.120    -.0116056    .1001642
           recent_rating |  -.1258103   .0225711    -5.57   0.000    -.1701475   -.0814731
       ln_lag_volumn_acc |  -.0382594   .0261674    -1.46   0.144    -.0896608    .0131421
      lag_avg_rating_acc |   .2218238   .0928269     2.39   0.017     .0394806    .4041669
              lag_sd_acc |   .0204064   .1044436     0.20   0.845    -.1847557    .2255685
       ln_avg_com_RevPAR |   .0186186   .0133948     1.39   0.165    -.0076932    .0449304
ln_lag_RevPAR_clean_w199 |   .0263089   .0188754     1.39   0.164    -.0107687    .0633865
                   _cons |   3.403357   .3879692     8.77   0.000     2.641256    4.165458
------------------------------------------------------------------------------------------

Absorbed degrees of freedom:
------------------------------------------------------+
  Absorbed FE | Categories  - Redundant  = Num. Coefs |
--------------+---------------------------------------|
 hotel_id_num |       545         545           0    *|
           ym |       133           1         132     |
------------------------------------------------------+
* = FE nested within cluster; treated as redundant for DoF computation

. 
end of do-file

. do "/var/folders/x9/p1d98gj518326zdc2s5gzn8w0000gn/T//SD99297.000000"

. reghdfe ln_sent_avg_text_words sim_mean ///
>     ln_recent_volumn recent_sd recent_rating ln_lag_volumn_acc lag_avg_rating_acc lag_sd_acc ///
>     ln_avg_com_RevPAR ln_lag_RevPAR_clean_w199 ///
>     if cs_sample_focus100 == 1 & !missing(d_sent_avg_text_words), absorb(hotel_id_num ym) vce(cluster hotel_id_num)
(dropped 10 singleton observations)
(MWFE estimator converged in 8 iterations)

HDFE Linear regression                            Number of obs   =     27,840
Absorbing 2 HDFE groups                           F(   9,    544) =      83.51
Statistics robust to heteroskedasticity           Prob > F        =     0.0000
                                                  R-squared       =     0.9120
                                                  Adj R-squared   =     0.9098
                                                  Within R-sq.    =     0.0450
Number of clusters (hotel_id_num) =        545    Root MSE        =     0.5015

                                     (Std. err. adjusted for 545 clusters in hotel_id_num)
------------------------------------------------------------------------------------------
                         |               Robust
  ln_sent_avg_text_words | Coefficient  std. err.      t    P>|t|     [95% conf. interval]
-------------------------+----------------------------------------------------------------
                sim_mean |  -3.127501    .150011   -20.85   0.000    -3.422173   -2.832829
        ln_recent_volumn |   .0472518   .0286489     1.65   0.100    -.0090241    .1035278
               recent_sd |  -.0842774   .0293183    -2.87   0.004    -.1418682   -.0266865
           recent_rating |  -.0815302   .0225795    -3.61   0.000     -.125884   -.0371765
       ln_lag_volumn_acc |  -.0240677   .0256679    -0.94   0.349    -.0744881    .0263527
      lag_avg_rating_acc |   .1878535   .0919585     2.04   0.042     .0072162    .3684907
              lag_sd_acc |   .0539493   .1024542     0.53   0.599    -.1473049    .2552036
       ln_avg_com_RevPAR |   .0194717   .0130623     1.49   0.137     -.006187    .0451303
ln_lag_RevPAR_clean_w199 |   .0164553   .0188646     0.87   0.383    -.0206011    .0535118
                   _cons |   4.170558    .377291    11.05   0.000     3.429432    4.911683
------------------------------------------------------------------------------------------

Absorbed degrees of freedom:
------------------------------------------------------+
  Absorbed FE | Categories  - Redundant  = Num. Coefs |
--------------+---------------------------------------|
 hotel_id_num |       545         545           0    *|
           ym |       133           1         132     |
------------------------------------------------------+
* = FE nested within cluster; treated as redundant for DoF computation

. 
end of do-file

. do "/var/folders/x9/p1d98gj518326zdc2s5gzn8w0000gn/T//SD99297.000000"

. reghdfe ln_sent_avg_text_words c.sim_mean##i.learn_hi_ars ///
>     ln_recent_volumn recent_sd recent_rating ln_lag_volumn_acc lag_avg_rating_acc lag_sd_acc ///
>     ln_avg_com_RevPAR ln_lag_RevPAR_clean_w199 ///
>     if cs_sample_focus100 == 1 & !missing(d_sent_avg_text_words), absorb(hotel_id_num ym) vce(cluster hotel_id_num)
(dropped 17 singleton observations)
(MWFE estimator converged in 8 iterations)

HDFE Linear regression                            Number of obs   =     21,668
Absorbing 2 HDFE groups                           F(  11,    493) =      54.46
Statistics robust to heteroskedasticity           Prob > F        =     0.0000
                                                  R-squared       =     0.9094
                                                  Adj R-squared   =     0.9067
                                                  Within R-sq.    =     0.0447
Number of clusters (hotel_id_num) =        494    Root MSE        =     0.5099

                                     (Std. err. adjusted for 494 clusters in hotel_id_num)
------------------------------------------------------------------------------------------
                         |               Robust
  ln_sent_avg_text_words | Coefficient  std. err.      t    P>|t|     [95% conf. interval]
-------------------------+----------------------------------------------------------------
                sim_mean |  -3.303513   .2689476   -12.28   0.000    -3.831938   -2.775088
          1.learn_hi_ars |   -.172435   .0823623    -2.09   0.037    -.3342595   -.0106105
                         |
 learn_hi_ars#c.sim_mean |
                      1  |   .5481183   .2877281     1.90   0.057    -.0172062    1.113443
                         |
        ln_recent_volumn |    .039765   .0313622     1.27   0.205    -.0218552    .1013851
               recent_sd |  -.0652855   .0331997    -1.97   0.050    -.1305158   -.0000552
           recent_rating |  -.0688135   .0256511    -2.68   0.008    -.1192124   -.0184145
       ln_lag_volumn_acc |  -.0326992   .0284973    -1.15   0.252    -.0886903    .0232918
      lag_avg_rating_acc |   .2295034   .1162354     1.97   0.049     .0011257    .4578812
              lag_sd_acc |   .0366764   .1204914     0.30   0.761    -.2000636    .2734163
       ln_avg_com_RevPAR |   .0386658   .0186824     2.07   0.039     .0019589    .0753728
ln_lag_RevPAR_clean_w199 |   .0166016   .0233962     0.71   0.478     -.029367    .0625702
                   _cons |   3.991461   .4703171     8.49   0.000     3.067388    4.915535
------------------------------------------------------------------------------------------

Absorbed degrees of freedom:
------------------------------------------------------+
  Absorbed FE | Categories  - Redundant  = Num. Coefs |
--------------+---------------------------------------|
 hotel_id_num |       494         494           0    *|
           ym |       133           1         132     |
------------------------------------------------------+
* = FE nested within cluster; treated as redundant for DoF computation

. 
end of do-file

. do "/var/folders/x9/p1d98gj518326zdc2s5gzn8w0000gn/T//SD99297.000000"

. reghdfe d_topic_similarity sim_mean ///
>     ln_recent_volumn recent_sd recent_rating ln_lag_volumn_acc lag_avg_rating_acc lag_sd_acc ///
>     if cs_sample_focus100 == 1 & learn_hi_ars == 0 & !missing(d_topic_similarity), absorb(hotel_id_num ym) vce(cluster hotel_id_num)
(dropped 10 singleton observations)
(MWFE estimator converged in 8 iterations)

HDFE Linear regression                            Number of obs   =     12,927
Absorbing 2 HDFE groups                           F(   7,    493) =     102.04
Statistics robust to heteroskedasticity           Prob > F        =     0.0000
                                                  R-squared       =     0.1410
                                                  Adj R-squared   =     0.0967
                                                  Within R-sq.    =     0.0757
Number of clusters (hotel_id_num) =        494    Root MSE        =     0.0199

                               (Std. err. adjusted for 494 clusters in hotel_id_num)
------------------------------------------------------------------------------------
                   |               Robust
d_topic_similarity | Coefficient  std. err.      t    P>|t|     [95% conf. interval]
-------------------+----------------------------------------------------------------
          sim_mean |  -.2634988   .0103592   -25.44   0.000    -.2838525   -.2431452
  ln_recent_volumn |   .0078253   .0011722     6.68   0.000     .0055222    .0101284
         recent_sd |  -.0003828   .0008799    -0.44   0.664    -.0021116    .0013459
     recent_rating |   .0016092   .0005245     3.07   0.002     .0005785    .0026398
 ln_lag_volumn_acc |   .0010367   .0007372     1.41   0.160    -.0004118    .0024852
lag_avg_rating_acc |  -.0043953   .0019587    -2.24   0.025    -.0082438   -.0005469
        lag_sd_acc |   .0064161    .002953     2.17   0.030      .000614    .0122181
             _cons |   .0519072   .0098522     5.27   0.000     .0325497    .0712647
------------------------------------------------------------------------------------

Absorbed degrees of freedom:
------------------------------------------------------+
  Absorbed FE | Categories  - Redundant  = Num. Coefs |
--------------+---------------------------------------|
 hotel_id_num |       494         494           0    *|
           ym |       134           1         133     |
------------------------------------------------------+
* = FE nested within cluster; treated as redundant for DoF computation

. 
end of do-file

. do "/var/folders/x9/p1d98gj518326zdc2s5gzn8w0000gn/T//SD99297.000000"

. reghdfe d_topic_similarity sim_mean ///
>     ln_recent_volumn recent_sd recent_rating ln_lag_volumn_acc lag_avg_rating_acc lag_sd_acc ///
>     if cs_sample_focus100 == 1 & learn_hi_ars == 1 & !missing(d_topic_similarity), absorb(hotel_id_num ym) vce(cluster hotel_id_num)
(dropped 19 singleton observations)
(MWFE estimator converged in 8 iterations)

HDFE Linear regression                            Number of obs   =     13,039
Absorbing 2 HDFE groups                           F(   7,    468) =     134.91
Statistics robust to heteroskedasticity           Prob > F        =     0.0000
                                                  R-squared       =     0.1604
                                                  Adj R-squared   =     0.1194
                                                  Within R-sq.    =     0.1215
Number of clusters (hotel_id_num) =        469    Root MSE        =     0.0241

                               (Std. err. adjusted for 469 clusters in hotel_id_num)
------------------------------------------------------------------------------------
                   |               Robust
d_topic_similarity | Coefficient  std. err.      t    P>|t|     [95% conf. interval]
-------------------+----------------------------------------------------------------
          sim_mean |  -.3179163   .0113711   -27.96   0.000     -.340261   -.2955715
  ln_recent_volumn |   .0112773   .0011284     9.99   0.000     .0090599    .0134948
         recent_sd |  -.0028055   .0008559    -3.28   0.001    -.0044873   -.0011236
     recent_rating |   .0009532   .0006278     1.52   0.130    -.0002805    .0021869
 ln_lag_volumn_acc |  -.0007906   .0007683    -1.03   0.304    -.0023003    .0007192
lag_avg_rating_acc |  -.0013699   .0023411    -0.59   0.559    -.0059703    .0032306
        lag_sd_acc |   .0140267    .003328     4.21   0.000      .007487    .0205664
             _cons |   .0600315   .0119255     5.03   0.000     .0365974    .0834656
------------------------------------------------------------------------------------

Absorbed degrees of freedom:
------------------------------------------------------+
  Absorbed FE | Categories  - Redundant  = Num. Coefs |
--------------+---------------------------------------|
 hotel_id_num |       469         469           0    *|
           ym |       134           1         133     |
------------------------------------------------------+
* = FE nested within cluster; treated as redundant for DoF computation

. 
end of do-file

. do "/var/folders/x9/p1d98gj518326zdc2s5gzn8w0000gn/T//SD99297.000000"

. reghdfe d_topic_similarity sim_mean ///
>     ln_recent_volumn recent_sd recent_rating ln_lag_volumn_acc lag_avg_rating_acc lag_sd_acc ///
>     if cs_sample_focus100 == 1 & !missing(d_topic_similarity), absorb(hotel_id_num ym) vce(cluster hotel_id_num)
(dropped 1 singleton observations)
(MWFE estimator converged in 7 iterations)

HDFE Linear regression                            Number of obs   =     33,633
Absorbing 2 HDFE groups                           F(   7,    561) =     297.32
Statistics robust to heteroskedasticity           Prob > F        =     0.0000
                                                  R-squared       =     0.1415
                                                  Adj R-squared   =     0.1233
                                                  Within R-sq.    =     0.1303
Number of clusters (hotel_id_num) =        562    Root MSE        =     0.0222

                               (Std. err. adjusted for 562 clusters in hotel_id_num)
------------------------------------------------------------------------------------
                   |               Robust
d_topic_similarity | Coefficient  std. err.      t    P>|t|     [95% conf. interval]
-------------------+----------------------------------------------------------------
          sim_mean |    -.26989   .0062865   -42.93   0.000     -.282238   -.2575419
  ln_recent_volumn |   .0097343   .0007142    13.63   0.000     .0083314    .0111371
         recent_sd |  -.0023771   .0006213    -3.83   0.000    -.0035973   -.0011568
     recent_rating |   .0009366   .0004118     2.27   0.023     .0001277    .0017455
 ln_lag_volumn_acc |  -.0001638   .0004608    -0.36   0.722    -.0010689    .0007413
lag_avg_rating_acc |  -.0015992   .0012974    -1.23   0.218    -.0041477    .0009492
        lag_sd_acc |   .0073155   .0017716     4.13   0.000     .0038358    .0107953
             _cons |   .0510101   .0063625     8.02   0.000     .0385129    .0635073
------------------------------------------------------------------------------------

Absorbed degrees of freedom:
------------------------------------------------------+
  Absorbed FE | Categories  - Redundant  = Num. Coefs |
--------------+---------------------------------------|
 hotel_id_num |       562         562           0    *|
           ym |       134           1         133     |
------------------------------------------------------+
* = FE nested within cluster; treated as redundant for DoF computation

. 
end of do-file

. do "/var/folders/x9/p1d98gj518326zdc2s5gzn8w0000gn/T//SD99297.000000"

. reghdfe d_topic_similarity c.sim_mean##i.learn_hi_ars ///
>     ln_recent_volumn recent_sd recent_rating ln_lag_volumn_acc lag_avg_rating_acc lag_sd_acc ///
>     if cs_sample_focus100 == 1 & !missing(d_topic_similarity), absorb(hotel_id_num ym) vce(cluster hotel_id_num)
(dropped 8 singleton observations)
(MWFE estimator converged in 7 iterations)

HDFE Linear regression                            Number of obs   =     25,987
Absorbing 2 HDFE groups                           F(   9,    515) =     207.30
Statistics robust to heteroskedasticity           Prob > F        =     0.0000
                                                  R-squared       =     0.1554
                                                  Adj R-squared   =     0.1335
                                                  Within R-sq.    =     0.1412
Number of clusters (hotel_id_num) =        516    Root MSE        =     0.0223

                                    (Std. err. adjusted for 516 clusters in hotel_id_num)
-----------------------------------------------------------------------------------------
                        |               Robust
     d_topic_similarity | Coefficient  std. err.      t    P>|t|     [95% conf. interval]
------------------------+----------------------------------------------------------------
               sim_mean |  -.2357008   .0095424   -24.70   0.000    -.2544476    -.216954
         1.learn_hi_ars |   .0155035   .0036922     4.20   0.000     .0082498    .0227572
                        |
learn_hi_ars#c.sim_mean |
                     1  |  -.0572037   .0124759    -4.59   0.000    -.0817136   -.0326938
                        |
       ln_recent_volumn |   .0093928   .0007515    12.50   0.000     .0079164    .0108691
              recent_sd |  -.0025007   .0006957    -3.59   0.000    -.0038674   -.0011339
          recent_rating |    .001325   .0004643     2.85   0.004     .0004128    .0022372
      ln_lag_volumn_acc |   .0000441    .000537     0.08   0.935    -.0010108    .0010991
     lag_avg_rating_acc |    -.00137   .0015703    -0.87   0.383    -.0044549    .0017149
             lag_sd_acc |   .0109987   .0021903     5.02   0.000     .0066957    .0153016
                  _cons |    .035509    .007815     4.54   0.000     .0201558    .0508622
-----------------------------------------------------------------------------------------

Absorbed degrees of freedom:
------------------------------------------------------+
  Absorbed FE | Categories  - Redundant  = Num. Coefs |
--------------+---------------------------------------|
 hotel_id_num |       516         516           0    *|
           ym |       134           1         133     |
------------------------------------------------------+
* = FE nested within cluster; treated as redundant for DoF computation

. est store lf_topic_inter

. 
end of do-file

. do "/var/folders/x9/p1d98gj518326zdc2s5gzn8w0000gn/T//SD99297.000000"

. reghdfe d_topic_similarity sim_mean ///
>     ln_recent_volumn recent_sd recent_rating ln_lag_volumn_acc lag_avg_rating_acc lag_sd_acc ///
>     if cs_sample_focus100 == 1 & learn_hi_ars == 0 & !missing(d_topic_similarity), absorb(hotel_id_num ym) vce(cluster hotel_id_num)
(dropped 10 singleton observations)
(MWFE estimator converged in 8 iterations)

HDFE Linear regression                            Number of obs   =     12,927
Absorbing 2 HDFE groups                           F(   7,    493) =     102.04
Statistics robust to heteroskedasticity           Prob > F        =     0.0000
                                                  R-squared       =     0.1410
                                                  Adj R-squared   =     0.0967
                                                  Within R-sq.    =     0.0757
Number of clusters (hotel_id_num) =        494    Root MSE        =     0.0199

                               (Std. err. adjusted for 494 clusters in hotel_id_num)
------------------------------------------------------------------------------------
                   |               Robust
d_topic_similarity | Coefficient  std. err.      t    P>|t|     [95% conf. interval]
-------------------+----------------------------------------------------------------
          sim_mean |  -.2634988   .0103592   -25.44   0.000    -.2838525   -.2431452
  ln_recent_volumn |   .0078253   .0011722     6.68   0.000     .0055222    .0101284
         recent_sd |  -.0003828   .0008799    -0.44   0.664    -.0021116    .0013459
     recent_rating |   .0016092   .0005245     3.07   0.002     .0005785    .0026398
 ln_lag_volumn_acc |   .0010367   .0007372     1.41   0.160    -.0004118    .0024852
lag_avg_rating_acc |  -.0043953   .0019587    -2.24   0.025    -.0082438   -.0005469
        lag_sd_acc |   .0064161    .002953     2.17   0.030      .000614    .0122181
             _cons |   .0519072   .0098522     5.27   0.000     .0325497    .0712647
------------------------------------------------------------------------------------

Absorbed degrees of freedom:
------------------------------------------------------+
  Absorbed FE | Categories  - Redundant  = Num. Coefs |
--------------+---------------------------------------|
 hotel_id_num |       494         494           0    *|
           ym |       134           1         133     |
------------------------------------------------------+
* = FE nested within cluster; treated as redundant for DoF computation

. 
end of do-file

. do "/var/folders/x9/p1d98gj518326zdc2s5gzn8w0000gn/T//SD99297.000000"

. reghdfe d_topic_similarity sim_mean ///
>     ln_recent_volumn recent_sd recent_rating ln_lag_volumn_acc lag_avg_rating_acc lag_sd_acc ///
>     if cs_sample_focus100 == 1 & learn_hi_ars == 1 & !missing(d_topic_similarity), absorb(hotel_id_num ym) vce(cluster hotel_id_num)
(dropped 19 singleton observations)
(MWFE estimator converged in 8 iterations)

HDFE Linear regression                            Number of obs   =     13,039
Absorbing 2 HDFE groups                           F(   7,    468) =     134.91
Statistics robust to heteroskedasticity           Prob > F        =     0.0000
                                                  R-squared       =     0.1604
                                                  Adj R-squared   =     0.1194
                                                  Within R-sq.    =     0.1215
Number of clusters (hotel_id_num) =        469    Root MSE        =     0.0241

                               (Std. err. adjusted for 469 clusters in hotel_id_num)
------------------------------------------------------------------------------------
                   |               Robust
d_topic_similarity | Coefficient  std. err.      t    P>|t|     [95% conf. interval]
-------------------+----------------------------------------------------------------
          sim_mean |  -.3179163   .0113711   -27.96   0.000     -.340261   -.2955715
  ln_recent_volumn |   .0112773   .0011284     9.99   0.000     .0090599    .0134948
         recent_sd |  -.0028055   .0008559    -3.28   0.001    -.0044873   -.0011236
     recent_rating |   .0009532   .0006278     1.52   0.130    -.0002805    .0021869
 ln_lag_volumn_acc |  -.0007906   .0007683    -1.03   0.304    -.0023003    .0007192
lag_avg_rating_acc |  -.0013699   .0023411    -0.59   0.559    -.0059703    .0032306
        lag_sd_acc |   .0140267    .003328     4.21   0.000      .007487    .0205664
             _cons |   .0600315   .0119255     5.03   0.000     .0365974    .0834656
------------------------------------------------------------------------------------

Absorbed degrees of freedom:
------------------------------------------------------+
  Absorbed FE | Categories  - Redundant  = Num. Coefs |
--------------+---------------------------------------|
 hotel_id_num |       469         469           0    *|
           ym |       134           1         133     |
------------------------------------------------------+
* = FE nested within cluster; treated as redundant for DoF computation

. 
end of do-file

. do "/var/folders/x9/p1d98gj518326zdc2s5gzn8w0000gn/T//SD99297.000000"

. reghdfe ln_sent_avg_text_words sim_mean ///
>     ln_recent_volumn recent_sd recent_rating ln_lag_volumn_acc lag_avg_rating_acc lag_sd_acc ///
>     ln_avg_com_RevPAR ln_lag_RevPAR_clean_w199 ///
>     if cs_sample_focus100 == 1 & !missing(d_sent_avg_text_words), absorb(hotel_id_num ym) vce(cluster hotel_id_num)
(dropped 10 singleton observations)
(MWFE estimator converged in 8 iterations)

HDFE Linear regression                            Number of obs   =     27,840
Absorbing 2 HDFE groups                           F(   9,    544) =      83.51
Statistics robust to heteroskedasticity           Prob > F        =     0.0000
                                                  R-squared       =     0.9120
                                                  Adj R-squared   =     0.9098
                                                  Within R-sq.    =     0.0450
Number of clusters (hotel_id_num) =        545    Root MSE        =     0.5015

                                     (Std. err. adjusted for 545 clusters in hotel_id_num)
------------------------------------------------------------------------------------------
                         |               Robust
  ln_sent_avg_text_words | Coefficient  std. err.      t    P>|t|     [95% conf. interval]
-------------------------+----------------------------------------------------------------
                sim_mean |  -3.127501    .150011   -20.85   0.000    -3.422173   -2.832829
        ln_recent_volumn |   .0472518   .0286489     1.65   0.100    -.0090241    .1035278
               recent_sd |  -.0842774   .0293183    -2.87   0.004    -.1418682   -.0266865
           recent_rating |  -.0815302   .0225795    -3.61   0.000     -.125884   -.0371765
       ln_lag_volumn_acc |  -.0240677   .0256679    -0.94   0.349    -.0744881    .0263527
      lag_avg_rating_acc |   .1878535   .0919585     2.04   0.042     .0072162    .3684907
              lag_sd_acc |   .0539493   .1024542     0.53   0.599    -.1473049    .2552036
       ln_avg_com_RevPAR |   .0194717   .0130623     1.49   0.137     -.006187    .0451303
ln_lag_RevPAR_clean_w199 |   .0164553   .0188646     0.87   0.383    -.0206011    .0535118
                   _cons |   4.170558    .377291    11.05   0.000     3.429432    4.911683
------------------------------------------------------------------------------------------

Absorbed degrees of freedom:
------------------------------------------------------+
  Absorbed FE | Categories  - Redundant  = Num. Coefs |
--------------+---------------------------------------|
 hotel_id_num |       545         545           0    *|
           ym |       133           1         132     |
------------------------------------------------------+
* = FE nested within cluster; treated as redundant for DoF computation

. 
end of do-file

. do "/var/folders/x9/p1d98gj518326zdc2s5gzn8w0000gn/T//SD99297.000000"

. reghdfe ln_sent_avg_text_words c.sim_mean##i.learn_hi_ars ///
>     ln_recent_volumn recent_sd recent_rating ln_lag_volumn_acc lag_avg_rating_acc lag_sd_acc ///
>     ln_avg_com_RevPAR ln_lag_RevPAR_clean_w199 ///
>     if cs_sample_focus100 == 1 & !missing(d_sent_avg_text_words), absorb(hotel_id_num ym) vce(cluster hotel_id_num)
(dropped 17 singleton observations)
(MWFE estimator converged in 8 iterations)

HDFE Linear regression                            Number of obs   =     21,668
Absorbing 2 HDFE groups                           F(  11,    493) =      54.46
Statistics robust to heteroskedasticity           Prob > F        =     0.0000
                                                  R-squared       =     0.9094
                                                  Adj R-squared   =     0.9067
                                                  Within R-sq.    =     0.0447
Number of clusters (hotel_id_num) =        494    Root MSE        =     0.5099

                                     (Std. err. adjusted for 494 clusters in hotel_id_num)
------------------------------------------------------------------------------------------
                         |               Robust
  ln_sent_avg_text_words | Coefficient  std. err.      t    P>|t|     [95% conf. interval]
-------------------------+----------------------------------------------------------------
                sim_mean |  -3.303513   .2689476   -12.28   0.000    -3.831938   -2.775088
          1.learn_hi_ars |   -.172435   .0823623    -2.09   0.037    -.3342595   -.0106105
                         |
 learn_hi_ars#c.sim_mean |
                      1  |   .5481183   .2877281     1.90   0.057    -.0172062    1.113443
                         |
        ln_recent_volumn |    .039765   .0313622     1.27   0.205    -.0218552    .1013851
               recent_sd |  -.0652855   .0331997    -1.97   0.050    -.1305158   -.0000552
           recent_rating |  -.0688135   .0256511    -2.68   0.008    -.1192124   -.0184145
       ln_lag_volumn_acc |  -.0326992   .0284973    -1.15   0.252    -.0886903    .0232918
      lag_avg_rating_acc |   .2295034   .1162354     1.97   0.049     .0011257    .4578812
              lag_sd_acc |   .0366764   .1204914     0.30   0.761    -.2000636    .2734163
       ln_avg_com_RevPAR |   .0386658   .0186824     2.07   0.039     .0019589    .0753728
ln_lag_RevPAR_clean_w199 |   .0166016   .0233962     0.71   0.478     -.029367    .0625702
                   _cons |   3.991461   .4703171     8.49   0.000     3.067388    4.915535
------------------------------------------------------------------------------------------

Absorbed degrees of freedom:
------------------------------------------------------+
  Absorbed FE | Categories  - Redundant  = Num. Coefs |
--------------+---------------------------------------|
 hotel_id_num |       494         494           0    *|
           ym |       133           1         132     |
------------------------------------------------------+
* = FE nested within cluster; treated as redundant for DoF computation

. 
end of do-file

. do "/var/folders/x9/p1d98gj518326zdc2s5gzn8w0000gn/T//SD99297.000000"

. winsor2 ln_sent_avg_text_words, cuts(1 99) suffix(_w199)

. winsor2 ln_sent_avg_text_words, cuts(5 95) suffix(_w595)

. 
end of do-file

. do "/var/folders/x9/p1d98gj518326zdc2s5gzn8w0000gn/T//SD99297.000000"

. reghdfe ln_sent_avg_text_words_w199 c.sim_mean##i.learn_hi_ars ///
>     ln_recent_volumn recent_sd recent_rating ln_lag_volumn_acc lag_avg_rating_acc lag_sd_acc ///
>     if cs_sample_focus100 == 1 & !missing(d_sent_avg_text_words), absorb(hotel_id_num ym) vce(cluster hotel_id_num)
(dropped 17 singleton observations)
(MWFE estimator converged in 8 iterations)

HDFE Linear regression                            Number of obs   =     22,117
Absorbing 2 HDFE groups                           F(   9,    498) =      68.39
Statistics robust to heteroskedasticity           Prob > F        =     0.0000
                                                  R-squared       =     0.9118
                                                  Adj R-squared   =     0.9091
                                                  Within R-sq.    =     0.0439
Number of clusters (hotel_id_num) =        499    Root MSE        =     0.5024

                                    (Std. err. adjusted for 499 clusters in hotel_id_num)
-----------------------------------------------------------------------------------------
                        |               Robust
ln_sent_avg_text_wo~199 | Coefficient  std. err.      t    P>|t|     [95% conf. interval]
------------------------+----------------------------------------------------------------
               sim_mean |  -3.240323   .2629261   -12.32   0.000    -3.756904   -2.723742
         1.learn_hi_ars |  -.1689171   .0814578    -2.07   0.039    -.3289603   -.0088739
                        |
learn_hi_ars#c.sim_mean |
                     1  |   .5337886    .283954     1.88   0.061    -.0241069    1.091684
                        |
       ln_recent_volumn |   .0447107   .0304088     1.47   0.142    -.0150345     .104456
              recent_sd |  -.0674068   .0325919    -2.07   0.039    -.1314414   -.0033723
          recent_rating |  -.0703841   .0252378    -2.79   0.005    -.1199697   -.0207984
      ln_lag_volumn_acc |  -.0296788   .0265287    -1.12   0.264    -.0818007    .0224431
     lag_avg_rating_acc |   .2231391   .1137996     1.96   0.050    -.0004474    .4467255
             lag_sd_acc |   .0175548   .1188634     0.15   0.883    -.2159807    .2510903
                  _cons |   4.241188   .4539628     9.34   0.000     3.349269    5.133106
-----------------------------------------------------------------------------------------

Absorbed degrees of freedom:
------------------------------------------------------+
  Absorbed FE | Categories  - Redundant  = Num. Coefs |
--------------+---------------------------------------|
 hotel_id_num |       499         499           0    *|
           ym |       133           1         132     |
------------------------------------------------------+
* = FE nested within cluster; treated as redundant for DoF computation

. 
end of do-file

. do "/var/folders/x9/p1d98gj518326zdc2s5gzn8w0000gn/T//SD99297.000000"

. reghdfe ln_sent_avg_text_words c.sim_mean##i.learn_hi_ars ///
>     ln_recent_volumn recent_sd recent_rating ln_lag_volumn_acc lag_avg_rating_acc lag_sd_acc ///
>     if cs_sample_focus100 == 1 & !missing(d_sent_avg_text_words), absorb(hotel_id_num ym) vce(cluster hotel_id_num)
(dropped 17 singleton observations)
(MWFE estimator converged in 8 iterations)

HDFE Linear regression                            Number of obs   =     22,117
Absorbing 2 HDFE groups                           F(   9,    498) =      68.99
Statistics robust to heteroskedasticity           Prob > F        =     0.0000
                                                  R-squared       =     0.9099
                                                  Adj R-squared   =     0.9072
                                                  Within R-sq.    =     0.0437
Number of clusters (hotel_id_num) =        499    Root MSE        =     0.5087

                                    (Std. err. adjusted for 499 clusters in hotel_id_num)
-----------------------------------------------------------------------------------------
                        |               Robust
 ln_sent_avg_text_words | Coefficient  std. err.      t    P>|t|     [95% conf. interval]
------------------------+----------------------------------------------------------------
               sim_mean |  -3.283516   .2653658   -12.37   0.000     -3.80489   -2.762141
         1.learn_hi_ars |  -.1783366    .081853    -2.18   0.030    -.3391564   -.0175167
                        |
learn_hi_ars#c.sim_mean |
                     1  |   .5659135   .2856179     1.98   0.048      .004749    1.127078
                        |
       ln_recent_volumn |   .0416405    .030367     1.37   0.171    -.0180228    .1013039
              recent_sd |  -.0676513   .0326859    -2.07   0.039    -.1318706   -.0034321
          recent_rating |  -.0718671   .0252982    -2.84   0.005    -.1215715   -.0221626
      ln_lag_volumn_acc |  -.0285544   .0265906    -1.07   0.283    -.0807981    .0236892
     lag_avg_rating_acc |   .2280799   .1140132     2.00   0.046     .0040738     .452086
             lag_sd_acc |   .0237382   .1192777     0.20   0.842    -.2106113    .2580877
                  _cons |   4.237675   .4554538     9.30   0.000     3.342827    5.132523
-----------------------------------------------------------------------------------------

Absorbed degrees of freedom:
------------------------------------------------------+
  Absorbed FE | Categories  - Redundant  = Num. Coefs |
--------------+---------------------------------------|
 hotel_id_num |       499         499           0    *|
           ym |       133           1         132     |
------------------------------------------------------+
* = FE nested within cluster; treated as redundant for DoF computation

. 
end of do-file

. do "/var/folders/x9/p1d98gj518326zdc2s5gzn8w0000gn/T//SD99297.000000"

. reghdfe ln_sent_avg_text_words sim_mean ///
>     ln_recent_volumn recent_sd recent_rating ln_lag_volumn_acc lag_avg_rating_acc lag_sd_acc ///
>     if cs_sample_focus100 == 1 & !missing(d_sent_avg_text_words), absorb(hotel_id_num ym) vce(cluster hotel_id_num)
(dropped 10 singleton observations)
(MWFE estimator converged in 8 iterations)

HDFE Linear regression                            Number of obs   =     28,344
Absorbing 2 HDFE groups                           F(   7,    549) =     110.98
Statistics robust to heteroskedasticity           Prob > F        =     0.0000
                                                  R-squared       =     0.9123
                                                  Adj R-squared   =     0.9101
                                                  Within R-sq.    =     0.0447
Number of clusters (hotel_id_num) =        550    Root MSE        =     0.5010

                               (Std. err. adjusted for 550 clusters in hotel_id_num)
------------------------------------------------------------------------------------
                   |               Robust
ln_sent_avg_text~s | Coefficient  std. err.      t    P>|t|     [95% conf. interval]
-------------------+----------------------------------------------------------------
          sim_mean |   -3.11341   .1470384   -21.17   0.000    -3.402237   -2.824584
  ln_recent_volumn |   .0487278    .027832     1.75   0.081    -.0059425    .1033982
         recent_sd |   -.086641   .0287564    -3.01   0.003     -.143127    -.030155
     recent_rating |   -.084846     .02217    -3.83   0.000    -.1283945   -.0412976
 ln_lag_volumn_acc |  -.0193674   .0241946    -0.80   0.424    -.0668928    .0281579
lag_avg_rating_acc |   .1804918   .0900561     2.00   0.046     .0035951    .3573885
        lag_sd_acc |   .0394858   .1014792     0.39   0.697    -.1598491    .2388208
             _cons |   4.355573   .3600165    12.10   0.000     3.648395    5.062752
------------------------------------------------------------------------------------

Absorbed degrees of freedom:
------------------------------------------------------+
  Absorbed FE | Categories  - Redundant  = Num. Coefs |
--------------+---------------------------------------|
 hotel_id_num |       550         550           0    *|
           ym |       133           1         132     |
------------------------------------------------------+
* = FE nested within cluster; treated as redundant for DoF computation

. 
end of do-file

. do "/var/folders/x9/p1d98gj518326zdc2s5gzn8w0000gn/T//SD99297.000000"

. reghdfe ln_sent_avg_text_words c.sim_mean##i.learn_hi_ars ///
>     ln_recent_volumn recent_sd recent_rating ln_lag_volumn_acc lag_avg_rating_acc lag_sd_acc ///
>     if cs_sample_focus100 == 1 & !missing(d_sent_avg_text_words), absorb(hotel_id_num ym) vce(cluster hotel_id_num)
(dropped 17 singleton observations)
(MWFE estimator converged in 8 iterations)

HDFE Linear regression                            Number of obs   =     22,117
Absorbing 2 HDFE groups                           F(   9,    498) =      68.99
Statistics robust to heteroskedasticity           Prob > F        =     0.0000
                                                  R-squared       =     0.9099
                                                  Adj R-squared   =     0.9072
                                                  Within R-sq.    =     0.0437
Number of clusters (hotel_id_num) =        499    Root MSE        =     0.5087

                                    (Std. err. adjusted for 499 clusters in hotel_id_num)
-----------------------------------------------------------------------------------------
                        |               Robust
 ln_sent_avg_text_words | Coefficient  std. err.      t    P>|t|     [95% conf. interval]
------------------------+----------------------------------------------------------------
               sim_mean |  -3.283516   .2653658   -12.37   0.000     -3.80489   -2.762141
         1.learn_hi_ars |  -.1783366    .081853    -2.18   0.030    -.3391564   -.0175167
                        |
learn_hi_ars#c.sim_mean |
                     1  |   .5659135   .2856179     1.98   0.048      .004749    1.127078
                        |
       ln_recent_volumn |   .0416405    .030367     1.37   0.171    -.0180228    .1013039
              recent_sd |  -.0676513   .0326859    -2.07   0.039    -.1318706   -.0034321
          recent_rating |  -.0718671   .0252982    -2.84   0.005    -.1215715   -.0221626
      ln_lag_volumn_acc |  -.0285544   .0265906    -1.07   0.283    -.0807981    .0236892
     lag_avg_rating_acc |   .2280799   .1140132     2.00   0.046     .0040738     .452086
             lag_sd_acc |   .0237382   .1192777     0.20   0.842    -.2106113    .2580877
                  _cons |   4.237675   .4554538     9.30   0.000     3.342827    5.132523
-----------------------------------------------------------------------------------------

Absorbed degrees of freedom:
------------------------------------------------------+
  Absorbed FE | Categories  - Redundant  = Num. Coefs |
--------------+---------------------------------------|
 hotel_id_num |       499         499           0    *|
           ym |       133           1         132     |
------------------------------------------------------+
* = FE nested within cluster; treated as redundant for DoF computation

. 
end of do-file

. do "/var/folders/x9/p1d98gj518326zdc2s5gzn8w0000gn/T//SD99297.000000"

. reghdfe d_sent_avg_text_words sim_mean ///
>     ln_recent_volumn recent_sd recent_rating ln_lag_volumn_acc lag_avg_rating_acc lag_sd_acc  ///
>     if cs_sample_focus100 == 1 & learn_hi_ars == 0 & !missing(d_sent_avg_text_words), absorb(hotel_id_num ym) vce(cluster hotel_id_num)
(dropped 22 singleton observations)
(MWFE estimator converged in 8 iterations)

HDFE Linear regression                            Number of obs   =     10,606
Absorbing 2 HDFE groups                           F(   7,    472) =      23.96
Statistics robust to heteroskedasticity           Prob > F        =     0.0000
                                                  R-squared       =     0.0607
                                                  Adj R-squared   =     0.0033
                                                  Within R-sq.    =     0.0114
Number of clusters (hotel_id_num) =        473    Root MSE        =    80.4042

                               (Std. err. adjusted for 473 clusters in hotel_id_num)
------------------------------------------------------------------------------------
                   |               Robust
d_sent_avg_text_~s | Coefficient  std. err.      t    P>|t|     [95% conf. interval]
-------------------+----------------------------------------------------------------
          sim_mean |   369.0443   33.18841    11.12   0.000      303.829    434.2596
  ln_recent_volumn |  -3.072793   3.208444    -0.96   0.339    -9.377394    3.231809
         recent_sd |   4.233716   3.066664     1.38   0.168    -1.792286    10.25972
     recent_rating |   5.586398   1.898081     2.94   0.003     1.856663    9.316133
 ln_lag_volumn_acc |  -1.300987    1.68236    -0.77   0.440    -4.606828    2.004854
lag_avg_rating_acc |  -19.20338   7.500587    -2.56   0.011    -33.94205   -4.464703
        lag_sd_acc |  -18.82971   13.23953    -1.42   0.156    -44.84542    7.185999
             _cons |  -18.53563   38.59456    -0.48   0.631    -94.37403    57.30278
------------------------------------------------------------------------------------

Absorbed degrees of freedom:
------------------------------------------------------+
  Absorbed FE | Categories  - Redundant  = Num. Coefs |
--------------+---------------------------------------|
 hotel_id_num |       473         473           0    *|
           ym |       133           1         132     |
------------------------------------------------------+
* = FE nested within cluster; treated as redundant for DoF computation

. 
end of do-file

. do "/var/folders/x9/p1d98gj518326zdc2s5gzn8w0000gn/T//SD99297.000000"

. reghdfe d_sent_avg_text_words sim_mean ///
>     ln_recent_volumn recent_sd recent_rating ln_lag_volumn_acc lag_avg_rating_acc lag_sd_acc ///
>     ln_avg_com_RevPAR ln_lag_RevPAR_clean_w199 ///
>     if cs_sample_focus100 == 1 & learn_hi_ars == 1 & !missing(d_sent_avg_text_words), absorb(hotel_id_num ym) vce(cluster hotel_id_num)
(dropped 19 singleton observations)
(MWFE estimator converged in 8 iterations)

HDFE Linear regression                            Number of obs   =     11,242
Absorbing 2 HDFE groups                           F(   9,    450) =      15.78
Statistics robust to heteroskedasticity           Prob > F        =     0.0000
                                                  R-squared       =     0.0669
                                                  Adj R-squared   =     0.0151
                                                  Within R-sq.    =     0.0107
Number of clusters (hotel_id_num) =        451    Root MSE        =    58.2872

                                     (Std. err. adjusted for 451 clusters in hotel_id_num)
------------------------------------------------------------------------------------------
                         |               Robust
   d_sent_avg_text_words | Coefficient  std. err.      t    P>|t|     [95% conf. interval]
-------------------------+----------------------------------------------------------------
                sim_mean |    186.691   19.37005     9.64   0.000     148.6241     224.758
        ln_recent_volumn |  -7.712975   1.963397    -3.93   0.000    -11.57154   -3.854409
               recent_sd |   3.462592   2.125372     1.63   0.104    -.7142952    7.639479
           recent_rating |   5.466143   1.640749     3.33   0.001     2.241663    8.690624
       ln_lag_volumn_acc |    2.25283     1.3282     1.70   0.091    -.3574141    4.863074
      lag_avg_rating_acc |   2.218128   7.234237     0.31   0.759    -11.99895    16.43521
              lag_sd_acc |     6.8478   9.915556     0.69   0.490    -12.63874    26.33434
       ln_avg_com_RevPAR |  -3.012433   1.393533    -2.16   0.031    -5.751072   -.2737938
ln_lag_RevPAR_clean_w199 |  -1.854781   2.374997    -0.78   0.435    -6.522244    2.812682
                   _cons |  -67.89375   40.14977    -1.69   0.092    -146.7981    11.01057
------------------------------------------------------------------------------------------

Absorbed degrees of freedom:
------------------------------------------------------+
  Absorbed FE | Categories  - Redundant  = Num. Coefs |
--------------+---------------------------------------|
 hotel_id_num |       451         451           0    *|
           ym |       133           1         132     |
------------------------------------------------------+
* = FE nested within cluster; treated as redundant for DoF computation

. 
end of do-file

. do "/var/folders/x9/p1d98gj518326zdc2s5gzn8w0000gn/T//SD99297.000000"

. reghdfe d_sent_avg_text_words sim_mean ///
>     ln_recent_volumn recent_sd recent_rating ln_lag_volumn_acc lag_avg_rating_acc lag_sd_acc ///
>     if cs_sample_focus100 == 1 & !missing(d_sent_avg_text_words), absorb(hotel_id_num ym) vce(cluster hotel_id_num)
(dropped 10 singleton observations)
(MWFE estimator converged in 7 iterations)

HDFE Linear regression                            Number of obs   =     28,344
Absorbing 2 HDFE groups                           F(   7,    549) =      80.35
Statistics robust to heteroskedasticity           Prob > F        =     0.0000
                                                  R-squared       =     0.0348
                                                  Adj R-squared   =     0.0108
                                                  Within R-sq.    =     0.0159
Number of clusters (hotel_id_num) =        550    Root MSE        =    70.0668

                               (Std. err. adjusted for 550 clusters in hotel_id_num)
------------------------------------------------------------------------------------
                   |               Robust
d_sent_avg_text_~s | Coefficient  std. err.      t    P>|t|     [95% conf. interval]
-------------------+----------------------------------------------------------------
          sim_mean |   264.3504   12.44066    21.25   0.000     239.9133    288.7876
  ln_recent_volumn |  -7.137985   1.369313    -5.21   0.000    -9.827718   -4.448252
         recent_sd |   6.389004   1.451646     4.40   0.000     3.537544    9.240464
     recent_rating |   5.494375   .9713526     5.66   0.000     3.586352    7.402397
 ln_lag_volumn_acc |   .1462117    .825141     0.18   0.859    -1.474608    1.767032
lag_avg_rating_acc |   -8.22478   3.750604    -2.19   0.029    -15.59207   -.8574893
        lag_sd_acc |  -8.792243   5.428136    -1.62   0.106     -19.4547    1.870214
             _cons |  -46.51544   17.96947    -2.59   0.010    -81.81278   -11.21811
------------------------------------------------------------------------------------

Absorbed degrees of freedom:
------------------------------------------------------+
  Absorbed FE | Categories  - Redundant  = Num. Coefs |
--------------+---------------------------------------|
 hotel_id_num |       550         550           0    *|
           ym |       133           1         132     |
------------------------------------------------------+
* = FE nested within cluster; treated as redundant for DoF computation

. 
end of do-file

. do "/var/folders/x9/p1d98gj518326zdc2s5gzn8w0000gn/T//SD99297.000000"

. reghdfe d_sent_avg_text_words c.sim_mean##i.learn_hi_ars ///
>     ln_recent_volumn recent_sd recent_rating ln_lag_volumn_acc lag_avg_rating_acc lag_sd_acc ///
>     if cs_sample_focus100 == 1 & !missing(d_sent_avg_text_words), absorb(hotel_id_num ym) vce(cluster hotel_id_num)
(dropped 17 singleton observations)
(MWFE estimator converged in 7 iterations)

HDFE Linear regression                            Number of obs   =     22,117
Absorbing 2 HDFE groups                           F(   9,    498) =      54.55
Statistics robust to heteroskedasticity           Prob > F        =     0.0000
                                                  R-squared       =     0.0409
                                                  Adj R-squared   =     0.0124
                                                  Within R-sq.    =     0.0170
Number of clusters (hotel_id_num) =        499    Root MSE        =    69.9466

                                    (Std. err. adjusted for 499 clusters in hotel_id_num)
-----------------------------------------------------------------------------------------
                        |               Robust
  d_sent_avg_text_words | Coefficient  std. err.      t    P>|t|     [95% conf. interval]
------------------------+----------------------------------------------------------------
               sim_mean |   352.9142   27.13506    13.01   0.000     299.6009    406.2275
         1.learn_hi_ars |   56.51276   9.023572     6.26   0.000      38.7838    74.24173
                        |
learn_hi_ars#c.sim_mean |
                     1  |  -189.7807    31.0694    -6.11   0.000    -250.8239   -128.7374
                        |
       ln_recent_volumn |  -6.148676   1.558657    -3.94   0.000    -9.211029   -3.086322
              recent_sd |    4.29647   1.713267     2.51   0.012     .9303476    7.662592
          recent_rating |   5.469512   1.130865     4.84   0.000     3.247659    7.691366
      ln_lag_volumn_acc |   .5983739   .9976269     0.60   0.549    -1.361703     2.55845
     lag_avg_rating_acc |  -11.37865   5.000954    -2.28   0.023    -21.20422   -1.553083
             lag_sd_acc |  -4.612863   7.558063    -0.61   0.542    -19.46248    10.23676
                  _cons |  -65.00592   24.64022    -2.64   0.009    -113.4175   -16.59432
-----------------------------------------------------------------------------------------

Absorbed degrees of freedom:
------------------------------------------------------+
  Absorbed FE | Categories  - Redundant  = Num. Coefs |
--------------+---------------------------------------|
 hotel_id_num |       499         499           0    *|
           ym |       133           1         132     |
------------------------------------------------------+
* = FE nested within cluster; treated as redundant for DoF computation

. 
end of do-file

. do "/var/folders/x9/p1d98gj518326zdc2s5gzn8w0000gn/T//SD99297.000000"

. reghdfe d_sent_avg_text_words sim_mean ///
>     ln_recent_volumn recent_sd recent_rating ln_lag_volumn_acc lag_avg_rating_acc lag_sd_acc ///
>     if cs_sample_focus100 == 1 & learn_hi_ars == 1 & !missing(d_sent_avg_text_words), absorb(hotel_id_num ym) vce(cluster hotel_id_num)
(dropped 19 singleton observations)
(MWFE estimator converged in 8 iterations)

HDFE Linear regression                            Number of obs   =     11,487
Absorbing 2 HDFE groups                           F(   7,    455) =      18.78
Statistics robust to heteroskedasticity           Prob > F        =     0.0000
                                                  R-squared       =     0.0644
                                                  Adj R-squared   =     0.0134
                                                  Within R-sq.    =     0.0100
Number of clusters (hotel_id_num) =        456    Root MSE        =    58.5872

                               (Std. err. adjusted for 456 clusters in hotel_id_num)
------------------------------------------------------------------------------------
                   |               Robust
d_sent_avg_text_~s | Coefficient  std. err.      t    P>|t|     [95% conf. interval]
-------------------+----------------------------------------------------------------
          sim_mean |   182.9161   19.17299     9.54   0.000     145.2375    220.5947
  ln_recent_volumn |  -8.356112   1.905839    -4.38   0.000    -12.10145   -4.610774
         recent_sd |   3.943522   2.111864     1.87   0.062    -.2066947    8.093739
     recent_rating |   5.916018   1.641204     3.60   0.000     2.690737    9.141299
 ln_lag_volumn_acc |   2.005209   1.218818     1.65   0.101    -.3900024    4.400421
lag_avg_rating_acc |   .7339605   7.317926     0.10   0.920    -13.64716    15.11509
        lag_sd_acc |   7.853221   9.991119     0.79   0.432    -11.78124    27.48768
             _cons |  -82.18401   39.01513    -2.11   0.036    -158.8562   -5.511812
------------------------------------------------------------------------------------

Absorbed degrees of freedom:
------------------------------------------------------+
  Absorbed FE | Categories  - Redundant  = Num. Coefs |
--------------+---------------------------------------|
 hotel_id_num |       456         456           0    *|
           ym |       133           1         132     |
------------------------------------------------------+
* = FE nested within cluster; treated as redundant for DoF computation

. 
end of do-file

. do "/var/folders/x9/p1d98gj518326zdc2s5gzn8w0000gn/T//SD99297.000000"

. reghdfe d_sent_avg_text_words sim_mean ///
>     ln_recent_volumn recent_sd recent_rating ln_lag_volumn_acc lag_avg_rating_acc lag_sd_acc  ///
>     if cs_sample_focus100 == 1 & learn_hi_ars == 0 & !missing(d_sent_avg_text_words), absorb(hotel_id_num ym) vce(cluster hotel_id_num)
(dropped 22 singleton observations)
(MWFE estimator converged in 8 iterations)

HDFE Linear regression                            Number of obs   =     10,606
Absorbing 2 HDFE groups                           F(   7,    472) =      23.96
Statistics robust to heteroskedasticity           Prob > F        =     0.0000
                                                  R-squared       =     0.0607
                                                  Adj R-squared   =     0.0033
                                                  Within R-sq.    =     0.0114
Number of clusters (hotel_id_num) =        473    Root MSE        =    80.4042

                               (Std. err. adjusted for 473 clusters in hotel_id_num)
------------------------------------------------------------------------------------
                   |               Robust
d_sent_avg_text_~s | Coefficient  std. err.      t    P>|t|     [95% conf. interval]
-------------------+----------------------------------------------------------------
          sim_mean |   369.0443   33.18841    11.12   0.000      303.829    434.2596
  ln_recent_volumn |  -3.072793   3.208444    -0.96   0.339    -9.377394    3.231809
         recent_sd |   4.233716   3.066664     1.38   0.168    -1.792286    10.25972
     recent_rating |   5.586398   1.898081     2.94   0.003     1.856663    9.316133
 ln_lag_volumn_acc |  -1.300987    1.68236    -0.77   0.440    -4.606828    2.004854
lag_avg_rating_acc |  -19.20338   7.500587    -2.56   0.011    -33.94205   -4.464703
        lag_sd_acc |  -18.82971   13.23953    -1.42   0.156    -44.84542    7.185999
             _cons |  -18.53563   38.59456    -0.48   0.631    -94.37403    57.30278
------------------------------------------------------------------------------------

Absorbed degrees of freedom:
------------------------------------------------------+
  Absorbed FE | Categories  - Redundant  = Num. Coefs |
--------------+---------------------------------------|
 hotel_id_num |       473         473           0    *|
           ym |       133           1         132     |
------------------------------------------------------+
* = FE nested within cluster; treated as redundant for DoF computation

. 
end of do-file

. use "/Users/samxie/Research/ReviewSimi_Sales/Code/outputs/core_simi_260501/data/core_simi_panel_260501_with_mr_text_sentiment_260526.dta", clear

. do "/var/folders/x9/p1d98gj518326zdc2s5gzn8w0000gn/T//SD99297.000000"

. *******************************************************
. * run_routeB_mr_targeting_260605.do
. * Route B / Route C bridge: ARS as a moderator of review
. * asset value, with management-response targeting as the
. * focal engagement strategy.
. *
. * The goal is not to treat reply as pure solicitation.
. * Instead, reply targeting is treated as observable
. * complaint handling and review-environment management.
. *******************************************************
. 
. version 17.0

. clear all

. set more off

. set linesize 255

. mata: mata set matafavor speed

. capture log close
