-------------------------------------------------------------------------------
      name:  <unnamed>
       log:  /Users/samxie/Research/ReviewSimi_Sales/Code/stata-log/run_event_m
> onth_pool_gt100_engagement_260711.log
  log type:  text
 opened on:  11 Jul 2026, 18:07:04

. local C ev_ln_review_count ev_mean_rating ev_sd_rating ev_ln_mean_text_chars 
> ln_lag_volumn_acc lag_avg_rating_acc lag_sd_acc ln_avg_com_RevPAR lnRevenue_l
> ag_month_w199

. estimates clear

. * G1-G16: prior-event management-response engagement styles, pool ARS only.
. reghdfe lnRevenue_current_w199 c.ars_pool_ev##i.pmr_activity_any `C' if !miss
> ing(ars_pool_ev,pmr_activity_any), absorb(hotel_id_num ym) vce(cluster hotel_
> id_num)
(dropped 12 singleton observations)
(MWFE estimator converged in 7 iterations)

HDFE Linear regression                            Number of obs   =     26,173
Absorbing 2 HDFE groups                           F(  12,    541) =     104.81
Statistics robust to heteroskedasticity           Prob > F        =     0.0000
                                                  R-squared       =     0.8823
                                                  Adj R-squared   =     0.8791
                                                  Within R-sq.    =     0.3015
Number of clusters (hotel_id_num) =        542    Root MSE        =     0.2123

                         (Std. err. adjusted for 542 clusters in hotel_id_num)
------------------------------------------------------------------------------
             |               Robust
lnRev~t_w199 | Coefficient  std. err.      t    P>|t|     [95% conf. interval]
-------------+----------------------------------------------------------------
 ars_pool_ev |  -.0910409   .0492648    -1.85   0.065    -.1878145    .0057328
1.pmr_act~ny |  -.0078175   .0173263    -0.45   0.652    -.0418526    .0262176
             |
pmr_activ~ny#|
          c. |
 ars_pool_ev |
          1  |   .0365307   .0575728     0.63   0.526     -.076563    .1496244
             |
ev_ln_revi~t |   .0392629   .0046318     8.48   0.000     .0301645    .0483614
ev_mean_ra~g |    .002323   .0032198     0.72   0.471    -.0040019    .0086479
ev_sd_rating |   .0023692   .0032368     0.73   0.465     -.003989    .0087275
ev_ln_mean~s |   .0098174   .0042844     2.29   0.022     .0014013    .0182334
ln_lag_vol~c |   .0298357   .0068261     4.37   0.000     .0164268    .0432447
lag_avg_ra~c |   .0429895    .026383     1.63   0.104    -.0088361    .0948151
  lag_sd_acc |   .0015411   .0319235     0.05   0.962     -.061168    .0642502
ln_avg_com~R |   .1184019   .0124934     9.48   0.000     .0938603    .1429435
lnRev~h_w199 |   .4371513   .0188169    23.23   0.000     .4001881    .4741145
       _cons |   1.475059   .1467678    10.05   0.000     1.186755    1.763364
------------------------------------------------------------------------------

Absorbed degrees of freedom:
------------------------------------------------------+
  Absorbed FE | Categories  - Redundant  = Num. Coefs |
--------------+---------------------------------------|
 hotel_id_num |       542         542           0    *|
           ym |       135           1         134     |
------------------------------------------------------+
* = FE nested within cluster; treated as redundant for DoF computation

. estimates store G1_any

. reghdfe lnRevenue_current_w199 c.ars_pool_ev##c.pmr_cohort_rate7 pmr_activity
> _any `C' if !missing(ars_pool_ev,pmr_cohort_rate7), absorb(hotel_id_num ym) v
> ce(cluster hotel_id_num)
(dropped 10 singleton observations)
(MWFE estimator converged in 8 iterations)

HDFE Linear regression                            Number of obs   =     25,293
Absorbing 2 HDFE groups                           F(  13,    540) =      96.40
Statistics robust to heteroskedasticity           Prob > F        =     0.0000
                                                  R-squared       =     0.8830
                                                  Adj R-squared   =     0.8798
                                                  Within R-sq.    =     0.2977
Number of clusters (hotel_id_num) =        541    Root MSE        =     0.2111

                         (Std. err. adjusted for 541 clusters in hotel_id_num)
------------------------------------------------------------------------------
             |               Robust
lnRev~t_w199 | Coefficient  std. err.      t    P>|t|     [95% conf. interval]
-------------+----------------------------------------------------------------
 ars_pool_ev |  -.0745539   .0517745    -1.44   0.150     -.176258    .0271501
pmr_coho~te7 |   .0027205   .0225399     0.12   0.904    -.0415561     .046997
             |
          c. |
 ars_pool_ev#|
          c. |
pmr_coho~te7 |   .0133152     .07235     0.18   0.854    -.1288067     .155437
             |
pmr_activ~ny |  -.0017476   .0052678    -0.33   0.740    -.0120956    .0086004
ev_ln_revi~t |   .0393151   .0046183     8.51   0.000      .030243    .0483872
ev_mean_ra~g |   .0018525   .0033536     0.55   0.581    -.0047353    .0084403
ev_sd_rating |   .0019824   .0033618     0.59   0.556    -.0046214    .0085863
ev_ln_mean~s |   .0101916   .0045044     2.26   0.024     .0013433      .01904
ln_lag_vol~c |   .0343249   .0068912     4.98   0.000      .020788    .0478618
lag_avg_ra~c |   .0482962   .0263411     1.83   0.067    -.0034474    .1000397
  lag_sd_acc |   .0011618   .0328619     0.04   0.972     -.063391    .0657145
ln_avg_com~R |   .1200684   .0127513     9.42   0.000     .0950202    .1451167
lnRev~h_w199 |   .4353159   .0191447    22.74   0.000     .3977087    .4729231
       _cons |   1.426752   .1483206     9.62   0.000     1.135396    1.718108
------------------------------------------------------------------------------

Absorbed degrees of freedom:
------------------------------------------------------+
  Absorbed FE | Categories  - Redundant  = Num. Coefs |
--------------+---------------------------------------|
 hotel_id_num |       541         541           0    *|
           ym |       135           1         134     |
------------------------------------------------------+
* = FE nested within cluster; treated as redundant for DoF computation

. estimates store G2_rate7

. reghdfe lnRevenue_current_w199 c.ars_pool_ev##c.pmr_activity_n `C' if !missin
> g(ars_pool_ev,pmr_activity_n), absorb(hotel_id_num ym) vce(cluster hotel_id_n
> um)
(dropped 12 singleton observations)
(MWFE estimator converged in 7 iterations)

HDFE Linear regression                            Number of obs   =     26,173
Absorbing 2 HDFE groups                           F(  12,    541) =     103.04
Statistics robust to heteroskedasticity           Prob > F        =     0.0000
                                                  R-squared       =     0.8823
                                                  Adj R-squared   =     0.8791
                                                  Within R-sq.    =     0.3016
Number of clusters (hotel_id_num) =        542    Root MSE        =     0.2123

                         (Std. err. adjusted for 542 clusters in hotel_id_num)
------------------------------------------------------------------------------
             |               Robust
lnRev~t_w199 | Coefficient  std. err.      t    P>|t|     [95% conf. interval]
-------------+----------------------------------------------------------------
 ars_pool_ev |  -.0830198   .0384927    -2.16   0.031    -.1586333   -.0074063
pmr_activi~n |  -.0015756   .0015981    -0.99   0.325    -.0047148    .0015636
             |
          c. |
 ars_pool_ev#|
          c. |
pmr_activi~n |    .004236   .0049788     0.85   0.395    -.0055441    .0140161
             |
ev_ln_revi~t |   .0404314   .0046388     8.72   0.000     .0313192    .0495437
ev_mean_ra~g |   .0023815   .0032139     0.74   0.459    -.0039318    .0086947
ev_sd_rating |   .0022609   .0032396     0.70   0.486    -.0041027    .0086246
ev_ln_mean~s |   .0097208   .0042855     2.27   0.024     .0013026     .018139
ln_lag_vol~c |   .0301571   .0068568     4.40   0.000     .0166878    .0436263
lag_avg_ra~c |   .0435848   .0264381     1.65   0.100    -.0083491    .0955186
  lag_sd_acc |   .0023254   .0320019     0.07   0.942    -.0605377    .0651886
ln_avg_com~R |   .1184561   .0124895     9.48   0.000     .0939223    .1429899
lnRev~h_w199 |   .4375531   .0187956    23.28   0.000     .4006318    .4744745
       _cons |   1.467246   .1460774    10.04   0.000     1.180297    1.754194
------------------------------------------------------------------------------

Absorbed degrees of freedom:
------------------------------------------------------+
  Absorbed FE | Categories  - Redundant  = Num. Coefs |
--------------+---------------------------------------|
 hotel_id_num |       542         542           0    *|
           ym |       135           1         134     |
------------------------------------------------------+
* = FE nested within cluster; treated as redundant for DoF computation

. estimates store G3_count

. reghdfe lnRevenue_current_w199 c.ars_pool_ev##c.ln_pmr_words pmr_activity_any
>  `C' if !missing(ars_pool_ev,ln_pmr_words), absorb(hotel_id_num ym) vce(clust
> er hotel_id_num)
(dropped 12 singleton observations)
(MWFE estimator converged in 7 iterations)

HDFE Linear regression                            Number of obs   =     26,173
Absorbing 2 HDFE groups                           F(  13,    541) =      97.73
Statistics robust to heteroskedasticity           Prob > F        =     0.0000
                                                  R-squared       =     0.8823
                                                  Adj R-squared   =     0.8791
                                                  Within R-sq.    =     0.3016
Number of clusters (hotel_id_num) =        542    Root MSE        =     0.2123

                         (Std. err. adjusted for 542 clusters in hotel_id_num)
------------------------------------------------------------------------------
             |               Robust
lnRev~t_w199 | Coefficient  std. err.      t    P>|t|     [95% conf. interval]
-------------+----------------------------------------------------------------
 ars_pool_ev |  -.0904127     .04687    -1.93   0.054    -.1824821    .0016567
ln_pmr_words |  -.0054769   .0040859    -1.34   0.181    -.0135031    .0025494
             |
          c. |
 ars_pool_ev#|
          c. |
ln_pmr_words |    .006607   .0105891     0.62   0.533    -.0141938    .0274077
             |
pmr_activ~ny |   .0217289   .0126739     1.71   0.087    -.0031672     .046625
ev_ln_revi~t |   .0403232   .0046314     8.71   0.000     .0312254     .049421
ev_mean_ra~g |   .0022771   .0032173     0.71   0.479    -.0040428     .008597
ev_sd_rating |   .0023172   .0032381     0.72   0.475    -.0040436    .0086781
ev_ln_mean~s |   .0096949   .0042787     2.27   0.024     .0012899    .0180998
ln_lag_vol~c |   .0302558   .0068357     4.43   0.000      .016828    .0436836
lag_avg_ra~c |    .042845   .0263946     1.62   0.105    -.0090034    .0946934
  lag_sd_acc |   .0010608   .0319332     0.03   0.974    -.0616675    .0637891
ln_avg_com~R |   .1184348      .0125     9.47   0.000     .0938803    .1429894
lnRev~h_w199 |   .4375049   .0188075    23.26   0.000     .4005602    .4744495
       _cons |    1.47163   .1469259    10.02   0.000     1.183015    1.760245
------------------------------------------------------------------------------

Absorbed degrees of freedom:
------------------------------------------------------+
  Absorbed FE | Categories  - Redundant  = Num. Coefs |
--------------+---------------------------------------|
 hotel_id_num |       542         542           0    *|
           ym |       135           1         134     |
------------------------------------------------------+
* = FE nested within cluster; treated as redundant for DoF computation

. estimates store G4_words

. reghdfe lnRevenue_current_w199 c.ars_pool_ev##c.ln_pmr_avg_words pmr_activity
> _any `C' if !missing(ars_pool_ev,ln_pmr_avg_words), absorb(hotel_id_num ym) v
> ce(cluster hotel_id_num)
(dropped 20 singleton observations)
(MWFE estimator converged in 8 iterations)
note: pmr_activity_any is probably collinear with the fixed effects (all partia
> lled-out values are close to zero; tol = 1.0e-09)

HDFE Linear regression                            Number of obs   =     16,398
Absorbing 2 HDFE groups                           F(  12,    502) =      82.90
Statistics robust to heteroskedasticity           Prob > F        =     0.0000
                                                  R-squared       =     0.8883
                                                  Adj R-squared   =     0.8837
                                                  Within R-sq.    =     0.3000
Number of clusters (hotel_id_num) =        503    Root MSE        =     0.2022

                         (Std. err. adjusted for 503 clusters in hotel_id_num)
------------------------------------------------------------------------------
             |               Robust
lnRev~t_w199 | Coefficient  std. err.      t    P>|t|     [95% conf. interval]
-------------+----------------------------------------------------------------
 ars_pool_ev |  -.3031467   .3084754    -0.98   0.326    -.9092085    .3029151
ln_pmr_avg~s |  -.0183421   .0229558    -0.80   0.425    -.0634434    .0267593
             |
          c. |
 ars_pool_ev#|
          c. |
ln_pmr_avg~s |   .0641864   .0734586     0.87   0.383    -.0801379    .2085106
             |
pmr_activ~ny |          0  (omitted)
ev_ln_revi~t |   .0353951   .0052005     6.81   0.000     .0251777    .0456125
ev_mean_ra~g |  -.0019849    .004143    -0.48   0.632    -.0101248    .0061549
ev_sd_rating |  -.0014777   .0042685    -0.35   0.729    -.0098641    .0069087
ev_ln_mean~s |   .0145825   .0053924     2.70   0.007     .0039882    .0251769
ln_lag_vol~c |   .0314358   .0086287     3.64   0.000      .014483    .0483886
lag_avg_ra~c |    .076313   .0305737     2.50   0.013     .0162448    .1363812
  lag_sd_acc |   .0307094   .0410762     0.75   0.455     -.049993    .1114117
ln_avg_com~R |   .1288583   .0145763     8.84   0.000     .1002203    .1574963
lnRev~h_w199 |   .4353498   .0222294    19.58   0.000     .3916757    .4790239
       _cons |   1.356925   .2001671     6.78   0.000     .9636561    1.750193
------------------------------------------------------------------------------

Absorbed degrees of freedom:
------------------------------------------------------+
  Absorbed FE | Categories  - Redundant  = Num. Coefs |
--------------+---------------------------------------|
 hotel_id_num |       503         503           0    *|
           ym |       135           1         134     |
------------------------------------------------------+
* = FE nested within cluster; treated as redundant for DoF computation

. estimates store G5_avgwords

. reghdfe lnRevenue_current_w199 c.ars_pool_ev##c.pmr_cohort_rate7 pmr_activity
> _any `C' if !missing(ars_pool_ev,pmr_cohort_rate7), absorb(hotel_id_num ym) v
> ce(cluster hotel_id_num)
(dropped 10 singleton observations)
(MWFE estimator converged in 8 iterations)

HDFE Linear regression                            Number of obs   =     25,293
Absorbing 2 HDFE groups                           F(  13,    540) =      96.40
Statistics robust to heteroskedasticity           Prob > F        =     0.0000
                                                  R-squared       =     0.8830
                                                  Adj R-squared   =     0.8798
                                                  Within R-sq.    =     0.2977
Number of clusters (hotel_id_num) =        541    Root MSE        =     0.2111

                         (Std. err. adjusted for 541 clusters in hotel_id_num)
------------------------------------------------------------------------------
             |               Robust
lnRev~t_w199 | Coefficient  std. err.      t    P>|t|     [95% conf. interval]
-------------+----------------------------------------------------------------
 ars_pool_ev |  -.0745539   .0517745    -1.44   0.150     -.176258    .0271501
pmr_coho~te7 |   .0027205   .0225399     0.12   0.904    -.0415561     .046997
             |
          c. |
 ars_pool_ev#|
          c. |
pmr_coho~te7 |   .0133152     .07235     0.18   0.854    -.1288067     .155437
             |
pmr_activ~ny |  -.0017476   .0052678    -0.33   0.740    -.0120956    .0086004
ev_ln_revi~t |   .0393151   .0046183     8.51   0.000      .030243    .0483872
ev_mean_ra~g |   .0018525   .0033536     0.55   0.581    -.0047353    .0084403
ev_sd_rating |   .0019824   .0033618     0.59   0.556    -.0046214    .0085863
ev_ln_mean~s |   .0101916   .0045044     2.26   0.024     .0013433      .01904
ln_lag_vol~c |   .0343249   .0068912     4.98   0.000      .020788    .0478618
lag_avg_ra~c |   .0482962   .0263411     1.83   0.067    -.0034474    .1000397
  lag_sd_acc |   .0011618   .0328619     0.04   0.972     -.063391    .0657145
ln_avg_com~R |   .1200684   .0127513     9.42   0.000     .0950202    .1451167
lnRev~h_w199 |   .4353159   .0191447    22.74   0.000     .3977087    .4729231
       _cons |   1.426752   .1483206     9.62   0.000     1.135396    1.718108
------------------------------------------------------------------------------

Absorbed degrees of freedom:
------------------------------------------------------+
  Absorbed FE | Categories  - Redundant  = Num. Coefs |
--------------+---------------------------------------|
 hotel_id_num |       541         541           0    *|
           ym |       135           1         134     |
------------------------------------------------------+
* = FE nested within cluster; treated as redundant for DoF computation

. estimates store G6_quick7

. reghdfe lnRevenue_current_w199 c.ars_pool_ev##c.pmr_cohort_rate30 pmr_activit
> y_any `C' if !missing(ars_pool_ev,pmr_cohort_rate30), absorb(hotel_id_num ym)
>  vce(cluster hotel_id_num)
(dropped 25 singleton observations)
(MWFE estimator converged in 10 iterations)

HDFE Linear regression                            Number of obs   =      5,025
Absorbing 2 HDFE groups                           F(  13,    517) =      36.77
Statistics robust to heteroskedasticity           Prob > F        =     0.0000
                                                  R-squared       =     0.8891
                                                  Adj R-squared   =     0.8722
                                                  Within R-sq.    =     0.2396
Number of clusters (hotel_id_num) =        518    Root MSE        =     0.2322

                         (Std. err. adjusted for 518 clusters in hotel_id_num)
------------------------------------------------------------------------------
             |               Robust
lnRev~t_w199 | Coefficient  std. err.      t    P>|t|     [95% conf. interval]
-------------+----------------------------------------------------------------
 ars_pool_ev |  -.2332161   .1233991    -1.89   0.059    -.4756415    .0092093
pmr_coh~te30 |  -.0507382   .0464236    -1.09   0.275    -.1419402    .0404639
             |
          c. |
 ars_pool_ev#|
          c. |
pmr_coh~te30 |   .1427072   .1498064     0.95   0.341     -.151597    .4370114
             |
pmr_activ~ny |   .0085187   .0122159     0.70   0.486    -.0154801    .0325176
ev_ln_revi~t |   .0526363   .0093872     5.61   0.000     .0341946    .0710779
ev_mean_ra~g |   .0006474    .007249     0.09   0.929    -.0135937    .0148884
ev_sd_rating |  -.0093003   .0079393    -1.17   0.242    -.0248975    .0062968
ev_ln_mean~s |   .0255268   .0116731     2.19   0.029     .0025942    .0484594
ln_lag_vol~c |   .0639816   .0149445     4.28   0.000     .0346222    .0933409
lag_avg_ra~c |   .0236385    .038582     0.61   0.540    -.0521582    .0994353
  lag_sd_acc |  -.0565162   .0588294    -0.96   0.337    -.1720904    .0590579
ln_avg_com~R |   .1108417   .0168755     6.57   0.000     .0776888    .1439947
lnRev~h_w199 |   .3421211   .0244415    14.00   0.000     .2941042    .3901379
       _cons |   1.791113   .2485624     7.21   0.000     1.302797     2.27943
------------------------------------------------------------------------------

Absorbed degrees of freedom:
------------------------------------------------------+
  Absorbed FE | Categories  - Redundant  = Num. Coefs |
--------------+---------------------------------------|
 hotel_id_num |       518         518           0    *|
           ym |       135           1         134     |
------------------------------------------------------+
* = FE nested within cluster; treated as redundant for DoF computation

. estimates store G7_quick30

. reghdfe lnRevenue_current_w199 c.ars_pool_ev##c.pmr_activity_avg_days pmr_act
> ivity_any `C' if !missing(ars_pool_ev,pmr_activity_avg_days), absorb(hotel_id
> _num ym) vce(cluster hotel_id_num)
(dropped 20 singleton observations)
(MWFE estimator converged in 8 iterations)
note: pmr_activity_any is probably collinear with the fixed effects (all partia
> lled-out values are close to zero; tol = 1.0e-09)

HDFE Linear regression                            Number of obs   =     16,398
Absorbing 2 HDFE groups                           F(  12,    502) =      76.18
Statistics robust to heteroskedasticity           Prob > F        =     0.0000
                                                  R-squared       =     0.8883
                                                  Adj R-squared   =     0.8837
                                                  Within R-sq.    =     0.3000
Number of clusters (hotel_id_num) =        503    Root MSE        =     0.2022

                         (Std. err. adjusted for 503 clusters in hotel_id_num)
------------------------------------------------------------------------------
             |               Robust
lnRev~t_w199 | Coefficient  std. err.      t    P>|t|     [95% conf. interval]
-------------+----------------------------------------------------------------
 ars_pool_ev |  -.0317515   .0486339    -0.65   0.514    -.1273026    .0637996
pmr_a~g_days |   .0002579   .0002032     1.27   0.205    -.0001413    .0006572
             |
          c. |
 ars_pool_ev#|
          c. |
pmr_a~g_days |  -.0007545   .0006359    -1.19   0.236    -.0020037    .0004948
             |
pmr_activ~ny |          0  (omitted)
ev_ln_revi~t |   .0355271   .0051816     6.86   0.000     .0253468    .0457074
ev_mean_ra~g |  -.0020677   .0041284    -0.50   0.617    -.0101788    .0060434
ev_sd_rating |  -.0014656   .0042667    -0.34   0.731    -.0098484    .0069173
ev_ln_mean~s |   .0145761   .0053873     2.71   0.007     .0039917    .0251606
ln_lag_vol~c |   .0313982   .0085718     3.66   0.000     .0145571    .0482393
lag_avg_ra~c |   .0761913   .0305485     2.49   0.013     .0161727    .1362099
  lag_sd_acc |   .0309337   .0411567     0.75   0.453     -.049927    .1117944
ln_avg_com~R |   .1287999    .014575     8.84   0.000     .1001645    .1574354
lnRev~h_w199 |   .4354017   .0222082    19.61   0.000     .3917692    .4790342
       _cons |   1.279354   .1661776     7.70   0.000     .9528649    1.605844
------------------------------------------------------------------------------

Absorbed degrees of freedom:
------------------------------------------------------+
  Absorbed FE | Categories  - Redundant  = Num. Coefs |
--------------+---------------------------------------|
 hotel_id_num |       503         503           0    *|
           ym |       135           1         134     |
------------------------------------------------------+
* = FE nested within cluster; treated as redundant for DoF computation

. estimates store G8_speed

. reghdfe lnRevenue_current_w199 c.ars_pool_ev##c.pmr_activity_thanks_zf pmr_ac
> tivity_any `C' if !missing(ars_pool_ev,pmr_activity_thanks_zf), absorb(hotel_
> id_num ym) vce(cluster hotel_id_num)
(dropped 12 singleton observations)
(MWFE estimator converged in 7 iterations)

HDFE Linear regression                            Number of obs   =     26,173
Absorbing 2 HDFE groups                           F(  13,    541) =      98.24
Statistics robust to heteroskedasticity           Prob > F        =     0.0000
                                                  R-squared       =     0.8823
                                                  Adj R-squared   =     0.8791
                                                  Within R-sq.    =     0.3018
Number of clusters (hotel_id_num) =        542    Root MSE        =     0.2122

                         (Std. err. adjusted for 542 clusters in hotel_id_num)
------------------------------------------------------------------------------
             |               Robust
lnRev~t_w199 | Coefficient  std. err.      t    P>|t|     [95% conf. interval]
-------------+----------------------------------------------------------------
 ars_pool_ev |  -.1031669   .0479361    -2.15   0.032    -.1973305   -.0090033
pmr_ac~ks_zf |   .0083564   .0213006     0.39   0.695    -.0334856    .0501984
             |
          c. |
 ars_pool_ev#|
          c. |
pmr_ac~ks_zf |   .0623442    .059654     1.05   0.296    -.0548376     .179526
             |
pmr_activ~ny |  -.0212754    .010831    -1.96   0.050    -.0425513    5.31e-07
ev_ln_revi~t |   .0392272   .0046314     8.47   0.000     .0301295    .0483248
ev_mean_ra~g |   .0022605   .0032208     0.70   0.483    -.0040663    .0085873
ev_sd_rating |   .0023427   .0032318     0.72   0.469    -.0040057     .008691
ev_ln_mean~s |    .009723   .0042912     2.27   0.024     .0012935    .0181525
ln_lag_vol~c |    .029805    .006839     4.36   0.000     .0163708    .0432392
lag_avg_ra~c |   .0423739   .0264072     1.60   0.109    -.0094994    .0942471
  lag_sd_acc |   .0017308   .0319274     0.05   0.957     -.060986    .0644475
ln_avg_com~R |    .118407   .0124868     9.48   0.000     .0938785    .1429354
lnRev~h_w199 |   .4369386    .018773    23.27   0.000     .4000617    .4738156
       _cons |   1.482755    .146666    10.11   0.000      1.19465    1.770859
------------------------------------------------------------------------------

Absorbed degrees of freedom:
------------------------------------------------------+
  Absorbed FE | Categories  - Redundant  = Num. Coefs |
--------------+---------------------------------------|
 hotel_id_num |       542         542           0    *|
           ym |       135           1         134     |
------------------------------------------------------+
* = FE nested within cluster; treated as redundant for DoF computation

. estimates store G9_thanks

. reghdfe lnRevenue_current_w199 c.ars_pool_ev##c.pmr_activity_apology_zf pmr_a
> ctivity_any `C' if !missing(ars_pool_ev,pmr_activity_apology_zf), absorb(hote
> l_id_num ym) vce(cluster hotel_id_num)
(dropped 12 singleton observations)
(MWFE estimator converged in 7 iterations)

HDFE Linear regression                            Number of obs   =     26,173
Absorbing 2 HDFE groups                           F(  13,    541) =      97.89
Statistics robust to heteroskedasticity           Prob > F        =     0.0000
                                                  R-squared       =     0.8823
                                                  Adj R-squared   =     0.8791
                                                  Within R-sq.    =     0.3017
Number of clusters (hotel_id_num) =        542    Root MSE        =     0.2123

                         (Std. err. adjusted for 542 clusters in hotel_id_num)
------------------------------------------------------------------------------
             |               Robust
lnRev~t_w199 | Coefficient  std. err.      t    P>|t|     [95% conf. interval]
-------------+----------------------------------------------------------------
 ars_pool_ev |  -.0905748    .042323    -2.14   0.033    -.1737123   -.0074373
pmr_ac~gy_zf |  -.0338444   .0271558    -1.25   0.213    -.0871882    .0194994
             |
          c. |
 ars_pool_ev#|
          c. |
pmr_ac~gy_zf |   .0768775   .0919284     0.84   0.403    -.1037028    .2574578
             |
pmr_activ~ny |   .0071609   .0052817     1.36   0.176    -.0032142     .017536
ev_ln_revi~t |   .0391983   .0046299     8.47   0.000     .0301036    .0482931
ev_mean_ra~g |     .00223   .0032322     0.69   0.491    -.0041192    .0085792
ev_sd_rating |   .0022646   .0032497     0.70   0.486     -.004119    .0086482
ev_ln_mean~s |   .0094844    .004284     2.21   0.027     .0010691    .0178997
ln_lag_vol~c |   .0299485   .0068345     4.38   0.000     .0165232    .0433739
lag_avg_ra~c |   .0415418   .0264761     1.57   0.117    -.0104668    .0935504
  lag_sd_acc |   .0013989   .0319429     0.04   0.965    -.0613484    .0641461
ln_avg_com~R |   .1183004   .0124788     9.48   0.000     .0937875    .1428133
lnRev~h_w199 |   .4371311     .01882    23.23   0.000     .4001618    .4741004
       _cons |   1.483096   .1464156    10.13   0.000     1.195483    1.770709
------------------------------------------------------------------------------

Absorbed degrees of freedom:
------------------------------------------------------+
  Absorbed FE | Categories  - Redundant  = Num. Coefs |
--------------+---------------------------------------|
 hotel_id_num |       542         542           0    *|
           ym |       135           1         134     |
------------------------------------------------------+
* = FE nested within cluster; treated as redundant for DoF computation

. estimates store G10_apology

. reghdfe lnRevenue_current_w199 c.ars_pool_ev##c.pmr_activity_invite_zf pmr_ac
> tivity_any `C' if !missing(ars_pool_ev,pmr_activity_invite_zf), absorb(hotel_
> id_num ym) vce(cluster hotel_id_num)
(dropped 12 singleton observations)
(MWFE estimator converged in 7 iterations)

HDFE Linear regression                            Number of obs   =     26,173
Absorbing 2 HDFE groups                           F(  13,    541) =      95.76
Statistics robust to heteroskedasticity           Prob > F        =     0.0000
                                                  R-squared       =     0.8823
                                                  Adj R-squared   =     0.8791
                                                  Within R-sq.    =     0.3018
Number of clusters (hotel_id_num) =        542    Root MSE        =     0.2123

                         (Std. err. adjusted for 542 clusters in hotel_id_num)
------------------------------------------------------------------------------
             |               Robust
lnRev~t_w199 | Coefficient  std. err.      t    P>|t|     [95% conf. interval]
-------------+----------------------------------------------------------------
 ars_pool_ev |  -.0957069   .0389466    -2.46   0.014    -.1722119   -.0192019
pmr_ac~te_zf |   -.128905   .0560072    -2.30   0.022    -.2389231   -.0188868
             |
          c. |
 ars_pool_ev#|
          c. |
pmr_ac~te_zf |   .4359182   .1822576     2.39   0.017     .0778988    .7939375
             |
pmr_activ~ny |   .0028469   .0045876     0.62   0.535    -.0061649    .0118587
ev_ln_revi~t |    .039117   .0046109     8.48   0.000     .0300595    .0481744
ev_mean_ra~g |   .0023079   .0032192     0.72   0.474    -.0040158    .0086316
ev_sd_rating |   .0023802   .0032325     0.74   0.462    -.0039695      .00873
ev_ln_mean~s |   .0098925     .00429     2.31   0.021     .0014654    .0183196
ln_lag_vol~c |   .0299931   .0068031     4.41   0.000     .0166293    .0433568
lag_avg_ra~c |   .0429873    .026363     1.63   0.104    -.0087991    .0947737
  lag_sd_acc |    .001566   .0318753     0.05   0.961    -.0610486    .0641806
ln_avg_com~R |   .1183606   .0124851     9.48   0.000     .0938354    .1428857
lnRev~h_w199 |   .4370694   .0188076    23.24   0.000     .4001245    .4740143
       _cons |   1.475985   .1456408    10.13   0.000     1.189895    1.762076
------------------------------------------------------------------------------

Absorbed degrees of freedom:
------------------------------------------------------+
  Absorbed FE | Categories  - Redundant  = Num. Coefs |
--------------+---------------------------------------|
 hotel_id_num |       542         542           0    *|
           ym |       135           1         134     |
------------------------------------------------------+
* = FE nested within cluster; treated as redundant for DoF computation

. estimates store G11_invite

. reghdfe lnRevenue_current_w199 c.ars_pool_ev##c.pmr_activity_recovery_zf pmr_
> activity_any `C' if !missing(ars_pool_ev,pmr_activity_recovery_zf), absorb(ho
> tel_id_num ym) vce(cluster hotel_id_num)
(dropped 12 singleton observations)
(MWFE estimator converged in 7 iterations)

HDFE Linear regression                            Number of obs   =     26,173
Absorbing 2 HDFE groups                           F(  13,    541) =      95.38
Statistics robust to heteroskedasticity           Prob > F        =     0.0000
                                                  R-squared       =     0.8823
                                                  Adj R-squared   =     0.8791
                                                  Within R-sq.    =     0.3016
Number of clusters (hotel_id_num) =        542    Root MSE        =     0.2123

                         (Std. err. adjusted for 542 clusters in hotel_id_num)
------------------------------------------------------------------------------
             |               Robust
lnRev~t_w199 | Coefficient  std. err.      t    P>|t|     [95% conf. interval]
-------------+----------------------------------------------------------------
 ars_pool_ev |  -.0685643   .0391643    -1.75   0.081     -.145497    .0083684
pmr_ac~ry_zf |   .0593127   .0736192     0.81   0.421    -.0853018    .2039272
             |
          c. |
 ars_pool_ev#|
          c. |
pmr_ac~ry_zf |  -.1559017   .2580744    -0.60   0.546    -.6628523    .3510489
             |
pmr_activ~ny |    .002502   .0046183     0.54   0.588    -.0065701    .0115741
ev_ln_revi~t |   .0393974   .0046283     8.51   0.000     .0303057    .0484891
ev_mean_ra~g |   .0023492   .0032209     0.73   0.466    -.0039778    .0086762
ev_sd_rating |   .0023607   .0032351     0.73   0.466    -.0039941    .0087156
ev_ln_mean~s |   .0098531   .0042905     2.30   0.022      .001425    .0182812
ln_lag_vol~c |   .0298647   .0068225     4.38   0.000      .016463    .0432665
lag_avg_ra~c |   .0430849    .026405     1.63   0.103    -.0087839    .0949538
  lag_sd_acc |   .0011084   .0319573     0.03   0.972    -.0616672     .063884
ln_avg_com~R |   .1183626   .0124891     9.48   0.000     .0938297    .1428956
lnRev~h_w199 |   .4371338   .0188152    23.23   0.000     .4001739    .4740936
       _cons |   1.468029   .1459871    10.06   0.000     1.181258      1.7548
------------------------------------------------------------------------------

Absorbed degrees of freedom:
------------------------------------------------------+
  Absorbed FE | Categories  - Redundant  = Num. Coefs |
--------------+---------------------------------------|
 hotel_id_num |       542         542           0    *|
           ym |       135           1         134     |
------------------------------------------------------+
* = FE nested within cluster; treated as redundant for DoF computation

. estimates store G12_recovery

. reghdfe lnRevenue_current_w199 c.ars_pool_ev##c.pmr_activity_positive_zf pmr_
> activity_any `C' if !missing(ars_pool_ev,pmr_activity_positive_zf), absorb(ho
> tel_id_num ym) vce(cluster hotel_id_num)
(dropped 12 singleton observations)
(MWFE estimator converged in 7 iterations)

HDFE Linear regression                            Number of obs   =     26,173
Absorbing 2 HDFE groups                           F(  13,    541) =      96.84
Statistics robust to heteroskedasticity           Prob > F        =     0.0000
                                                  R-squared       =     0.8823
                                                  Adj R-squared   =     0.8791
                                                  Within R-sq.    =     0.3017
Number of clusters (hotel_id_num) =        542    Root MSE        =     0.2123

                         (Std. err. adjusted for 542 clusters in hotel_id_num)
------------------------------------------------------------------------------
             |               Robust
lnRev~t_w199 | Coefficient  std. err.      t    P>|t|     [95% conf. interval]
-------------+----------------------------------------------------------------
 ars_pool_ev |  -.0776769   .0442526    -1.76   0.080    -.1646048     .009251
pmr_ac~ve_zf |   .0073979   .0208597     0.35   0.723     -.033578    .0483738
             |
          c. |
 ars_pool_ev#|
          c. |
pmr_ac~ve_zf |   .0122212   .0696786     0.18   0.861    -.1246525     .149095
             |
pmr_activ~ny |  -.0026933   .0059252    -0.45   0.650    -.0143326     .008946
ev_ln_revi~t |   .0393205     .00463     8.49   0.000     .0302255    .0484154
ev_mean_ra~g |   .0021537   .0032166     0.67   0.503    -.0041648    .0084723
ev_sd_rating |   .0022833    .003239     0.70   0.481    -.0040793    .0086459
ev_ln_mean~s |   .0095852   .0042743     2.24   0.025      .001189    .0179815
ln_lag_vol~c |   .0297603   .0068117     4.37   0.000     .0163796     .043141
lag_avg_ra~c |   .0418763    .026328     1.59   0.112    -.0098414     .093594
  lag_sd_acc |   .0011266   .0318844     0.04   0.972    -.0615058     .063759
ln_avg_com~R |   .1183667   .0125159     9.46   0.000      .093781    .1429524
lnRev~h_w199 |   .4372143   .0188118    23.24   0.000     .4002613    .4741674
       _cons |   1.478122   .1457082    10.14   0.000     1.191899    1.764345
------------------------------------------------------------------------------

Absorbed degrees of freedom:
------------------------------------------------------+
  Absorbed FE | Categories  - Redundant  = Num. Coefs |
--------------+---------------------------------------|
 hotel_id_num |       542         542           0    *|
           ym |       135           1         134     |
------------------------------------------------------+
* = FE nested within cluster; treated as redundant for DoF computation

. estimates store G13_positive

. reghdfe lnRevenue_current_w199 c.ars_pool_ev##c.pmr_activity_problem_zf pmr_a
> ctivity_any `C' if !missing(ars_pool_ev,pmr_activity_problem_zf), absorb(hote
> l_id_num ym) vce(cluster hotel_id_num)
(dropped 12 singleton observations)
(MWFE estimator converged in 7 iterations)

HDFE Linear regression                            Number of obs   =     26,173
Absorbing 2 HDFE groups                           F(  13,    541) =      96.20
Statistics robust to heteroskedasticity           Prob > F        =     0.0000
                                                  R-squared       =     0.8823
                                                  Adj R-squared   =     0.8791
                                                  Within R-sq.    =     0.3017
Number of clusters (hotel_id_num) =        542    Root MSE        =     0.2123

                         (Std. err. adjusted for 542 clusters in hotel_id_num)
------------------------------------------------------------------------------
             |               Robust
lnRev~t_w199 | Coefficient  std. err.      t    P>|t|     [95% conf. interval]
-------------+----------------------------------------------------------------
 ars_pool_ev |  -.0755683   .0410459    -1.84   0.066    -.1561973    .0050606
pmr_ac~em_zf |  -.0075934    .031889    -0.24   0.812    -.0702348    .0550481
             |
          c. |
 ars_pool_ev#|
          c. |
pmr_ac~em_zf |  -.0178645   .1069744    -0.17   0.867    -.2280006    .1922715
             |
pmr_activ~ny |     .00618    .005126     1.21   0.228    -.0038894    .0162494
ev_ln_revi~t |   .0393332   .0046284     8.50   0.000     .0302413     .048425
ev_mean_ra~g |   .0020795   .0032077     0.65   0.517    -.0042216    .0083806
ev_sd_rating |   .0022126   .0032424     0.68   0.495    -.0041567    .0085818
ev_ln_mean~s |   .0094662   .0042849     2.21   0.028     .0010491    .0178833
ln_lag_vol~c |   .0299473   .0068263     4.39   0.000      .016538    .0433565
lag_avg_ra~c |   .0417363   .0264228     1.58   0.115    -.0101676    .0936402
  lag_sd_acc |   .0010704   .0319239     0.03   0.973    -.0616396    .0637804
ln_avg_com~R |    .118255   .0124833     9.47   0.000     .0937334    .1427767
lnRev~h_w199 |   .4371649   .0188225    23.23   0.000     .4001908    .4741389
       _cons |   1.478773   .1459949    10.13   0.000     1.191986    1.765559
------------------------------------------------------------------------------

Absorbed degrees of freedom:
------------------------------------------------------+
  Absorbed FE | Categories  - Redundant  = Num. Coefs |
--------------+---------------------------------------|
 hotel_id_num |       542         542           0    *|
           ym |       135           1         134     |
------------------------------------------------------+
* = FE nested within cluster; treated as redundant for DoF computation

. estimates store G14_problem

. reghdfe lnRevenue_current_w199 c.ars_pool_ev##c.pmr_activity_personal_zf pmr_
> activity_any `C' if !missing(ars_pool_ev,pmr_activity_personal_zf), absorb(ho
> tel_id_num ym) vce(cluster hotel_id_num)
(dropped 12 singleton observations)
(MWFE estimator converged in 7 iterations)

HDFE Linear regression                            Number of obs   =     26,173
Absorbing 2 HDFE groups                           F(  13,    541) =      97.50
Statistics robust to heteroskedasticity           Prob > F        =     0.0000
                                                  R-squared       =     0.8823
                                                  Adj R-squared   =     0.8791
                                                  Within R-sq.    =     0.3016
Number of clusters (hotel_id_num) =        542    Root MSE        =     0.2123

                         (Std. err. adjusted for 542 clusters in hotel_id_num)
------------------------------------------------------------------------------
             |               Robust
lnRev~t_w199 | Coefficient  std. err.      t    P>|t|     [95% conf. interval]
-------------+----------------------------------------------------------------
 ars_pool_ev |  -.0891454   .0490254    -1.82   0.070    -.1854488     .007158
pmr_act~l_zf |    .032217   .0298718     1.08   0.281    -.0264619    .0908959
             |
          c. |
 ars_pool_ev#|
          c. |
pmr_act~l_zf |   .0348241   .0583145     0.60   0.551    -.0797264    .1493746
             |
pmr_activ~ny |   -.038984   .0231781    -1.68   0.093    -.0845141    .0065461
ev_ln_revi~t |   .0392055   .0046374     8.45   0.000      .030096     .048315
ev_mean_ra~g |   .0023233   .0032201     0.72   0.471     -.004002    .0086486
ev_sd_rating |   .0023549   .0032333     0.73   0.467    -.0039965    .0087064
ev_ln_mean~s |   .0097808   .0042869     2.28   0.023     .0013597    .0182018
ln_lag_vol~c |   .0298564    .006831     4.37   0.000     .0164378     .043275
lag_avg_ra~c |   .0429226   .0263766     1.63   0.104    -.0088904    .0947357
  lag_sd_acc |   .0015776   .0319145     0.05   0.961     -.061114    .0642691
ln_avg_com~R |   .1183654   .0124929     9.47   0.000     .0938248     .142906
lnRev~h_w199 |   .4371137   .0188218    23.22   0.000     .4001409    .4740866
       _cons |   1.475224   .1466689    10.06   0.000     1.187114    1.763334
------------------------------------------------------------------------------

Absorbed degrees of freedom:
------------------------------------------------------+
  Absorbed FE | Categories  - Redundant  = Num. Coefs |
--------------+---------------------------------------|
 hotel_id_num |       542         542           0    *|
           ym |       135           1         134     |
------------------------------------------------------+
* = FE nested within cluster; treated as redundant for DoF computation

. estimates store G15_personal

. reghdfe lnRevenue_current_w199 c.ars_pool_ev##c.pmr_activity_mgr_zf pmr_activ
> ity_any `C' if !missing(ars_pool_ev,pmr_activity_mgr_zf), absorb(hotel_id_num
>  ym) vce(cluster hotel_id_num)
(dropped 12 singleton observations)
(MWFE estimator converged in 7 iterations)

HDFE Linear regression                            Number of obs   =     26,173
Absorbing 2 HDFE groups                           F(  13,    541) =      96.98
Statistics robust to heteroskedasticity           Prob > F        =     0.0000
                                                  R-squared       =     0.8823
                                                  Adj R-squared   =     0.8791
                                                  Within R-sq.    =     0.3016
Number of clusters (hotel_id_num) =        542    Root MSE        =     0.2123

                         (Std. err. adjusted for 542 clusters in hotel_id_num)
------------------------------------------------------------------------------
             |               Robust
lnRev~t_w199 | Coefficient  std. err.      t    P>|t|     [95% conf. interval]
-------------+----------------------------------------------------------------
 ars_pool_ev |  -.0983205   .0479871    -2.05   0.041    -.1925844   -.0040565
pmr_act~r_zf |  -.0204877   .0200873    -1.02   0.308    -.0599463    .0189709
             |
          c. |
 ars_pool_ev#|
          c. |
pmr_act~r_zf |   .0576495   .0601181     0.96   0.338    -.0604439     .175743
             |
pmr_activ~ny |   .0060595   .0096722     0.63   0.531    -.0129401    .0250591
ev_ln_revi~t |   .0393351   .0045954     8.56   0.000     .0303081    .0483621
ev_mean_ra~g |   .0023164   .0032212     0.72   0.472    -.0040112     .008644
ev_sd_rating |   .0023369   .0032363     0.72   0.471    -.0040203     .008694
ev_ln_mean~s |   .0098451   .0042835     2.30   0.022     .0014307    .0182595
ln_lag_vol~c |   .0297238   .0068298     4.35   0.000     .0163077    .0431399
lag_avg_ra~c |   .0431966   .0263808     1.64   0.102    -.0086246    .0950179
  lag_sd_acc |   .0017633   .0319239     0.06   0.956    -.0609466    .0644733
ln_avg_com~R |   .1184232   .0125002     9.47   0.000     .0938683    .1429781
lnRev~h_w199 |   .4371807   .0188177    23.23   0.000      .400216    .4741454
       _cons |   1.476332   .1464114    10.08   0.000     1.188727    1.763936
------------------------------------------------------------------------------

Absorbed degrees of freedom:
------------------------------------------------------+
  Absorbed FE | Categories  - Redundant  = Num. Coefs |
--------------+---------------------------------------|
 hotel_id_num |       542         542           0    *|
           ym |       135           1         134     |
------------------------------------------------------+
* = FE nested within cluster; treated as redundant for DoF computation

. estimates store G16_manager

. * Engagement mechanisms: next event review volume, pooled ARS, and sentiment.
. reghdfe next_event_review_count pmr_activity_any pmr_cohort_rate7 pmr_activit
> y_n ln_pmr_words pmr_activity_avg_days pmr_activity_thanks_zf pmr_activity_ap
> ology_zf pmr_activity_invite_zf pmr_activity_recovery_zf pmr_activity_positiv
> e_zf pmr_activity_problem_zf pmr_activity_personal_zf pmr_activity_mgr_zf ev_
> ln_review_count ev_mean_rating ev_sd_rating ev_ln_mean_text_chars ln_lag_volu
> mn_acc lag_avg_rating_acc lag_sd_acc ln_avg_com_RevPAR if !missing(next_event
> _review_count), absorb(hotel_id_num ym) vce(cluster hotel_id_num)
(dropped 19 singleton observations)
(MWFE estimator converged in 8 iterations)
note: pmr_activity_any is probably collinear with the fixed effects (all partia
> lled-out values are close to zero; tol = 1.0e-09)

HDFE Linear regression                            Number of obs   =     16,353
Absorbing 2 HDFE groups                           F(  20,    505) =      20.09
Statistics robust to heteroskedasticity           Prob > F        =     0.0000
                                                  R-squared       =     0.7391
                                                  Adj R-squared   =     0.7282
                                                  Within R-sq.    =     0.2353
Number of clusters (hotel_id_num) =        506    Root MSE        =     6.7071

                         (Std. err. adjusted for 506 clusters in hotel_id_num)
------------------------------------------------------------------------------
             |               Robust
next_even~nt | Coefficient  std. err.      t    P>|t|     [95% conf. interval]
-------------+----------------------------------------------------------------
pmr_activ~ny |          0  (omitted)
pmr_coho~te7 |  -.6770806   .2032466    -3.33   0.001    -1.076394   -.2777677
pmr_activi~n |   .2400236   .0555642     4.32   0.000      .130858    .3491891
ln_pmr_words |  -.7377975    .313691    -2.35   0.019    -1.354098   -.1214975
pmr_a~g_days |  -.0114885   .0034558    -3.32   0.001    -.0182781    -.004699
pmr_ac~ks_zf |   .0280591   .3881653     0.07   0.942    -.7345587    .7906769
pmr_ac~gy_zf |   .8406054   .3581798     2.35   0.019     .1368992    1.544311
pmr_ac~te_zf |   .2273208   .3338027     0.68   0.496    -.4284922    .8831338
pmr_ac~ry_zf |   .1719779   .4768001     0.36   0.718    -.7647781    1.108734
pmr_ac~ve_zf |   .2046079    .227793     0.90   0.369    -.2429308    .6521467
pmr_ac~em_zf |  -.1738601   .2783428    -0.62   0.532    -.7207126    .3729924
pmr_act~l_zf |    .791101   .6944017     1.14   0.255    -.5731711    2.155373
pmr_act~r_zf |   1.511788    .467537     3.23   0.001      .593231    2.430345
ev_ln_revi~t |   6.242084   .6336552     9.85   0.000     4.997159    7.487009
ev_mean_ra~g |   -.115941    .107545    -1.08   0.282    -.3272318    .0953498
ev_sd_rating |  -.6743838   .1035544    -6.51   0.000    -.8778343   -.4709334
ev_ln_mean~s |    -.98458   .1594807    -6.17   0.000    -1.297907   -.6712527
ln_lag_vol~c |   .4916665   .4436677     1.11   0.268    -.3799954    1.363328
lag_avg_ra~c |   .8518039   1.130539     0.75   0.452    -1.369334    3.072942
  lag_sd_acc |  -.2129304   1.388884    -0.15   0.878    -2.941632    2.515771
ln_avg_com~R |  -.2379805    .354644    -0.67   0.503    -.9347397    .4587788
       _cons |  -.6542666   6.051381    -0.11   0.914    -12.54325    11.23472
------------------------------------------------------------------------------

Absorbed degrees of freedom:
------------------------------------------------------+
  Absorbed FE | Categories  - Redundant  = Num. Coefs |
--------------+---------------------------------------|
 hotel_id_num |       506         506           0    *|
           ym |       135           1         134     |
------------------------------------------------------+
* = FE nested within cluster; treated as redundant for DoF computation

. estimates store G_volume

. reghdfe next_event_ars_pool_ev pmr_activity_any pmr_cohort_rate7 pmr_activity
> _n ln_pmr_words pmr_activity_avg_days pmr_activity_thanks_zf pmr_activity_apo
> logy_zf pmr_activity_invite_zf pmr_activity_recovery_zf pmr_activity_positive
> _zf pmr_activity_problem_zf pmr_activity_personal_zf pmr_activity_mgr_zf ev_l
> n_review_count ev_mean_rating ev_sd_rating ev_ln_mean_text_chars ln_lag_volum
> n_acc lag_avg_rating_acc lag_sd_acc ln_avg_com_RevPAR if !missing(next_event_
> ars_pool_ev), absorb(hotel_id_num ym) vce(cluster hotel_id_num)
(dropped 19 singleton observations)
(MWFE estimator converged in 8 iterations)
note: pmr_activity_any is probably collinear with the fixed effects (all partia
> lled-out values are close to zero; tol = 1.0e-09)

HDFE Linear regression                            Number of obs   =     16,349
Absorbing 2 HDFE groups                           F(  20,    505) =     116.61
Statistics robust to heteroskedasticity           Prob > F        =     0.0000
                                                  R-squared       =     0.4508
                                                  Adj R-squared   =     0.4277
                                                  Within R-sq.    =     0.2290
Number of clusters (hotel_id_num) =        506    Root MSE        =     0.0393

                         (Std. err. adjusted for 506 clusters in hotel_id_num)
------------------------------------------------------------------------------
             |               Robust
next_event~v | Coefficient  std. err.      t    P>|t|     [95% conf. interval]
-------------+----------------------------------------------------------------
pmr_activ~ny |          0  (omitted)
pmr_coho~te7 |  -.0015468   .0014502    -1.07   0.287     -.004396    .0013024
pmr_activi~n |   -.000064   .0000391    -1.64   0.102    -.0001407    .0000127
ln_pmr_words |   .0012253   .0005677     2.16   0.031       .00011    .0023406
pmr_a~g_days |   3.03e-06   9.52e-06     0.32   0.750    -.0000157    .0000217
pmr_ac~ks_zf |  -.0018763   .0019124    -0.98   0.327    -.0056334    .0018809
pmr_ac~gy_zf |  -.0004599    .001506    -0.31   0.760    -.0034188    .0024989
pmr_ac~te_zf |   .0020769   .0018445     1.13   0.261     -.001547    .0057008
pmr_ac~ry_zf |  -.0021967   .0030448    -0.72   0.471    -.0081787    .0037852
pmr_ac~ve_zf |  -.0006656   .0012999    -0.51   0.609    -.0032194    .0018882
pmr_ac~em_zf |  -.0026793   .0016827    -1.59   0.112    -.0059853    .0006267
pmr_act~l_zf |   .0004214   .0069493     0.06   0.952    -.0132316    .0140745
pmr_act~r_zf |  -.0031717   .0021795    -1.46   0.146    -.0074537    .0011102
ev_ln_revi~t |   .0139905   .0010456    13.38   0.000     .0119363    .0160446
ev_mean_ra~g |   .0036873   .0009096     4.05   0.000     .0019002    .0054745
ev_sd_rating |  -.0163487   .0009945   -16.44   0.000    -.0183026   -.0143948
ev_ln_mean~s |  -.0421032   .0011724   -35.91   0.000    -.0444065   -.0397998
ln_lag_vol~c |   .0002224   .0013999     0.16   0.874    -.0025281    .0029728
lag_avg_ra~c |    .002596   .0059637     0.44   0.664    -.0091207    .0143127
  lag_sd_acc |   .0019755   .0071412     0.28   0.782    -.0120547    .0160056
ln_avg_com~R |   .0001969   .0013056     0.15   0.880    -.0023682     .002762
       _cons |     .51502   .0296311    17.38   0.000     .4568046    .5732353
------------------------------------------------------------------------------

Absorbed degrees of freedom:
------------------------------------------------------+
  Absorbed FE | Categories  - Redundant  = Num. Coefs |
--------------+---------------------------------------|
 hotel_id_num |       506         506           0    *|
           ym |       135           1         134     |
------------------------------------------------------+
* = FE nested within cluster; treated as redundant for DoF computation

. estimates store G_poolmechanism

. reghdfe next_event_sent_bing pmr_activity_any pmr_cohort_rate7 pmr_activity_n
>  ln_pmr_words pmr_activity_avg_days pmr_activity_thanks_zf pmr_activity_apolo
> gy_zf pmr_activity_invite_zf pmr_activity_recovery_zf pmr_activity_positive_z
> f pmr_activity_problem_zf pmr_activity_personal_zf pmr_activity_mgr_zf ev_ln_
> review_count ev_mean_rating ev_sd_rating ev_ln_mean_text_chars ln_lag_volumn_
> acc lag_avg_rating_acc lag_sd_acc ln_avg_com_RevPAR if !missing(next_event_se
> nt_bing), absorb(hotel_id_num ym) vce(cluster hotel_id_num)
(dropped 19 singleton observations)
(MWFE estimator converged in 8 iterations)
note: pmr_activity_any is probably collinear with the fixed effects (all partia
> lled-out values are close to zero; tol = 1.0e-09)

HDFE Linear regression                            Number of obs   =     16,353
Absorbing 2 HDFE groups                           F(  20,    505) =       7.12
Statistics robust to heteroskedasticity           Prob > F        =     0.0000
                                                  R-squared       =     0.3308
                                                  Adj R-squared   =     0.3027
                                                  Within R-sq.    =     0.0180
Number of clusters (hotel_id_num) =        506    Root MSE        =     2.1441

                         (Std. err. adjusted for 506 clusters in hotel_id_num)
------------------------------------------------------------------------------
             |               Robust
next_event~g | Coefficient  std. err.      t    P>|t|     [95% conf. interval]
-------------+----------------------------------------------------------------
pmr_activ~ny |          0  (omitted)
pmr_coho~te7 |   .1157072   .0697201     1.66   0.098      -.02127    .2526844
pmr_activi~n |  -.0025323   .0019724    -1.28   0.200    -.0064075    .0013428
ln_pmr_words |    .010351   .0323165     0.32   0.749    -.0531402    .0738423
pmr_a~g_days |  -.0001174   .0003507    -0.33   0.738    -.0008065    .0005716
pmr_ac~ks_zf |   .0792218    .116096     0.68   0.495    -.1488687    .3073124
pmr_ac~gy_zf |  -.1499146   .0910595    -1.65   0.100    -.3288166    .0289874
pmr_ac~te_zf |   .1422185    .099369     1.43   0.153    -.0530091    .3374461
pmr_ac~ry_zf |   -.200179   .1721803    -1.16   0.246    -.5384569    .1380989
pmr_ac~ve_zf |   .0921531   .0705736     1.31   0.192     -.046501    .2308073
pmr_ac~em_zf |  -.0440072   .0970994    -0.45   0.651    -.2347758    .1467613
pmr_act~l_zf |  -.2200018   .2810833    -0.78   0.434    -.7722385    .3322349
pmr_act~r_zf |   .1642225   .1018221     1.61   0.107    -.0358246    .3642697
ev_ln_revi~t |   .0167674   .0415355     0.40   0.687    -.0648364    .0983711
ev_mean_ra~g |    .409963   .0481534     8.51   0.000     .3153572    .5045687
ev_sd_rating |   .0890632   .0517406     1.72   0.086    -.0125902    .1907165
ev_ln_mean~s |   .0644317    .060228     1.07   0.285    -.0538965    .1827599
ln_lag_vol~c |  -.1160679   .0667169    -1.74   0.083    -.2471448     .015009
lag_avg_ra~c |   .4195525    .384833     1.09   0.276    -.3365184    1.175623
  lag_sd_acc |  -.8065677   .4521937    -1.78   0.075     -1.69498     .081845
ln_avg_com~R |  -.0754591   .0560698    -1.35   0.179    -.1856178    .0346996
       _cons |   1.930636   2.209653     0.87   0.383     -2.41061    6.271881
------------------------------------------------------------------------------

Absorbed degrees of freedom:
------------------------------------------------------+
  Absorbed FE | Categories  - Redundant  = Num. Coefs |
--------------+---------------------------------------|
 hotel_id_num |       506         506           0    *|
           ym |       135           1         134     |
------------------------------------------------------+
* = FE nested within cluster; treated as redundant for DoF computation

. estimates store G_sentiment

. estimates table G1_any G2_rate7 G3_count G4_words G5_avgwords G6_quick7 G7_qu
> ick30 G8_speed G9_thanks G10_apology G11_invite G12_recovery G13_positive G14
> _problem G15_personal G16_manager G_volume G_poolmechanism G_sentiment, b(%9.
> 4f) se stats(N r2_a)

--------------------------------------------------------------------------
    Variable |  G1_any     G2_rate7    G3_count    G4_words    G5_avgw~s  
-------------+------------------------------------------------------------
 ars_pool_ev |   -0.0910     -0.0746     -0.0830     -0.0904     -0.3031  
             |    0.0493      0.0518      0.0385      0.0469      0.3085  
             |
pmr_activ~ny |
          1  |   -0.0078                                                  
             |    0.0173                                                  
             |
pmr_activ~ny |               -0.0017                  0.0217   (omitted)  
             |                0.0053                  0.0127              
             |
pmr_activ~ny#|
          c. |
 ars_pool_ev |
          1  |    0.0365                                                  
             |    0.0576                                                  
             |
ev_ln_revi~t |    0.0393      0.0393      0.0404      0.0403      0.0354  
             |    0.0046      0.0046      0.0046      0.0046      0.0052  
ev_mean_ra~g |    0.0023      0.0019      0.0024      0.0023     -0.0020  
             |    0.0032      0.0034      0.0032      0.0032      0.0041  
ev_sd_rating |    0.0024      0.0020      0.0023      0.0023     -0.0015  
             |    0.0032      0.0034      0.0032      0.0032      0.0043  
ev_ln_mean~s |    0.0098      0.0102      0.0097      0.0097      0.0146  
             |    0.0043      0.0045      0.0043      0.0043      0.0054  
ln_lag_vol~c |    0.0298      0.0343      0.0302      0.0303      0.0314  
             |    0.0068      0.0069      0.0069      0.0068      0.0086  
lag_avg_ra~c |    0.0430      0.0483      0.0436      0.0428      0.0763  
             |    0.0264      0.0263      0.0264      0.0264      0.0306  
  lag_sd_acc |    0.0015      0.0012      0.0023      0.0011      0.0307  
             |    0.0319      0.0329      0.0320      0.0319      0.0411  
ln_avg_com~R |    0.1184      0.1201      0.1185      0.1184      0.1289  
             |    0.0125      0.0128      0.0125      0.0125      0.0146  
lnRev~h_w199 |    0.4372      0.4353      0.4376      0.4375      0.4353  
             |    0.0188      0.0191      0.0188      0.0188      0.0222  
pmr_coho~te7 |                0.0027                                      
             |                0.0225                                      
             |
          c. |
 ars_pool_ev#|
          c. |
pmr_coho~te7 |                0.0133                                      
             |                0.0723                                      
             |
pmr_activi~n |                           -0.0016                          
             |                            0.0016                          
             |
          c. |
 ars_pool_ev#|
          c. |
pmr_activi~n |                            0.0042                          
             |                            0.0050                          
             |
ln_pmr_words |                                       -0.0055              
             |                                        0.0041              
             |
          c. |
 ars_pool_ev#|
          c. |
ln_pmr_words |                                        0.0066              
             |                                        0.0106              
             |
ln_pmr_avg~s |                                                   -0.0183  
             |                                                    0.0230  
             |
          c. |
 ars_pool_ev#|
          c. |
ln_pmr_avg~s |                                                    0.0642  
             |                                                    0.0735  
             |
pmr_coh~te30 |                                                            
             |                                                            
             |
          c. |
 ars_pool_ev#|
          c. |
pmr_coh~te30 |                                                            
             |                                                            
             |
pmr_a~g_days |                                                            
             |                                                            
             |
          c. |
 ars_pool_ev#|
          c. |
pmr_a~g_days |                                                            
             |                                                            
             |
pmr_ac~ks_zf |                                                            
             |                                                            
             |
          c. |
 ars_pool_ev#|
          c. |
pmr_ac~ks_zf |                                                            
             |                                                            
             |
pmr_ac~gy_zf |                                                            
             |                                                            
             |
          c. |
 ars_pool_ev#|
          c. |
pmr_ac~gy_zf |                                                            
             |                                                            
             |
pmr_ac~te_zf |                                                            
             |                                                            
             |
          c. |
 ars_pool_ev#|
          c. |
pmr_ac~te_zf |                                                            
             |                                                            
             |
pmr_ac~ry_zf |                                                            
             |                                                            
             |
          c. |
 ars_pool_ev#|
          c. |
pmr_ac~ry_zf |                                                            
             |                                                            
             |
pmr_ac~ve_zf |                                                            
             |                                                            
             |
          c. |
 ars_pool_ev#|
          c. |
pmr_ac~ve_zf |                                                            
             |                                                            
             |
pmr_ac~em_zf |                                                            
             |                                                            
             |
          c. |
 ars_pool_ev#|
          c. |
pmr_ac~em_zf |                                                            
             |                                                            
             |
pmr_act~l_zf |                                                            
             |                                                            
             |
          c. |
 ars_pool_ev#|
          c. |
pmr_act~l_zf |                                                            
             |                                                            
             |
pmr_act~r_zf |                                                            
             |                                                            
             |
          c. |
 ars_pool_ev#|
          c. |
pmr_act~r_zf |                                                            
             |                                                            
             |
       _cons |    1.4751      1.4268      1.4672      1.4716      1.3569  
             |    0.1468      0.1483      0.1461      0.1469      0.2002  
-------------+------------------------------------------------------------
           N |     26173       25293       26173       26173       16398  
        r2_a |    0.8791      0.8798      0.8791      0.8791      0.8837  
--------------------------------------------------------------------------
                                                              Legend: b/se


--------------------------------------------------------------------------
    Variable | G6_quick7   G7_qui~30   G8_speed    G9_thanks   G10_apo~y  
-------------+------------------------------------------------------------
 ars_pool_ev |   -0.0746     -0.2332     -0.0318     -0.1032     -0.0906  
             |    0.0518      0.1234      0.0486      0.0479      0.0423  
             |
pmr_activ~ny |
          1  |                                                            
             |                                                            
             |
pmr_activ~ny |   -0.0017      0.0085   (omitted)     -0.0213      0.0072  
             |    0.0053      0.0122                  0.0108      0.0053  
             |
pmr_activ~ny#|
          c. |
 ars_pool_ev |
          1  |                                                            
             |                                                            
             |
ev_ln_revi~t |    0.0393      0.0526      0.0355      0.0392      0.0392  
             |    0.0046      0.0094      0.0052      0.0046      0.0046  
ev_mean_ra~g |    0.0019      0.0006     -0.0021      0.0023      0.0022  
             |    0.0034      0.0072      0.0041      0.0032      0.0032  
ev_sd_rating |    0.0020     -0.0093     -0.0015      0.0023      0.0023  
             |    0.0034      0.0079      0.0043      0.0032      0.0032  
ev_ln_mean~s |    0.0102      0.0255      0.0146      0.0097      0.0095  
             |    0.0045      0.0117      0.0054      0.0043      0.0043  
ln_lag_vol~c |    0.0343      0.0640      0.0314      0.0298      0.0299  
             |    0.0069      0.0149      0.0086      0.0068      0.0068  
lag_avg_ra~c |    0.0483      0.0236      0.0762      0.0424      0.0415  
             |    0.0263      0.0386      0.0305      0.0264      0.0265  
  lag_sd_acc |    0.0012     -0.0565      0.0309      0.0017      0.0014  
             |    0.0329      0.0588      0.0412      0.0319      0.0319  
ln_avg_com~R |    0.1201      0.1108      0.1288      0.1184      0.1183  
             |    0.0128      0.0169      0.0146      0.0125      0.0125  
lnRev~h_w199 |    0.4353      0.3421      0.4354      0.4369      0.4371  
             |    0.0191      0.0244      0.0222      0.0188      0.0188  
pmr_coho~te7 |    0.0027                                                  
             |    0.0225                                                  
             |
          c. |
 ars_pool_ev#|
          c. |
pmr_coho~te7 |    0.0133                                                  
             |    0.0723                                                  
             |
pmr_activi~n |                                                            
             |                                                            
             |
          c. |
 ars_pool_ev#|
          c. |
pmr_activi~n |                                                            
             |                                                            
             |
ln_pmr_words |                                                            
             |                                                            
             |
          c. |
 ars_pool_ev#|
          c. |
ln_pmr_words |                                                            
             |                                                            
             |
ln_pmr_avg~s |                                                            
             |                                                            
             |
          c. |
 ars_pool_ev#|
          c. |
ln_pmr_avg~s |                                                            
             |                                                            
             |
pmr_coh~te30 |               -0.0507                                      
             |                0.0464                                      
             |
          c. |
 ars_pool_ev#|
          c. |
pmr_coh~te30 |                0.1427                                      
             |                0.1498                                      
             |
pmr_a~g_days |                            0.0003                          
             |                            0.0002                          
             |
          c. |
 ars_pool_ev#|
          c. |
pmr_a~g_days |                           -0.0008                          
             |                            0.0006                          
             |
pmr_ac~ks_zf |                                        0.0084              
             |                                        0.0213              
             |
          c. |
 ars_pool_ev#|
          c. |
pmr_ac~ks_zf |                                        0.0623              
             |                                        0.0597              
             |
pmr_ac~gy_zf |                                                   -0.0338  
             |                                                    0.0272  
             |
          c. |
 ars_pool_ev#|
          c. |
pmr_ac~gy_zf |                                                    0.0769  
             |                                                    0.0919  
             |
pmr_ac~te_zf |                                                            
             |                                                            
             |
          c. |
 ars_pool_ev#|
          c. |
pmr_ac~te_zf |                                                            
             |                                                            
             |
pmr_ac~ry_zf |                                                            
             |                                                            
             |
          c. |
 ars_pool_ev#|
          c. |
pmr_ac~ry_zf |                                                            
             |                                                            
             |
pmr_ac~ve_zf |                                                            
             |                                                            
             |
          c. |
 ars_pool_ev#|
          c. |
pmr_ac~ve_zf |                                                            
             |                                                            
             |
pmr_ac~em_zf |                                                            
             |                                                            
             |
          c. |
 ars_pool_ev#|
          c. |
pmr_ac~em_zf |                                                            
             |                                                            
             |
pmr_act~l_zf |                                                            
             |                                                            
             |
          c. |
 ars_pool_ev#|
          c. |
pmr_act~l_zf |                                                            
             |                                                            
             |
pmr_act~r_zf |                                                            
             |                                                            
             |
          c. |
 ars_pool_ev#|
          c. |
pmr_act~r_zf |                                                            
             |                                                            
             |
       _cons |    1.4268      1.7911      1.2794      1.4828      1.4831  
             |    0.1483      0.2486      0.1662      0.1467      0.1464  
-------------+------------------------------------------------------------
           N |     25293        5025       16398       26173       26173  
        r2_a |    0.8798      0.8722      0.8837      0.8791      0.8791  
--------------------------------------------------------------------------
                                                              Legend: b/se


--------------------------------------------------------------------------
    Variable | G11_inv~e   G12_rec~y   G13_pos~e   G14_pro~m   G15_per~l  
-------------+------------------------------------------------------------
 ars_pool_ev |   -0.0957     -0.0686     -0.0777     -0.0756     -0.0891  
             |    0.0389      0.0392      0.0443      0.0410      0.0490  
             |
pmr_activ~ny |
          1  |                                                            
             |                                                            
             |
pmr_activ~ny |    0.0028      0.0025     -0.0027      0.0062     -0.0390  
             |    0.0046      0.0046      0.0059      0.0051      0.0232  
             |
pmr_activ~ny#|
          c. |
 ars_pool_ev |
          1  |                                                            
             |                                                            
             |
ev_ln_revi~t |    0.0391      0.0394      0.0393      0.0393      0.0392  
             |    0.0046      0.0046      0.0046      0.0046      0.0046  
ev_mean_ra~g |    0.0023      0.0023      0.0022      0.0021      0.0023  
             |    0.0032      0.0032      0.0032      0.0032      0.0032  
ev_sd_rating |    0.0024      0.0024      0.0023      0.0022      0.0024  
             |    0.0032      0.0032      0.0032      0.0032      0.0032  
ev_ln_mean~s |    0.0099      0.0099      0.0096      0.0095      0.0098  
             |    0.0043      0.0043      0.0043      0.0043      0.0043  
ln_lag_vol~c |    0.0300      0.0299      0.0298      0.0299      0.0299  
             |    0.0068      0.0068      0.0068      0.0068      0.0068  
lag_avg_ra~c |    0.0430      0.0431      0.0419      0.0417      0.0429  
             |    0.0264      0.0264      0.0263      0.0264      0.0264  
  lag_sd_acc |    0.0016      0.0011      0.0011      0.0011      0.0016  
             |    0.0319      0.0320      0.0319      0.0319      0.0319  
ln_avg_com~R |    0.1184      0.1184      0.1184      0.1183      0.1184  
             |    0.0125      0.0125      0.0125      0.0125      0.0125  
lnRev~h_w199 |    0.4371      0.4371      0.4372      0.4372      0.4371  
             |    0.0188      0.0188      0.0188      0.0188      0.0188  
pmr_coho~te7 |                                                            
             |                                                            
             |
          c. |
 ars_pool_ev#|
          c. |
pmr_coho~te7 |                                                            
             |                                                            
             |
pmr_activi~n |                                                            
             |                                                            
             |
          c. |
 ars_pool_ev#|
          c. |
pmr_activi~n |                                                            
             |                                                            
             |
ln_pmr_words |                                                            
             |                                                            
             |
          c. |
 ars_pool_ev#|
          c. |
ln_pmr_words |                                                            
             |                                                            
             |
ln_pmr_avg~s |                                                            
             |                                                            
             |
          c. |
 ars_pool_ev#|
          c. |
ln_pmr_avg~s |                                                            
             |                                                            
             |
pmr_coh~te30 |                                                            
             |                                                            
             |
          c. |
 ars_pool_ev#|
          c. |
pmr_coh~te30 |                                                            
             |                                                            
             |
pmr_a~g_days |                                                            
             |                                                            
             |
          c. |
 ars_pool_ev#|
          c. |
pmr_a~g_days |                                                            
             |                                                            
             |
pmr_ac~ks_zf |                                                            
             |                                                            
             |
          c. |
 ars_pool_ev#|
          c. |
pmr_ac~ks_zf |                                                            
             |                                                            
             |
pmr_ac~gy_zf |                                                            
             |                                                            
             |
          c. |
 ars_pool_ev#|
          c. |
pmr_ac~gy_zf |                                                            
             |                                                            
             |
pmr_ac~te_zf |   -0.1289                                                  
             |    0.0560                                                  
             |
          c. |
 ars_pool_ev#|
          c. |
pmr_ac~te_zf |    0.4359                                                  
             |    0.1823                                                  
             |
pmr_ac~ry_zf |                0.0593                                      
             |                0.0736                                      
             |
          c. |
 ars_pool_ev#|
          c. |
pmr_ac~ry_zf |               -0.1559                                      
             |                0.2581                                      
             |
pmr_ac~ve_zf |                            0.0074                          
             |                            0.0209                          
             |
          c. |
 ars_pool_ev#|
          c. |
pmr_ac~ve_zf |                            0.0122                          
             |                            0.0697                          
             |
pmr_ac~em_zf |                                       -0.0076              
             |                                        0.0319              
             |
          c. |
 ars_pool_ev#|
          c. |
pmr_ac~em_zf |                                       -0.0179              
             |                                        0.1070              
             |
pmr_act~l_zf |                                                    0.0322  
             |                                                    0.0299  
             |
          c. |
 ars_pool_ev#|
          c. |
pmr_act~l_zf |                                                    0.0348  
             |                                                    0.0583  
             |
pmr_act~r_zf |                                                            
             |                                                            
             |
          c. |
 ars_pool_ev#|
          c. |
pmr_act~r_zf |                                                            
             |                                                            
             |
       _cons |    1.4760      1.4680      1.4781      1.4788      1.4752  
             |    0.1456      0.1460      0.1457      0.1460      0.1467  
-------------+------------------------------------------------------------
           N |     26173       26173       26173       26173       26173  
        r2_a |    0.8791      0.8791      0.8791      0.8791      0.8791  
--------------------------------------------------------------------------
                                                              Legend: b/se


--------------------------------------------------------------
    Variable | G16_man~r   G_volume    G_poolm~m   G_senti~t  
-------------+------------------------------------------------
 ars_pool_ev |   -0.0983                                      
             |    0.0480                                      
             |
pmr_activ~ny |
          1  |                                                
             |                                                
             |
pmr_activ~ny |    0.0061   (omitted)   (omitted)   (omitted)  
             |    0.0097                                      
             |
pmr_activ~ny#|
          c. |
 ars_pool_ev |
          1  |                                                
             |                                                
             |
ev_ln_revi~t |    0.0393      6.2421      0.0140      0.0168  
             |    0.0046      0.6337      0.0010      0.0415  
ev_mean_ra~g |    0.0023     -0.1159      0.0037      0.4100  
             |    0.0032      0.1075      0.0009      0.0482  
ev_sd_rating |    0.0023     -0.6744     -0.0163      0.0891  
             |    0.0032      0.1036      0.0010      0.0517  
ev_ln_mean~s |    0.0098     -0.9846     -0.0421      0.0644  
             |    0.0043      0.1595      0.0012      0.0602  
ln_lag_vol~c |    0.0297      0.4917      0.0002     -0.1161  
             |    0.0068      0.4437      0.0014      0.0667  
lag_avg_ra~c |    0.0432      0.8518      0.0026      0.4196  
             |    0.0264      1.1305      0.0060      0.3848  
  lag_sd_acc |    0.0018     -0.2129      0.0020     -0.8066  
             |    0.0319      1.3889      0.0071      0.4522  
ln_avg_com~R |    0.1184     -0.2380      0.0002     -0.0755  
             |    0.0125      0.3546      0.0013      0.0561  
lnRev~h_w199 |    0.4372                                      
             |    0.0188                                      
pmr_coho~te7 |               -0.6771     -0.0015      0.1157  
             |                0.2032      0.0015      0.0697  
             |
          c. |
 ars_pool_ev#|
          c. |
pmr_coho~te7 |                                                
             |                                                
             |
pmr_activi~n |                0.2400     -0.0001     -0.0025  
             |                0.0556      0.0000      0.0020  
             |
          c. |
 ars_pool_ev#|
          c. |
pmr_activi~n |                                                
             |                                                
             |
ln_pmr_words |               -0.7378      0.0012      0.0104  
             |                0.3137      0.0006      0.0323  
             |
          c. |
 ars_pool_ev#|
          c. |
ln_pmr_words |                                                
             |                                                
             |
ln_pmr_avg~s |                                                
             |                                                
             |
          c. |
 ars_pool_ev#|
          c. |
ln_pmr_avg~s |                                                
             |                                                
             |
pmr_coh~te30 |                                                
             |                                                
             |
          c. |
 ars_pool_ev#|
          c. |
pmr_coh~te30 |                                                
             |                                                
             |
pmr_a~g_days |               -0.0115      0.0000     -0.0001  
             |                0.0035      0.0000      0.0004  
             |
          c. |
 ars_pool_ev#|
          c. |
pmr_a~g_days |                                                
             |                                                
             |
pmr_ac~ks_zf |                0.0281     -0.0019      0.0792  
             |                0.3882      0.0019      0.1161  
             |
          c. |
 ars_pool_ev#|
          c. |
pmr_ac~ks_zf |                                                
             |                                                
             |
pmr_ac~gy_zf |                0.8406     -0.0005     -0.1499  
             |                0.3582      0.0015      0.0911  
             |
          c. |
 ars_pool_ev#|
          c. |
pmr_ac~gy_zf |                                                
             |                                                
             |
pmr_ac~te_zf |                0.2273      0.0021      0.1422  
             |                0.3338      0.0018      0.0994  
             |
          c. |
 ars_pool_ev#|
          c. |
pmr_ac~te_zf |                                                
             |                                                
             |
pmr_ac~ry_zf |                0.1720     -0.0022     -0.2002  
             |                0.4768      0.0030      0.1722  
             |
          c. |
 ars_pool_ev#|
          c. |
pmr_ac~ry_zf |                                                
             |                                                
             |
pmr_ac~ve_zf |                0.2046     -0.0007      0.0922  
             |                0.2278      0.0013      0.0706  
             |
          c. |
 ars_pool_ev#|
          c. |
pmr_ac~ve_zf |                                                
             |                                                
             |
pmr_ac~em_zf |               -0.1739     -0.0027     -0.0440  
             |                0.2783      0.0017      0.0971  
             |
          c. |
 ars_pool_ev#|
          c. |
pmr_ac~em_zf |                                                
             |                                                
             |
pmr_act~l_zf |                0.7911      0.0004     -0.2200  
             |                0.6944      0.0069      0.2811  
             |
          c. |
 ars_pool_ev#|
          c. |
pmr_act~l_zf |                                                
             |                                                
             |
pmr_act~r_zf |   -0.0205      1.5118     -0.0032      0.1642  
             |    0.0201      0.4675      0.0022      0.1018  
             |
          c. |
 ars_pool_ev#|
          c. |
pmr_act~r_zf |    0.0576                                      
             |    0.0601                                      
             |
       _cons |    1.4763     -0.6543      0.5150      1.9306  
             |    0.1464      6.0514      0.0296      2.2097  
-------------+------------------------------------------------
           N |     26173       16353       16349       16353  
        r2_a |    0.8791      0.7282      0.4277      0.3027  
--------------------------------------------------------------
                                                  Legend: b/se

. log close
      name:  <unnamed>
       log:  /Users/samxie/Research/ReviewSimi_Sales/Code/stata-log/run_event_m
> onth_pool_gt100_engagement_260711.log
  log type:  text
 closed on:  11 Jul 2026, 18:07:06
-------------------------------------------------------------------------------
