-------------------------------------------------------------------------------
      name:  <unnamed>
       log:  /Users/samxie/Research/ReviewSimi_Sales/Code/stata-log/run_event_m
> onth_pool_gt100_grouped_slopes_260711.log
  log type:  text
 opened on:  11 Jul 2026, 18:07:09

. local C ev_ln_review_count ev_mean_rating ev_sd_rating ev_ln_mean_text_chars 
> ln_lag_volumn_acc lag_avg_rating_acc lag_sd_acc ln_avg_com_RevPAR lnRevenue_l
> ag_month_w199

. * M1: binary high-competition ZIP groups.
. reghdfe lnRevenue_current_w199 ars_pool_ev `C' if high_comp_zip_focus100==0 &
>  !missing(ars_pool_ev), absorb(hotel_id_num ym) vce(cluster hotel_id_num)
(dropped 12 singleton observations)
(MWFE estimator converged in 9 iterations)

HDFE Linear regression                            Number of obs   =     13,607
Absorbing 2 HDFE groups                           F(  10,    356) =      48.05
Statistics robust to heteroskedasticity           Prob > F        =     0.0000
                                                  R-squared       =     0.8837
                                                  Adj R-squared   =     0.8793
                                                  Within R-sq.    =     0.2701
Number of clusters (hotel_id_num) =        357    Root MSE        =     0.2094

                         (Std. err. adjusted for 357 clusters in hotel_id_num)
------------------------------------------------------------------------------
             |               Robust
lnRev~t_w199 | Coefficient  std. err.      t    P>|t|     [95% conf. interval]
-------------+----------------------------------------------------------------
 ars_pool_ev |  -.0915633    .053781    -1.70   0.090    -.1973317    .0142051
ev_ln_revi~t |   .0469312   .0063595     7.38   0.000     .0344243    .0594382
ev_mean_ra~g |  -.0014523    .003847    -0.38   0.706     -.009018    .0061134
ev_sd_rating |   .0017127   .0038972     0.44   0.661    -.0059518    .0093772
ev_ln_mean~s |   .0071477   .0058663     1.22   0.224    -.0043893    .0186848
ln_lag_vol~c |   .0327377   .0099257     3.30   0.001     .0132173    .0522581
lag_avg_ra~c |   .0058317   .0317994     0.18   0.855    -.0567066    .0683701
  lag_sd_acc |  -.0172429   .0427285    -0.40   0.687     -.101275    .0667891
ln_avg_com~R |   .0936505    .014621     6.41   0.000     .0648962    .1224048
lnRev~h_w199 |   .4055852   .0286776    14.14   0.000     .3491864     .461984
       _cons |   1.885838   .1939108     9.73   0.000     1.504484    2.267193
------------------------------------------------------------------------------

Absorbed degrees of freedom:
------------------------------------------------------+
  Absorbed FE | Categories  - Redundant  = Num. Coefs |
--------------+---------------------------------------|
 hotel_id_num |       357         357           0    *|
           ym |       135           1         134     |
------------------------------------------------------+
* = FE nested within cluster; treated as redundant for DoF computation

. estimates store GS_M1_zip_low

. reghdfe lnRevenue_current_w199 ars_pool_ev `C' if high_comp_zip_focus100==1 &
>  !missing(ars_pool_ev), absorb(hotel_id_num ym) vce(cluster hotel_id_num)
(dropped 15 singleton observations)
(MWFE estimator converged in 8 iterations)

HDFE Linear regression                            Number of obs   =     12,513
Absorbing 2 HDFE groups                           F(  10,    353) =      98.49
Statistics robust to heteroskedasticity           Prob > F        =     0.0000
                                                  R-squared       =     0.8952
                                                  Adj R-squared   =     0.8908
                                                  Within R-sq.    =     0.2673
Number of clusters (hotel_id_num) =        354    Root MSE        =     0.2000

                         (Std. err. adjusted for 354 clusters in hotel_id_num)
------------------------------------------------------------------------------
             |               Robust
lnRev~t_w199 | Coefficient  std. err.      t    P>|t|     [95% conf. interval]
-------------+----------------------------------------------------------------
 ars_pool_ev |  -.0198942   .0505811    -0.39   0.694    -.1193724     .079584
ev_ln_revi~t |   .0335056   .0069404     4.83   0.000     .0198559    .0471552
ev_mean_ra~g |  -.0000959   .0043505    -0.02   0.982    -.0086521    .0084602
ev_sd_rating |  -.0013567    .004827    -0.28   0.779    -.0108501    .0081366
ev_ln_mean~s |   .0085999   .0061606     1.40   0.164    -.0035161    .0207159
ln_lag_vol~c |   .0294844   .0100371     2.94   0.004     .0097443    .0492245
lag_avg_ra~c |   .0745859   .0415926     1.79   0.074    -.0072145    .1563864
  lag_sd_acc |   .0319777   .0453869     0.70   0.482     -.057285    .1212404
ln_avg_com~R |   .1943665    .021908     8.87   0.000     .1512799    .2374531
lnRev~h_w199 |   .3817476   .0161449    23.65   0.000     .3499954    .4134999
       _cons |   1.247208   .2156325     5.78   0.000     .8231216    1.671293
------------------------------------------------------------------------------

Absorbed degrees of freedom:
------------------------------------------------------+
  Absorbed FE | Categories  - Redundant  = Num. Coefs |
--------------+---------------------------------------|
 hotel_id_num |       354         354           0    *|
           ym |       135           1         134     |
------------------------------------------------------+
* = FE nested within cluster; treated as redundant for DoF computation

. estimates store GS_M1_zip_high

. * M5: ZIP competitor-RevPAR high/low, defined within ZIP-by-calendar-month ce
> lls.
. bysort Zip ym: egen double gs_m5_med = median(ln_comp_zip_mean_excl_full)
(1,833 missing values generated)

. gen byte gs_m5_high = ln_comp_zip_mean_excl_full > gs_m5_med if !missing(ln_c
> omp_zip_mean_excl_full,gs_m5_med)
(1,833 missing values generated)

. replace gs_m5_high = 0 if !missing(ln_comp_zip_mean_excl_full,gs_m5_med) & gs
> _m5_high==0
(0 real changes made)

. reghdfe lnRevenue_current_w199 ars_pool_ev `C' if gs_m5_high==0 & !missing(ar
> s_pool_ev), absorb(hotel_id_num ym) vce(cluster hotel_id_num)
(dropped 39 singleton observations)
(MWFE estimator converged in 8 iterations)

HDFE Linear regression                            Number of obs   =     13,066
Absorbing 2 HDFE groups                           F(  10,    450) =      55.73
Statistics robust to heteroskedasticity           Prob > F        =     0.0000
                                                  R-squared       =     0.8986
                                                  Adj R-squared   =     0.8938
                                                  Within R-sq.    =     0.2562
Number of clusters (hotel_id_num) =        451    Root MSE        =     0.1850

                         (Std. err. adjusted for 451 clusters in hotel_id_num)
------------------------------------------------------------------------------
             |               Robust
lnRev~t_w199 | Coefficient  std. err.      t    P>|t|     [95% conf. interval]
-------------+----------------------------------------------------------------
 ars_pool_ev |  -.0829286   .0506909    -1.64   0.103     -.182549    .0166917
ev_ln_revi~t |   .0187001   .0053806     3.48   0.001     .0081258    .0292743
ev_mean_ra~g |  -.0056748   .0039952    -1.42   0.156    -.0135263    .0021768
ev_sd_rating |   .0000363   .0044411     0.01   0.993    -.0086917    .0087642
ev_ln_mean~s |  -.0009895   .0053771    -0.18   0.854    -.0115567    .0095778
ln_lag_vol~c |   .0355139   .0100514     3.53   0.000     .0157604    .0552674
lag_avg_ra~c |  -.0319905   .0350298    -0.91   0.362    -.1008329    .0368518
  lag_sd_acc |  -.0562505   .0453864    -1.24   0.216    -.1454462    .0329451
ln_avg_com~R |   .1248311   .0189469     6.59   0.000     .0875958    .1620665
lnRev~h_w199 |   .3608083   .0243199    14.84   0.000     .3130136    .4086029
       _cons |   2.394706   .2070791    11.56   0.000     1.987744    2.801668
------------------------------------------------------------------------------

Absorbed degrees of freedom:
------------------------------------------------------+
  Absorbed FE | Categories  - Redundant  = Num. Coefs |
--------------+---------------------------------------|
 hotel_id_num |       451         451           0    *|
           ym |       135           1         134     |
------------------------------------------------------+
* = FE nested within cluster; treated as redundant for DoF computation

. estimates store GS_M5_ziprev_low

. reghdfe lnRevenue_current_w199 ars_pool_ev `C' if gs_m5_high==1 & !missing(ar
> s_pool_ev), absorb(hotel_id_num ym) vce(cluster hotel_id_num)
(dropped 34 singleton observations)
(MWFE estimator converged in 9 iterations)

HDFE Linear regression                            Number of obs   =     12,105
Absorbing 2 HDFE groups                           F(  10,    481) =      92.38
Statistics robust to heteroskedasticity           Prob > F        =     0.0000
                                                  R-squared       =     0.8663
                                                  Adj R-squared   =     0.8590
                                                  Within R-sq.    =     0.2858
Number of clusters (hotel_id_num) =        482    Root MSE        =     0.2102

                         (Std. err. adjusted for 482 clusters in hotel_id_num)
------------------------------------------------------------------------------
             |               Robust
lnRev~t_w199 | Coefficient  std. err.      t    P>|t|     [95% conf. interval]
-------------+----------------------------------------------------------------
 ars_pool_ev |  -.0695745    .051028    -1.36   0.173    -.1698399    .0306909
ev_ln_revi~t |   .0578326   .0061605     9.39   0.000     .0457277    .0699375
ev_mean_ra~g |   .0038385   .0038812     0.99   0.323    -.0037877    .0114647
ev_sd_rating |   .0006959   .0042023     0.17   0.869    -.0075611     .008953
ev_ln_mean~s |   .0169377   .0060965     2.78   0.006     .0049586    .0289168
ln_lag_vol~c |   .0312289   .0088968     3.51   0.000     .0137476    .0487102
lag_avg_ra~c |   .0479775   .0348111     1.38   0.169    -.0204231     .116378
  lag_sd_acc |   .0102785   .0409131     0.25   0.802     -.070112     .090669
ln_avg_com~R |   .1401787   .0178522     7.85   0.000     .1051007    .1752566
lnRev~h_w199 |   .3853664   .0183885    20.96   0.000     .3492347    .4214981
       _cons |   1.341055   .1954641     6.86   0.000     .9569857    1.725124
------------------------------------------------------------------------------

Absorbed degrees of freedom:
------------------------------------------------------+
  Absorbed FE | Categories  - Redundant  = Num. Coefs |
--------------+---------------------------------------|
 hotel_id_num |       482         482           0    *|
           ym |       135           1         134     |
------------------------------------------------------+
* = FE nested within cluster; treated as redundant for DoF computation

. estimates store GS_M5_ziprev_high

. * M6: city competitor-RevPAR high/low, defined within City-by-calendar-month 
> cells.
. bysort CityID ym: egen double gs_m6_med = median(ln_comp_city_mean_excl_full)

. gen byte gs_m6_high = ln_comp_city_mean_excl_full > gs_m6_med if !missing(ln_
> comp_city_mean_excl_full,gs_m6_med)
(716 missing values generated)

. replace gs_m6_high = 0 if !missing(ln_comp_city_mean_excl_full,gs_m6_med) & g
> s_m6_high==0
(0 real changes made)

. reghdfe lnRevenue_current_w199 ars_pool_ev `C' if gs_m6_high==0 & !missing(ar
> s_pool_ev), absorb(hotel_id_num ym) vce(cluster hotel_id_num)
(dropped 33 singleton observations)
(MWFE estimator converged in 9 iterations)

HDFE Linear regression                            Number of obs   =     14,293
Absorbing 2 HDFE groups                           F(  10,    376) =      59.63
Statistics robust to heteroskedasticity           Prob > F        =     0.0000
                                                  R-squared       =     0.8705
                                                  Adj R-squared   =     0.8657
                                                  Within R-sq.    =     0.2056
Number of clusters (hotel_id_num) =        377    Root MSE        =     0.1677

                         (Std. err. adjusted for 377 clusters in hotel_id_num)
------------------------------------------------------------------------------
             |               Robust
lnRev~t_w199 | Coefficient  std. err.      t    P>|t|     [95% conf. interval]
-------------+----------------------------------------------------------------
 ars_pool_ev |  -.0392575   .0495043    -0.79   0.428    -.1365975    .0580825
ev_ln_revi~t |   .0224611   .0048871     4.60   0.000     .0128515    .0320706
ev_mean_ra~g |   .0021145    .003922     0.54   0.590    -.0055973    .0098264
ev_sd_rating |   .0011044   .0040554     0.27   0.786    -.0068697    .0090784
ev_ln_mean~s |    .004622   .0051086     0.90   0.366    -.0054231    .0146671
ln_lag_vol~c |   .0220086   .0094065     2.34   0.020     .0035126    .0405046
lag_avg_ra~c |  -.0365101    .037001    -0.99   0.324    -.1092649    .0362447
  lag_sd_acc |  -.0519406   .0456086    -1.14   0.255    -.1416205    .0377392
ln_avg_com~R |   .1084097   .0124908     8.68   0.000     .0838491    .1329702
lnRev~h_w199 |   .2967283   .0158607    18.71   0.000     .2655415    .3279151
       _cons |   2.836987    .199111    14.25   0.000     2.445477    3.228498
------------------------------------------------------------------------------

Absorbed degrees of freedom:
------------------------------------------------------+
  Absorbed FE | Categories  - Redundant  = Num. Coefs |
--------------+---------------------------------------|
 hotel_id_num |       377         377           0    *|
           ym |       135           1         134     |
------------------------------------------------------+
* = FE nested within cluster; treated as redundant for DoF computation

. estimates store GS_M6_cityrev_low

. reghdfe lnRevenue_current_w199 ars_pool_ev `C' if gs_m6_high==1 & !missing(ar
> s_pool_ev), absorb(hotel_id_num ym) vce(cluster hotel_id_num)
(dropped 50 singleton observations)
(MWFE estimator converged in 9 iterations)

HDFE Linear regression                            Number of obs   =     11,771
Absorbing 2 HDFE groups                           F(  10,    442) =      56.12
Statistics robust to heteroskedasticity           Prob > F        =     0.0000
                                                  R-squared       =     0.8065
                                                  Adj R-squared   =     0.7964
                                                  Within R-sq.    =     0.2602
Number of clusters (hotel_id_num) =        443    Root MSE        =     0.2042

                         (Std. err. adjusted for 443 clusters in hotel_id_num)
------------------------------------------------------------------------------
             |               Robust
lnRev~t_w199 | Coefficient  std. err.      t    P>|t|     [95% conf. interval]
-------------+----------------------------------------------------------------
 ars_pool_ev |  -.1052805   .0475814    -2.21   0.027    -.1987944   -.0117666
ev_ln_revi~t |   .0488768   .0064468     7.58   0.000     .0362067     .061547
ev_mean_ra~g |  -.0002463   .0036763    -0.07   0.947    -.0074715    .0069789
ev_sd_rating |    .004552   .0038371     1.19   0.236    -.0029893    .0120933
ev_ln_mean~s |   .0086902   .0054784     1.59   0.113    -.0020768    .0194571
ln_lag_vol~c |    .039038   .0115402     3.38   0.001     .0163575    .0617186
lag_avg_ra~c |    .055756   .0356218     1.57   0.118    -.0142532    .1257651
  lag_sd_acc |   .0154119     .04337     0.36   0.722    -.0698252    .1006489
ln_avg_com~R |   .1243651   .0187319     6.64   0.000     .0875505    .1611798
lnRev~h_w199 |   .3553304   .0191837    18.52   0.000     .3176278    .3930329
       _cons |   1.459739   .1881698     7.76   0.000      1.08992    1.829557
------------------------------------------------------------------------------

Absorbed degrees of freedom:
------------------------------------------------------+
  Absorbed FE | Categories  - Redundant  = Num. Coefs |
--------------+---------------------------------------|
 hotel_id_num |       443         443           0    *|
           ym |       135           1         134     |
------------------------------------------------------+
* = FE nested within cluster; treated as redundant for DoF computation

. estimates store GS_M6_cityrev_high

. * O13: within-ZIP-by-month cumulative-review-volume groups.
. reghdfe lnRevenue_current_w199 ars_pool_ev `C' if high_popularity==0 & !missi
> ng(ars_pool_ev), absorb(hotel_id_num ym) vce(cluster hotel_id_num)
(dropped 24 singleton observations)
(MWFE estimator converged in 9 iterations)

HDFE Linear regression                            Number of obs   =     12,389
Absorbing 2 HDFE groups                           F(  10,    487) =      81.40
Statistics robust to heteroskedasticity           Prob > F        =     0.0000
                                                  R-squared       =     0.8932
                                                  Adj R-squared   =     0.8875
                                                  Within R-sq.    =     0.2912
Number of clusters (hotel_id_num) =        488    Root MSE        =     0.2088

                         (Std. err. adjusted for 488 clusters in hotel_id_num)
------------------------------------------------------------------------------
             |               Robust
lnRev~t_w199 | Coefficient  std. err.      t    P>|t|     [95% conf. interval]
-------------+----------------------------------------------------------------
 ars_pool_ev |  -.1051292   .0455354    -2.31   0.021    -.1945992   -.0156591
ev_ln_revi~t |   .0425958   .0059725     7.13   0.000     .0308608    .0543309
ev_mean_ra~g |   .0009863   .0039041     0.25   0.801    -.0066848    .0086573
ev_sd_rating |  -.0022968   .0044176    -0.52   0.603    -.0109767    .0063832
ev_ln_mean~s |   .0065482   .0058738     1.11   0.265     -.004993    .0180894
ln_lag_vol~c |   .0332836    .007675     4.34   0.000     .0182034    .0483638
lag_avg_ra~c |   .0344018   .0283283     1.21   0.225    -.0212591    .0900626
  lag_sd_acc |   .0147767   .0337586     0.44   0.662    -.0515537    .0811071
ln_avg_com~R |   .1236118   .0183619     6.73   0.000     .0875336    .1596901
lnRev~h_w199 |   .4062081    .022195    18.30   0.000     .3625984    .4498179
       _cons |   1.614161   .1701787     9.49   0.000     1.279786    1.948536
------------------------------------------------------------------------------

Absorbed degrees of freedom:
------------------------------------------------------+
  Absorbed FE | Categories  - Redundant  = Num. Coefs |
--------------+---------------------------------------|
 hotel_id_num |       488         488           0    *|
           ym |       135           1         134     |
------------------------------------------------------+
* = FE nested within cluster; treated as redundant for DoF computation

. estimates store GS_O13_pop_low

. reghdfe lnRevenue_current_w199 ars_pool_ev `C' if high_popularity==1 & !missi
> ng(ars_pool_ev), absorb(hotel_id_num ym) vce(cluster hotel_id_num)
(dropped 34 singleton observations)
(MWFE estimator converged in 8 iterations)

HDFE Linear regression                            Number of obs   =     13,738
Absorbing 2 HDFE groups                           F(  10,    380) =      63.74
Statistics robust to heteroskedasticity           Prob > F        =     0.0000
                                                  R-squared       =     0.8776
                                                  Adj R-squared   =     0.8728
                                                  Within R-sq.    =     0.2838
Number of clusters (hotel_id_num) =        381    Root MSE        =     0.2120

                         (Std. err. adjusted for 381 clusters in hotel_id_num)
------------------------------------------------------------------------------
             |               Robust
lnRev~t_w199 | Coefficient  std. err.      t    P>|t|     [95% conf. interval]
-------------+----------------------------------------------------------------
 ars_pool_ev |  -.0103716   .0632113    -0.16   0.870    -.1346593     .113916
ev_ln_revi~t |   .0367822   .0065637     5.60   0.000     .0238764     .049688
ev_mean_ra~g |   .0037294    .005222     0.71   0.476    -.0065382    .0139971
ev_sd_rating |   .0091689   .0048958     1.87   0.062    -.0004573    .0187951
ev_ln_mean~s |   .0163292   .0064403     2.54   0.012     .0036661    .0289922
ln_lag_vol~c |   .0357699   .0179129     2.00   0.047     .0005492    .0709906
lag_avg_ra~c |   .0812865   .0520365     1.56   0.119    -.0210291    .1836021
  lag_sd_acc |   .0046822   .0673403     0.07   0.945     -.127724    .1370884
ln_avg_com~R |   .1198534   .0140827     8.51   0.000     .0921636    .1475432
lnRev~h_w199 |   .4394841   .0256224    17.15   0.000     .3891046    .4898635
       _cons |   1.198451   .2960052     4.05   0.000     .6164381    1.780465
------------------------------------------------------------------------------

Absorbed degrees of freedom:
------------------------------------------------------+
  Absorbed FE | Categories  - Redundant  = Num. Coefs |
--------------+---------------------------------------|
 hotel_id_num |       381         381           0    *|
           ym |       135           1         134     |
------------------------------------------------------+
* = FE nested within cluster; treated as redundant for DoF computation

. estimates store GS_O13_pop_high

. * E2: previous-visible-event dispersion, ZIP-by-month high/low groups.
. bysort Zip ym: egen double gs_e2_med = median(prevvis_recent_sd)
(2,932 missing values generated)

. gen byte gs_e2_high = prevvis_recent_sd > gs_e2_med if !missing(prevvis_recen
> t_sd,gs_e2_med)
(10,004 missing values generated)

. replace gs_e2_high = 0 if !missing(prevvis_recent_sd,gs_e2_med) & gs_e2_high=
> =0
(0 real changes made)

. reghdfe lnRevenue_current_w199 ars_pool_ev `C' if gs_e2_high==0 & !missing(ar
> s_pool_ev), absorb(hotel_id_num ym) vce(cluster hotel_id_num)
(dropped 18 singleton observations)
(MWFE estimator converged in 9 iterations)

HDFE Linear regression                            Number of obs   =     10,064
Absorbing 2 HDFE groups                           F(  10,    476) =      60.84
Statistics robust to heteroskedasticity           Prob > F        =     0.0000
                                                  R-squared       =     0.8920
                                                  Adj R-squared   =     0.8849
                                                  Within R-sq.    =     0.2765
Number of clusters (hotel_id_num) =        477    Root MSE        =     0.2078

                         (Std. err. adjusted for 477 clusters in hotel_id_num)
------------------------------------------------------------------------------
             |               Robust
lnRev~t_w199 | Coefficient  std. err.      t    P>|t|     [95% conf. interval]
-------------+----------------------------------------------------------------
 ars_pool_ev |  -.0548241    .061188    -0.90   0.371     -.175056    .0654078
ev_ln_revi~t |   .0433059   .0065212     6.64   0.000     .0304921    .0561198
ev_mean_ra~g |   .0026923   .0054434     0.49   0.621    -.0080037    .0133883
ev_sd_rating |   .0076098   .0058826     1.29   0.196    -.0039493     .019169
ev_ln_mean~s |   .0093629    .006408     1.46   0.145    -.0032286    .0219544
ln_lag_vol~c |   .0374351   .0110374     3.39   0.001      .015747    .0591232
lag_avg_ra~c |   .0026258   .0353034     0.07   0.941     -.066744    .0719957
  lag_sd_acc |  -.0818637   .0496139    -1.65   0.100    -.1793531    .0156258
ln_avg_com~R |   .1171545   .0150436     7.79   0.000     .0875945    .1467146
lnRev~h_w199 |    .420578   .0241884    17.39   0.000     .3730488    .4681071
       _cons |   1.764209   .2069872     8.52   0.000     1.357488    2.170931
------------------------------------------------------------------------------

Absorbed degrees of freedom:
------------------------------------------------------+
  Absorbed FE | Categories  - Redundant  = Num. Coefs |
--------------+---------------------------------------|
 hotel_id_num |       477         477           0    *|
           ym |       135           1         134     |
------------------------------------------------------+
* = FE nested within cluster; treated as redundant for DoF computation

. estimates store GS_E2_disp_low

. reghdfe lnRevenue_current_w199 ars_pool_ev `C' if gs_e2_high==1 & !missing(ar
> s_pool_ev), absorb(hotel_id_num ym) vce(cluster hotel_id_num)
(dropped 27 singleton observations)
(MWFE estimator converged in 9 iterations)

HDFE Linear regression                            Number of obs   =     10,542
Absorbing 2 HDFE groups                           F(  10,    473) =      61.35
Statistics robust to heteroskedasticity           Prob > F        =     0.0000
                                                  R-squared       =     0.8846
                                                  Adj R-squared   =     0.8775
                                                  Within R-sq.    =     0.2786
Number of clusters (hotel_id_num) =        474    Root MSE        =     0.2016

                         (Std. err. adjusted for 474 clusters in hotel_id_num)
------------------------------------------------------------------------------
             |               Robust
lnRev~t_w199 | Coefficient  std. err.      t    P>|t|     [95% conf. interval]
-------------+----------------------------------------------------------------
 ars_pool_ev |  -.0621627   .0671095    -0.93   0.355    -.1940324     .069707
ev_ln_revi~t |   .0385618   .0059228     6.51   0.000     .0269236       .0502
ev_mean_ra~g |  -.0029346   .0046608    -0.63   0.529    -.0120931    .0062239
ev_sd_rating |   -.005288   .0048467    -1.09   0.276    -.0148117    .0042358
ev_ln_mean~s |   .0155142   .0064528     2.40   0.017     .0028346    .0281938
ln_lag_vol~c |   .0394485   .0094123     4.19   0.000     .0209534    .0579436
lag_avg_ra~c |   .0734598   .0375141     1.96   0.051    -.0002551    .1471746
  lag_sd_acc |   .0364896   .0543352     0.67   0.502    -.0702787    .1432579
ln_avg_com~R |   .1271166   .0172915     7.35   0.000     .0931389    .1610944
lnRev~h_w199 |   .4271325   .0294643    14.50   0.000     .3692354    .4850295
       _cons |   1.250036   .2198963     5.68   0.000     .8179414     1.68213
------------------------------------------------------------------------------

Absorbed degrees of freedom:
------------------------------------------------------+
  Absorbed FE | Categories  - Redundant  = Num. Coefs |
--------------+---------------------------------------|
 hotel_id_num |       474         474           0    *|
           ym |       135           1         134     |
------------------------------------------------------+
* = FE nested within cluster; treated as redundant for DoF computation

. estimates store GS_E2_disp_high

. * G11: no-invite versus invite wording; retain reply-activity control in both
>  groups.
. gen byte gs_g11_invite = pmr_activity_invite_zf > 0 if !missing(pmr_activity_
> invite_zf)

. reghdfe lnRevenue_current_w199 ars_pool_ev pmr_activity_any `C' if gs_g11_inv
> ite==0 & !missing(ars_pool_ev), absorb(hotel_id_num ym) vce(cluster hotel_id_
> num)
(dropped 14 singleton observations)
(MWFE estimator converged in 8 iterations)

HDFE Linear regression                            Number of obs   =     20,185
Absorbing 2 HDFE groups                           F(  11,    537) =     108.74
Statistics robust to heteroskedasticity           Prob > F        =     0.0000
                                                  R-squared       =     0.8784
                                                  Adj R-squared   =     0.8741
                                                  Within R-sq.    =     0.2981
Number of clusters (hotel_id_num) =        538    Root MSE        =     0.2149

                         (Std. err. adjusted for 538 clusters in hotel_id_num)
------------------------------------------------------------------------------
             |               Robust
lnRev~t_w199 | Coefficient  std. err.      t    P>|t|     [95% conf. interval]
-------------+----------------------------------------------------------------
 ars_pool_ev |  -.0946253   .0395209    -2.39   0.017    -.1722598   -.0169908
pmr_activ~ny |   .0029348   .0046357     0.63   0.527    -.0061715    .0120411
ev_ln_revi~t |   .0451149   .0052174     8.65   0.000     .0348658     .055364
ev_mean_ra~g |   .0011278   .0033829     0.33   0.739    -.0055174    .0077731
ev_sd_rating |   .0023551   .0034814     0.68   0.499    -.0044837    .0091939
ev_ln_mean~s |   .0075536   .0046466     1.63   0.105    -.0015743    .0166814
ln_lag_vol~c |   .0292315    .007393     3.95   0.000     .0147087    .0437543
lag_avg_ra~c |   .0388474   .0286359     1.36   0.175    -.0174048    .0950996
  lag_sd_acc |   .0055427   .0330475     0.17   0.867    -.0593755    .0704609
ln_avg_com~R |   .1156495   .0128892     8.97   0.000     .0903302    .1409689
lnRev~h_w199 |   .4353201   .0193646    22.48   0.000     .3972804    .4733597
       _cons |    1.49957   .1564071     9.59   0.000     1.192325    1.806815
------------------------------------------------------------------------------

Absorbed degrees of freedom:
------------------------------------------------------+
  Absorbed FE | Categories  - Redundant  = Num. Coefs |
--------------+---------------------------------------|
 hotel_id_num |       538         538           0    *|
           ym |       135           1         134     |
------------------------------------------------------+
* = FE nested within cluster; treated as redundant for DoF computation

. estimates store GS_G11_noinvite

. reghdfe lnRevenue_current_w199 ars_pool_ev pmr_activity_any `C' if gs_g11_inv
> ite==1 & !missing(ars_pool_ev), absorb(hotel_id_num ym) vce(cluster hotel_id_
> num)
(dropped 69 singleton observations)
(MWFE estimator converged in 9 iterations)
note: pmr_activity_any is probably collinear with the fixed effects (all partia
> lled-out values are close to zero; tol = 1.0e-09)

HDFE Linear regression                            Number of obs   =      5,917
Absorbing 2 HDFE groups                           F(  10,    369) =      39.17
Statistics robust to heteroskedasticity           Prob > F        =     0.0000
                                                  R-squared       =     0.8956
                                                  Adj R-squared   =     0.8857
                                                  Within R-sq.    =     0.2956
Number of clusters (hotel_id_num) =        370    Root MSE        =     0.1949

                         (Std. err. adjusted for 370 clusters in hotel_id_num)
------------------------------------------------------------------------------
             |               Robust
lnRev~t_w199 | Coefficient  std. err.      t    P>|t|     [95% conf. interval]
-------------+----------------------------------------------------------------
 ars_pool_ev |   .0884669   .1153352     0.77   0.444    -.1383298    .3152636
pmr_activ~ny |          0  (omitted)
ev_ln_revi~t |   .0201279   .0076461     2.63   0.009     .0050925    .0351633
ev_mean_ra~g |   .0064153   .0089946     0.71   0.476    -.0112718    .0241024
ev_sd_rating |   .0056256   .0085766     0.66   0.512    -.0112396    .0224908
ev_ln_mean~s |   .0178017   .0108943     1.63   0.103     -.003621    .0392244
ln_lag_vol~c |   .0282178   .0139644     2.02   0.044     .0007581    .0556776
lag_avg_ra~c |   .0555961   .0543591     1.02   0.307    -.0512965    .1624886
  lag_sd_acc |  -.0289538   .0639369    -0.45   0.651    -.1546803    .0967726
ln_avg_com~R |   .1317049   .0213854     6.16   0.000     .0896524    .1737575
lnRev~h_w199 |    .436024    .032061    13.60   0.000     .3729787    .4990693
       _cons |   1.404085   .2910863     4.82   0.000     .8316885    1.976481
------------------------------------------------------------------------------

Absorbed degrees of freedom:
------------------------------------------------------+
  Absorbed FE | Categories  - Redundant  = Num. Coefs |
--------------+---------------------------------------|
 hotel_id_num |       370         370           0    *|
           ym |       134           1         133     |
------------------------------------------------------+
* = FE nested within cluster; treated as redundant for DoF computation

. estimates store GS_G11_invite

. * T1: complaint-targeting high/low among hotels that responded in the prior e
> vent.
. bysort Zip ym: egen double gs_t1_med = median(pmr_activity_complaint_zf) if p
> mr_activity_any==1
(14,675 missing values generated)

. gen byte gs_t1_high = pmr_activity_complaint_zf > gs_t1_med if pmr_activity_a
> ny==1 & !missing(gs_t1_med)
(14,675 missing values generated)

. replace gs_t1_high = 0 if pmr_activity_any==1 & !missing(gs_t1_med) & gs_t1_h
> igh==0
(0 real changes made)

. reghdfe lnRevenue_current_w199 ars_pool_ev pmr_activity_any `C' if gs_t1_high
> ==0 & !missing(ars_pool_ev), absorb(hotel_id_num ym) vce(cluster hotel_id_num
> )
(dropped 24 singleton observations)
(MWFE estimator converged in 9 iterations)
note: pmr_activity_any is probably collinear with the fixed effects (all partia
> lled-out values are close to zero; tol = 1.0e-09)

HDFE Linear regression                            Number of obs   =     10,830
Absorbing 2 HDFE groups                           F(  10,    491) =      62.71
Statistics robust to heteroskedasticity           Prob > F        =     0.0000
                                                  R-squared       =     0.8882
                                                  Adj R-squared   =     0.8812
                                                  Within R-sq.    =     0.3040
Number of clusters (hotel_id_num) =        492    Root MSE        =     0.2075

                         (Std. err. adjusted for 492 clusters in hotel_id_num)
------------------------------------------------------------------------------
             |               Robust
lnRev~t_w199 | Coefficient  std. err.      t    P>|t|     [95% conf. interval]
-------------+----------------------------------------------------------------
 ars_pool_ev |  -.0663481   .0589928    -1.12   0.261    -.1822576    .0495615
pmr_activ~ny |          0  (omitted)
ev_ln_revi~t |   .0393059   .0059753     6.58   0.000     .0275655    .0510462
ev_mean_ra~g |  -.0001647   .0050398    -0.03   0.974     -.010067    .0097375
ev_sd_rating |   -.003466   .0053648    -0.65   0.519    -.0140069    .0070748
ev_ln_mean~s |   .0110346   .0066587     1.66   0.098    -.0020485    .0241178
ln_lag_vol~c |   .0318766   .0097636     3.26   0.001     .0126931    .0510602
lag_avg_ra~c |   .0665915   .0355386     1.87   0.062    -.0032349     .136418
  lag_sd_acc |   .0290036   .0498778     0.58   0.561    -.0689968    .1270039
ln_avg_com~R |   .1160712   .0148399     7.82   0.000     .0869135    .1452288
lnRev~h_w199 |   .4487397   .0251505    17.84   0.000     .3993238    .4981555
       _cons |   1.326738   .1982754     6.69   0.000     .9371655    1.716311
------------------------------------------------------------------------------

Absorbed degrees of freedom:
------------------------------------------------------+
  Absorbed FE | Categories  - Redundant  = Num. Coefs |
--------------+---------------------------------------|
 hotel_id_num |       492         492           0    *|
           ym |       135           1         134     |
------------------------------------------------------+
* = FE nested within cluster; treated as redundant for DoF computation

. estimates store GS_T1_complaint_low

. reghdfe lnRevenue_current_w199 ars_pool_ev pmr_activity_any `C' if gs_t1_high
> ==1 & !missing(ars_pool_ev), absorb(hotel_id_num ym) vce(cluster hotel_id_num
> )
(dropped 47 singleton observations)
(MWFE estimator converged in 9 iterations)
note: pmr_activity_any is probably collinear with the fixed effects (all partia
> lled-out values are close to zero; tol = 1.0e-09)

HDFE Linear regression                            Number of obs   =      5,517
Absorbing 2 HDFE groups                           F(  10,    404) =      61.17
Statistics robust to heteroskedasticity           Prob > F        =     0.0000
                                                  R-squared       =     0.9050
                                                  Adj R-squared   =     0.8946
                                                  Within R-sq.    =     0.3018
Number of clusters (hotel_id_num) =        405    Root MSE        =     0.1847

                         (Std. err. adjusted for 405 clusters in hotel_id_num)
------------------------------------------------------------------------------
             |               Robust
lnRev~t_w199 | Coefficient  std. err.      t    P>|t|     [95% conf. interval]
-------------+----------------------------------------------------------------
 ars_pool_ev |     .00487   .0793122     0.06   0.951    -.1510463    .1607862
pmr_activ~ny |          0  (omitted)
ev_ln_revi~t |   .0234247   .0075637     3.10   0.002     .0085557    .0382938
ev_mean_ra~g |  -.0092206   .0064489    -1.43   0.154    -.0218981     .003457
ev_sd_rating |    .007766   .0068028     1.14   0.254    -.0056072    .0211393
ev_ln_mean~s |   .0207269   .0092731     2.24   0.026     .0024973    .0389565
ln_lag_vol~c |   .0351315   .0140735     2.50   0.013     .0074652    .0627979
lag_avg_ra~c |    .115814   .0448891     2.58   0.010     .0275686    .2040593
  lag_sd_acc |   .0439625   .0522571     0.84   0.401    -.0587673    .1466924
ln_avg_com~R |   .1729665   .0194993     8.87   0.000     .1346337    .2112994
lnRev~h_w199 |   .3963142   .0305459    12.97   0.000     .3362653     .456363
       _cons |   1.071824   .2393495     4.48   0.000     .6012977     1.54235
------------------------------------------------------------------------------

Absorbed degrees of freedom:
------------------------------------------------------+
  Absorbed FE | Categories  - Redundant  = Num. Coefs |
--------------+---------------------------------------|
 hotel_id_num |       405         405           0    *|
           ym |       130           1         129     |
------------------------------------------------------+
* = FE nested within cluster; treated as redundant for DoF computation

. estimates store GS_T1_complaint_high

. estimates table GS_M1_zip_low GS_M1_zip_high GS_M5_ziprev_low GS_M5_ziprev_hi
> gh GS_M6_cityrev_low GS_M6_cityrev_high GS_O13_pop_low GS_O13_pop_high GS_E2_
> disp_low GS_E2_disp_high GS_G11_noinvite GS_G11_invite GS_T1_complaint_low GS
> _T1_complaint_high, b(%9.4f) se stats(N r2_a)

--------------------------------------------------------------------------
    Variable | GS_M1_z~w   GS_M1_z~h   GS_M5_z~w   GS_M5_z~h   GS_M6_c~w  
-------------+------------------------------------------------------------
 ars_pool_ev |   -0.0916     -0.0199     -0.0829     -0.0696     -0.0393  
             |    0.0538      0.0506      0.0507      0.0510      0.0495  
ev_ln_revi~t |    0.0469      0.0335      0.0187      0.0578      0.0225  
             |    0.0064      0.0069      0.0054      0.0062      0.0049  
ev_mean_ra~g |   -0.0015     -0.0001     -0.0057      0.0038      0.0021  
             |    0.0038      0.0044      0.0040      0.0039      0.0039  
ev_sd_rating |    0.0017     -0.0014      0.0000      0.0007      0.0011  
             |    0.0039      0.0048      0.0044      0.0042      0.0041  
ev_ln_mean~s |    0.0071      0.0086     -0.0010      0.0169      0.0046  
             |    0.0059      0.0062      0.0054      0.0061      0.0051  
ln_lag_vol~c |    0.0327      0.0295      0.0355      0.0312      0.0220  
             |    0.0099      0.0100      0.0101      0.0089      0.0094  
lag_avg_ra~c |    0.0058      0.0746     -0.0320      0.0480     -0.0365  
             |    0.0318      0.0416      0.0350      0.0348      0.0370  
  lag_sd_acc |   -0.0172      0.0320     -0.0563      0.0103     -0.0519  
             |    0.0427      0.0454      0.0454      0.0409      0.0456  
ln_avg_com~R |    0.0937      0.1944      0.1248      0.1402      0.1084  
             |    0.0146      0.0219      0.0189      0.0179      0.0125  
lnRev~h_w199 |    0.4056      0.3817      0.3608      0.3854      0.2967  
             |    0.0287      0.0161      0.0243      0.0184      0.0159  
pmr_activ~ny |                                                            
             |                                                            
       _cons |    1.8858      1.2472      2.3947      1.3411      2.8370  
             |    0.1939      0.2156      0.2071      0.1955      0.1991  
-------------+------------------------------------------------------------
           N |     13607       12513       13066       12105       14293  
        r2_a |    0.8793      0.8908      0.8938      0.8590      0.8657  
--------------------------------------------------------------------------
                                                              Legend: b/se


--------------------------------------------------------------------------
    Variable | GS_M6_c~h   GS_O13_~w   GS_O13_~h   GS_E2_d~w   GS_E2_d~h  
-------------+------------------------------------------------------------
 ars_pool_ev |   -0.1053     -0.1051     -0.0104     -0.0548     -0.0622  
             |    0.0476      0.0455      0.0632      0.0612      0.0671  
ev_ln_revi~t |    0.0489      0.0426      0.0368      0.0433      0.0386  
             |    0.0064      0.0060      0.0066      0.0065      0.0059  
ev_mean_ra~g |   -0.0002      0.0010      0.0037      0.0027     -0.0029  
             |    0.0037      0.0039      0.0052      0.0054      0.0047  
ev_sd_rating |    0.0046     -0.0023      0.0092      0.0076     -0.0053  
             |    0.0038      0.0044      0.0049      0.0059      0.0048  
ev_ln_mean~s |    0.0087      0.0065      0.0163      0.0094      0.0155  
             |    0.0055      0.0059      0.0064      0.0064      0.0065  
ln_lag_vol~c |    0.0390      0.0333      0.0358      0.0374      0.0394  
             |    0.0115      0.0077      0.0179      0.0110      0.0094  
lag_avg_ra~c |    0.0558      0.0344      0.0813      0.0026      0.0735  
             |    0.0356      0.0283      0.0520      0.0353      0.0375  
  lag_sd_acc |    0.0154      0.0148      0.0047     -0.0819      0.0365  
             |    0.0434      0.0338      0.0673      0.0496      0.0543  
ln_avg_com~R |    0.1244      0.1236      0.1199      0.1172      0.1271  
             |    0.0187      0.0184      0.0141      0.0150      0.0173  
lnRev~h_w199 |    0.3553      0.4062      0.4395      0.4206      0.4271  
             |    0.0192      0.0222      0.0256      0.0242      0.0295  
pmr_activ~ny |                                                            
             |                                                            
       _cons |    1.4597      1.6142      1.1985      1.7642      1.2500  
             |    0.1882      0.1702      0.2960      0.2070      0.2199  
-------------+------------------------------------------------------------
           N |     11771       12389       13738       10064       10542  
        r2_a |    0.7964      0.8875      0.8728      0.8849      0.8775  
--------------------------------------------------------------------------
                                                              Legend: b/se


--------------------------------------------------------------
    Variable | GS_G11_~e   GS_G11_~e   GS_T1_c~w   GS_T1_c~h  
-------------+------------------------------------------------
 ars_pool_ev |   -0.0946      0.0885     -0.0663      0.0049  
             |    0.0395      0.1153      0.0590      0.0793  
ev_ln_revi~t |    0.0451      0.0201      0.0393      0.0234  
             |    0.0052      0.0076      0.0060      0.0076  
ev_mean_ra~g |    0.0011      0.0064     -0.0002     -0.0092  
             |    0.0034      0.0090      0.0050      0.0064  
ev_sd_rating |    0.0024      0.0056     -0.0035      0.0078  
             |    0.0035      0.0086      0.0054      0.0068  
ev_ln_mean~s |    0.0076      0.0178      0.0110      0.0207  
             |    0.0046      0.0109      0.0067      0.0093  
ln_lag_vol~c |    0.0292      0.0282      0.0319      0.0351  
             |    0.0074      0.0140      0.0098      0.0141  
lag_avg_ra~c |    0.0388      0.0556      0.0666      0.1158  
             |    0.0286      0.0544      0.0355      0.0449  
  lag_sd_acc |    0.0055     -0.0290      0.0290      0.0440  
             |    0.0330      0.0639      0.0499      0.0523  
ln_avg_com~R |    0.1156      0.1317      0.1161      0.1730  
             |    0.0129      0.0214      0.0148      0.0195  
lnRev~h_w199 |    0.4353      0.4360      0.4487      0.3963  
             |    0.0194      0.0321      0.0252      0.0305  
pmr_activ~ny |    0.0029   (omitted)   (omitted)   (omitted)  
             |    0.0046                                      
       _cons |    1.4996      1.4041      1.3267      1.0718  
             |    0.1564      0.2911      0.1983      0.2393  
-------------+------------------------------------------------
           N |     20185        5917       10830        5517  
        r2_a |    0.8741      0.8857      0.8812      0.8946  
--------------------------------------------------------------
                                                  Legend: b/se

. log close
      name:  <unnamed>
       log:  /Users/samxie/Research/ReviewSimi_Sales/Code/stata-log/run_event_m
> onth_pool_gt100_grouped_slopes_260711.log
  log type:  text
 closed on:  11 Jul 2026, 18:07:10
-------------------------------------------------------------------------------
