---------------------------------------------------------------------------------------------------------------------------------------------------------------------------------------------------------------------------------------------------------------
      name:  <unnamed>
       log:  /Users/samxie/Research/ReviewSimi_Sales/Code/stata-log/run_routeB_mr_targeting_260605.log
  log type:  text
 opened on:   6 Jun 2026, 18:18:21

. 
. di as text "Data source: `data_main'"
Data source: /Users/samxie/Research/ReviewSimi_Sales/Code/outputs/core_simi_260501/data/core_simi_panel_260501_with_mr_text_sentiment_260526.dta

. 
. capture drop hotel_id_num

. capture confirm numeric variable HotelID

. if _rc {
.     encode HotelID, gen(hotel_id_num)
. }

. else {
.     gen long hotel_id_num = HotelID
. }

. 
. keep if cs_sample_focus100 == 1
(5,406 observations deleted)

. 
. capture drop ym

. gen ym = monthly(year_month, "YM")

. format ym %tm

. xtset hotel_id_num ym

Panel variable: hotel_id_num (unbalanced)
 Time variable: ym, 2011m1 to 2022m9, but with gaps
         Delta: 1 month

. sort hotel_id_num ym

. 
. winsor2 ln_RevPAR_clean, cuts(1 99) suffix(_w199)

. winsor2 ln_RevPAR_clean, cuts(5 95) suffix(_w595)

. winsor2 ln_lag_RevPAR_clean, cuts(1 99) suffix(_w199)

. winsor2 ln_lag_RevPAR_clean, cuts(5 95) suffix(_w595)

. 
. capture confirm variable ln_lag_mr_words

. if _rc {
.     capture drop ln_lag_mr_words
.     gen double ln_lag_mr_words = ln(lag_mr_text_words + 1)
. }

. 
. *******************************************************
. ************ 2. revenue moderation by targeting ********
. *******************************************************
. 
. estimates clear

. 
. * T1. Complaint-heavy reply targeting.
. * This asks whether ARS matters differently when management focuses replies on complaint-heavy reviews.
. reghdfe ln_RevPAR_clean_w199 c.sim_mean##c.lag_mr_rep_complaint_share ///
>     ln_recent_volumn recent_sd recent_rating ln_lag_volumn_acc lag_avg_rating_acc ///
>     lag_sd_acc lag_avg_rating_month ln_avg_com_RevPAR ln_lag_RevPAR_clean_w199 ///
>     lag_mr_any lag_mr_rate lag_mr_count ///
>     if cs_sample_focus100 == 1, absorb(hotel_id_num ym) vce(cluster hotel_id_num)
(dropped 2 singleton observations)
(MWFE estimator converged in 7 iterations)

HDFE Linear regression                            Number of obs   =     33,546
Absorbing 2 HDFE groups                           F(  15,    557) =      89.18
Statistics robust to heteroskedasticity           Prob > F        =     0.0000
                                                  R-squared       =     0.8769
                                                  Adj R-squared   =     0.8743
                                                  Within R-sq.    =     0.3037
Number of clusters (hotel_id_num) =        558    Root MSE        =     0.2300

                                                    (Std. err. adjusted for 558 clusters in hotel_id_num)
---------------------------------------------------------------------------------------------------------
                                        |               Robust
                   ln_RevPAR_clean_w199 | Coefficient  std. err.      t    P>|t|     [95% conf. interval]
----------------------------------------+----------------------------------------------------------------
                               sim_mean |  -.2061385   .0674923    -3.05   0.002    -.3387089    -.073568
             lag_mr_rep_complaint_share |  -.0191811   .0270455    -0.71   0.478    -.0723047    .0339426
                                        |
c.sim_mean#c.lag_mr_rep_complaint_share |   .0502891    .087756     0.57   0.567     -.122084    .2226622
                                        |
                       ln_recent_volumn |   .0851154   .0085761     9.92   0.000       .06827    .1019609
                              recent_sd |  -.0020053   .0075726    -0.26   0.791    -.0168796    .0128689
                          recent_rating |   .0181135   .0062709     2.89   0.004      .005796     .030431
                      ln_lag_volumn_acc |    .029097   .0071368     4.08   0.000     .0150787    .0431153
                     lag_avg_rating_acc |  -.0010827   .0278357    -0.04   0.969    -.0557585    .0535932
                             lag_sd_acc |  -.0179214   .0345296    -0.52   0.604    -.0857457    .0499028
                   lag_avg_rating_month |   .0042261     .00171     2.47   0.014     .0008673    .0075849
                      ln_avg_com_RevPAR |   .1209649   .0120283    10.06   0.000     .0973385    .1445914
               ln_lag_RevPAR_clean_w199 |   .4395865   .0176436    24.91   0.000     .4049303    .4742427
                             lag_mr_any |   .0111453   .0093782     1.19   0.235    -.0072756    .0295663
                            lag_mr_rate |   .0022098   .0014008     1.58   0.115    -.0005416    .0049613
                           lag_mr_count |  -.0006077   .0002318    -2.62   0.009    -.0010631   -.0001523
                                  _cons |   1.479039   .1500029     9.86   0.000     1.184399    1.773679
---------------------------------------------------------------------------------------------------------

Absorbed degrees of freedom:
------------------------------------------------------+
  Absorbed FE | Categories  - Redundant  = Num. Coefs |
--------------+---------------------------------------|
 hotel_id_num |       558         558           0    *|
           ym |       135           1         134     |
------------------------------------------------------+
* = FE nested within cluster; treated as redundant for DoF computation

. est store rt_complaint

. 
. * T1a-T1b. Grouped complaint-targeting regressions.
. * Split hotels into lower- and higher-complaint-targeting cells within each Zip-month.
. capture drop med_lag_mr_rep_complaint_share

. capture drop t_hi_complaint

. bysort Zip ym: egen med_lag_mr_rep_complaint_share = median(lag_mr_rep_complaint_share)

. generate t_hi_complaint = 1 if cs_sample_focus100 == 1 & !missing(lag_mr_rep_complaint_share) & lag_mr_rep_complaint_share > med_lag_mr_rep_complaint_share
(26,369 missing values generated)

. replace t_hi_complaint = 0 if cs_sample_focus100 == 1 & !missing(lag_mr_rep_complaint_share) & lag_mr_rep_complaint_share < med_lag_mr_rep_complaint_share
(8,548 real changes made)

. 
. reghdfe ln_RevPAR_clean_w199 sim_mean ///
>     ln_recent_volumn recent_sd recent_rating ln_lag_volumn_acc lag_avg_rating_acc ///
>     lag_sd_acc lag_avg_rating_month ln_avg_com_RevPAR ln_lag_RevPAR_clean_w199 ///
>     lag_mr_any lag_mr_rate lag_mr_count ///
>     if cs_sample_focus100 == 1 & t_hi_complaint == 0, absorb(hotel_id_num ym) vce(cluster hotel_id_num)
(dropped 38 singleton observations)
(MWFE estimator converged in 9 iterations)

HDFE Linear regression                            Number of obs   =      8,244
Absorbing 2 HDFE groups                           F(  13,    463) =      45.18
Statistics robust to heteroskedasticity           Prob > F        =     0.0000
                                                  R-squared       =     0.9082
                                                  Adj R-squared   =     0.9010
                                                  Within R-sq.    =     0.2818
Number of clusters (hotel_id_num) =        464    Root MSE        =     0.2062

                                     (Std. err. adjusted for 464 clusters in hotel_id_num)
------------------------------------------------------------------------------------------
                         |               Robust
    ln_RevPAR_clean_w199 | Coefficient  std. err.      t    P>|t|     [95% conf. interval]
-------------------------+----------------------------------------------------------------
                sim_mean |  -.2445053   .1003071    -2.44   0.015    -.4416188   -.0473918
        ln_recent_volumn |   .0961462   .0126831     7.58   0.000     .0712226    .1210698
               recent_sd |  -.0045753   .0126299    -0.36   0.717    -.0293943    .0202436
           recent_rating |   .0173653   .0115555     1.50   0.134    -.0053424    .0400731
       ln_lag_volumn_acc |   .0308207   .0108528     2.84   0.005     .0094938    .0521476
      lag_avg_rating_acc |  -.0046346   .0362287    -0.13   0.898    -.0758276    .0665584
              lag_sd_acc |  -.0186553   .0431287    -0.43   0.666    -.1034076    .0660969
    lag_avg_rating_month |   .0065335   .0042406     1.54   0.124    -.0017998    .0148667
       ln_avg_com_RevPAR |   .1771391   .0198375     8.93   0.000     .1381564    .2161218
ln_lag_RevPAR_clean_w199 |   .3572364   .0251128    14.23   0.000     .3078873    .4065856
              lag_mr_any |   .0070693   .0074893     0.94   0.346     -.007648    .0217866
             lag_mr_rate |    .000605   .0012183     0.50   0.620    -.0017891    .0029991
            lag_mr_count |  -.0003982   .0002762    -1.44   0.150    -.0009411    .0001446
                   _cons |   1.591235   .1966567     8.09   0.000     1.204785    1.977685
------------------------------------------------------------------------------------------

Absorbed degrees of freedom:
------------------------------------------------------+
  Absorbed FE | Categories  - Redundant  = Num. Coefs |
--------------+---------------------------------------|
 hotel_id_num |       464         464           0    *|
           ym |       120           1         119     |
------------------------------------------------------+
* = FE nested within cluster; treated as redundant for DoF computation

. est store rt_complaint_low

. 
. reghdfe ln_RevPAR_clean_w199 sim_mean ///
>     ln_recent_volumn recent_sd recent_rating ln_lag_volumn_acc lag_avg_rating_acc ///
>     lag_sd_acc lag_avg_rating_month ln_avg_com_RevPAR ln_lag_RevPAR_clean_w199 ///
>     lag_mr_any lag_mr_rate lag_mr_count ///
>     if cs_sample_focus100 == 1 & t_hi_complaint == 1, absorb(hotel_id_num ym) vce(cluster hotel_id_num)
(dropped 36 singleton observations)
(MWFE estimator converged in 9 iterations)
note: lag_mr_any is probably collinear with the fixed effects (all partialled-out values are close to zero; tol = 1.0e-09)

HDFE Linear regression                            Number of obs   =      8,219
Absorbing 2 HDFE groups                           F(  12,    447) =      52.13
Statistics robust to heteroskedasticity           Prob > F        =     0.0000
                                                  R-squared       =     0.8776
                                                  Adj R-squared   =     0.8681
                                                  Within R-sq.    =     0.2598
Number of clusters (hotel_id_num) =        448    Root MSE        =     0.2226

                                     (Std. err. adjusted for 448 clusters in hotel_id_num)
------------------------------------------------------------------------------------------
                         |               Robust
    ln_RevPAR_clean_w199 | Coefficient  std. err.      t    P>|t|     [95% conf. interval]
-------------------------+----------------------------------------------------------------
                sim_mean |  -.0660007   .1118686    -0.59   0.555    -.2858544     .153853
        ln_recent_volumn |   .0840061   .0138175     6.08   0.000     .0568507    .1111615
               recent_sd |  -.0035528   .0155836    -0.23   0.820     -.034179    .0270733
           recent_rating |   .0076645   .0122475     0.63   0.532    -.0164053    .0317342
       ln_lag_volumn_acc |   .0262879   .0125586     2.09   0.037     .0016067    .0509691
      lag_avg_rating_acc |   .0890989   .0524042     1.70   0.090    -.0138904    .1920881
              lag_sd_acc |  -.0007759   .0691052    -0.01   0.991    -.1365873    .1350355
    lag_avg_rating_month |   .0014891   .0043254     0.34   0.731    -.0070115    .0099897
       ln_avg_com_RevPAR |   .1593746   .0209303     7.61   0.000     .1182406    .2005086
ln_lag_RevPAR_clean_w199 |   .3907316   .0237812    16.43   0.000     .3439947    .4374684
              lag_mr_any |          0  (omitted)
             lag_mr_rate |   .0032024   .0032411     0.99   0.324    -.0031672     .009572
            lag_mr_count |  -.0005355   .0003392    -1.58   0.115     -.001202    .0001311
                   _cons |   1.216664   .2580682     4.71   0.000     .7094868    1.723842
------------------------------------------------------------------------------------------

Absorbed degrees of freedom:
------------------------------------------------------+
  Absorbed FE | Categories  - Redundant  = Num. Coefs |
--------------+---------------------------------------|
 hotel_id_num |       448         448           0    *|
           ym |       133           1         132     |
------------------------------------------------------+
* = FE nested within cluster; treated as redundant for DoF computation

. est store rt_complaint_high

. 
. * T2. Service-issue targeting.
. * Here the interaction tests whether reply focus on service complaints changes the ARS revenue slope.
. reghdfe ln_RevPAR_clean_w199 c.sim_mean##c.lag_mr_rep_service_share ///
>     ln_recent_volumn recent_sd recent_rating ln_lag_volumn_acc lag_avg_rating_acc ///
>     lag_sd_acc lag_avg_rating_month ln_avg_com_RevPAR ln_lag_RevPAR_clean_w199 ///
>     lag_mr_any lag_mr_rate lag_mr_count ///
>     if cs_sample_focus100 == 1, absorb(hotel_id_num ym) vce(cluster hotel_id_num)
(dropped 2 singleton observations)
(MWFE estimator converged in 7 iterations)

HDFE Linear regression                            Number of obs   =     33,546
Absorbing 2 HDFE groups                           F(  15,    557) =      89.08
Statistics robust to heteroskedasticity           Prob > F        =     0.0000
                                                  R-squared       =     0.8769
                                                  Adj R-squared   =     0.8743
                                                  Within R-sq.    =     0.3037
Number of clusters (hotel_id_num) =        558    Root MSE        =     0.2300

                                                  (Std. err. adjusted for 558 clusters in hotel_id_num)
-------------------------------------------------------------------------------------------------------
                                      |               Robust
                 ln_RevPAR_clean_w199 | Coefficient  std. err.      t    P>|t|     [95% conf. interval]
--------------------------------------+----------------------------------------------------------------
                             sim_mean |  -.1931083   .0656972    -2.94   0.003    -.3221529   -.0640637
             lag_mr_rep_service_share |  -.0065993   .0291031    -0.23   0.821    -.0637646     .050566
                                      |
c.sim_mean#c.lag_mr_rep_service_share |   .0283894   .0998167     0.28   0.776    -.1676738    .2244527
                                      |
                     ln_recent_volumn |   .0851079   .0085729     9.93   0.000     .0682688     .101947
                            recent_sd |  -.0019134   .0075629    -0.25   0.800    -.0167687     .012942
                        recent_rating |   .0181213   .0062733     2.89   0.004      .005799    .0304436
                    ln_lag_volumn_acc |   .0291148   .0071348     4.08   0.000     .0151005    .0431291
                   lag_avg_rating_acc |  -.0011894   .0278427    -0.04   0.966    -.0558789       .0535
                           lag_sd_acc |  -.0180816   .0345339    -0.52   0.601     -.085914    .0497509
                 lag_avg_rating_month |   .0042404    .001703     2.49   0.013     .0008954    .0075855
                    ln_avg_com_RevPAR |   .1209129   .0120279    10.05   0.000     .0972873    .1445386
             ln_lag_RevPAR_clean_w199 |   .4395654   .0176543    24.90   0.000     .4048883    .4742426
                           lag_mr_any |   .0059272   .0063522     0.93   0.351      -.00655    .0184044
                          lag_mr_rate |   .0021883   .0014033     1.56   0.119    -.0005681    .0049446
                         lag_mr_count |  -.0005961   .0002314    -2.58   0.010    -.0010505   -.0001416
                                _cons |    1.47587    .149784     9.85   0.000     1.181659    1.770081
-------------------------------------------------------------------------------------------------------

Absorbed degrees of freedom:
------------------------------------------------------+
  Absorbed FE | Categories  - Redundant  = Num. Coefs |
--------------+---------------------------------------|
 hotel_id_num |       558         558           0    *|
           ym |       135           1         134     |
------------------------------------------------------+
* = FE nested within cluster; treated as redundant for DoF computation

. est store rt_service

. 
. * T2a-T2b. Grouped service-targeting regressions.
. * Split hotels into lower- and higher-service-targeting cells within each Zip-month.
. capture drop med_lag_mr_rep_service_share

. capture drop t_hi_service

. bysort Zip ym: egen med_lag_mr_rep_service_share = median(lag_mr_rep_service_share)

. generate t_hi_service = 1 if cs_sample_focus100 == 1 & !missing(lag_mr_rep_service_share) & lag_mr_rep_service_share > med_lag_mr_rep_service_share
(25,240 missing values generated)

. replace t_hi_service = 0 if cs_sample_focus100 == 1 & !missing(lag_mr_rep_service_share) & lag_mr_rep_service_share < med_lag_mr_rep_service_share
(8,720 real changes made)

. 
. reghdfe ln_RevPAR_clean_w595 sim_mean ///
>     ln_recent_volumn recent_sd recent_rating ln_lag_volumn_acc lag_avg_rating_acc ///
>     lag_sd_acc lag_avg_rating_month ln_avg_com_RevPAR ln_lag_RevPAR_clean_w595 ///
>     lag_mr_any lag_mr_rate lag_mr_count ///
>     if cs_sample_focus100 == 1 & t_hi_service == 0, absorb(hotel_id_num ym) vce(cluster hotel_id_num)
(dropped 27 singleton observations)
(MWFE estimator converged in 8 iterations)

HDFE Linear regression                            Number of obs   =      8,445
Absorbing 2 HDFE groups                           F(  13,    470) =      71.81
Statistics robust to heteroskedasticity           Prob > F        =     0.0000
                                                  R-squared       =     0.9031
                                                  Adj R-squared   =     0.8956
                                                  Within R-sq.    =     0.2854
Number of clusters (hotel_id_num) =        471    Root MSE        =     0.1797

                                     (Std. err. adjusted for 471 clusters in hotel_id_num)
------------------------------------------------------------------------------------------
                         |               Robust
    ln_RevPAR_clean_w595 | Coefficient  std. err.      t    P>|t|     [95% conf. interval]
-------------------------+----------------------------------------------------------------
                sim_mean |  -.2477726   .0850735    -2.91   0.004    -.4149441    -.080601
        ln_recent_volumn |   .0804151   .0114128     7.05   0.000     .0579886    .1028415
               recent_sd |  -.0095025   .0109335    -0.87   0.385    -.0309872    .0119821
           recent_rating |   .0085862   .0089092     0.96   0.336    -.0089207    .0260931
       ln_lag_volumn_acc |   .0269064   .0089897     2.99   0.003     .0092414    .0445714
      lag_avg_rating_acc |   .0163987   .0342869     0.48   0.633    -.0509758    .0837732
              lag_sd_acc |  -.0091803   .0413478    -0.22   0.824    -.0904296     .072069
    lag_avg_rating_month |   .0047936   .0034164     1.40   0.161    -.0019196    .0115068
       ln_avg_com_RevPAR |   .1363435   .0160461     8.50   0.000     .1048124    .1678745
ln_lag_RevPAR_clean_w595 |   .3860163   .0182448    21.16   0.000     .3501648    .4218679
              lag_mr_any |   .0124306   .0064786     1.92   0.056    -.0002999    .0251611
             lag_mr_rate |   .0000911   .0009245     0.10   0.922    -.0017255    .0019077
            lag_mr_count |  -.0004068   .0002529    -1.61   0.108    -.0009038    .0000902
                   _cons |   1.656613   .1723199     9.61   0.000        1.318    1.995226
------------------------------------------------------------------------------------------

Absorbed degrees of freedom:
------------------------------------------------------+
  Absorbed FE | Categories  - Redundant  = Num. Coefs |
--------------+---------------------------------------|
 hotel_id_num |       471         471           0    *|
           ym |       122           1         121     |
------------------------------------------------------+
* = FE nested within cluster; treated as redundant for DoF computation

. est store rt_service_low

. 
. reghdfe ln_RevPAR_clean_w595 sim_mean ///
>     ln_recent_volumn recent_sd recent_rating ln_lag_volumn_acc lag_avg_rating_acc ///
>     lag_sd_acc lag_avg_rating_month ln_avg_com_RevPAR ln_lag_RevPAR_clean_w595 ///
>     lag_mr_any lag_mr_rate lag_mr_count ///
>     if cs_sample_focus100 == 1 & t_hi_service == 1, absorb(hotel_id_num ym) vce(cluster hotel_id_num)
(dropped 41 singleton observations)
(MWFE estimator converged in 9 iterations)
note: lag_mr_any is probably collinear with the fixed effects (all partialled-out values are close to zero; tol = 1.0e-09)

HDFE Linear regression                            Number of obs   =      9,326
Absorbing 2 HDFE groups                           F(  12,    442) =      78.02
Statistics robust to heteroskedasticity           Prob > F        =     0.0000
                                                  R-squared       =     0.8856
                                                  Adj R-squared   =     0.8779
                                                  Within R-sq.    =     0.2992
Number of clusters (hotel_id_num) =        443    Root MSE        =     0.1837

                                     (Std. err. adjusted for 443 clusters in hotel_id_num)
------------------------------------------------------------------------------------------
                         |               Robust
    ln_RevPAR_clean_w595 | Coefficient  std. err.      t    P>|t|     [95% conf. interval]
-------------------------+----------------------------------------------------------------
                sim_mean |  -.0888239   .0880706    -1.01   0.314    -.2619131    .0842654
        ln_recent_volumn |   .0761531   .0117781     6.47   0.000     .0530051    .0993011
               recent_sd |  -.0169117   .0120716    -1.40   0.162    -.0406366    .0068132
           recent_rating |   .0043381    .009928     0.44   0.662    -.0151739      .02385
       ln_lag_volumn_acc |   .0178641   .0100307     1.78   0.076    -.0018498     .037578
      lag_avg_rating_acc |   .0519908   .0421093     1.23   0.218    -.0307685    .1347501
              lag_sd_acc |  -.0224886   .0550868    -0.41   0.683    -.1307533     .085776
    lag_avg_rating_month |   .0042101   .0036237     1.16   0.246    -.0029117    .0113319
       ln_avg_com_RevPAR |   .1468303   .0198277     7.41   0.000      .107862    .1857986
ln_lag_RevPAR_clean_w595 |   .4210531   .0228742    18.41   0.000     .3760975    .4660087
              lag_mr_any |          0  (omitted)
             lag_mr_rate |   .0017677    .002445     0.72   0.470    -.0030376    .0065729
            lag_mr_count |  -.0006388   .0002904    -2.20   0.028    -.0012095    -.000068
                   _cons |   1.408685   .2042763     6.90   0.000     1.007212    1.810159
------------------------------------------------------------------------------------------

Absorbed degrees of freedom:
------------------------------------------------------+
  Absorbed FE | Categories  - Redundant  = Num. Coefs |
--------------+---------------------------------------|
 hotel_id_num |       443         443           0    *|
           ym |       133           1         132     |
------------------------------------------------------+
* = FE nested within cluster; treated as redundant for DoF computation

. est store rt_service_high

. 
. * T3. Room-issue targeting.
. * This asks whether room-complaint engagement changes the value of review similarity.
. reghdfe ln_RevPAR_clean_w199 c.sim_mean##c.lag_mr_rep_room_share ///
>     ln_recent_volumn recent_sd recent_rating ln_lag_volumn_acc lag_avg_rating_acc ///
>     lag_sd_acc lag_avg_rating_month ln_avg_com_RevPAR ln_lag_RevPAR_clean_w199 ///
>     lag_mr_any lag_mr_rate lag_mr_count ///
>     if cs_sample_focus100 == 1, absorb(hotel_id_num ym) vce(cluster hotel_id_num)
(dropped 2 singleton observations)
(MWFE estimator converged in 7 iterations)

HDFE Linear regression                            Number of obs   =     33,546
Absorbing 2 HDFE groups                           F(  15,    557) =      89.15
Statistics robust to heteroskedasticity           Prob > F        =     0.0000
                                                  R-squared       =     0.8769
                                                  Adj R-squared   =     0.8743
                                                  Within R-sq.    =     0.3038
Number of clusters (hotel_id_num) =        558    Root MSE        =     0.2299

                                               (Std. err. adjusted for 558 clusters in hotel_id_num)
----------------------------------------------------------------------------------------------------
                                   |               Robust
              ln_RevPAR_clean_w199 | Coefficient  std. err.      t    P>|t|     [95% conf. interval]
-----------------------------------+----------------------------------------------------------------
                          sim_mean |  -.1824072   .0646496    -2.82   0.005     -.309394   -.0554205
             lag_mr_rep_room_share |  -.0014576   .0316254    -0.05   0.963    -.0635771     .060662
                                   |
c.sim_mean#c.lag_mr_rep_room_share |  -.0243105   .1100083    -0.22   0.825    -.2403924    .1917714
                                   |
                  ln_recent_volumn |   .0851641   .0085848     9.92   0.000     .0683015    .1020266
                         recent_sd |  -.0020011   .0075827    -0.26   0.792    -.0168953    .0128932
                     recent_rating |   .0180514   .0062688     2.88   0.004      .005738    .0303647
                 ln_lag_volumn_acc |   .0291054   .0071365     4.08   0.000     .0150876    .0431232
                lag_avg_rating_acc |  -.0012641   .0278705    -0.05   0.964    -.0560082      .05348
                        lag_sd_acc |  -.0181581   .0345856    -0.53   0.600    -.0860922     .049776
              lag_avg_rating_month |    .004061   .0017158     2.37   0.018     .0006908    .0074312
                 ln_avg_com_RevPAR |   .1208761   .0120127    10.06   0.000     .0972803    .1444718
          ln_lag_RevPAR_clean_w199 |   .4394524   .0176528    24.89   0.000     .4047782    .4741266
                        lag_mr_any |   .0121618   .0060371     2.01   0.044     .0003035    .0240202
                       lag_mr_rate |   .0021555   .0013875     1.55   0.121      -.00057     .004881
                      lag_mr_count |  -.0006052   .0002304    -2.63   0.009    -.0010578   -.0001526
                             _cons |   1.474697   .1501186     9.82   0.000     1.179829    1.769565
----------------------------------------------------------------------------------------------------

Absorbed degrees of freedom:
------------------------------------------------------+
  Absorbed FE | Categories  - Redundant  = Num. Coefs |
--------------+---------------------------------------|
 hotel_id_num |       558         558           0    *|
           ym |       135           1         134     |
------------------------------------------------------+
* = FE nested within cluster; treated as redundant for DoF computation

. est store rt_room

. 
. * T3a-T3b. Grouped room-targeting regressions.
. * Split hotels into lower- and higher-room-targeting cells within each Zip-month.
. capture drop med_lag_mr_rep_room_share

. capture drop t_hi_room

. bysort Zip ym: egen med_lag_mr_rep_room_share = median(lag_mr_rep_room_share)

. generate t_hi_room = 1 if cs_sample_focus100 == 1 & !missing(lag_mr_rep_room_share) & lag_mr_rep_room_share > med_lag_mr_rep_room_share
(25,246 missing values generated)

. replace t_hi_room = 0 if cs_sample_focus100 == 1 & !missing(lag_mr_rep_room_share) & lag_mr_rep_room_share < med_lag_mr_rep_room_share
(8,839 real changes made)

. 
. reghdfe ln_RevPAR_clean_w199 sim_mean ///
>     ln_recent_volumn recent_sd recent_rating ln_lag_volumn_acc lag_avg_rating_acc ///
>     lag_sd_acc lag_avg_rating_month ln_avg_com_RevPAR ln_lag_RevPAR_clean_w199 ///
>     lag_mr_any lag_mr_rate lag_mr_count ///
>     if cs_sample_focus100 == 1 & t_hi_room == 0, absorb(hotel_id_num ym) vce(cluster hotel_id_num)
(dropped 30 singleton observations)
(MWFE estimator converged in 8 iterations)

HDFE Linear regression                            Number of obs   =      8,558
Absorbing 2 HDFE groups                           F(  13,    472) =      46.12
Statistics robust to heteroskedasticity           Prob > F        =     0.0000
                                                  R-squared       =     0.9091
                                                  Adj R-squared   =     0.9022
                                                  Within R-sq.    =     0.3035
Number of clusters (hotel_id_num) =        473    Root MSE        =     0.2033

                                     (Std. err. adjusted for 473 clusters in hotel_id_num)
------------------------------------------------------------------------------------------
                         |               Robust
    ln_RevPAR_clean_w199 | Coefficient  std. err.      t    P>|t|     [95% conf. interval]
-------------------------+----------------------------------------------------------------
                sim_mean |  -.2594249    .096684    -2.68   0.008    -.4494092   -.0694406
        ln_recent_volumn |   .0793539   .0119491     6.64   0.000     .0558738    .1028339
               recent_sd |  -.0096188   .0123747    -0.78   0.437    -.0339352    .0146975
           recent_rating |   .0122918   .0105074     1.17   0.243    -.0083554     .032939
       ln_lag_volumn_acc |   .0388654   .0098296     3.95   0.000     .0195501    .0581806
      lag_avg_rating_acc |   .0407831   .0391284     1.04   0.298    -.0361044    .1176706
              lag_sd_acc |  -.0313107   .0480734    -0.65   0.515    -.1257751    .0631536
    lag_avg_rating_month |   .0068653   .0042153     1.63   0.104    -.0014178    .0151484
       ln_avg_com_RevPAR |    .164232   .0201279     8.16   0.000     .1246807    .2037834
ln_lag_RevPAR_clean_w199 |   .3875065   .0279939    13.84   0.000     .3324984    .4425146
              lag_mr_any |   .0065905   .0076691     0.86   0.391    -.0084792    .0216602
             lag_mr_rate |    .008006   .0034687     2.31   0.021     .0011899    .0148221
            lag_mr_count |  -.0006036   .0002748    -2.20   0.029    -.0011435   -.0000636
                   _cons |   1.395904   .2158875     6.47   0.000     .9716841    1.820123
------------------------------------------------------------------------------------------

Absorbed degrees of freedom:
------------------------------------------------------+
  Absorbed FE | Categories  - Redundant  = Num. Coefs |
--------------+---------------------------------------|
 hotel_id_num |       473         473           0    *|
           ym |       121           1         120     |
------------------------------------------------------+
* = FE nested within cluster; treated as redundant for DoF computation

. est store rt_room_low

. 
. reghdfe ln_RevPAR_clean_w199 sim_mean ///
>     ln_recent_volumn recent_sd recent_rating ln_lag_volumn_acc lag_avg_rating_acc ///
>     lag_sd_acc lag_avg_rating_month ln_avg_com_RevPAR ln_lag_RevPAR_clean_w199 ///
>     lag_mr_any lag_mr_rate lag_mr_count ///
>     if cs_sample_focus100 == 1 & t_hi_room == 1, absorb(hotel_id_num ym) vce(cluster hotel_id_num)
(dropped 32 singleton observations)
(MWFE estimator converged in 8 iterations)
note: lag_mr_any is probably collinear with the fixed effects (all partialled-out values are close to zero; tol = 1.0e-09)

HDFE Linear regression                            Number of obs   =      9,321
Absorbing 2 HDFE groups                           F(  12,    451) =      51.95
Statistics robust to heteroskedasticity           Prob > F        =     0.0000
                                                  R-squared       =     0.8840
                                                  Adj R-squared   =     0.8761
                                                  Within R-sq.    =     0.2616
Number of clusters (hotel_id_num) =        452    Root MSE        =     0.2127

                                     (Std. err. adjusted for 452 clusters in hotel_id_num)
------------------------------------------------------------------------------------------
                         |               Robust
    ln_RevPAR_clean_w199 | Coefficient  std. err.      t    P>|t|     [95% conf. interval]
-------------------------+----------------------------------------------------------------
                sim_mean |  -.0499896   .1056303    -0.47   0.636    -.2575784    .1575991
        ln_recent_volumn |   .0941743   .0127288     7.40   0.000     .0691591    .1191894
               recent_sd |  -.0087044   .0140066    -0.62   0.535    -.0362307    .0188218
           recent_rating |   .0022311   .0112773     0.20   0.843    -.0199315    .0243938
       ln_lag_volumn_acc |   .0254116   .0126301     2.01   0.045     .0005904    .0502328
      lag_avg_rating_acc |   .0306164   .0442901     0.69   0.490    -.0564241    .1176569
              lag_sd_acc |  -.0230795   .0673958    -0.34   0.732    -.1555282    .1093692
    lag_avg_rating_month |   .0041667   .0037319     1.12   0.265    -.0031675    .0115008
       ln_avg_com_RevPAR |    .172062   .0206592     8.33   0.000     .1314617    .2126624
ln_lag_RevPAR_clean_w199 |    .379041   .0237904    15.93   0.000     .3322872    .4257949
              lag_mr_any |          0  (omitted)
             lag_mr_rate |   .0013273   .0012899     1.03   0.304    -.0012077    .0038624
            lag_mr_count |  -.0004584   .0003237    -1.42   0.158    -.0010946    .0001779
                   _cons |   1.450935   .2307632     6.29   0.000     .9974303    1.904439
------------------------------------------------------------------------------------------

Absorbed degrees of freedom:
------------------------------------------------------+
  Absorbed FE | Categories  - Redundant  = Num. Coefs |
--------------+---------------------------------------|
 hotel_id_num |       452         452           0    *|
           ym |       131           1         130     |
------------------------------------------------------+
* = FE nested within cluster; treated as redundant for DoF computation

. est store rt_room_high

. 
. esttab rt_complaint rt_service rt_room ///
>     using "`table_dir'/routeB_mr_targeting_revenue_`run_id'.rtf", replace ///
>     star(* 0.10 ** 0.05 *** 0.01 **** 0.001) ///
>     cells(b(star fmt(4)) se(par fmt(4))) ///
>     stats(N r2_a, labels("Observations" "Adjusted R-squared")) ///
>     mtitles("complaint" "service" "room") ///
>     nogap compress
(output written to /Users/samxie/Research/ReviewSimi_Sales/Code/outputs/core_simi_260501/tables_explicit/routeB_mr_targeting_revenue_260605.rtf)

. 
. esttab rt_complaint rt_service rt_room ///
>     using "`csv_dir'/routeB_mr_targeting_revenue_`run_id'.csv", replace csv ///
>     star(* 0.10 ** 0.05 *** 0.01 **** 0.001) ///
>     cells(b(star fmt(4)) se(par fmt(4))) ///
>     stats(N r2_a, labels("Observations" "Adjusted R-squared")) ///
>     mtitles("complaint" "service" "room") ///
>     nogap
(output written to /Users/samxie/Research/ReviewSimi_Sales/Code/outputs/core_simi_260501/csv/routeB_mr_targeting_revenue_260605.csv)

. 
. esttab rt_complaint_low rt_complaint_high rt_service_low rt_service_high rt_room_low rt_room_high ///
>     using "`table_dir'/routeB_mr_targeting_revenue_grouped_`run_id'.rtf", replace ///
>     star(* 0.10 ** 0.05 *** 0.01 **** 0.001) ///
>     cells(b(star fmt(4)) se(par fmt(4))) ///
>     stats(N r2_a, labels("Observations" "Adjusted R-squared")) ///
>     mtitles("complaint low" "complaint high" "service low" "service high" "room low" "room high") ///
>     nogap compress
(file /Users/samxie/Research/ReviewSimi_Sales/Code/outputs/core_simi_260501/tables_explicit/routeB_mr_targeting_revenue_grouped_260605.rtf not found)
(output written to /Users/samxie/Research/ReviewSimi_Sales/Code/outputs/core_simi_260501/tables_explicit/routeB_mr_targeting_revenue_grouped_260605.rtf)

. 
. esttab rt_complaint_low rt_complaint_high rt_service_low rt_service_high rt_room_low rt_room_high ///
>     using "`csv_dir'/routeB_mr_targeting_revenue_grouped_`run_id'.csv", replace csv ///
>     star(* 0.10 ** 0.05 *** 0.01 **** 0.001) ///
>     cells(b(star fmt(4)) se(par fmt(4))) ///
>     stats(N r2_a, labels("Observations" "Adjusted R-squared")) ///
>     mtitles("complaint low" "complaint high" "service low" "service high" "room low" "room high") ///
>     nogap
(file /Users/samxie/Research/ReviewSimi_Sales/Code/outputs/core_simi_260501/csv/routeB_mr_targeting_revenue_grouped_260605.csv not found)
(output written to /Users/samxie/Research/ReviewSimi_Sales/Code/outputs/core_simi_260501/csv/routeB_mr_targeting_revenue_grouped_260605.csv)

. 
. *******************************************************
. ************ 3. targeting and review production ********
. *******************************************************
. 
. estimates clear

. 
. * T4. Next-month review volume.
. * This asks whether targeting complaint-heavy or category-specific reviews predicts more later review inflow.
. reghdfe ln_recent_volumn ///
>     lag_mr_rep_complaint_share lag_mr_rep_service_share lag_mr_rep_room_share ///
>     lag_mr_rep_clean_share lag_mr_rep_value_share lag_mr_rate lag_mr_count ///
>     ln_lag_mr_words recent_sd recent_rating ln_lag_volumn_acc lag_avg_rating_acc ///
>     lag_sd_acc lag_avg_rating_month ln_avg_com_RevPAR ln_lag_RevPAR_clean_w199 ///
>     if cs_sample_focus100 == 1, absorb(hotel_id_num ym) vce(cluster hotel_id_num)
(dropped 2 singleton observations)
(MWFE estimator converged in 7 iterations)

HDFE Linear regression                            Number of obs   =     33,589
Absorbing 2 HDFE groups                           F(  16,    557) =      34.28
Statistics robust to heteroskedasticity           Prob > F        =     0.0000
                                                  R-squared       =     0.7023
                                                  Adj R-squared   =     0.6959
                                                  Within R-sq.    =     0.1339
Number of clusters (hotel_id_num) =        558    Root MSE        =     0.2075

                                       (Std. err. adjusted for 558 clusters in hotel_id_num)
--------------------------------------------------------------------------------------------
                           |               Robust
          ln_recent_volumn | Coefficient  std. err.      t    P>|t|     [95% conf. interval]
---------------------------+----------------------------------------------------------------
lag_mr_rep_complaint_share |  -.0328382   .0129628    -2.53   0.012    -.0583001   -.0073763
  lag_mr_rep_service_share |   .0011841   .0057033     0.21   0.836    -.0100185    .0123867
     lag_mr_rep_room_share |  -.0107529   .0059695    -1.80   0.072    -.0224784    .0009726
    lag_mr_rep_clean_share |  -.0286749   .0058402    -4.91   0.000    -.0401464   -.0172034
    lag_mr_rep_value_share |  -.0171382   .0073916    -2.32   0.021    -.0316569   -.0026195
               lag_mr_rate |  -.0280649   .0066852    -4.20   0.000    -.0411963   -.0149336
              lag_mr_count |   .0081084   .0012851     6.31   0.000     .0055841    .0106327
           ln_lag_mr_words |   .0167411   .0034365     4.87   0.000     .0099909    .0234912
                 recent_sd |  -.0366387   .0089484    -4.09   0.000    -.0542153    -.019062
             recent_rating |   .0578593    .007314     7.91   0.000      .043493    .0722257
         ln_lag_volumn_acc |   .0764671   .0116928     6.54   0.000     .0534996    .0994345
        lag_avg_rating_acc |   .0602879   .0331931     1.82   0.070    -.0049111     .125487
                lag_sd_acc |   .0515903   .0444701     1.16   0.247    -.0357594      .13894
      lag_avg_rating_month |  -.0030851   .0011691    -2.64   0.009    -.0053816   -.0007886
         ln_avg_com_RevPAR |   .0144325    .007001     2.06   0.040     .0006809    .0281841
  ln_lag_RevPAR_clean_w199 |   .0522849   .0073252     7.14   0.000     .0378966    .0666732
                     _cons |   1.509585   .1616195     9.34   0.000     1.192126    1.827043
--------------------------------------------------------------------------------------------

Absorbed degrees of freedom:
------------------------------------------------------+
  Absorbed FE | Categories  - Redundant  = Num. Coefs |
--------------+---------------------------------------|
 hotel_id_num |       558         558           0    *|
           ym |       135           1         134     |
------------------------------------------------------+
* = FE nested within cluster; treated as redundant for DoF computation

. est store tm_volume

. 
. * T5. Next-month ARS.
. * This tests whether reply targeting changes the similarity structure of later reviews.
. reghdfe sim_mean ///
>     lag_mr_rep_complaint_share lag_mr_rep_service_share lag_mr_rep_room_share ///
>     lag_mr_rep_clean_share lag_mr_rep_value_share lag_mr_rate lag_mr_count ///
>     ln_lag_mr_words ln_recent_volumn recent_sd recent_rating ln_lag_volumn_acc ///
>     lag_avg_rating_acc lag_sd_acc lag_avg_rating_month ln_avg_com_RevPAR ///
>     ln_lag_RevPAR_clean_w199 if cs_sample_focus100 == 1, ///
>     absorb(hotel_id_num ym) vce(cluster hotel_id_num)
(dropped 2 singleton observations)
(MWFE estimator converged in 7 iterations)

HDFE Linear regression                            Number of obs   =     33,589
Absorbing 2 HDFE groups                           F(  17,    557) =      92.51
Statistics robust to heteroskedasticity           Prob > F        =     0.0000
                                                  R-squared       =     0.5758
                                                  Adj R-squared   =     0.5666
                                                  Within R-sq.    =     0.2662
Number of clusters (hotel_id_num) =        558    Root MSE        =     0.0291

                                       (Std. err. adjusted for 558 clusters in hotel_id_num)
--------------------------------------------------------------------------------------------
                           |               Robust
                  sim_mean | Coefficient  std. err.      t    P>|t|     [95% conf. interval]
---------------------------+----------------------------------------------------------------
lag_mr_rep_complaint_share |   .0042509   .0015341     2.77   0.006     .0012375    .0072642
  lag_mr_rep_service_share |  -.0039685    .000899    -4.41   0.000    -.0057342   -.0022027
     lag_mr_rep_room_share |  -.0079715   .0008916    -8.94   0.000    -.0097227   -.0062202
    lag_mr_rep_clean_share |  -.0005355   .0008826    -0.61   0.544    -.0022691     .001198
    lag_mr_rep_value_share |  -.0033823    .000928    -3.64   0.000    -.0052051   -.0015596
               lag_mr_rate |   .0000212   .0002025     0.10   0.917    -.0003765    .0004189
              lag_mr_count |  -.0000805    .000038    -2.12   0.035    -.0001552   -5.77e-06
           ln_lag_mr_words |   .0008633   .0002579     3.35   0.001     .0003566    .0013699
          ln_recent_volumn |   .0201078   .0015052    13.36   0.000     .0171512    .0230644
                 recent_sd |  -.0418427   .0015047   -27.81   0.000    -.0447983    -.038887
             recent_rating |    .013064   .0011891    10.99   0.000     .0107283    .0153997
         ln_lag_volumn_acc |   .0052497   .0011829     4.44   0.000     .0029263    .0075732
        lag_avg_rating_acc |  -.0083849   .0042223    -1.99   0.048    -.0166784   -.0000914
                lag_sd_acc |   .0141181   .0050784     2.78   0.006     .0041429    .0240934
      lag_avg_rating_month |   .0001217   .0001802     0.68   0.500    -.0002323    .0004757
         ln_avg_com_RevPAR |    .000526   .0008654     0.61   0.544    -.0011738    .0022258
  ln_lag_RevPAR_clean_w199 |  -.0023528   .0009266    -2.54   0.011    -.0041729   -.0005328
                     _cons |   .2306377   .0206313    11.18   0.000      .190113    .2711624
--------------------------------------------------------------------------------------------

Absorbed degrees of freedom:
------------------------------------------------------+
  Absorbed FE | Categories  - Redundant  = Num. Coefs |
--------------+---------------------------------------|
 hotel_id_num |       558         558           0    *|
           ym |       135           1         134     |
------------------------------------------------------+
* = FE nested within cluster; treated as redundant for DoF computation

. est store tm_ars

. 
. * T6. Next-month review sentiment.
. * This asks whether reply targeting affects the tone of later review text.
. reghdfe sent_net_pos_bing ///
>     lag_mr_rep_complaint_share lag_mr_rep_service_share lag_mr_rep_room_share ///
>     lag_mr_rep_clean_share lag_mr_rep_value_share lag_mr_rate lag_mr_count ///
>     ln_lag_mr_words ln_recent_volumn sim_mean recent_sd recent_rating ///
>     ln_lag_volumn_acc lag_avg_rating_acc lag_sd_acc lag_avg_rating_month ///
>     ln_avg_com_RevPAR ln_lag_RevPAR_clean_w199 ///
>     if cs_sample_focus100 == 1 & !missing(sent_net_pos_bing), ///
>     absorb(hotel_id_num ym) vce(cluster hotel_id_num)
(dropped 2 singleton observations)
(MWFE estimator converged in 7 iterations)

HDFE Linear regression                            Number of obs   =     33,589
Absorbing 2 HDFE groups                           F(  18,    557) =      80.84
Statistics robust to heteroskedasticity           Prob > F        =     0.0000
                                                  R-squared       =     0.4219
                                                  Adj R-squared   =     0.4095
                                                  Within R-sq.    =     0.0732
Number of clusters (hotel_id_num) =        558    Root MSE        =     0.3918

                                       (Std. err. adjusted for 558 clusters in hotel_id_num)
--------------------------------------------------------------------------------------------
                           |               Robust
         sent_net_pos_bing | Coefficient  std. err.      t    P>|t|     [95% conf. interval]
---------------------------+----------------------------------------------------------------
lag_mr_rep_complaint_share |   .0198116   .0219406     0.90   0.367    -.0232847    .0629079
  lag_mr_rep_service_share |   .0073512   .0141153     0.52   0.603    -.0203746     .035077
     lag_mr_rep_room_share |  -.0102191   .0133757    -0.76   0.445    -.0364921    .0160539
    lag_mr_rep_clean_share |  -.0313519   .0117591    -2.67   0.008    -.0544496   -.0082543
    lag_mr_rep_value_share |  -.0329623   .0163654    -2.01   0.044    -.0651078   -.0008169
               lag_mr_rate |  -.0042897   .0025684    -1.67   0.095    -.0093347    .0007553
              lag_mr_count |  -.0000368   .0003372    -0.11   0.913    -.0006992    .0006256
           ln_lag_mr_words |   .0076516   .0028892     2.65   0.008     .0019766    .0133266
          ln_recent_volumn |   .0148453   .0132125     1.12   0.262    -.0111071    .0407976
                  sim_mean |   .0785875   .0939411     0.84   0.403    -.1059347    .2631096
                 recent_sd |  -.1147378   .0138219    -8.30   0.000    -.1418872   -.0875885
             recent_rating |   .2322924   .0116842    19.88   0.000     .2093419     .255243
         ln_lag_volumn_acc |  -.0150306    .007647    -1.97   0.050    -.0300511   -.0000101
        lag_avg_rating_acc |  -.1701183   .0448676    -3.79   0.000    -.2582487   -.0819878
                lag_sd_acc |   .1139206   .0529698     2.15   0.032     .0098756    .2179656
      lag_avg_rating_month |  -.0360846   .0038518    -9.37   0.000    -.0436505   -.0285187
         ln_avg_com_RevPAR |    -.00427   .0066142    -0.65   0.519    -.0172618    .0087217
  ln_lag_RevPAR_clean_w199 |  -.0062849   .0100764    -0.62   0.533    -.0260774    .0135075
                     _cons |   .5232723   .2197169     2.38   0.018     .0916974    .9548473
--------------------------------------------------------------------------------------------

Absorbed degrees of freedom:
------------------------------------------------------+
  Absorbed FE | Categories  - Redundant  = Num. Coefs |
--------------+---------------------------------------|
 hotel_id_num |       558         558           0    *|
           ym |       135           1         134     |
------------------------------------------------------+
* = FE nested within cluster; treated as redundant for DoF computation

. est store tm_sentiment

. 
. esttab tm_volume tm_ars tm_sentiment ///
>     using "`table_dir'/routeB_mr_targeting_mechanisms_`run_id'.rtf", replace ///
>     star(* 0.10 ** 0.05 *** 0.01 **** 0.001) ///
>     cells(b(star fmt(4)) se(par fmt(4))) ///
>     stats(N r2_a, labels("Observations" "Adjusted R-squared")) ///
>     mtitles("DV volume" "DV ARS" "DV sentiment") ///
>     nogap compress
(output written to /Users/samxie/Research/ReviewSimi_Sales/Code/outputs/core_simi_260501/tables_explicit/routeB_mr_targeting_mechanisms_260605.rtf)

. 
. esttab tm_volume tm_ars tm_sentiment ///
>     using "`csv_dir'/routeB_mr_targeting_mechanisms_`run_id'.csv", replace csv ///
>     star(* 0.10 ** 0.05 *** 0.01 **** 0.001) ///
>     cells(b(star fmt(4)) se(par fmt(4))) ///
>     stats(N r2_a, labels("Observations" "Adjusted R-squared")) ///
>     mtitles("DV volume" "DV ARS" "DV sentiment") ///
>     nogap
(output written to /Users/samxie/Research/ReviewSimi_Sales/Code/outputs/core_simi_260501/csv/routeB_mr_targeting_mechanisms_260605.csv)

. 
. log close
      name:  <unnamed>
       log:  /Users/samxie/Research/ReviewSimi_Sales/Code/stata-log/run_routeB_mr_targeting_260605.log
  log type:  text
 closed on:   6 Jun 2026, 18:18:23
---------------------------------------------------------------------------------------------------------------------------------------------------------------------------------------------------------------------------------------------------------------
