---------------------------------------------------------------------------------------------------------------------------------------------------------------------------------------------------------------------------------------------------------------
      name:  <unnamed>
       log:  /Users/samxie/Research/ReviewSimi_Sales/Code/stata-log/run_table10_hhi_competition_260722.log
  log type:  text
 opened on:  22 Jul 2026, 17:15:32

. 
. tempfile zip_city_map city_id_map hotel_zip_map old_hotels new_hotels

. tempfile hhi_zip hhi_city

. 
. ************************************************************
. * 1. Historical ZIP-to-city crosswalk and 2011--2016 hotels.
. ************************************************************
. import delimited using "`revenue_old'", varnames(1) case(preserve) ///
>     encoding("ISO-8859-1") stringcols(_all) colrange(1:12) clear
(12 vars, 523,835 obs)

. 
. destring year month LocationZip, replace force
year: all characters numeric; replaced as double
(7 missing values generated)
month: all characters numeric; replaced as byte
(9 missing values generated)
LocationZip: all characters numeric; replaced as long
(9 missing values generated)

. drop if !inrange(year, 2011, 2016) | !inrange(month, 1, 12)
(9 observations deleted)

. 
. gen int ym = ym(year, month)

. format ym %tm

. gen str5 market_zip = string(LocationZip, "%05.0f") if !missing(LocationZip)

. gen str40 market_city = ustrupper(ustrtrim(LocationCity))

. replace market_city = itrim(market_city)
(0 real changes made)

. 
. preserve

.     keep market_zip market_city

.     drop if missing(market_zip) | missing(market_city)
(0 observations deleted)

.     contract market_zip market_city

.     gsort market_zip -_freq market_city

.     by market_zip: keep if _n == 1
(170 observations deleted)

.     isid market_zip

.     keep market_zip market_city

.     save `zip_city_map'
file /var/folders/x9/p1d98gj518326zdc2s5gzn8w0000gn/T//St33536.000001 saved as .dta format

. restore

. 
. replace TotalRoomReceipts = subinstr(TotalRoomReceipts, "$", "", .)
(0 real changes made)

. replace TotalRoomReceipts = subinstr(TotalRoomReceipts, ",", "", .)
(0 real changes made)

. destring TotalRoomReceipts, gen(room_revenue) force
TotalRoomReceipts: all characters numeric; room_revenue generated as long

. drop if missing(market_zip) | missing(market_city) | missing(room_revenue)
(0 observations deleted)

. drop if room_revenue < 0
(0 observations deleted)

. 
. egen long property_id = group(TaxpayerNumber LocationNumber LocationName LocationAddress market_zip)

. collapse (max) room_revenue, by(property_id market_zip market_city ym)

. save `old_hotels'
file /var/folders/x9/p1d98gj518326zdc2s5gzn8w0000gn/T//St33536.000004 saved as .dta format

. 
. ************************************************************
. * 2. City-name to routeAB CityID crosswalk.
. ************************************************************
. import delimited using "`revenue_map'", varnames(1) case(preserve) ///
>     encoding("UTF-8") stringcols(_all) colrange(1:19) clear
(19 vars, 38,011 obs)

. 
. gen str40 market_city = ustrupper(ustrtrim(CityName))

. replace market_city = itrim(market_city)
(0 real changes made)

. gen str20 hhi_merge_cityid = strtrim(CityID)

. 
. preserve

.     keep market_city hhi_merge_cityid

.     drop if missing(market_city) | missing(hhi_merge_cityid)
(0 observations deleted)

.     duplicates drop

Duplicates in terms of all variables

(38,007 observations deleted)

.     isid market_city

.     save `city_id_map'
file /var/folders/x9/p1d98gj518326zdc2s5gzn8w0000gn/T//St33536.000002 saved as .dta format

. restore

. 
. * Recover ZIP for routeAB hotels whose panel ZIP is blank.
. gen str20 hhi_merge_hotelid = strtrim(HotelID)

. gen double zip_num = real(Zip)

. gen str5 hhi_map_zip = string(zip_num, "%05.0f") if !missing(zip_num)

. keep hhi_merge_hotelid hhi_map_zip

. drop if missing(hhi_merge_hotelid) | missing(hhi_map_zip)
(0 observations deleted)

. contract hhi_merge_hotelid hhi_map_zip

. gsort hhi_merge_hotelid -_freq hhi_map_zip

. by hhi_merge_hotelid: keep if _n == 1
(0 observations deleted)

. isid hhi_merge_hotelid

. keep hhi_merge_hotelid hhi_map_zip

. save `hotel_zip_map'
file /var/folders/x9/p1d98gj518326zdc2s5gzn8w0000gn/T//St33536.000003 saved as .dta format

. 
. ************************************************************
. * 3. Full 2017--2022 hotel revenue panel.
. ************************************************************
. import delimited using "`revenue_new'", varnames(1) case(preserve) ///
>     encoding("ISO-8859-1") stringcols(_all) colrange(1:8) clear
(8 vars, 1,017,676 obs)

. 
. destring Year Mon Location_Zip, replace force
Year: all characters numeric; replaced as int
Mon: all characters numeric; replaced as byte
Location_Zip: all characters numeric; replaced as long

. drop if !inrange(Year, 2017, 2022) | !inrange(Mon, 1, 12)
(0 observations deleted)

. gen int ym = ym(Year, Mon)

. format ym %tm

. gen str5 market_zip = string(Location_Zip, "%05.0f") if !missing(Location_Zip)

. 
. replace Total_Room_Receipts = subinstr(Total_Room_Receipts, "$", "", .)
(0 real changes made)

. replace Total_Room_Receipts = subinstr(Total_Room_Receipts, ",", "", .)
(0 real changes made)

. destring Total_Room_Receipts, gen(room_revenue) force
Total_Room_Receipts: all characters numeric; room_revenue generated as double

. drop if missing(market_zip) | missing(room_revenue)
(0 observations deleted)

. drop if room_revenue < 0
(0 observations deleted)

. 
. merge m:1 market_zip using `zip_city_map', keep(master match) nogen

    Result                      Number of obs
    -----------------------------------------
    Not matched                        78,117
        from master                    78,117  
        from using                          0  

    Matched                           939,559  
    -----------------------------------------

. keep market_zip market_city ym room_revenue

. save `new_hotels'
file /var/folders/x9/p1d98gj518326zdc2s5gzn8w0000gn/T//St33536.000005 saved as .dta format

. 
. ************************************************************
. * 4. Revenue HHI for ZIP x month.
. ************************************************************
. use `old_hotels', clear

. keep market_zip ym room_revenue

. append using `new_hotels', keep(market_zip ym room_revenue)
(variable room_revenue was long, now double to accommodate using data's values)

. 
. bysort market_zip ym: egen double market_revenue = total(room_revenue)

. gen double revenue_share_sq = (room_revenue / market_revenue)^2 ///
>     if market_revenue > 0 & !missing(room_revenue)
(3,601 missing values generated)

. bysort market_zip ym: egen double hhi_rev_zip = total(revenue_share_sq)

. replace hhi_rev_zip = . if market_revenue <= 0 | missing(market_revenue)
(3,601 real changes made, 3,601 to missing)

. keep market_zip ym hhi_rev_zip

. drop if missing(hhi_rev_zip)
(3,601 observations deleted)

. duplicates drop

Duplicates in terms of all variables

(1,398,066 observations deleted)

. isid market_zip ym

. assert inrange(hhi_rev_zip, 0, 1.0000001)

. rename market_zip hhi_merge_zip

. save `hhi_zip'
file /var/folders/x9/p1d98gj518326zdc2s5gzn8w0000gn/T//St33536.000006 saved as .dta format

. 
. ************************************************************
. * 5. Revenue HHI for City x month.
. ************************************************************
. use `old_hotels', clear

. keep market_city ym room_revenue

. append using `new_hotels', keep(market_city ym room_revenue)
(variable room_revenue was long, now double to accommodate using data's values)

. drop if missing(market_city)
(78,117 observations deleted)

. 
. bysort market_city ym: egen double market_revenue = total(room_revenue)

. gen double revenue_share_sq = (room_revenue / market_revenue)^2 ///
>     if market_revenue > 0 & !missing(room_revenue)
(2,172 missing values generated)

. bysort market_city ym: egen double hhi_rev_city = total(revenue_share_sq)

. replace hhi_rev_city = . if market_revenue <= 0 | missing(market_revenue)
(2,172 real changes made, 2,172 to missing)

. keep market_city ym hhi_rev_city

. drop if missing(hhi_rev_city)
(2,172 observations deleted)

. duplicates drop

Duplicates in terms of all variables

(1,379,132 observations deleted)

. isid market_city ym

. assert inrange(hhi_rev_city, 0, 1.0000001)

. 
. merge m:1 market_city using `city_id_map', keep(match) nogen

    Result                      Number of obs
    -----------------------------------------
    Not matched                             0
    Matched                               544  
    -----------------------------------------

. keep hhi_merge_cityid ym hhi_rev_city

. isid hhi_merge_cityid ym

. save `hhi_city'
file /var/folders/x9/p1d98gj518326zdc2s5gzn8w0000gn/T//St33536.000007 saved as .dta format

. 
. ************************************************************
. * 6. Join the two HHI fields into the existing routeAB panel.
. ************************************************************
. use "`data_main'", clear

. isid HotelID ym

. 
. capture drop hhi_rev_zip hhi_rev_city

. capture drop _merge_hhi_zip _merge_hhi_city

. 
. capture confirm string variable Zip

. if !_rc gen str5 hhi_merge_zip = string(real(Zip), "%05.0f") if !missing(Zip)
(716 missing values generated)

. else gen str5 hhi_merge_zip = string(Zip, "%05.0f") if !missing(Zip)

. 
. capture confirm string variable HotelID

. if !_rc gen str20 hhi_merge_hotelid = strtrim(HotelID)

. else gen str20 hhi_merge_hotelid = string(HotelID, "%18.0g") if !missing(HotelID)

. merge m:1 hhi_merge_hotelid using `hotel_zip_map', keep(master match) nogen

    Result                      Number of obs
    -----------------------------------------
    Not matched                         1,790
        from master                     1,790  
        from using                          0  

    Matched                            33,001  
    -----------------------------------------

. replace hhi_merge_zip = hhi_map_zip if missing(hhi_merge_zip) & !missing(hhi_map_zip)
(709 real changes made)

. drop hhi_merge_hotelid hhi_map_zip

. 
. capture confirm string variable CityID

. if !_rc gen str20 hhi_merge_cityid = strtrim(CityID)

. else gen str20 hhi_merge_cityid = string(CityID, "%18.0g") if !missing(CityID)

. 
. merge m:1 hhi_merge_zip ym using `hhi_zip', ///
>     keep(master match) gen(_merge_hhi_zip)

    Result                      Number of obs
    -----------------------------------------
    Not matched                            68
        from master                        68  (_merge_hhi_zip==1)
        from using                          0  (_merge_hhi_zip==2)

    Matched                            34,723  (_merge_hhi_zip==3)
    -----------------------------------------

. merge m:1 hhi_merge_cityid ym using `hhi_city', ///
>     keep(master match) gen(_merge_hhi_city)

    Result                      Number of obs
    -----------------------------------------
    Not matched                             0
    Matched                            34,791  (_merge_hhi_city==3)
    -----------------------------------------

. 
. count if _merge_hhi_zip == 3
  34,723

. local n_zip_match = r(N)

. count if _merge_hhi_zip == 1
  68

. local n_zip_unmatch = r(N)

. count if _merge_hhi_city == 3
  34,791

. local n_city_match = r(N)

. count if _merge_hhi_city == 1
  0

. local n_city_unmatch = r(N)

. 
. assert inrange(hhi_rev_zip, 0, 1.0000001) if !missing(hhi_rev_zip)

. assert inrange(hhi_rev_city, 0, 1.0000001) if !missing(hhi_rev_city)

. 
. label variable hhi_rev_zip "Revenue HHI: ZIP x month"

. label variable hhi_rev_city "Revenue HHI: City x month"

. notes hhi_rev_zip: Sum of squared hotel monthly-room-revenue shares in ZIP x month; full local hotel market.

. notes hhi_rev_city: Sum of squared hotel monthly-room-revenue shares in City x month; full local hotel market.

. 
. drop hhi_merge_zip hhi_merge_cityid _merge_hhi_zip _merge_hhi_city

. compress
  (0 bytes saved)

. sort hotel_id_num ym

. save "`data_main'", replace
file /Users/samxie/Research/ReviewSimi_Sales/Code/outputs/core_simi_260501/data/routeAB_heterogeneity_final_260715.dta saved

. 
. display as text "HHI merge coverage: ZIP matched = `n_zip_match'; ZIP unmatched = `n_zip_unmatch'"
HHI merge coverage: ZIP matched = 34723; ZIP unmatched = 68

. display as text "HHI merge coverage: City matched = `n_city_match'; City unmatched = `n_city_unmatch'"
HHI merge coverage: City matched = 34791; City unmatched = 0

. 
. ************************************************************
. * 7. Table 10: low- versus high-HHI market-month cells.
. * HHI is constant within its market x month cell. Therefore,
. * medians are calculated across unique market-month cells, not
. * within the same cell (which would mechanically leave one group empty).
. ************************************************************
. capture confirm variable ln_RevPAR_clean_w199

. if _rc winsor2 ln_RevPAR_clean, cuts(1 99) by(CityID ym) suffix(_w199)

. capture confirm variable ln_lag_RevPAR_clean_w595

. if _rc winsor2 ln_lag_RevPAR_clean, cuts(5 95) by(CityID ym) suffix(_w595)

. 
. capture confirm variable hotel_id_num

. if _rc {
.     capture confirm numeric variable HotelID
.     if _rc encode HotelID, gen(hotel_id_num)
.     else gen long hotel_id_num = HotelID
. }

. xtset hotel_id_num ym

Panel variable: hotel_id_num (unbalanced)
 Time variable: ym, 2011m1 to 2022m9, but with gaps
         Delta: 1 month

. 
. capture drop hhi_base_cc hhi_zip_cell_cc hhi_city_cell_cc

. capture drop hhi_zip_tag hhi_city_tag

. capture drop het_med_hhi_zip het_med_hhi_city

. capture drop het_high_hhi_zip het_high_hhi_city

. 
. egen byte hhi_base_missing = rowmiss(ln_RevPAR_clean_w199 sim_mean ///
>     recent_sd_10 ln_recent_volumn_10 lag_avg_rating_month rating_last_5 ///
>     ln_lag_volumn_acc lag_avg_rating_acc lag_sd_acc ///
>     ln_avg_com_RevPAR ln_lag_RevPAR_clean_w595)

. gen byte hhi_base_cc = (cs_sample_focus100 == 1 & hhi_base_missing == 0)

. drop hhi_base_missing

. 
. bysort Zip ym: egen byte hhi_zip_cell_cc = max(hhi_base_cc)

. egen byte hhi_zip_tag = tag(Zip ym) if hhi_zip_cell_cc == 1 & !missing(hhi_rev_zip)

. quietly summarize hhi_rev_zip if hhi_zip_tag == 1, detail

. scalar het_med_hhi_zip = r(p50)

. 
. bysort CityID ym: egen byte hhi_city_cell_cc = max(hhi_base_cc)

. egen byte hhi_city_tag = tag(CityID ym) if hhi_city_cell_cc == 1 & !missing(hhi_rev_city)

. quietly summarize hhi_rev_city if hhi_city_tag == 1, detail

. scalar het_med_hhi_city = r(p50)

. 
. gen byte het_high_hhi_zip = .
(34,791 missing values generated)

. replace het_high_hhi_zip = 0 if hhi_base_cc & hhi_rev_zip < scalar(het_med_hhi_zip)
(23,266 real changes made)

. replace het_high_hhi_zip = 1 if hhi_base_cc & hhi_rev_zip >= scalar(het_med_hhi_zip) & !missing(hhi_rev_zip)
(10,219 real changes made)

. 
. gen byte het_high_hhi_city = .
(34,791 missing values generated)

. replace het_high_hhi_city = 0 if hhi_base_cc & hhi_rev_city < scalar(het_med_hhi_city)
(19,802 real changes made)

. replace het_high_hhi_city = 1 if hhi_base_cc & hhi_rev_city >= scalar(het_med_hhi_city) & !missing(hhi_rev_city)
(13,746 real changes made)

. 
. label define hhi_lowhigh 0 "Low HHI (high competition)" 1 "High HHI (low competition)", replace

. label values het_high_hhi_zip hhi_lowhigh

. label values het_high_hhi_city hhi_lowhigh

. 
. label variable sim_mean "ARS"

. label variable recent_sd_10 "Recent rating SD"

. label variable ln_recent_volumn_10 "ln(Recent review volume)"

. label variable lag_avg_rating_month "Rating month, t-1"

. label variable rating_last_5 "Rating last 5, t"

. label variable ln_lag_volumn_acc "ln(Accumulated review volume)"

. label variable lag_avg_rating_acc "Accumulated rating, t-1"

. label variable lag_sd_acc "Accumulated rating SD, t-1"

. label variable ln_avg_com_RevPAR "ln(Competitor RevPAR)"

. label variable ln_lag_RevPAR_clean_w595 "ln(RevPAR), t-1"

. 
. estimates clear

. 
. reghdfe ln_RevPAR_clean_w199 sim_mean ///
>     recent_sd_10 ln_recent_volumn_10 lag_avg_rating_month rating_last_5 ///
>     ln_lag_volumn_acc lag_avg_rating_acc lag_sd_acc ///
>     ln_avg_com_RevPAR ln_lag_RevPAR_clean_w595 ///
>     if het_high_hhi_zip == 0, absorb(hotel_id_num ym) vce(cluster hotel_id_num)
(dropped 11 singleton observations)
(MWFE estimator converged in 7 iterations)

HDFE Linear regression                            Number of obs   =     23,255
Absorbing 2 HDFE groups                           F(  10,    464) =     100.50
Statistics robust to heteroskedasticity           Prob > F        =     0.0000
                                                  R-squared       =     0.8716
                                                  Adj R-squared   =     0.8682
                                                  Within R-sq.    =     0.2892
Number of clusters (hotel_id_num) =        465    Root MSE        =     0.2303

                                     (Std. err. adjusted for 465 clusters in hotel_id_num)
------------------------------------------------------------------------------------------
                         |               Robust
    ln_RevPAR_clean_w199 | Coefficient  std. err.      t    P>|t|     [95% conf. interval]
-------------------------+----------------------------------------------------------------
                sim_mean |  -.1783866   .0719443    -2.48   0.014    -.3197635   -.0370096
            recent_sd_10 |  -.0050487   .0095084    -0.53   0.596    -.0237336    .0136361
     ln_recent_volumn_10 |   .0934171   .0109357     8.54   0.000     .0719274    .1149069
    lag_avg_rating_month |   .0084868    .002207     3.85   0.000     .0041499    .0128236
           rating_last_5 |  -.0008131   .0021672    -0.38   0.708    -.0050718    .0034457
       ln_lag_volumn_acc |   .0336498      .0086     3.91   0.000     .0167501    .0505495
      lag_avg_rating_acc |   .0147223   .0373474     0.39   0.694    -.0586688    .0881133
              lag_sd_acc |  -.0002193   .0459806    -0.00   0.996    -.0905754    .0901368
       ln_avg_com_RevPAR |   .1460962   .0180903     8.08   0.000     .1105472    .1816452
ln_lag_RevPAR_clean_w595 |   .4418263   .0193359    22.85   0.000     .4038295    .4798231
                   _cons |   1.269828   .2106659     6.03   0.000     .8558507    1.683806
------------------------------------------------------------------------------------------

Absorbed degrees of freedom:
------------------------------------------------------+
  Absorbed FE | Categories  - Redundant  = Num. Coefs |
--------------+---------------------------------------|
 hotel_id_num |       465         465           0    *|
           ym |       135           1         134     |
------------------------------------------------------+
* = FE nested within cluster; treated as redundant for DoF computation

. estimates store t10_zip_low

. 
. reghdfe ln_RevPAR_clean_w199 sim_mean ///
>     recent_sd_10 ln_recent_volumn_10 lag_avg_rating_month rating_last_5 ///
>     ln_lag_volumn_acc lag_avg_rating_acc lag_sd_acc ///
>     ln_avg_com_RevPAR ln_lag_RevPAR_clean_w595 ///
>     if het_high_hhi_zip == 1, absorb(hotel_id_num ym) vce(cluster hotel_id_num)
(dropped 114 singleton observations)
(MWFE estimator converged in 8 iterations)

HDFE Linear regression                            Number of obs   =     10,105
Absorbing 2 HDFE groups                           F(  10,    265) =      34.28
Statistics robust to heteroskedasticity           Prob > F        =     0.0000
                                                  R-squared       =     0.8882
                                                  Adj R-squared   =     0.8835
                                                  Within R-sq.    =     0.2604
Number of clusters (hotel_id_num) =        266    Root MSE        =     0.2314

                                     (Std. err. adjusted for 266 clusters in hotel_id_num)
------------------------------------------------------------------------------------------
                         |               Robust
    ln_RevPAR_clean_w199 | Coefficient  std. err.      t    P>|t|     [95% conf. interval]
-------------------------+----------------------------------------------------------------
                sim_mean |  -.1070986   .1144971    -0.94   0.350    -.3325384    .1183413
            recent_sd_10 |  -.0226206   .0111189    -2.03   0.043    -.0445133   -.0007279
     ln_recent_volumn_10 |   .0757372   .0160961     4.71   0.000     .0440447    .1074297
    lag_avg_rating_month |   .0075831   .0030786     2.46   0.014     .0015216    .0136447
           rating_last_5 |   .0002836   .0034711     0.08   0.935    -.0065508    .0071181
       ln_lag_volumn_acc |   .0327063   .0149068     2.19   0.029     .0033554    .0620573
      lag_avg_rating_acc |  -.0036863   .0369077    -0.10   0.921     -.076356    .0689833
              lag_sd_acc |  -.0502235   .0588767    -0.85   0.394    -.1661492    .0657022
       ln_avg_com_RevPAR |   .0945619   .0151899     6.23   0.000     .0646536    .1244702
ln_lag_RevPAR_clean_w595 |   .4236864   .0316494    13.39   0.000     .3613702    .4860026
                   _cons |    1.81213   .2234554     8.11   0.000     1.372156    2.252104
------------------------------------------------------------------------------------------

Absorbed degrees of freedom:
------------------------------------------------------+
  Absorbed FE | Categories  - Redundant  = Num. Coefs |
--------------+---------------------------------------|
 hotel_id_num |       266         266           0    *|
           ym |       135           1         134     |
------------------------------------------------------+
* = FE nested within cluster; treated as redundant for DoF computation

. estimates store t10_zip_high

. 
. bdiff, group(het_high_hhi_zip) ///
>     model(reghdfe ln_RevPAR_clean_w199 sim_mean ///
>         recent_sd_10 ln_recent_volumn_10 lag_avg_rating_month rating_last_5 ///
>         ln_lag_volumn_acc lag_avg_rating_acc lag_sd_acc ///
>         ln_avg_com_RevPAR ln_lag_RevPAR_clean_w595, ///
>         absorb(hotel_id_num ym) cluster(hotel_id_num)) ///
>     reps(100) seed(260722) first

Begin Time: 22 Jul 2026 17:15:53
....................................................................................................


-Permutaion (100 times)- Test of Group (het_high_hhi_zip 0 v.s 1) coeficients difference

   Variables |      b0-b1    Freq     p-value
-------------+-------------------------------
    sim_mean |     -0.071      71       0.290
recent_sd_10 |      0.018       7       0.070
ln_recent~10 |      0.018      13       0.130
lag_avg_ra~h |      0.001      44       0.440
rating_las~5 |     -0.001      57       0.430
ln_lag_vol~c |      0.001      51       0.490
lag_avg_ra~c |      0.018      31       0.310
  lag_sd_acc |      0.050      13       0.130
ln_avg_com~R |      0.052       0       0.000
ln_lag_R~595 |      0.018      18       0.180
       _cons |     -0.542     100       0.000
---------------------------------------------
Ho: b0(sim_mean) = b1(sim_mean)
  Observed difference = -0.071
    Empirical p-value =  0.290

 Over Time:22 Jul 2026 17:16:14   Time used: 20.491s

. 
. reghdfe ln_RevPAR_clean_w199 sim_mean ///
>     recent_sd_10 ln_recent_volumn_10 lag_avg_rating_month rating_last_5 ///
>     ln_lag_volumn_acc lag_avg_rating_acc lag_sd_acc ///
>     ln_avg_com_RevPAR ln_lag_RevPAR_clean_w595 ///
>     if het_high_hhi_city == 0, absorb(hotel_id_num ym) vce(cluster hotel_id_num)
(dropped 10 singleton observations)
(MWFE estimator converged in 8 iterations)

HDFE Linear regression                            Number of obs   =     19,792
Absorbing 2 HDFE groups                           F(  10,    539) =     111.27
Statistics robust to heteroskedasticity           Prob > F        =     0.0000
                                                  R-squared       =     0.8664
                                                  Adj R-squared   =     0.8616
                                                  Within R-sq.    =     0.2564
Number of clusters (hotel_id_num) =        540    Root MSE        =     0.2433

                                     (Std. err. adjusted for 540 clusters in hotel_id_num)
------------------------------------------------------------------------------------------
                         |               Robust
    ln_RevPAR_clean_w199 | Coefficient  std. err.      t    P>|t|     [95% conf. interval]
-------------------------+----------------------------------------------------------------
                sim_mean |  -.1604051   .0775698    -2.07   0.039    -.3127812    -.008029
            recent_sd_10 |  -.0031538   .0102494    -0.31   0.758    -.0232875    .0169798
     ln_recent_volumn_10 |    .104068   .0122576     8.49   0.000     .0799894    .1281466
    lag_avg_rating_month |   .0085181   .0023553     3.62   0.000     .0038914    .0131447
           rating_last_5 |   .0027005   .0023687     1.14   0.255    -.0019525    .0073534
       ln_lag_volumn_acc |   .0445727    .010665     4.18   0.000     .0236226    .0655227
      lag_avg_rating_acc |  -.0299139   .0429947    -0.70   0.487    -.1143716    .0545439
              lag_sd_acc |  -.0720057   .0510496    -1.41   0.159    -.1722863    .0282749
       ln_avg_com_RevPAR |   .1055565    .014265     7.40   0.000     .0775345    .1335784
ln_lag_RevPAR_clean_w595 |   .4321117   .0193151    22.37   0.000     .3941696    .4700538
                   _cons |   1.615853   .2080751     7.77   0.000     1.207115     2.02459
------------------------------------------------------------------------------------------

Absorbed degrees of freedom:
------------------------------------------------------+
  Absorbed FE | Categories  - Redundant  = Num. Coefs |
--------------+---------------------------------------|
 hotel_id_num |       540         540           0    *|
           ym |       134           1         133     |
------------------------------------------------------+
* = FE nested within cluster; treated as redundant for DoF computation

. estimates store t10_city_low

. 
. reghdfe ln_RevPAR_clean_w199 sim_mean ///
>     recent_sd_10 ln_recent_volumn_10 lag_avg_rating_month rating_last_5 ///
>     ln_lag_volumn_acc lag_avg_rating_acc lag_sd_acc ///
>     ln_avg_com_RevPAR ln_lag_RevPAR_clean_w595 ///
>     if het_high_hhi_city == 1, absorb(hotel_id_num ym) vce(cluster hotel_id_num)
(dropped 25 singleton observations)
(MWFE estimator converged in 10 iterations)

HDFE Linear regression                            Number of obs   =     13,721
Absorbing 2 HDFE groups                           F(  10,    451) =      24.31
Statistics robust to heteroskedasticity           Prob > F        =     0.0000
                                                  R-squared       =     0.9073
                                                  Adj R-squared   =     0.9032
                                                  Within R-sq.    =     0.2280
Number of clusters (hotel_id_num) =        452    Root MSE        =     0.1950

                                     (Std. err. adjusted for 452 clusters in hotel_id_num)
------------------------------------------------------------------------------------------
                         |               Robust
    ln_RevPAR_clean_w199 | Coefficient  std. err.      t    P>|t|     [95% conf. interval]
-------------------------+----------------------------------------------------------------
                sim_mean |  -.0928906    .079921    -1.16   0.246    -.2499544    .0641733
            recent_sd_10 |  -.0150785   .0085451    -1.76   0.078    -.0318717    .0017147
     ln_recent_volumn_10 |   .0437936   .0103896     4.22   0.000     .0233755    .0642118
    lag_avg_rating_month |   .0074538   .0025447     2.93   0.004     .0024529    .0124546
           rating_last_5 |   -.003477   .0023776    -1.46   0.144    -.0081495    .0011955
       ln_lag_volumn_acc |   .0354209   .0099783     3.55   0.000     .0158112    .0550306
      lag_avg_rating_acc |   .0416837   .0255152     1.63   0.103    -.0084598    .0918271
              lag_sd_acc |   .0463942   .0436209     1.06   0.288    -.0393312    .1321196
       ln_avg_com_RevPAR |   .1033643   .0238986     4.33   0.000     .0563979    .1503306
ln_lag_RevPAR_clean_w595 |   .3823885   .0431109     8.87   0.000     .2976653    .4671118
                   _cons |    1.75504   .2988737     5.87   0.000     1.167683    2.342398
------------------------------------------------------------------------------------------

Absorbed degrees of freedom:
------------------------------------------------------+
  Absorbed FE | Categories  - Redundant  = Num. Coefs |
--------------+---------------------------------------|
 hotel_id_num |       452         452           0    *|
           ym |       123           1         122     |
------------------------------------------------------+
* = FE nested within cluster; treated as redundant for DoF computation

. estimates store t10_city_high

. 
. bdiff, group(het_high_hhi_city) ///
>     model(reghdfe ln_RevPAR_clean_w199 sim_mean ///
>         recent_sd_10 ln_recent_volumn_10 lag_avg_rating_month rating_last_5 ///
>         ln_lag_volumn_acc lag_avg_rating_acc lag_sd_acc ///
>         ln_avg_com_RevPAR ln_lag_RevPAR_clean_w595, ///
>         absorb(hotel_id_num ym) cluster(hotel_id_num)) ///
>     reps(100) seed(260722) first

Begin Time: 22 Jul 2026 17:16:14
....................................................................................................


-Permutaion (100 times)- Test of Group (het_high_hhi_city 0 v.s 1) coeficients difference

   Variables |      b0-b1    Freq     p-value
-------------+-------------------------------
    sim_mean |     -0.068      75       0.250
recent_sd_10 |      0.012      14       0.140
ln_recent~10 |      0.060       0       0.000
lag_avg_ra~h |      0.001      33       0.330
rating_las~5 |      0.006       6       0.060
ln_lag_vol~c |      0.009      12       0.120
lag_avg_ra~c |     -0.072     100       0.000
  lag_sd_acc |     -0.118     100       0.000
ln_avg_com~R |      0.002      43       0.430
ln_lag_R~595 |      0.050       0       0.000
       _cons |     -0.139      75       0.250
---------------------------------------------
Ho: b0(sim_mean) = b1(sim_mean)
  Observed difference = -0.068
    Empirical p-value =  0.250

 Over Time:22 Jul 2026 17:16:34   Time used: 19.581s

. 
. esttab t10_zip_low t10_zip_high t10_city_low t10_city_high using "`rtf'", replace rtf ///
>     order(sim_mean recent_sd_10 ln_recent_volumn_10 lag_avg_rating_month rating_last_5 ///
>         ln_lag_volumn_acc lag_avg_rating_acc lag_sd_acc ///
>         ln_avg_com_RevPAR ln_lag_RevPAR_clean_w595) ///
>     cells(b(star fmt(3)) se(par fmt(3))) ///
>     star(* 0.10 ** 0.05 *** 0.01 **** 0.001) ///
>     stats(N r2_a, labels("Observations" "Adjusted R-squared") fmt(%12.0fc %9.3f)) ///
>     mtitles("ZIP: Low HHI" "ZIP: High HHI" "City: Low HHI" "City: High HHI") ///
>     title("Table 10. Revenue-based market concentration (HHI)") ///
>     addnotes("Standard errors are clustered at the hotel level." ///
>         "HHI is the sum of squared hotel monthly-room-revenue shares in each market-month." ///
>         "Higher HHI indicates greater concentration and weaker competition.") ///
>     label nogap compress
(output written to /Users/samxie/Research/ReviewSimi_Sales/Code/outputs/paper/rtf-0722/table10_hhi_competition_260722.rtf)

. 
. log close
      name:  <unnamed>
       log:  /Users/samxie/Research/ReviewSimi_Sales/Code/stata-log/run_table10_hhi_competition_260722.log
  log type:  text
 closed on:  22 Jul 2026, 17:16:34
---------------------------------------------------------------------------------------------------------------------------------------------------------------------------------------------------------------------------------------------------------------
