---------------------------------------------------------------------------------------------------------------------------------------------------------------------------------------------------------------------------------------------------------------
      name:  <unnamed>
       log:  /Users/samxie/Research/ReviewSimi_Sales/Code/stata-log/run_event_month_pool_gt100_reply_mechanisms_260711.log
  log type:  text
 opened on:  13 Jul 2026, 14:46:33

. estimates clear

. 
end of do-file

. do "/var/folders/x9/p1d98gj518326zdc2s5gzn8w0000gn/T//SD62845.000000"

. corr ars_pool_visible mr_visible_start_any ln_pre_review_count pre_mean_rating pre_mean_rating_missing pre_sd_rating pre_sd_rating_missing pre_ars_within_current ln_lag_volumn_acc lag_avg_rating_acc lag_sd_acc lag_avg_rating_month
(obs=30,816)

             | ars_po~e mr~t_any ln_pre~t pre_me.. pre_me.. pre_sd.. pre_sd.. pre_ar~t ln_lag~c lag_av~c lag_sd~c lag_av~h
-------------+------------------------------------------------------------------------------------------------------------
ars_pool_v~e |   1.0000
mr_vis~t_any |  -0.0180   1.0000
ln_pre_rev~t |   0.0997   0.3159   1.0000
pre_mea~ting |   0.2001   0.0308   0.2061   1.0000
pre_mea~sing |        .        .        .        .        .
pre_sd_~ting |  -0.1520   0.1700   0.3313  -0.2736        .   1.0000
pre_sd_~sing |  -0.0600  -0.2149  -0.5833  -0.1144        .  -0.5441   1.0000
pre_ars_wi~t |   0.3211   0.1684   0.5395   0.2004        .   0.2915  -0.8219   1.0000
ln_lag_vol~c |   0.0387   0.2696   0.4356   0.0175        .   0.1762  -0.1994   0.1905   1.0000
lag_avg_ra~c |   0.0844   0.0547   0.2077   0.5085        .  -0.1435  -0.0949   0.1242   0.1808   1.0000
  lag_sd_acc |  -0.1255  -0.0395  -0.1919  -0.4423        .   0.1979   0.0919  -0.1326  -0.1013  -0.8037   1.0000
lag_avg_ra~h |   0.2001   0.0308   0.2061   1.0000        .  -0.2736  -0.1144   0.2004   0.0175   0.5085  -0.4423   1.0000


. 
end of do-file

. do "/var/folders/x9/p1d98gj518326zdc2s5gzn8w0000gn/T//SD62845.000000"

. corr ars_pool_visible mr_visible_start_any ln_pre_review_count pre_mean_rating pre_mean_rating_missing pre_sd_rating pre_sd_rating_missing pre_ars_
> within_current ln_lag_volumn_acc lag_avg_rating_acc lag_sd_acc lag_avg_rating_month
(obs=30,816)

             | ars_po~e mr~t_any ln_pre~t pre_me.. pre_me.. pre_sd.. pre_sd.. pre_ar~t ln_lag~c lag_av~c lag_sd~c lag_av~h
-------------+------------------------------------------------------------------------------------------------------------
ars_pool_v~e |   1.0000
mr_vis~t_any |  -0.0180   1.0000
ln_pre_rev~t |   0.0997   0.3159   1.0000
pre_mea~ting |   0.2001   0.0308   0.2061   1.0000
pre_mea~sing |        .        .        .        .        .
pre_sd_~ting |  -0.1520   0.1700   0.3313  -0.2736        .   1.0000
pre_sd_~sing |  -0.0600  -0.2149  -0.5833  -0.1144        .  -0.5441   1.0000
pre_ars_wi~t |   0.3211   0.1684   0.5395   0.2004        .   0.2915  -0.8219   1.0000
ln_lag_vol~c |   0.0387   0.2696   0.4356   0.0175        .   0.1762  -0.1994   0.1905   1.0000
lag_avg_ra~c |   0.0844   0.0547   0.2077   0.5085        .  -0.1435  -0.0949   0.1242   0.1808   1.0000
  lag_sd_acc |  -0.1255  -0.0395  -0.1919  -0.4423        .   0.1979   0.0919  -0.1326  -0.1013  -0.8037   1.0000
lag_avg_ra~h |   0.2001   0.0308   0.2061   1.0000        .  -0.2736  -0.1144   0.2004   0.0175   0.5085  -0.4423   1.0000


. 
end of do-file

. pwcorr mr_visible_start_any ars_within_current if !missing(ars_within_current), sig obs

             | mr~t_any ars_wi~t
-------------+------------------
mr_vis~t_any |   1.0000 
             |
             |    28277
             |
ars_within~t |   0.0095   1.0000 
             |   0.1108
             |    28277    28277
             |

. 
. pwcorr ln_mr_visible_start_n ars_within_current if !missing(ars_within_current), sig obs

             | ln_m~t_n ars_wi~t
-------------+------------------
ln_mr_vi~t_n |   1.0000 
             |
             |    28277
             |
ars_within~t |   0.0316   1.0000 
             |   0.0000
             |    28277    28277
             |

. do "/var/folders/x9/p1d98gj518326zdc2s5gzn8w0000gn/T//SD62845.000000"

. pwcorr ars_within_current ars_pool_visible ///
>     delta_ars_pool_visible ars_pool_visible_3m ///
>     mr_visible_start_any ln_mr_visible_start_n ///
>     mr_prevcohort_visible_rate ln_mr_visible_start_oldreview_n ///
>     L1_mr_visible_start_any L2_mr_visible_start_any ///
>     review_count ln_review_count ///
>     ln_pre_review_count ln_cumulative_reviews_start ///
>     pre_mean_rating pre_mean_rating_missing ///
>     pre_sd_rating pre_sd_rating_missing ///
>     pre_ln_mean_text_chars pre_ln_mean_text_chars_missing ///
>     pre_ars_within_current pre_ars_within_current_missing, ///
>     sig obs

             | ars_wi~t ars_po~e delta_~e ars_p~3m mr~t_any ln_m~t_n mr_pre~e
-------------+---------------------------------------------------------------
ars_within~t |   1.0000 
             |
             |    28277
             |
ars_pool_v~e |   0.6819   1.0000 
             |   0.0000
             |    25829    31096
             |
delta_ars_~e |   0.4567   0.5000   1.0000 
             |   0.0000   0.0000
             |    23849    27594    27594
             |
ars_pool_~3m |   0.5889   0.8068   0.0102   1.0000 
             |   0.0000   0.0000   0.0906
             |    24045    27828    27594    27828
             |
mr_vis~t_any |   0.0095  -0.0181   0.0117  -0.0293   1.0000 
             |   0.1108   0.0014   0.0519   0.0000
             |    28277    31096    27594    27828    48252
             |
ln_mr_vi~t_n |   0.0316   0.0331   0.0059   0.0398   0.8284   1.0000 
             |   0.0000   0.0000   0.3262   0.0000   0.0000
             |    28277    31096    27594    27828    48252    48252
             |
mr_prevcoh~e |  -0.0026  -0.0189   0.0039  -0.0259   0.8166   0.7354   1.0000 
             |   0.6820   0.0009   0.5220   0.0000   0.0000   0.0000
             |    25745    30834    27594    27594    36391    36391    36391
             |
ln_mr_vi~w_n |   0.0260   0.0328   0.0018   0.0403   0.4842   0.6993   0.3151 
             |   0.0000   0.0000   0.7654   0.0000   0.0000   0.0000   0.0000
             |    28277    31096    27594    27828    48252    48252    36391
             |
L1_mr_visi~y |  -0.0016  -0.0015   0.0113  -0.0236   0.5740   0.5660   0.5230 
             |   0.7955   0.7868   0.0599   0.0001   0.0000   0.0000   0.0000
             |    27912    30834    27594    27594    47689    47689    36391
             |
L2_mr_visi~y |   0.0039  -0.0035   0.0018  -0.0019   0.5366   0.5389   0.4846 
             |   0.5211   0.5420   0.7689   0.7535   0.0000   0.0000   0.0000
             |    27575    30388    27358    27358    47126    47126    35829
             |
review_count |   0.0695   0.0880   0.0154   0.1115   0.3012   0.5083   0.0987 
             |   0.0000   0.0000   0.0105   0.0000   0.0000   0.0000   0.0000
             |    28277    31096    27594    27828    48252    48252    36391
             |
ln_review_~t |   0.0791   0.0973   0.0210   0.1224   0.4222   0.5833   0.1478 
             |   0.0000   0.0000   0.0005   0.0000   0.0000   0.0000   0.0000
             |    28277    31096    27594    27828    48252    48252    36391
             |
ln_pre_rev~t |   0.0634   0.0978   0.0096   0.1251   0.5231   0.6792   0.1646 
             |   0.0000   0.0000   0.1093   0.0000   0.0000   0.0000   0.0000
             |    28277    31096    27594    27828    48252    48252    36391
             |
ln_cumulat~t |   0.0268   0.0376   0.0049   0.0573   0.2796   0.3571   0.2170 
             |   0.0000   0.0000   0.4173   0.0000   0.0000   0.0000   0.0000
             |    28277    31096    27594    27828    48252    48252    36391
             |
pre_mea~ting |   0.0676   0.1875   0.0019   0.2021   0.4116   0.3993  -0.0163 
             |   0.0000   0.0000   0.7560   0.0000   0.0000   0.0000   0.0019
             |    28277    31096    27594    27828    48252    48252    36391
             |
pre_mea~sing |  -0.0251  -0.0041        .  -0.0064  -0.4544  -0.3965        . 
             |   0.0000   0.4669        .   0.2882   0.0000   0.0000        .
             |    28277    31096    27594    27828    48252    48252    36391
             |
pre_sd_~ting |  -0.0230  -0.1499   0.0069  -0.1519   0.3664   0.3846   0.0993 
             |   0.0001   0.0000   0.2537   0.0000   0.0000   0.0000   0.0000
             |    28277    31096    27594    27828    48252    48252    36391
             |
pre_sd_~sing |  -0.0508  -0.0588  -0.0259  -0.0662  -0.4610  -0.5011  -0.1112 
             |   0.0000   0.0000   0.0000   0.0000   0.0000   0.0000   0.0000
             |    28277    31096    27594    27828    48252    48252    36391
             |
pre_ln_mea~s |   0.0032  -0.2131  -0.0003  -0.1992   0.4521   0.3936   0.0020 
             |   0.5962   0.0000   0.9570   0.0000   0.0000   0.0000   0.6973
             |    28277    31096    27594    27828    48252    48252    36391
             |
pre_ln_mea~g |  -0.0251  -0.0041        .  -0.0064  -0.4544  -0.3965        . 
             |   0.0000   0.4669        .   0.2882   0.0000   0.0000        .
             |    28277    31096    27594    27828    48252    48252    36391
             |
pre_ars_wi~t |   0.1092   0.3148   0.0221   0.3294   0.4184   0.4741   0.0965 
             |   0.0000   0.0000   0.0002   0.0000   0.0000   0.0000   0.0000
             |    28277    31096    27594    27828    48252    48252    36391
             |
pre_ars_wi~g |  -0.0515  -0.0596  -0.0227  -0.0691  -0.4587  -0.5045  -0.1163 
             |   0.0000   0.0000   0.0002   0.0000   0.0000   0.0000   0.0000
             |    28277    31096    27594    27828    48252    48252    36391
             |

             | ln_m~w_n L1_mr_~y L2_mr_~y review~t ln_rev~t ln_pre~t ln_cum~t
-------------+---------------------------------------------------------------
ln_mr_vi~w_n |   1.0000 
             |
             |    48252
             |
L1_mr_visi~y |   0.2732   1.0000 
             |   0.0000
             |    47689    47689
             |
L2_mr_visi~y |   0.2759   0.5740   1.0000 
             |   0.0000   0.0000
             |    47126    47126    47126
             |
review_count |   0.3514   0.2933   0.2845   1.0000 
             |   0.0000   0.0000   0.0000
             |    48252    47689    47126    48252
             |
ln_review_~t |   0.3707   0.4073   0.3928   0.7650   1.0000 
             |   0.0000   0.0000   0.0000   0.0000
             |    48252    47689    47126    48252    48252
             |
ln_pre_rev~t |   0.3915   0.4227   0.4073   0.6613   0.7833   1.0000 
             |   0.0000   0.0000   0.0000   0.0000   0.0000
             |    48252    47689    47126    48252    48252    48252
             |
ln_cumulat~t |   0.2047   0.2890   0.2963   0.3347   0.3414   0.3758   1.0000 
             |   0.0000   0.0000   0.0000   0.0000   0.0000   0.0000
             |    48252    47689    47126    48252    48252    48252    48252
             |
pre_mea~ting |   0.2177   0.2961   0.2796   0.3022   0.4789   0.6976   0.1563 
             |   0.0000   0.0000   0.0000   0.0000   0.0000   0.0000   0.0000
             |    48252    47689    47126    48252    48252    48252    48252
             |
pre_mea~sing |  -0.1981  -0.2836  -0.2682  -0.2577  -0.4496  -0.7111  -0.1701 
             |   0.0000   0.0000   0.0000   0.0000   0.0000   0.0000   0.0000
             |    48252    47689    47126    48252    48252    48252    48252
             |
pre_sd_~ting |   0.1885   0.2457   0.2454   0.2372   0.4113   0.5863   0.2247 
             |   0.0000   0.0000   0.0000   0.0000   0.0000   0.0000   0.0000
             |    48252    47689    47126    48252    48252    48252    48252
             |
pre_sd_~sing |  -0.2620  -0.3462  -0.3349  -0.3591  -0.5822  -0.8102  -0.2499 
             |   0.0000   0.0000   0.0000   0.0000   0.0000   0.0000   0.0000
             |    48252    47689    47126    48252    48252    48252    48252
             |
pre_ln_mea~s |   0.1962   0.2786   0.2640   0.2566   0.4436   0.7048   0.1612 
             |   0.0000   0.0000   0.0000   0.0000   0.0000   0.0000   0.0000
             |    48252    47689    47126    48252    48252    48252    48252
             |
pre_ln_mea~g |  -0.1981  -0.2836  -0.2682  -0.2577  -0.4496  -0.7111  -0.1701 
             |   0.0000   0.0000   0.0000   0.0000   0.0000   0.0000   0.0000
             |    48252    47689    47126    48252    48252    48252    48252
             |
pre_ars_wi~t |   0.2531   0.3230   0.3105   0.3590   0.5610   0.7689   0.2442 
             |   0.0000   0.0000   0.0000   0.0000   0.0000   0.0000   0.0000
             |    48252    47689    47126    48252    48252    48252    48252
             |
pre_ars_wi~g |  -0.2638  -0.3451  -0.3348  -0.3641  -0.5862  -0.8101  -0.2540 
             |   0.0000   0.0000   0.0000   0.0000   0.0000   0.0000   0.0000
             |    48252    47689    47126    48252    48252    48252    48252
             |

             | pre_me.. pre_me.. pre_sd.. pre_sd.. pre_ln~s pre_ln~g pre_ar~t
-------------+---------------------------------------------------------------
pre_mea~ting |   1.0000 
             |
             |    48252
             |
pre_mea~sing |  -0.8797   1.0000 
             |   0.0000
             |    48252    48252
             |
pre_sd_~ting |   0.3479  -0.4882   1.0000 
             |   0.0000   0.0000
             |    48252    48252    48252
             |
pre_sd_~sing |  -0.6542   0.6855  -0.7122   1.0000 
             |   0.0000   0.0000   0.0000
             |    48252    48252    48252    48252
             |
pre_ln_mea~s |   0.8545  -0.9870   0.4903  -0.6800   1.0000 
             |   0.0000   0.0000   0.0000   0.0000
             |    48252    48252    48252    48252    48252
             |
pre_ln_mea~g |  -0.8797   1.0000  -0.4882   0.6855  -0.9870   1.0000 
             |   0.0000   0.0000   0.0000   0.0000   0.0000
             |    48252    48252    48252    48252    48252    48252
             |
pre_ars_wi~t |   0.6305  -0.6252   0.5572  -0.9121   0.6017  -0.6252   1.0000 
             |   0.0000   0.0000   0.0000   0.0000   0.0000   0.0000
             |    48252    48252    48252    48252    48252    48252    48252
             |
pre_ars_wi~g |  -0.6451   0.6720  -0.6994   0.9803  -0.6674   0.6720  -0.9304 
             |   0.0000   0.0000   0.0000   0.0000   0.0000   0.0000   0.0000
             |    48252    48252    48252    48252    48252    48252    48252
             |

             | pre_ar..
-------------+---------
pre_ars_wi~g |   1.0000 
             |
             |    48252
             |

. 
end of do-file

