---------------------------------------------------------------------------------------------------------------------------------------------------------------------------------------------------------------------------------------------------------------
      name:  <unnamed>
       log:  /Users/samxie/Research/ReviewSimi_Sales/Code/stata-log/run_routeB_engagement_style_260605.log
  log type:  text
 opened on:  17 Jul 2026, 17:58:45

. 
. keep if cs_sample_focus100 == 1
(5,406 observations deleted)

. 
. capture drop hotel_id_num

. capture confirm numeric variable HotelID

. if _rc encode HotelID, gen(hotel_id_num)

. else gen long hotel_id_num = HotelID

. 
. capture drop ym

. gen ym = monthly(year_month, "YM")

. format ym %tm

. xtset hotel_id_num ym

Panel variable: hotel_id_num (unbalanced)
 Time variable: ym, 2011m1 to 2022m9, but with gaps
         Delta: 1 month

. sort hotel_id_num ym

. 
. capture drop ln_lag_mr_words

. capture drop ln_lag_mr_avg_words

. gen double ln_lag_mr_words = ln(lag_mr_text_words + 1) if !missing(lag_mr_text_words)

. gen double ln_lag_mr_avg_words = ln(lag_mr_avg_text_words + 1) if !missing(lag_mr_avg_text_words)

. 
. 
. winsor2 ln_RevPAR_clean, cuts(1 99) suffix(_w199)

. winsor2 ln_RevPAR_clean, cuts(5 95) suffix(_w595)

. winsor2 ln_lag_RevPAR_clean, cuts(1 99) suffix(_w199)

. winsor2 ln_lag_RevPAR_clean, cuts(5 95) suffix(_w595)

. 
. 
. winsor2 ln_RevPAR_clean, cuts(1 99) suffix(_w199_cym) by(City ym)

. winsor2 ln_RevPAR_clean, cuts(5 95) suffix(_w595_cym) by(City ym)

. winsor2 ln_lag_RevPAR_clean, cuts(1 99) suffix(_w199_cym) by(City ym)

. winsor2 ln_lag_RevPAR_clean, cuts(5 95) suffix(_w595_cym) by(City ym)

. 
end of do-file

. do "/var/folders/x9/p1d98gj518326zdc2s5gzn8w0000gn/T//SD16814.000000"

. reghdfe ln_RevPAR_clean sim_mean ///
>     ln_recent_volumn recent_sd recent_rating ln_lag_volumn_acc lag_avg_rating_acc lag_sd_acc ///
>     ln_avg_com_RevPAR ln_lag_RevPAR_clean ///
>     if cs_sample_focus100 == 1 & lag_mr_any == 0, absorb(hotel_id_num ym) vce(cluster hotel_id_num)
(dropped 4 singleton observations)
(MWFE estimator converged in 9 iterations)

HDFE Linear regression                            Number of obs   =     16,748
Absorbing 2 HDFE groups                           F(   9,    551) =      60.89
Statistics robust to heteroskedasticity           Prob > F        =     0.0000
                                                  R-squared       =     0.8576
                                                  Adj R-squared   =     0.8514
                                                  Within R-sq.    =     0.2349
Number of clusters (hotel_id_num) =        552    Root MSE        =     0.2693

                                (Std. err. adjusted for 552 clusters in hotel_id_num)
-------------------------------------------------------------------------------------
                    |               Robust
    ln_RevPAR_clean | Coefficient  std. err.      t    P>|t|     [95% conf. interval]
--------------------+----------------------------------------------------------------
           sim_mean |  -.1990478   .0916899    -2.17   0.030    -.3791523   -.0189433
   ln_recent_volumn |   .0923248   .0140769     6.56   0.000     .0646738    .1199758
          recent_sd |  -.0015333   .0113957    -0.13   0.893    -.0239176    .0208511
      recent_rating |   .0304319   .0089874     3.39   0.001     .0127781    .0480856
  ln_lag_volumn_acc |   .0336172   .0119123     2.82   0.005     .0102181    .0570163
 lag_avg_rating_acc |  -.0323703   .0409218    -0.79   0.429    -.1127521    .0480116
         lag_sd_acc |    -.00172   .0453291    -0.04   0.970     -.090759     .087319
  ln_avg_com_RevPAR |   .1279885   .0164188     7.80   0.000     .0957373    .1602397
ln_lag_RevPAR_clean |    .361213   .0341694    10.57   0.000     .2940948    .4283312
              _cons |   1.771802   .2184067     8.11   0.000     1.342791    2.200814
-------------------------------------------------------------------------------------

Absorbed degrees of freedom:
------------------------------------------------------+
  Absorbed FE | Categories  - Redundant  = Num. Coefs |
--------------+---------------------------------------|
 hotel_id_num |       552         552           0    *|
           ym |       135           1         134     |
------------------------------------------------------+
* = FE nested within cluster; treated as redundant for DoF computation

. 
end of do-file

. do "/var/folders/x9/p1d98gj518326zdc2s5gzn8w0000gn/T//SD16814.000000"

. reghdfe ln_RevPAR_clean sim_mean ///
>     ln_recent_volumn recent_sd recent_rating ln_lag_volumn_acc lag_avg_rating_acc lag_sd_acc ///
>     ln_avg_com_RevPAR ln_lag_RevPAR_clean ///
>     if cs_sample_focus100 == 1 & lag_mr_any == 1, absorb(hotel_id_num ym) vce(cluster hotel_id_num)
(dropped 19 singleton observations)
(MWFE estimator converged in 8 iterations)

HDFE Linear regression                            Number of obs   =     16,777
Absorbing 2 HDFE groups                           F(   9,    502) =      52.75
Statistics robust to heteroskedasticity           Prob > F        =     0.0000
                                                  R-squared       =     0.8622
                                                  Adj R-squared   =     0.8567
                                                  Within R-sq.    =     0.2457
Number of clusters (hotel_id_num) =        503    Root MSE        =     0.2551

                                (Std. err. adjusted for 503 clusters in hotel_id_num)
-------------------------------------------------------------------------------------
                    |               Robust
    ln_RevPAR_clean | Coefficient  std. err.      t    P>|t|     [95% conf. interval]
--------------------+----------------------------------------------------------------
           sim_mean |  -.2133829   .0954571    -2.24   0.026    -.4009276   -.0258382
   ln_recent_volumn |   .0867224   .0122417     7.08   0.000     .0626711    .1107737
          recent_sd |   -.018814   .0137955    -1.36   0.173     -.045918      .00829
      recent_rating |   .0112671   .0094784     1.19   0.235    -.0073551    .0298893
  ln_lag_volumn_acc |   .0301282   .0107143     2.81   0.005     .0090779    .0511785
 lag_avg_rating_acc |   .0782634    .040122     1.95   0.052    -.0005644    .1570912
         lag_sd_acc |  -.0011273    .055595    -0.02   0.984    -.1103549    .1081002
  ln_avg_com_RevPAR |   .1573299   .0198579     7.92   0.000     .1183151    .1963447
ln_lag_RevPAR_clean |   .4123449    .034193    12.06   0.000     .3451658    .4795239
              _cons |   1.198196   .2177736     5.50   0.000     .7703361    1.626056
-------------------------------------------------------------------------------------

Absorbed degrees of freedom:
------------------------------------------------------+
  Absorbed FE | Categories  - Redundant  = Num. Coefs |
--------------+---------------------------------------|
 hotel_id_num |       503         503           0    *|
           ym |       133           1         132     |
------------------------------------------------------+
* = FE nested within cluster; treated as redundant for DoF computation

. 
end of do-file

. do "/var/folders/x9/p1d98gj518326zdc2s5gzn8w0000gn/T//SD16814.000000"

. capture drop med_lag_mr_rate

. capture drop g_hi_rate

. bysort Zip ym: egen med_lag_mr_rate = median(lag_mr_rate)

. generate g_hi_rate = 1 if cs_sample_focus100 == 1 & !missing(lag_mr_rate) & lag_mr_rate > med_lag_mr_rate
(25,360 missing values generated)

. replace g_hi_rate = 0 if cs_sample_focus100 == 1 & !missing(lag_mr_rate) & lag_mr_rate < med_lag_mr_rate
(8,238 real changes made)

. 
. reghdfe ln_RevPAR_clean_w199 sim_mean ///
>     ln_recent_volumn recent_sd recent_rating ln_lag_volumn_acc lag_avg_rating_acc lag_sd_acc ///
>     ln_avg_com_RevPAR ln_lag_RevPAR_clean_w199 lag_mr_any ///
>     if cs_sample_focus100 == 1 & g_hi_rate == 0, absorb(hotel_id_num ym) vce(cluster hotel_id_num)
(dropped 33 singleton observations)
(MWFE estimator converged in 9 iterations)

HDFE Linear regression                            Number of obs   =      7,924
Absorbing 2 HDFE groups                           F(  10,    431) =      65.48
Statistics robust to heteroskedasticity           Prob > F        =     0.0000
                                                  R-squared       =     0.9123
                                                  Adj R-squared   =     0.9056
                                                  Within R-sq.    =     0.2816
Number of clusters (hotel_id_num) =        432    Root MSE        =     0.2051

                                     (Std. err. adjusted for 432 clusters in hotel_id_num)
------------------------------------------------------------------------------------------
                         |               Robust
    ln_RevPAR_clean_w199 | Coefficient  std. err.      t    P>|t|     [95% conf. interval]
-------------------------+----------------------------------------------------------------
                sim_mean |  -.3070832   .1078632    -2.85   0.005    -.5190866   -.0950798
        ln_recent_volumn |   .0970264    .013568     7.15   0.000     .0703587    .1236942
               recent_sd |   .0007444   .0126782     0.06   0.953    -.0241744    .0256632
           recent_rating |   .0220496     .00969     2.28   0.023      .003004    .0410951
       ln_lag_volumn_acc |   .0297706   .0113705     2.62   0.009     .0074222    .0521191
      lag_avg_rating_acc |   .0110095   .0384048     0.29   0.775    -.0644744    .0864934
              lag_sd_acc |  -.0240267   .0469508    -0.51   0.609    -.1163076    .0682543
       ln_avg_com_RevPAR |   .2034936   .0208526     9.76   0.000     .1625081     .244479
ln_lag_RevPAR_clean_w199 |   .3385724   .0218716    15.48   0.000     .2955841    .3815606
              lag_mr_any |   .0010028   .0070368     0.14   0.887    -.0128279    .0148336
                   _cons |   1.529195   .2150797     7.11   0.000     1.106459     1.95193
------------------------------------------------------------------------------------------

Absorbed degrees of freedom:
------------------------------------------------------+
  Absorbed FE | Categories  - Redundant  = Num. Coefs |
--------------+---------------------------------------|
 hotel_id_num |       432         432           0    *|
           ym |       119           1         118     |
------------------------------------------------------+
* = FE nested within cluster; treated as redundant for DoF computation

. 
end of do-file

. do "/var/folders/x9/p1d98gj518326zdc2s5gzn8w0000gn/T//SD16814.000000"

. reghdfe ln_RevPAR_clean_w199 sim_mean ///
>     ln_recent_volumn recent_sd recent_rating ln_lag_volumn_acc lag_avg_rating_acc lag_sd_acc ///
>     ln_avg_com_RevPAR ln_lag_RevPAR_clean_w199 lag_mr_any ///
>     if cs_sample_focus100 == 1 & g_hi_rate == 1, absorb(hotel_id_num ym) vce(cluster hotel_id_num)
(dropped 33 singleton observations)
(MWFE estimator converged in 9 iterations)
note: lag_mr_any is probably collinear with the fixed effects (all partialled-out values are close to zero; tol = 1.0e-09)

HDFE Linear regression                            Number of obs   =      9,198
Absorbing 2 HDFE groups                           F(   9,    433) =      61.46
Statistics robust to heteroskedasticity           Prob > F        =     0.0000
                                                  R-squared       =     0.8781
                                                  Adj R-squared   =     0.8700
                                                  Within R-sq.    =     0.2715
Number of clusters (hotel_id_num) =        434    Root MSE        =     0.2169

                                     (Std. err. adjusted for 434 clusters in hotel_id_num)
------------------------------------------------------------------------------------------
                         |               Robust
    ln_RevPAR_clean_w199 | Coefficient  std. err.      t    P>|t|     [95% conf. interval]
-------------------------+----------------------------------------------------------------
                sim_mean |   -.129462   .1089093    -1.19   0.235    -.3435187    .0845947
        ln_recent_volumn |   .0702133   .0138515     5.07   0.000     .0429887    .0974379
               recent_sd |  -.0080712    .014621    -0.55   0.581    -.0368081    .0206657
           recent_rating |   .0082493   .0118652     0.70   0.487    -.0150714    .0315699
       ln_lag_volumn_acc |   .0393343   .0124414     3.16   0.002     .0148814    .0637873
      lag_avg_rating_acc |   .0769254   .0500459     1.54   0.125    -.0214377    .1752884
              lag_sd_acc |  -.0047755   .0708401    -0.07   0.946    -.1440086    .1344577
       ln_avg_com_RevPAR |   .1887054   .0244846     7.71   0.000      .140582    .2368288
ln_lag_RevPAR_clean_w199 |    .381124   .0250799    15.20   0.000     .3318305    .4304175
              lag_mr_any |          0  (omitted)
                   _cons |   1.165084    .255923     4.55   0.000     .6620781     1.66809
------------------------------------------------------------------------------------------

Absorbed degrees of freedom:
------------------------------------------------------+
  Absorbed FE | Categories  - Redundant  = Num. Coefs |
--------------+---------------------------------------|
 hotel_id_num |       434         434           0    *|
           ym |       129           1         128     |
------------------------------------------------------+
* = FE nested within cluster; treated as redundant for DoF computation

. 
end of do-file

. use "/Users/samxie/Research/ReviewSimi_Sales/Code/outputs/core_simi_260501/data/routeAB_heterogeneity_final_260715.dta", clear

. do "/var/folders/x9/p1d98gj518326zdc2s5gzn8w0000gn/T//SD16814.000000"

. ************************************************************
. * Route A/B heterogeneity: interaction, high group, low group,
. * and bdiff group-difference test for every moderator.
. * Final deliverables only: one DTA and one RTF.
. ************************************************************
. 
. version 17.0

. clear all

. set more off

. set linesize 255

. capture log close _all
