---------------------------------------------------------------------------------------------------------------------------------------------------------------------------------------------------------------------------------------------------------------
      name:  <unnamed>
       log:  /Users/samxie/Research/ReviewSimi_Sales/Code/stata-log/run_event_month_pool_gt100_mr_targeting_260711.log
  log type:  text
 opened on:  12 Jul 2026, 18:00:14

. estimates clear

. 
. * T1-T3: ARS revenue moderation by complaint, service, and room targeting.
. reghdfe ln_RevPAR_clean_w199 c.sim_mean##c.lag_mr_rep_complaint_share lag_mr_any lag_mr_count lag_mr_quick7_share ln_recent_volumn recent_rating recent_sd ln_lag_volumn_acc lag_avg_rating_acc lag_sd_acc ln_avg_com_RevPAR ln_lag_RevPAR_clean_w199 if !mis
> sing(sim_mean, lag_mr_rep_complaint_share), absorb(hotel_id_num ym) vce(cluster hotel_id_num)
(dropped 2 singleton observations)
(MWFE estimator converged in 7 iterations)

HDFE Linear regression                            Number of obs   =     33,317
Absorbing 2 HDFE groups                           F(  14,    555) =      97.41
Statistics robust to heteroskedasticity           Prob > F        =     0.0000
                                                  R-squared       =     0.8777
                                                  Adj R-squared   =     0.8751
                                                  Within R-sq.    =     0.3042
Number of clusters (hotel_id_num) =        556    Root MSE        =     0.2290

                                                    (Std. err. adjusted for 556 clusters in hotel_id_num)
---------------------------------------------------------------------------------------------------------
                                        |               Robust
                   ln_RevPAR_clean_w199 | Coefficient  std. err.      t    P>|t|     [95% conf. interval]
----------------------------------------+----------------------------------------------------------------
                               sim_mean |  -.0844251   .0305628    -2.76   0.006     -.144458   -.0243923
             lag_mr_rep_complaint_share |  -.0100107   .0179724    -0.56   0.578    -.0453129    .0252915
                                        |
c.sim_mean#c.lag_mr_rep_complaint_share |   .0172434    .051621     0.33   0.738    -.0841531    .1186399
                                        |
                             lag_mr_any |   .0072019    .010173     0.71   0.479    -.0127804    .0271842
                           lag_mr_count |  -.0004037   .0001985    -2.03   0.042    -.0007936   -.0000139
                    lag_mr_quick7_share |    .005631   .0065937     0.85   0.393    -.0073207    .0185827
                       ln_recent_volumn |   .0802417   .0085393     9.40   0.000     .0634684     .097015
                          recent_rating |   .0205716    .005988     3.44   0.001     .0088097    .0323334
                              recent_sd |   .0022279   .0074383     0.30   0.765    -.0123826    .0168385
                      ln_lag_volumn_acc |   .0279852   .0071136     3.93   0.000     .0140124    .0419579
                     lag_avg_rating_acc |   .0039889   .0277315     0.14   0.886    -.0504827    .0584605
                             lag_sd_acc |   -.014013   .0344086    -0.41   0.684       -.0816     .053574
                      ln_avg_com_RevPAR |   .1202891    .011998    10.03   0.000     .0967221    .1438561
               ln_lag_RevPAR_clean_w199 |   .4396758   .0177374    24.79   0.000     .4048353    .4745164
                                  _cons |   1.444405   .1500462     9.63   0.000     1.149678    1.739133
---------------------------------------------------------------------------------------------------------

Absorbed degrees of freedom:
------------------------------------------------------+
  Absorbed FE | Categories  - Redundant  = Num. Coefs |
--------------+---------------------------------------|
 hotel_id_num |       556         556           0    *|
           ym |       135           1         134     |
------------------------------------------------------+
* = FE nested within cluster; treated as redundant for DoF computation

. estimates store T1_complaint

. reghdfe ln_RevPAR_clean_w199 c.sim_mean##c.lag_mr_rep_service_share lag_mr_any lag_mr_count lag_mr_quick7_share ln_recent_volumn recent_rating recent_sd ln_lag_volumn_acc lag_avg_rating_acc lag_sd_acc ln_avg_com_RevPAR ln_lag_RevPAR_clean_w199 if !missi
> ng(sim_mean, lag_mr_rep_service_share), absorb(hotel_id_num ym) vce(cluster hotel_id_num)
(dropped 2 singleton observations)
(MWFE estimator converged in 7 iterations)

HDFE Linear regression                            Number of obs   =     33,317
Absorbing 2 HDFE groups                           F(  14,    555) =      96.98
Statistics robust to heteroskedasticity           Prob > F        =     0.0000
                                                  R-squared       =     0.8777
                                                  Adj R-squared   =     0.8751
                                                  Within R-sq.    =     0.3042
Number of clusters (hotel_id_num) =        556    Root MSE        =     0.2290

                                                  (Std. err. adjusted for 556 clusters in hotel_id_num)
-------------------------------------------------------------------------------------------------------
                                      |               Robust
                 ln_RevPAR_clean_w199 | Coefficient  std. err.      t    P>|t|     [95% conf. interval]
--------------------------------------+----------------------------------------------------------------
                             sim_mean |  -.0764702   .0299335    -2.55   0.011    -.1352671   -.0176734
             lag_mr_rep_service_share |    .003909    .019734     0.20   0.843    -.0348534    .0426715
                                      |
c.sim_mean#c.lag_mr_rep_service_share |  -.0084777    .065156    -0.13   0.897    -.1364601    .1195047
                                      |
                           lag_mr_any |   .0016915   .0079388     0.21   0.831    -.0139023    .0172852
                         lag_mr_count |  -.0003943   .0001988    -1.98   0.048    -.0007848   -3.82e-06
                  lag_mr_quick7_share |   .0056471   .0065937     0.86   0.392    -.0073045    .0185987
                     ln_recent_volumn |   .0803021   .0085351     9.41   0.000     .0635371    .0970671
                        recent_rating |   .0206262   .0059932     3.44   0.001      .008854    .0323985
                            recent_sd |   .0021689   .0074396     0.29   0.771    -.0124442     .016782
                    ln_lag_volumn_acc |   .0280135   .0071116     3.94   0.000     .0140446    .0419825
                   lag_avg_rating_acc |   .0039761   .0277364     0.14   0.886     -.050505    .0584572
                           lag_sd_acc |  -.0140135   .0344157    -0.41   0.684    -.0816143    .0535874
                    ln_avg_com_RevPAR |   .1202554    .011997    10.02   0.000     .0966903    .1438204
             ln_lag_RevPAR_clean_w199 |   .4396465   .0177424    24.78   0.000     .4047961    .4744969
                                _cons |   1.441924   .1502587     9.60   0.000     1.146779    1.737069
-------------------------------------------------------------------------------------------------------

Absorbed degrees of freedom:
------------------------------------------------------+
  Absorbed FE | Categories  - Redundant  = Num. Coefs |
--------------+---------------------------------------|
 hotel_id_num |       556         556           0    *|
           ym |       135           1         134     |
------------------------------------------------------+
* = FE nested within cluster; treated as redundant for DoF computation

. estimates store T2_service

. reghdfe ln_RevPAR_clean_w199 c.sim_mean##c.lag_mr_rep_room_share lag_mr_any lag_mr_count lag_mr_quick7_share ln_recent_volumn recent_rating recent_sd ln_lag_volumn_acc lag_avg_rating_acc lag_sd_acc ln_avg_com_RevPAR ln_lag_RevPAR_clean_w199 if !missing(
> sim_mean, lag_mr_rep_room_share), absorb(hotel_id_num ym) vce(cluster hotel_id_num)
(dropped 2 singleton observations)
(MWFE estimator converged in 7 iterations)

HDFE Linear regression                            Number of obs   =     33,317
Absorbing 2 HDFE groups                           F(  14,    555) =      96.77
Statistics robust to heteroskedasticity           Prob > F        =     0.0000
                                                  R-squared       =     0.8777
                                                  Adj R-squared   =     0.8751
                                                  Within R-sq.    =     0.3042
Number of clusters (hotel_id_num) =        556    Root MSE        =     0.2290

                                               (Std. err. adjusted for 556 clusters in hotel_id_num)
----------------------------------------------------------------------------------------------------
                                   |               Robust
              ln_RevPAR_clean_w199 | Coefficient  std. err.      t    P>|t|     [95% conf. interval]
-----------------------------------+----------------------------------------------------------------
                          sim_mean |  -.0837031   .0288114    -2.91   0.004    -.1402957   -.0271104
             lag_mr_rep_room_share |  -.0133903   .0189973    -0.70   0.481    -.0507056     .023925
                                   |
c.sim_mean#c.lag_mr_rep_room_share |   .0161596    .062139     0.26   0.795    -.1058967    .1382159
                                   |
                        lag_mr_any |   .0080204   .0073077     1.10   0.273    -.0063337    .0223745
                      lag_mr_count |  -.0004193   .0001982    -2.12   0.035    -.0008087   -.0000299
               lag_mr_quick7_share |   .0057119   .0065934     0.87   0.387    -.0072392    .0186629
                  ln_recent_volumn |   .0801843   .0085471     9.38   0.000     .0633956     .096973
                     recent_rating |   .0202826   .0059966     3.38   0.001     .0085038    .0320615
                         recent_sd |   .0021734   .0074335     0.29   0.770    -.0124279    .0167747
                 ln_lag_volumn_acc |   .0279981   .0071186     3.93   0.000     .0140155    .0419807
                lag_avg_rating_acc |   .0039221   .0277582     0.14   0.888    -.0506019    .0584462
                        lag_sd_acc |  -.0140517   .0344488    -0.41   0.684    -.0817176    .0536142
                 ln_avg_com_RevPAR |   .1202788   .0119926    10.03   0.000     .0967224    .1438352
          ln_lag_RevPAR_clean_w199 |   .4396189   .0177531    24.76   0.000     .4047473    .4744905
                             _cons |   1.446016   .1498269     9.65   0.000     1.151719    1.740313
----------------------------------------------------------------------------------------------------

Absorbed degrees of freedom:
------------------------------------------------------+
  Absorbed FE | Categories  - Redundant  = Num. Coefs |
--------------+---------------------------------------|
 hotel_id_num |       556         556           0    *|
           ym |       135           1         134     |
------------------------------------------------------+
* = FE nested within cluster; treated as redundant for DoF computation

. estimates store T3_room

. 
. * T4-T6: the original Route B targeting production outcomes.
. reghdfe ln_recent_volumn lag_mr_rep_complaint_share lag_mr_rep_service_share lag_mr_rep_room_share lag_mr_rep_clean_share lag_mr_rep_value_share lag_mr_rate lag_mr_count ln_lag_mr_words recent_sd recent_rating ln_lag_volumn_acc lag_avg_rating_acc lag_sd
> _acc lag_avg_rating_month ln_avg_com_RevPAR ln_lag_RevPAR_clean_w199 if !missing(ln_recent_volumn), absorb(hotel_id_num ym) vce(cluster hotel_id_num)
(dropped 2 singleton observations)
(MWFE estimator converged in 7 iterations)

HDFE Linear regression                            Number of obs   =     33,514
Absorbing 2 HDFE groups                           F(  16,    555) =      34.24
Statistics robust to heteroskedasticity           Prob > F        =     0.0000
                                                  R-squared       =     0.7023
                                                  Adj R-squared   =     0.6959
                                                  Within R-sq.    =     0.1340
Number of clusters (hotel_id_num) =        556    Root MSE        =     0.2076

                                       (Std. err. adjusted for 556 clusters in hotel_id_num)
--------------------------------------------------------------------------------------------
                           |               Robust
          ln_recent_volumn | Coefficient  std. err.      t    P>|t|     [95% conf. interval]
---------------------------+----------------------------------------------------------------
lag_mr_rep_complaint_share |  -.0326195   .0129924    -2.51   0.012    -.0581397   -.0070992
  lag_mr_rep_service_share |   .0010111   .0057349     0.18   0.860    -.0102537    .0122758
     lag_mr_rep_room_share |  -.0107372   .0059836    -1.79   0.073    -.0224904    .0010161
    lag_mr_rep_clean_share |  -.0286174   .0058577    -4.89   0.000    -.0401234   -.0171114
    lag_mr_rep_value_share |  -.0172902   .0073839    -2.34   0.020    -.0317939   -.0027864
               lag_mr_rate |  -.0280738   .0066986    -4.19   0.000    -.0412315   -.0149161
              lag_mr_count |   .0081018   .0012841     6.31   0.000     .0055795    .0106241
           ln_lag_mr_words |   .0167014   .0034408     4.85   0.000     .0099427      .02346
                 recent_sd |  -.0365445   .0089546    -4.08   0.000    -.0541335   -.0189556
             recent_rating |   .0580643   .0073261     7.93   0.000     .0436741    .0724546
         ln_lag_volumn_acc |   .0767768   .0116927     6.57   0.000     .0538094    .0997443
        lag_avg_rating_acc |   .0595487   .0332515     1.79   0.074    -.0057654    .1248628
                lag_sd_acc |    .050991   .0444775     1.15   0.252    -.0363738    .1383558
      lag_avg_rating_month |  -.0029615   .0011742    -2.52   0.012    -.0052678   -.0006551
         ln_avg_com_RevPAR |   .0143915   .0070018     2.06   0.040     .0006383    .0281448
  ln_lag_RevPAR_clean_w199 |   .0520698   .0073442     7.09   0.000      .037644    .0664955
                     _cons |   1.511604   .1616887     9.35   0.000     1.194007      1.8292
--------------------------------------------------------------------------------------------

Absorbed degrees of freedom:
------------------------------------------------------+
  Absorbed FE | Categories  - Redundant  = Num. Coefs |
--------------+---------------------------------------|
 hotel_id_num |       556         556           0    *|
           ym |       135           1         134     |
------------------------------------------------------+
* = FE nested within cluster; treated as redundant for DoF computation

. estimates store T4_volume

. reghdfe sim_mean lag_mr_rep_complaint_share lag_mr_rep_service_share lag_mr_rep_room_share lag_mr_rep_clean_share lag_mr_rep_value_share lag_mr_rate lag_mr_count ln_lag_mr_words ln_recent_volumn recent_sd recent_rating ln_lag_volumn_acc lag_avg_rating_a
> cc lag_sd_acc lag_avg_rating_month ln_avg_com_RevPAR ln_lag_RevPAR_clean_w199 if !missing(sim_mean), absorb(hotel_id_num ym) vce(cluster hotel_id_num)
(dropped 2 singleton observations)
(MWFE estimator converged in 7 iterations)

HDFE Linear regression                            Number of obs   =     33,360
Absorbing 2 HDFE groups                           F(  17,    555) =      76.71
Statistics robust to heteroskedasticity           Prob > F        =     0.0000
                                                  R-squared       =     0.2536
                                                  Adj R-squared   =     0.2375
                                                  Within R-sq.    =     0.0815
Number of clusters (hotel_id_num) =        556    Root MSE        =     0.0586

                                       (Std. err. adjusted for 556 clusters in hotel_id_num)
--------------------------------------------------------------------------------------------
                           |               Robust
                  sim_mean | Coefficient  std. err.      t    P>|t|     [95% conf. interval]
---------------------------+----------------------------------------------------------------
lag_mr_rep_complaint_share |   .0070717   .0034291     2.06   0.040     .0003361    .0138072
  lag_mr_rep_service_share |  -.0050254   .0018364    -2.74   0.006    -.0086325   -.0014182
     lag_mr_rep_room_share |  -.0138552   .0019005    -7.29   0.000    -.0175882   -.0101222
    lag_mr_rep_clean_share |   .0007528   .0017593     0.43   0.669     -.002703    .0042086
    lag_mr_rep_value_share |  -.0048762   .0020769    -2.35   0.019    -.0089558   -.0007967
               lag_mr_rate |    .000266   .0003289     0.81   0.419    -.0003801    .0009121
              lag_mr_count |  -.0001236   .0000473    -2.62   0.009    -.0002165   -.0000308
           ln_lag_mr_words |   .0010126   .0004299     2.36   0.019     .0001681    .0018571
          ln_recent_volumn |   .0249091   .0017888    13.93   0.000     .0213955    .0284228
                 recent_sd |   -.037067   .0017922   -20.68   0.000    -.0405873   -.0335468
             recent_rating |   .0063782   .0013873     4.60   0.000     .0036531    .0091033
         ln_lag_volumn_acc |   .0026116   .0014006     1.86   0.063    -.0001396    .0053629
        lag_avg_rating_acc |   -.019137   .0049724    -3.85   0.000     -.028904     -.00937
                lag_sd_acc |   .0120464   .0062174     1.94   0.053    -.0001661    .0242589
      lag_avg_rating_month |   .0067162   .0006236    10.77   0.000     .0054913    .0079412
         ln_avg_com_RevPAR |   .0004277   .0011326     0.38   0.706    -.0017969    .0026523
  ln_lag_RevPAR_clean_w199 |   -.003038    .001414    -2.15   0.032    -.0058155   -.0002604
                     _cons |   .2774623   .0234678    11.82   0.000     .2313658    .3235589
--------------------------------------------------------------------------------------------

Absorbed degrees of freedom:
------------------------------------------------------+
  Absorbed FE | Categories  - Redundant  = Num. Coefs |
--------------+---------------------------------------|
 hotel_id_num |       556         556           0    *|
           ym |       135           1         134     |
------------------------------------------------------+
* = FE nested within cluster; treated as redundant for DoF computation

. estimates store T5_pool

. reghdfe sent_net_pos_bing lag_mr_rep_complaint_share lag_mr_rep_service_share lag_mr_rep_room_share lag_mr_rep_clean_share lag_mr_rep_value_share lag_mr_rate lag_mr_count ln_lag_mr_words ln_recent_volumn sim_mean recent_sd recent_rating ln_lag_volumn_ac
> c lag_avg_rating_acc lag_sd_acc lag_avg_rating_month ln_avg_com_RevPAR ln_lag_RevPAR_clean_w199 if !missing(sent_net_pos_bing), absorb(hotel_id_num ym) vce(cluster hotel_id_num)
(dropped 2 singleton observations)
(MWFE estimator converged in 7 iterations)

HDFE Linear regression                            Number of obs   =     33,360
Absorbing 2 HDFE groups                           F(  18,    555) =     166.98
Statistics robust to heteroskedasticity           Prob > F        =     0.0000
                                                  R-squared       =     0.2984
                                                  Adj R-squared   =     0.2832
                                                  Within R-sq.    =     0.1111
Number of clusters (hotel_id_num) =        556    Root MSE        =     0.4351

                                       (Std. err. adjusted for 556 clusters in hotel_id_num)
--------------------------------------------------------------------------------------------
                           |               Robust
         sent_net_pos_bing | Coefficient  std. err.      t    P>|t|     [95% conf. interval]
---------------------------+----------------------------------------------------------------
lag_mr_rep_complaint_share |   .0289106   .0229234     1.26   0.208    -.0161167    .0739378
  lag_mr_rep_service_share |  -.0086765   .0141242    -0.61   0.539      -.03642     .019067
     lag_mr_rep_room_share |   .0119733   .0136654     0.88   0.381    -.0148689    .0388155
    lag_mr_rep_clean_share |  -.0114628   .0115936    -0.99   0.323    -.0342355      .01131
    lag_mr_rep_value_share |  -.0352418   .0164593    -2.14   0.033    -.0675719   -.0029117
               lag_mr_rate |   .0001976   .0024874     0.08   0.937    -.0046882    .0050835
              lag_mr_count |  -.0008418    .000296    -2.84   0.005    -.0014233   -.0002603
           ln_lag_mr_words |   .0000293   .0028118     0.01   0.992    -.0054938    .0055525
          ln_recent_volumn |  -.0150731   .0112739    -1.34   0.182    -.0372179    .0070717
                  sim_mean |   .4821219   .0641017     7.52   0.000     .3562103    .6080335
                 recent_sd |  -.0270043   .0120371    -2.24   0.025    -.0506482   -.0033605
             recent_rating |   .3760815   .0108161    34.77   0.000     .3548361    .3973269
         ln_lag_volumn_acc |  -.0034835   .0068863    -0.51   0.613      -.01701     .010043
        lag_avg_rating_acc |  -.2155547   .0395787    -5.45   0.000    -.2932971   -.1378123
                lag_sd_acc |    .022803   .0459093     0.50   0.620    -.0673742    .1129803
      lag_avg_rating_month |  -.0488344   .0047366   -10.31   0.000    -.0581383   -.0395306
         ln_avg_com_RevPAR |  -.0002923   .0065344    -0.04   0.964    -.0131276     .012543
  ln_lag_RevPAR_clean_w199 |   .0038437   .0101667     0.38   0.706    -.0161263    .0238136
                     _cons |   .1321083   .1962301     0.67   0.501    -.2533362    .5175529
--------------------------------------------------------------------------------------------

Absorbed degrees of freedom:
------------------------------------------------------+
  Absorbed FE | Categories  - Redundant  = Num. Coefs |
--------------+---------------------------------------|
 hotel_id_num |       556         556           0    *|
           ym |       135           1         134     |
------------------------------------------------------+
* = FE nested within cluster; treated as redundant for DoF computation

. estimates store T6_sentiment

. 
. * Grouped T1 slopes as in the original Route B targeting file.
. capture drop t1_cell_median t1_high

. bysort Zip ym: egen double t1_cell_median = median(lag_mr_rep_complaint_share) if lag_mr_any == 1
(17,686 missing values generated)

. gen byte t1_high = lag_mr_rep_complaint_share > t1_cell_median if lag_mr_any == 1 & !missing(t1_cell_median)
(17,686 missing values generated)

. replace t1_high = 0 if lag_mr_any == 1 & !missing(t1_cell_median) & t1_high == 0
(0 real changes made)

. reghdfe ln_RevPAR_clean_w199 sim_mean lag_mr_any ln_recent_volumn recent_rating recent_sd ln_lag_volumn_acc lag_avg_rating_acc lag_sd_acc ln_avg_com_RevPAR ln_lag_RevPAR_clean_w199 if t1_high == 0 & !missing(sim_mean), absorb(hotel_id_num ym) vce(cluste
> r hotel_id_num)
(dropped 25 singleton observations)
(MWFE estimator converged in 8 iterations)
note: lag_mr_any is probably collinear with the fixed effects (all partialled-out values are close to zero; tol = 1.0e-09)

HDFE Linear regression                            Number of obs   =     13,331
Absorbing 2 HDFE groups                           F(   9,    494) =      71.21
Statistics robust to heteroskedasticity           Prob > F        =     0.0000
                                                  R-squared       =     0.8861
                                                  Adj R-squared   =     0.8804
                                                  Within R-sq.    =     0.2951
Number of clusters (hotel_id_num) =        495    Root MSE        =     0.2170

                                     (Std. err. adjusted for 495 clusters in hotel_id_num)
------------------------------------------------------------------------------------------
                         |               Robust
    ln_RevPAR_clean_w199 | Coefficient  std. err.      t    P>|t|     [95% conf. interval]
-------------------------+----------------------------------------------------------------
                sim_mean |  -.0938427   .0474537    -1.98   0.049    -.1870787   -.0006067
              lag_mr_any |          0  (omitted)
        ln_recent_volumn |   .0929512   .0120399     7.72   0.000     .0692955     .116607
           recent_rating |   .0095048   .0092156     1.03   0.303    -.0086019    .0276114
               recent_sd |  -.0128786    .011769    -1.09   0.274    -.0360021    .0102449
       ln_lag_volumn_acc |   .0295132    .011358     2.60   0.010     .0071973    .0518291
      lag_avg_rating_acc |   .0428173   .0391299     1.09   0.274    -.0340643    .1196988
              lag_sd_acc |  -.0288016   .0556588    -0.52   0.605    -.1381587    .0805555
       ln_avg_com_RevPAR |   .1418069   .0172617     8.22   0.000     .1078915    .1757223
ln_lag_RevPAR_clean_w199 |   .4283924    .024282    17.64   0.000     .3806836    .4761012
                   _cons |      1.308   .2072249     6.31   0.000     .9008491    1.715151
------------------------------------------------------------------------------------------

Absorbed degrees of freedom:
------------------------------------------------------+
  Absorbed FE | Categories  - Redundant  = Num. Coefs |
--------------+---------------------------------------|
 hotel_id_num |       495         495           0    *|
           ym |       132           1         131     |
------------------------------------------------------+
* = FE nested within cluster; treated as redundant for DoF computation

. estimates store T1_low

. reghdfe ln_RevPAR_clean_w199 sim_mean lag_mr_any ln_recent_volumn recent_rating recent_sd ln_lag_volumn_acc lag_avg_rating_acc lag_sd_acc ln_avg_com_RevPAR ln_lag_RevPAR_clean_w199 if t1_high == 1 & !missing(sim_mean), absorb(hotel_id_num ym) vce(cluste
> r hotel_id_num)
(dropped 66 singleton observations)
(MWFE estimator converged in 9 iterations)
note: lag_mr_any is probably collinear with the fixed effects (all partialled-out values are close to zero; tol = 1.0e-09)

HDFE Linear regression                            Number of obs   =      3,292
Absorbing 2 HDFE groups                           F(   9,    367) =      38.61
Statistics robust to heteroskedasticity           Prob > F        =     0.0000
                                                  R-squared       =     0.9125
                                                  Adj R-squared   =     0.8973
                                                  Within R-sq.    =     0.2769
Number of clusters (hotel_id_num) =        368    Root MSE        =     0.1902

                                     (Std. err. adjusted for 368 clusters in hotel_id_num)
------------------------------------------------------------------------------------------
                         |               Robust
    ln_RevPAR_clean_w199 | Coefficient  std. err.      t    P>|t|     [95% conf. interval]
-------------------------+----------------------------------------------------------------
                sim_mean |  -.0620639   .0846999    -0.73   0.464    -.2286219    .1044941
              lag_mr_any |          0  (omitted)
        ln_recent_volumn |   .0392413   .0147758     2.66   0.008     .0101854    .0682972
           recent_rating |   .0094385   .0138888     0.68   0.497    -.0178731    .0367502
               recent_sd |   .0076508   .0193715     0.39   0.693    -.0304423    .0457438
       ln_lag_volumn_acc |   .0422313    .014565     2.90   0.004     .0135899    .0708727
      lag_avg_rating_acc |   .1656612   .0573883     2.89   0.004       .05281    .2785124
              lag_sd_acc |   .1710194   .0875826     1.95   0.052    -.0012073    .3432462
       ln_avg_com_RevPAR |   .1625489   .0254132     6.40   0.000     .1125752    .2125226
ln_lag_RevPAR_clean_w199 |   .3638449   .0357152    10.19   0.000     .2936127     .434077
                   _cons |   .9043365   .3218819     2.81   0.005     .2713723    1.537301
------------------------------------------------------------------------------------------

Absorbed degrees of freedom:
------------------------------------------------------+
  Absorbed FE | Categories  - Redundant  = Num. Coefs |
--------------+---------------------------------------|
 hotel_id_num |       368         368           0    *|
           ym |       110           1         109     |
------------------------------------------------------+
* = FE nested within cluster; treated as redundant for DoF computation

. estimates store T1_high

. 
. estimates table T1_complaint T2_service T3_room T4_volume T5_pool T6_sentiment T1_low T1_high, b(%9.4f) se stats(N r2_a)

--------------------------------------------------------------------------------------------------------------
    Variable | T1_comp~t   T2_serv~e    T3_room    T4_volume    T5_pool    T6_sent~t    T1_low      T1_high   
-------------+------------------------------------------------------------------------------------------------
    sim_mean |   -0.0844     -0.0765     -0.0837                              0.4821     -0.0938     -0.0621  
             |    0.0306      0.0299      0.0288                              0.0641      0.0475      0.0847  
lag~nt_share |   -0.0100                             -0.0326      0.0071      0.0289                          
             |    0.0180                              0.0130      0.0034      0.0229                          
             |
  c.sim_mean#|
          c. |
lag~nt_share |    0.0172                                                                                      
             |    0.0516                                                                                      
             |
  lag_mr_any |    0.0072      0.0017      0.0080                                       (omitted)   (omitted)  
             |    0.0102      0.0079      0.0073                                                              
lag_mr_count |   -0.0004     -0.0004     -0.0004      0.0081     -0.0001     -0.0008                          
             |    0.0002      0.0002      0.0002      0.0013      0.0000      0.0003                          
lag_~7_share |    0.0056      0.0056      0.0057                                                              
             |    0.0066      0.0066      0.0066                                                              
ln_recent_~n |    0.0802      0.0803      0.0802                  0.0249     -0.0151      0.0930      0.0392  
             |    0.0085      0.0085      0.0085                  0.0018      0.0113      0.0120      0.0148  
recent_rat~g |    0.0206      0.0206      0.0203      0.0581      0.0064      0.3761      0.0095      0.0094  
             |    0.0060      0.0060      0.0060      0.0073      0.0014      0.0108      0.0092      0.0139  
   recent_sd |    0.0022      0.0022      0.0022     -0.0365     -0.0371     -0.0270     -0.0129      0.0077  
             |    0.0074      0.0074      0.0074      0.0090      0.0018      0.0120      0.0118      0.0194  
ln_lag_vol~c |    0.0280      0.0280      0.0280      0.0768      0.0026     -0.0035      0.0295      0.0422  
             |    0.0071      0.0071      0.0071      0.0117      0.0014      0.0069      0.0114      0.0146  
lag_avg_ra~c |    0.0040      0.0040      0.0039      0.0595     -0.0191     -0.2156      0.0428      0.1657  
             |    0.0277      0.0277      0.0278      0.0333      0.0050      0.0396      0.0391      0.0574  
  lag_sd_acc |   -0.0140     -0.0140     -0.0141      0.0510      0.0120      0.0228     -0.0288      0.1710  
             |    0.0344      0.0344      0.0344      0.0445      0.0062      0.0459      0.0557      0.0876  
ln_avg_com~R |    0.1203      0.1203      0.1203      0.0144      0.0004     -0.0003      0.1418      0.1625  
             |    0.0120      0.0120      0.0120      0.0070      0.0011      0.0065      0.0173      0.0254  
ln_la~n_w199 |    0.4397      0.4396      0.4396      0.0521     -0.0030      0.0038      0.4284      0.3638  
             |    0.0177      0.0177      0.0178      0.0073      0.0014      0.0102      0.0243      0.0357  
lag~ce_share |                0.0039                  0.0010     -0.0050     -0.0087                          
             |                0.0197                  0.0057      0.0018      0.0141                          
             |
  c.sim_mean#|
          c. |
lag~ce_share |               -0.0085                                                                          
             |                0.0652                                                                          
             |
lag_~m_share |                           -0.0134     -0.0107     -0.0139      0.0120                          
             |                            0.0190      0.0060      0.0019      0.0137                          
             |
  c.sim_mean#|
          c. |
lag_~m_share |                            0.0162                                                              
             |                            0.0621                                                              
             |
lag_~n_share |                                       -0.0286      0.0008     -0.0115                          
             |                                        0.0059      0.0018      0.0116                          
lag~ue_share |                                       -0.0173     -0.0049     -0.0352                          
             |                                        0.0074      0.0021      0.0165                          
 lag_mr_rate |                                       -0.0281      0.0003      0.0002                          
             |                                        0.0067      0.0003      0.0025                          
ln_l~r_words |                                        0.0167      0.0010      0.0000                          
             |                                        0.0034      0.0004      0.0028                          
lag_avg_ra~h |                                       -0.0030      0.0067     -0.0488                          
             |                                        0.0012      0.0006      0.0047                          
       _cons |    1.4444      1.4419      1.4460      1.5116      0.2775      0.1321      1.3080      0.9043  
             |    0.1500      0.1503      0.1498      0.1617      0.0235      0.1962      0.2072      0.3219  
-------------+------------------------------------------------------------------------------------------------
           N |     33317       33317       33317       33514       33360       33360       13331        3292  
        r2_a |    0.8751      0.8751      0.8751      0.6959      0.2375      0.2832      0.8804      0.8973  
--------------------------------------------------------------------------------------------------------------
                                                                                                  Legend: b/se

. log close
      name:  <unnamed>
       log:  /Users/samxie/Research/ReviewSimi_Sales/Code/stata-log/run_event_month_pool_gt100_mr_targeting_260711.log
  log type:  text
 closed on:  12 Jul 2026, 18:00:16
---------------------------------------------------------------------------------------------------------------------------------------------------------------------------------------------------------------------------------------------------------------
