
  ___  ____  ____  ____  ____ ©
 /__    /   ____/   /   ____/      17.0
___/   /   /___/   /   /___/       MP—Parallel Edition

 Statistics and Data Science       Copyright 1985-2021 StataCorp LLC
                                   StataCorp
                                   4905 Lakeway Drive
                                   College Station, Texas 77845 USA
                                   800-STATA-PC        https://www.stata.com
                                   979-696-4600        stata@stata.com

Stata license: Single-user 2-core  perpetual
Serial number: 501806366047
  Licensed to: Sam Xie
               samxie

Notes:
      1. Stata is running in batch mode.
      2. Unicode is supported; see help unicode_advice.
      3. More than 2 billion observations are allowed; see help obs_advice.
      4. Maximum number of variables is set to 5,000; see help set_maxvar.


Running /Applications/Stata/profile.do ...
command window is unrecognized
r(199);

. do scripts/stata/run_event_month_pool_gt100_winsor_sensitivity_260711.do 

. *******************************************************
. * M0.1 winsor sensitivity, direct Route A variable names.
. *******************************************************
. version 17.0

. clear all

. set more off

. capture log close

. local p "/Users/samxie/Research/ReviewSimi_Sales/Code"

. use "`p'/outputs/core_simi_260501/data/event_month_pool_allreviews_gt100_pane
> l_260711.dta", clear

. do "`p'/scripts/stata/prepare_event_month_pool_gt100_260711.do"

. version 17.0

. set more off

. keep if cs_sample_focus100 == 1
(0 observations deleted)

. capture confirm numeric variable HotelID

. if _rc encode HotelID, gen(hotel_id_num)

. else gen long hotel_id_num = HotelID

. capture drop ym

. gen ym = monthly(year_month, "YM")

. format ym %tm

. capture drop ln_RevPAR_clean_w199 ln_RevPAR_clean_w595 ln_lag_RevPAR_clean_w1
> 99 ln_lag_RevPAR_clean_w595

. * Use Stata's built-in percentile command so the replication does not depend
. * on the user-installed winsor2 package.
. foreach x in ln_RevPAR_clean ln_lag_RevPAR_clean {
  2.     quietly _pctile `x' if !missing(`x'), p(1 99)
  3.     local p1 = r(r1)
  4.     local p99 = r(r2)
  5.     gen double `x'_w199 = `x'
  6.     replace `x'_w199 = min(max(`x', `p1'), `p99') if !missing(`x')
  7.     quietly _pctile `x' if !missing(`x'), p(5 95)
  8.     local p5 = r(r1)
  9.     local p95 = r(r2)
 10.     gen double `x'_w595 = `x'
 11.     replace `x'_w595 = min(max(`x', `p5'), `p95') if !missing(`x')
 12. }
(637 missing values generated)
(680 real changes made)
(637 missing values generated)
(3,406 real changes made)
(1,171 missing values generated)
(671 real changes made)
(1,171 missing values generated)
(3,354 real changes made)

. capture drop zip_n_full_c city_n_full_c gap_zip_mean_full_c gap_city_mean_ful
> l_c price_gap_c

. foreach x in zip_n_full city_n_full gap_zip_mean_full gap_city_mean_full pric
> e_gap {
  2.     quietly summarize `x' if sample_final_reviews_gt100 == 1, meanonly
  3.     gen double `x'_c = `x' - r(mean) if !missing(`x')
  4. }
(716 missing values generated)
(716 missing values generated)
(1,833 missing values generated)
(716 missing values generated)
(1,171 missing values generated)

. capture drop star_class_bucket3 high_star4 high_rank_status high_popularity h
> otel_evaluation_factor ln_lag_mr_words ln_lag_mr_avg_words

. gen byte star_class_bucket3 = 1 if star_class_final < 3 & !missing(star_class
> _final)
(34,623 missing values generated)

. replace star_class_bucket3 = 2 if star_class_final >= 3 & star_class_final < 
> 4
(4,368 real changes made)

. replace star_class_bucket3 = 3 if star_class_final >= 4 & !missing(star_class
> _final)
(29,537 real changes made)

. gen byte high_star4 = star_class_final >= 4 if !missing(star_class_final)
(718 missing values generated)

. quietly summarize hotel_rank_pct if sample_final_reviews_gt100 == 1 & !missin
> g(hotel_rank_pct), detail

. gen byte high_rank_status = hotel_rank_pct <= r(p50) if !missing(hotel_rank_p
> ct)

. quietly bysort Zip ym: egen double pool_pop_median = median(ln_lag_volumn_acc
> )

. gen byte high_popularity = ln_lag_volumn_acc > pool_pop_median if !missing(ln
> _lag_volumn_acc, pool_pop_median)
(562 missing values generated)

. drop pool_pop_median

. capture confirm string variable hotel_evaluation_raw

. if !_rc encode hotel_evaluation_raw, gen(hotel_evaluation_factor)

. else gen long hotel_evaluation_factor = hotel_evaluation_raw

. gen double ln_lag_mr_words = ln(lag_mr_text_words + 1)

. gen double ln_lag_mr_avg_words = ln(lag_mr_avg_text_words + 1) if !missing(la
> g_mr_avg_text_words)

. xtset hotel_id_num ym

Panel variable: hotel_id_num (unbalanced)
 Time variable: ym, 2011m1 to 2022m9, but with gaps
         Delta: 1 month

. 
end of do-file

. capture drop ln_RevPAR_clean_w195 ln_lag_RevPAR_clean_w195

. quietly _pctile ln_RevPAR_clean if !missing(ln_RevPAR_clean), p(1 95)

. local y_p1 = r(r1)

. local y_p95 = r(r2)

. gen double ln_RevPAR_clean_w195 = ln_RevPAR_clean
(637 missing values generated)

. replace ln_RevPAR_clean_w195 = min(max(ln_RevPAR_clean, `y_p1'), `y_p95') if 
> !missing(ln_RevPAR_clean)
(2,043 real changes made)

. quietly _pctile ln_lag_RevPAR_clean if !missing(ln_lag_RevPAR_clean), p(1 95)

. local ly_p1 = r(r1)

. local ly_p95 = r(r2)

. gen double ln_lag_RevPAR_clean_w195 = ln_lag_RevPAR_clean
(1,171 missing values generated)

. replace ln_lag_RevPAR_clean_w195 = min(max(ln_lag_RevPAR_clean, `ly_p1'), `ly
> _p95') if !missing(ln_lag_RevPAR_clean)
(2,013 real changes made)

. log using "`p'/stata-log/run_event_month_pool_gt100_winsor_sensitivity_260711
> .log", text replace
-------------------------------------------------------------------------------
      name:  <unnamed>
       log:  /Users/samxie/Research/ReviewSimi_Sales/Code/stata-log/run_event_m
> onth_pool_gt100_winsor_sensitivity_260711.log
  log type:  text
 opened on:  12 Jul 2026, 19:21:47

. estimates clear

. reghdfe ln_RevPAR_clean_w199 sim_mean ln_recent_volumn recent_sd recent_ratin
> g ln_lag_volumn_acc lag_avg_rating_acc lag_sd_acc ln_avg_com_RevPAR ln_lag_Re
> vPAR_clean_w199 if !missing(sim_mean), absorb(hotel_id_num ym) vce(cluster ho
> tel_id_num)
(dropped 2 singleton observations)
(MWFE estimator converged in 7 iterations)

HDFE Linear regression                            Number of obs   =     33,317
Absorbing 2 HDFE groups                           F(   9,    555) =     143.12
Statistics robust to heteroskedasticity           Prob > F        =     0.0000
                                                  R-squared       =     0.8777
                                                  Adj R-squared   =     0.8750
                                                  Within R-sq.    =     0.3040
Number of clusters (hotel_id_num) =        556    Root MSE        =     0.2290

                         (Std. err. adjusted for 556 clusters in hotel_id_num)
------------------------------------------------------------------------------
             |               Robust
ln_Re~n_w199 | Coefficient  std. err.      t    P>|t|     [95% conf. interval]
-------------+----------------------------------------------------------------
    sim_mean |  -.0787558   .0253303    -3.11   0.002    -.1285108   -.0290008
ln_recent_~n |   .0784068   .0087863     8.92   0.000     .0611482    .0956653
   recent_sd |   .0023682   .0074413     0.32   0.750    -.0122483    .0169848
recent_rat~g |   .0207013   .0059783     3.46   0.001     .0089584    .0324441
ln_lag_vol~c |   .0280486   .0071083     3.95   0.000     .0140862    .0420111
lag_avg_ra~c |   .0040613   .0277367     0.15   0.884    -.0504204    .0585429
  lag_sd_acc |  -.0132234   .0343856    -0.38   0.701    -.0807652    .0543183
ln_avg_com~R |   .1202625   .0119895    10.03   0.000     .0967122    .1438127
ln_la~n_w199 |   .4398377   .0176841    24.87   0.000     .4051017    .4745737
       _cons |   1.447069   .1499439     9.65   0.000     1.152542    1.741595
------------------------------------------------------------------------------

Absorbed degrees of freedom:
------------------------------------------------------+
  Absorbed FE | Categories  - Redundant  = Num. Coefs |
--------------+---------------------------------------|
 hotel_id_num |       556         556           0    *|
           ym |       135           1         134     |
------------------------------------------------------+
* = FE nested within cluster; treated as redundant for DoF computation

. estimates store W199

. reghdfe ln_RevPAR_clean_w595 sim_mean ln_recent_volumn recent_sd recent_ratin
> g ln_lag_volumn_acc lag_avg_rating_acc lag_sd_acc ln_avg_com_RevPAR ln_lag_Re
> vPAR_clean_w595 if !missing(sim_mean), absorb(hotel_id_num ym) vce(cluster ho
> tel_id_num)
(dropped 2 singleton observations)
(MWFE estimator converged in 7 iterations)

HDFE Linear regression                            Number of obs   =     33,317
Absorbing 2 HDFE groups                           F(   9,    555) =     243.57
Statistics robust to heteroskedasticity           Prob > F        =     0.0000
                                                  R-squared       =     0.8774
                                                  Adj R-squared   =     0.8747
                                                  Within R-sq.    =     0.3221
Number of clusters (hotel_id_num) =        556    Root MSE        =     0.1972

                         (Std. err. adjusted for 556 clusters in hotel_id_num)
------------------------------------------------------------------------------
             |               Robust
ln_RevPA~595 | Coefficient  std. err.      t    P>|t|     [95% conf. interval]
-------------+----------------------------------------------------------------
    sim_mean |  -.0604007   .0214438    -2.82   0.005    -.1025217   -.0182797
ln_recent_~n |   .0788574   .0077678    10.15   0.000     .0635994    .0941153
   recent_sd |   -.000157   .0063673    -0.02   0.980    -.0126639    .0123499
recent_rat~g |   .0138746   .0050306     2.76   0.006     .0039933    .0237558
ln_lag_vol~c |   .0237373   .0058886     4.03   0.000     .0121707    .0353039
lag_avg_ra~c |   .0009646   .0215917     0.04   0.964    -.0414469     .043376
  lag_sd_acc |   -.020009   .0271195    -0.74   0.461    -.0732784    .0332604
ln_avg_com~R |   .1052787   .0103511    10.17   0.000     .0849467    .1256108
ln_lag_R~595 |   .4554714   .0135244    33.68   0.000     .4289061    .4820366
       _cons |   1.507957   .1135221    13.28   0.000     1.284971    1.730942
------------------------------------------------------------------------------

Absorbed degrees of freedom:
------------------------------------------------------+
  Absorbed FE | Categories  - Redundant  = Num. Coefs |
--------------+---------------------------------------|
 hotel_id_num |       556         556           0    *|
           ym |       135           1         134     |
------------------------------------------------------+
* = FE nested within cluster; treated as redundant for DoF computation

. estimates store W595

. reghdfe ln_RevPAR_clean_w195 sim_mean ln_recent_volumn recent_sd recent_ratin
> g ln_lag_volumn_acc lag_avg_rating_acc lag_sd_acc ln_avg_com_RevPAR ln_lag_Re
> vPAR_clean_w195 if !missing(sim_mean), absorb(hotel_id_num ym) vce(cluster ho
> tel_id_num)
(dropped 2 singleton observations)
(MWFE estimator converged in 7 iterations)

HDFE Linear regression                            Number of obs   =     33,317
Absorbing 2 HDFE groups                           F(   9,    555) =     168.12
Statistics robust to heteroskedasticity           Prob > F        =     0.0000
                                                  R-squared       =     0.8676
                                                  Adj R-squared   =     0.8647
                                                  Within R-sq.    =     0.3107
Number of clusters (hotel_id_num) =        556    Root MSE        =     0.2203

                         (Std. err. adjusted for 556 clusters in hotel_id_num)
------------------------------------------------------------------------------
             |               Robust
ln_RevPA~195 | Coefficient  std. err.      t    P>|t|     [95% conf. interval]
-------------+----------------------------------------------------------------
    sim_mean |  -.0776238    .024745    -3.14   0.002    -.1262291   -.0290184
ln_recent_~n |     .07926   .0085187     9.30   0.000     .0625271    .0959929
   recent_sd |   .0038168   .0071954     0.53   0.596    -.0103168    .0179504
recent_rat~g |   .0205957   .0058754     3.51   0.000     .0090549    .0321364
ln_lag_vol~c |   .0254928   .0067647     3.77   0.000     .0122052    .0387805
lag_avg_ra~c |   .0015697    .027415     0.06   0.954    -.0522801    .0554195
  lag_sd_acc |  -.0191099   .0332834    -0.57   0.566    -.0844868    .0462669
ln_avg_com~R |   .1123973   .0109593    10.26   0.000     .0908704    .1339241
ln_lag_R~195 |   .4469667   .0164287    27.21   0.000     .4146967    .4792367
       _cons |   1.464458   .1390491    10.53   0.000     1.191331    1.737585
------------------------------------------------------------------------------

Absorbed degrees of freedom:
------------------------------------------------------+
  Absorbed FE | Categories  - Redundant  = Num. Coefs |
--------------+---------------------------------------|
 hotel_id_num |       556         556           0    *|
           ym |       135           1         134     |
------------------------------------------------------+
* = FE nested within cluster; treated as redundant for DoF computation

. estimates store W195

. estimates table W199 W595 W195, b(%9.6f) se(%9.6f) stats(N r2_a)

--------------------------------------------------
    Variable |   W199        W595        W195     
-------------+------------------------------------
    sim_mean | -0.078756   -0.060401   -0.077624  
             |  0.025330    0.021444    0.024745  
ln_recent_~n |  0.078407    0.078857    0.079260  
             |  0.008786    0.007768    0.008519  
   recent_sd |  0.002368   -0.000157    0.003817  
             |  0.007441    0.006367    0.007195  
recent_rat~g |  0.020701    0.013875    0.020596  
             |  0.005978    0.005031    0.005875  
ln_lag_vol~c |  0.028049    0.023737    0.025493  
             |  0.007108    0.005889    0.006765  
lag_avg_ra~c |  0.004061    0.000965    0.001570  
             |  0.027737    0.021592    0.027415  
  lag_sd_acc | -0.013223   -0.020009   -0.019110  
             |  0.034386    0.027120    0.033283  
ln_avg_com~R |  0.120262    0.105279    0.112397  
             |  0.011989    0.010351    0.010959  
ln_la~n_w199 |  0.439838                          
             |  0.017684                          
ln_lag_R~595 |              0.455471              
             |              0.013524              
ln_lag_R~195 |                          0.446967  
             |                          0.016429  
       _cons |  1.447069    1.507957    1.464458  
             |  0.149944    0.113522    0.139049  
-------------+------------------------------------
           N |     33317       33317       33317  
        r2_a |  0.875049    0.874739    0.864739  
--------------------------------------------------
                                      Legend: b/se

. log close
      name:  <unnamed>
       log:  /Users/samxie/Research/ReviewSimi_Sales/Code/stata-log/run_event_m
> onth_pool_gt100_winsor_sensitivity_260711.log
  log type:  text
 closed on:  12 Jul 2026, 19:21:47
-------------------------------------------------------------------------------

. 
end of do-file
