---------------------------------------------------------------------------------------------------------------------------------------------------------------------------------------------------------------------------------------------------------------
      name:  <unnamed>
       log:  /Users/samxie/Research/ReviewSimi_Sales/Code/stata-log/run_event_month_pool_gt100_product_systematics_260711.log
  log type:  text
 opened on:  12 Jul 2026, 18:00:02

. 
. * Rebuild Route A TripAdvisor profile measures before merging them to the panel.
. tempfile profile

. preserve

.     import delimited using "`p'/full-data/hotel_profile_TP.csv", varnames(1) clear bindquote(loose) maxquotedrows(unlimited) encoding("UTF-8")
Note: Unmatched quote while processing row 1978; this can be due to a formatting problem in the file or because a quoted data element spans multiple lines. You should carefully inspect your data after importing. Consider using option bindquote(strict)
    if quoted data spans multiple lines or option bindquote(nobind) if quotes are not used for binding data.
Note: Unmatched quote while processing row 1978; this can be due to a formatting problem in the file or because a quoted data element spans multiple lines. You should carefully inspect your data after importing. Consider using option bindquote(strict)
    if quoted data spans multiple lines or option bindquote(nobind) if quotes are not used for binding data.
Note: Unmatched quote while processing row 2298; this can be due to a formatting problem in the file or because a quoted data element spans multiple lines. You should carefully inspect your data after importing. Consider using option bindquote(strict)
    if quoted data spans multiple lines or option bindquote(nobind) if quotes are not used for binding data.
Note: Unmatched quote while processing row 9087; this can be due to a formatting problem in the file or because a quoted data element spans multiple lines. You should carefully inspect your data after importing. Consider using option bindquote(strict)
    if quoted data spans multiple lines or option bindquote(nobind) if quotes are not used for binding data.
(50 vars, 11,441 obs)

.     keep hotel_id_ta hotel_price_low hotel_price_high hotel_amenities hotel_style travelers_choice

.     rename hotel_id_ta HotelID

.     capture confirm string variable HotelID

.     if _rc tostring HotelID, replace format(%18.0f)
HotelID was long now str8

.     replace HotelID = strtrim(HotelID)
(0 real changes made)

.     duplicates drop HotelID, force

Duplicates in terms of HotelID

(0 observations are duplicates)

.     destring hotel_price_low hotel_price_high, replace ignore(",") force
hotel_price_low already numeric; no replace
hotel_price_high already numeric; no replace

.     gen double tp_price_mid = (hotel_price_low + hotel_price_high) / 2 if !missing(hotel_price_low, hotel_price_high)
(4,097 missing values generated)

.     gen double ln_tp_price_mid = ln(tp_price_mid) if tp_price_mid > 0
(4,097 missing values generated)

.     gen strL amen_lc = ustrlower(hotel_amenities)
(350 missing values generated)

.     gen strL style_lc = ustrlower(hotel_style)
(7 missing values generated)

.     gen double tp_amenity_count = strlen(hotel_amenities) - strlen(subinstr(hotel_amenities, ",", "", .)) + 1 if strtrim(hotel_amenities) != "" & !missing(hotel_amenities)
(350 missing values generated)

.     replace tp_amenity_count = 0 if missing(tp_amenity_count) & !missing(hotel_amenities)
(0 real changes made)

.     gen byte amen_rec_index = regexm(amen_lc, "pool") + regexm(amen_lc, "fitness|gym|workout") + regexm(amen_lc, "spa|hot tub|jacuzzi|sauna") + regexm(amen_lc, "golf") if !missing(amen_lc)
(350 missing values generated)

.     gen byte amen_serv_index = regexm(amen_lc, "breakfast") + regexm(amen_lc, "parking|park") + regexm(amen_lc, "wifi|wi-fi|internet") + regexm(amen_lc, "laundry|dry cleaning") + regexm(amen_lc, "24-hour|front desk|concierge") if !missing(amen_lc)
(350 missing values generated)

.     gen byte amen_bus_index = regexm(amen_lc, "business center|business") + regexm(amen_lc, "meeting") + regexm(amen_lc, "conference|banquet") + regexm(amen_lc, "workspace|desk|work area") if !missing(amen_lc)
(350 missing values generated)

.     gen byte style_upscale = regexm(style_lc, "luxury|romantic|boutique|modern|trendy") if !missing(style_lc)
(7 missing values generated)

.     gen byte travelers_choice_flag = regexm(ustrlower(travelers_choice), "travelers' choice|best of the best") if !missing(travelers_choice)
(5,919 missing values generated)

.     foreach x in amen_rec_index amen_serv_index amen_bus_index style_upscale travelers_choice_flag {
  2.         replace `x' = 0 if missing(`x')
  3.     }
(350 real changes made)
(350 real changes made)
(350 real changes made)
(7 real changes made)
(5,919 real changes made)

.     keep HotelID ln_tp_price_mid tp_amenity_count amen_rec_index amen_serv_index amen_bus_index style_upscale travelers_choice_flag

.     save `profile', replace
(file /var/folders/x9/p1d98gj518326zdc2s5gzn8w0000gn/T//St17523.000001 not found)
file /var/folders/x9/p1d98gj518326zdc2s5gzn8w0000gn/T//St17523.000001 saved as .dta format

. restore

. merge m:1 HotelID using `profile', keep(master match) nogen

    Result                      Number of obs
    -----------------------------------------
    Not matched                             0
    Matched                            34,713  
    -----------------------------------------

. estimates clear

. 
. * V1-V3 vertical product systematics.
. reghdfe ln_RevPAR_clean_w199 c.sim_mean##c.star_class_final_raw ln_recent_volumn recent_rating recent_sd ln_lag_volumn_acc lag_avg_rating_acc lag_sd_acc ln_avg_com_RevPAR ln_lag_RevPAR_clean_w199 if !missing(sim_mean, star_class_final_raw), absorb(hotel
> _id_num ym) vce(cluster hotel_id_num)
(dropped 2 singleton observations)
(MWFE estimator converged in 7 iterations)
note: star_class_final_raw is probably collinear with the fixed effects (all partialled-out values are close to zero; tol = 1.0e-09)

HDFE Linear regression                            Number of obs   =     32,614
Absorbing 2 HDFE groups                           F(  10,    544) =     128.93
Statistics robust to heteroskedasticity           Prob > F        =     0.0000
                                                  R-squared       =     0.8769
                                                  Adj R-squared   =     0.8742
                                                  Within R-sq.    =     0.3143
Number of clusters (hotel_id_num) =        545    Root MSE        =     0.2244

                                              (Std. err. adjusted for 545 clusters in hotel_id_num)
---------------------------------------------------------------------------------------------------
                                  |               Robust
             ln_RevPAR_clean_w199 | Coefficient  std. err.      t    P>|t|     [95% conf. interval]
----------------------------------+----------------------------------------------------------------
                         sim_mean |  -.0065443   .1343528    -0.05   0.961    -.2704581    .2573695
             star_class_final_raw |          0  (omitted)
                                  |
c.sim_mean#c.star_class_final_raw |  -.0235465   .0465594    -0.51   0.613    -.1150047    .0679116
                                  |
                 ln_recent_volumn |   .0768629   .0088961     8.64   0.000      .059388    .0943378
                    recent_rating |    .021444   .0059781     3.59   0.000     .0097011     .033187
                        recent_sd |   .0025581   .0075288     0.34   0.734     -.012231    .0173472
                ln_lag_volumn_acc |     .02598   .0072008     3.61   0.000     .0118353    .0401248
               lag_avg_rating_acc |    .006421   .0274487     0.23   0.815    -.0474974    .0603393
                       lag_sd_acc |  -.0110539   .0344459    -0.32   0.748    -.0787171    .0566093
                ln_avg_com_RevPAR |    .118216   .0118448     9.98   0.000     .0949488    .1414832
         ln_lag_RevPAR_clean_w199 |   .4485248   .0175526    25.55   0.000     .4140456     .483004
                            _cons |   1.415308   .1499397     9.44   0.000     1.120777     1.70984
---------------------------------------------------------------------------------------------------

Absorbed degrees of freedom:
------------------------------------------------------+
  Absorbed FE | Categories  - Redundant  = Num. Coefs |
--------------+---------------------------------------|
 hotel_id_num |       545         545           0    *|
           ym |       135           1         134     |
------------------------------------------------------+
* = FE nested within cluster; treated as redundant for DoF computation

. estimates store V1_star

. reghdfe ln_RevPAR_clean_w199 c.sim_mean##c.hotel_avg_rating ln_recent_volumn recent_rating recent_sd ln_lag_volumn_acc lag_avg_rating_acc lag_sd_acc ln_avg_com_RevPAR ln_lag_RevPAR_clean_w199 if !missing(sim_mean, hotel_avg_rating), absorb(hotel_id_num 
> ym) vce(cluster hotel_id_num)
(dropped 2 singleton observations)
(MWFE estimator converged in 7 iterations)
note: hotel_avg_rating is probably collinear with the fixed effects (all partialled-out values are close to zero; tol = 1.0e-09)

HDFE Linear regression                            Number of obs   =     33,317
Absorbing 2 HDFE groups                           F(  10,    555) =     131.95
Statistics robust to heteroskedasticity           Prob > F        =     0.0000
                                                  R-squared       =     0.8777
                                                  Adj R-squared   =     0.8751
                                                  Within R-sq.    =     0.3041
Number of clusters (hotel_id_num) =        556    Root MSE        =     0.2290

                                          (Std. err. adjusted for 556 clusters in hotel_id_num)
-----------------------------------------------------------------------------------------------
                              |               Robust
         ln_RevPAR_clean_w199 | Coefficient  std. err.      t    P>|t|     [95% conf. interval]
------------------------------+----------------------------------------------------------------
                     sim_mean |   .1866647   .2013315     0.93   0.354    -.2088001    .5821295
             hotel_avg_rating |          0  (omitted)
                              |
c.sim_mean#c.hotel_avg_rating |  -.0678897   .0509528    -1.33   0.183    -.1679736    .0321942
                              |
             ln_recent_volumn |   .0789266   .0087763     8.99   0.000     .0616878    .0961654
                recent_rating |   .0210447   .0059797     3.52   0.000     .0092991    .0327903
                    recent_sd |     .00196     .00743     0.26   0.792    -.0126344    .0165544
            ln_lag_volumn_acc |   .0281378   .0071029     3.96   0.000      .014186    .0420895
           lag_avg_rating_acc |   .0041967   .0277419     0.15   0.880    -.0502952    .0586886
                   lag_sd_acc |  -.0131945   .0343849    -0.38   0.701     -.080735     .054346
            ln_avg_com_RevPAR |    .120275   .0119846    10.04   0.000     .0967343    .1438157
     ln_lag_RevPAR_clean_w199 |   .4397919   .0176867    24.87   0.000     .4050508    .4745329
                        _cons |   1.445386   .1497323     9.65   0.000     1.151275    1.739497
-----------------------------------------------------------------------------------------------

Absorbed degrees of freedom:
------------------------------------------------------+
  Absorbed FE | Categories  - Redundant  = Num. Coefs |
--------------+---------------------------------------|
 hotel_id_num |       556         556           0    *|
           ym |       135           1         134     |
------------------------------------------------------+
* = FE nested within cluster; treated as redundant for DoF computation

. estimates store V2_quality

. reghdfe ln_RevPAR_clean_w199 c.sim_mean##c.hotel_rank_pct ln_recent_volumn recent_rating recent_sd ln_lag_volumn_acc lag_avg_rating_acc lag_sd_acc ln_avg_com_RevPAR ln_lag_RevPAR_clean_w199 if !missing(sim_mean, hotel_rank_pct), absorb(hotel_id_num ym) 
> vce(cluster hotel_id_num)
(dropped 2 singleton observations)
(MWFE estimator converged in 7 iterations)
note: hotel_rank_pct is probably collinear with the fixed effects (all partialled-out values are close to zero; tol = 1.0e-09)

HDFE Linear regression                            Number of obs   =     33,317
Absorbing 2 HDFE groups                           F(  10,    555) =     130.61
Statistics robust to heteroskedasticity           Prob > F        =     0.0000
                                                  R-squared       =     0.8777
                                                  Adj R-squared   =     0.8751
                                                  Within R-sq.    =     0.3041
Number of clusters (hotel_id_num) =        556    Root MSE        =     0.2290

                                        (Std. err. adjusted for 556 clusters in hotel_id_num)
---------------------------------------------------------------------------------------------
                            |               Robust
       ln_RevPAR_clean_w199 | Coefficient  std. err.      t    P>|t|     [95% conf. interval]
----------------------------+----------------------------------------------------------------
                   sim_mean |  -.1211541   .0476279    -2.54   0.011    -.2147071    -.027601
             hotel_rank_pct |          0  (omitted)
                            |
c.sim_mean#c.hotel_rank_pct |   .1172391   .1092709     1.07   0.284    -.0973961    .3318742
                            |
           ln_recent_volumn |   .0789266   .0087954     8.97   0.000     .0616503     .096203
              recent_rating |    .021071   .0059804     3.52   0.000      .009324    .0328179
                  recent_sd |   .0020822   .0074288     0.28   0.779    -.0125098    .0166742
          ln_lag_volumn_acc |   .0281511   .0071105     3.96   0.000     .0141844    .0421178
         lag_avg_rating_acc |   .0041412   .0277503     0.15   0.881    -.0503672    .0586496
                 lag_sd_acc |  -.0131932   .0343944    -0.38   0.701    -.0807523     .054366
          ln_avg_com_RevPAR |   .1202819   .0119867    10.03   0.000      .096737    .1438267
   ln_lag_RevPAR_clean_w199 |   .4397843     .01769    24.86   0.000     .4050368    .4745318
                      _cons |   1.445611   .1497898     9.65   0.000     1.151387    1.739836
---------------------------------------------------------------------------------------------

Absorbed degrees of freedom:
------------------------------------------------------+
  Absorbed FE | Categories  - Redundant  = Num. Coefs |
--------------+---------------------------------------|
 hotel_id_num |       556         556           0    *|
           ym |       135           1         134     |
------------------------------------------------------+
* = FE nested within cluster; treated as redundant for DoF computation

. estimates store V3_rank

. 
. * H1-H7 horizontal product systematics and P1 price position.
. reghdfe ln_RevPAR_clean_w199 c.sim_mean##c.tp_amenity_count ln_recent_volumn recent_rating recent_sd ln_lag_volumn_acc lag_avg_rating_acc lag_sd_acc ln_avg_com_RevPAR ln_lag_RevPAR_clean_w199 if !missing(sim_mean, tp_amenity_count), absorb(hotel_id_num 
> ym) vce(cluster hotel_id_num)
(dropped 2 singleton observations)
(MWFE estimator converged in 7 iterations)
note: tp_amenity_count is probably collinear with the fixed effects (all partialled-out values are close to zero; tol = 1.0e-09)

HDFE Linear regression                            Number of obs   =     33,317
Absorbing 2 HDFE groups                           F(  10,    555) =     129.29
Statistics robust to heteroskedasticity           Prob > F        =     0.0000
                                                  R-squared       =     0.8777
                                                  Adj R-squared   =     0.8750
                                                  Within R-sq.    =     0.3040
Number of clusters (hotel_id_num) =        556    Root MSE        =     0.2291

                                          (Std. err. adjusted for 556 clusters in hotel_id_num)
-----------------------------------------------------------------------------------------------
                              |               Robust
         ln_RevPAR_clean_w199 | Coefficient  std. err.      t    P>|t|     [95% conf. interval]
------------------------------+----------------------------------------------------------------
                     sim_mean |  -.0704018   .0746649    -0.94   0.346    -.2170622    .0762586
             tp_amenity_count |          0  (omitted)
                              |
c.sim_mean#c.tp_amenity_count |  -.0003294   .0028487    -0.12   0.908    -.0059251    .0052662
                              |
             ln_recent_volumn |   .0784932   .0087353     8.99   0.000     .0613349    .0956515
                recent_rating |   .0207306   .0059786     3.47   0.001     .0089872     .032474
                    recent_sd |   .0023535   .0074241     0.32   0.751    -.0122292    .0169363
            ln_lag_volumn_acc |   .0280641   .0071298     3.94   0.000     .0140594    .0420689
           lag_avg_rating_acc |   .0040559   .0277349     0.15   0.884    -.0504223    .0585341
                   lag_sd_acc |   -.013231   .0343856    -0.38   0.701    -.0807729    .0543109
            ln_avg_com_RevPAR |   .1202649     .01199    10.03   0.000     .0967135    .1438162
     ln_lag_RevPAR_clean_w199 |   .4398278   .0176908    24.86   0.000     .4050787    .4745769
                        _cons |   1.446989   .1498946     9.65   0.000     1.152559    1.741419
-----------------------------------------------------------------------------------------------

Absorbed degrees of freedom:
------------------------------------------------------+
  Absorbed FE | Categories  - Redundant  = Num. Coefs |
--------------+---------------------------------------|
 hotel_id_num |       556         556           0    *|
           ym |       135           1         134     |
------------------------------------------------------+
* = FE nested within cluster; treated as redundant for DoF computation

. estimates store H1_amenity

. reghdfe ln_RevPAR_clean_w199 c.sim_mean##c.amen_rec_index ln_recent_volumn recent_rating recent_sd ln_lag_volumn_acc lag_avg_rating_acc lag_sd_acc ln_avg_com_RevPAR ln_lag_RevPAR_clean_w199 if !missing(sim_mean, amen_rec_index), absorb(hotel_id_num ym) 
> vce(cluster hotel_id_num)
(dropped 2 singleton observations)
(MWFE estimator converged in 7 iterations)
note: amen_rec_index is probably collinear with the fixed effects (all partialled-out values are close to zero; tol = 1.0e-09)

HDFE Linear regression                            Number of obs   =     33,317
Absorbing 2 HDFE groups                           F(  10,    555) =     128.64
Statistics robust to heteroskedasticity           Prob > F        =     0.0000
                                                  R-squared       =     0.8777
                                                  Adj R-squared   =     0.8750
                                                  Within R-sq.    =     0.3040
Number of clusters (hotel_id_num) =        556    Root MSE        =     0.2290

                                        (Std. err. adjusted for 556 clusters in hotel_id_num)
---------------------------------------------------------------------------------------------
                            |               Robust
       ln_RevPAR_clean_w199 | Coefficient  std. err.      t    P>|t|     [95% conf. interval]
----------------------------+----------------------------------------------------------------
                   sim_mean |  -.1279986   .0606845    -2.11   0.035     -.247198   -.0087992
             amen_rec_index |          0  (omitted)
                            |
c.sim_mean#c.amen_rec_index |   .0223007   .0245994     0.91   0.365    -.0260186      .07062
                            |
           ln_recent_volumn |    .078404   .0087929     8.92   0.000     .0611325    .0956755
              recent_rating |   .0206312   .0059842     3.45   0.001     .0088767    .0323857
                  recent_sd |   .0023148   .0074457     0.31   0.756    -.0123104    .0169401
          ln_lag_volumn_acc |   .0280079   .0071073     3.94   0.000     .0140474    .0419683
         lag_avg_rating_acc |   .0041715   .0277651     0.15   0.881     -.050366    .0587091
                 lag_sd_acc |  -.0133611   .0344187    -0.39   0.698     -.080968    .0542458
          ln_avg_com_RevPAR |   .1202661   .0119837    10.04   0.000     .0967271    .1438051
   ln_lag_RevPAR_clean_w199 |   .4398796   .0176847    24.87   0.000     .4051424    .4746168
                      _cons |   1.446644   .1500695     9.64   0.000     1.151871    1.741418
---------------------------------------------------------------------------------------------

Absorbed degrees of freedom:
------------------------------------------------------+
  Absorbed FE | Categories  - Redundant  = Num. Coefs |
--------------+---------------------------------------|
 hotel_id_num |       556         556           0    *|
           ym |       135           1         134     |
------------------------------------------------------+
* = FE nested within cluster; treated as redundant for DoF computation

. estimates store H2_recreation

. reghdfe ln_RevPAR_clean_w199 c.sim_mean##c.amen_serv_index ln_recent_volumn recent_rating recent_sd ln_lag_volumn_acc lag_avg_rating_acc lag_sd_acc ln_avg_com_RevPAR ln_lag_RevPAR_clean_w199 if !missing(sim_mean, amen_serv_index), absorb(hotel_id_num ym
> ) vce(cluster hotel_id_num)
(dropped 2 singleton observations)
(MWFE estimator converged in 7 iterations)
note: amen_serv_index is probably collinear with the fixed effects (all partialled-out values are close to zero; tol = 1.0e-09)

HDFE Linear regression                            Number of obs   =     33,317
Absorbing 2 HDFE groups                           F(  10,    555) =     129.01
Statistics robust to heteroskedasticity           Prob > F        =     0.0000
                                                  R-squared       =     0.8777
                                                  Adj R-squared   =     0.8751
                                                  Within R-sq.    =     0.3041
Number of clusters (hotel_id_num) =        556    Root MSE        =     0.2290

                                         (Std. err. adjusted for 556 clusters in hotel_id_num)
----------------------------------------------------------------------------------------------
                             |               Robust
        ln_RevPAR_clean_w199 | Coefficient  std. err.      t    P>|t|     [95% conf. interval]
-----------------------------+----------------------------------------------------------------
                    sim_mean |  -.2768106   .2032257    -1.36   0.174    -.6759963    .1223751
             amen_serv_index |          0  (omitted)
                             |
c.sim_mean#c.amen_serv_index |   .0425872   .0430602     0.99   0.323    -.0419937     .127168
                             |
            ln_recent_volumn |   .0783914   .0087706     8.94   0.000     .0611637     .095619
               recent_rating |    .020552   .0060008     3.42   0.001     .0087649    .0323391
                   recent_sd |   .0021963   .0074736     0.29   0.769    -.0124837    .0168764
           ln_lag_volumn_acc |   .0279224   .0071153     3.92   0.000     .0139462    .0418985
          lag_avg_rating_acc |   .0042904   .0277955     0.15   0.877    -.0503068    .0588877
                  lag_sd_acc |  -.0133017   .0344409    -0.39   0.699    -.0809522    .0543488
           ln_avg_com_RevPAR |   .1202937   .0119873    10.04   0.000     .0967477    .1438398
    ln_lag_RevPAR_clean_w199 |   .4398953   .0176803    24.88   0.000     .4051668    .4746239
                       _cons |   1.446752   .1502008     9.63   0.000     1.151721    1.741784
----------------------------------------------------------------------------------------------

Absorbed degrees of freedom:
------------------------------------------------------+
  Absorbed FE | Categories  - Redundant  = Num. Coefs |
--------------+---------------------------------------|
 hotel_id_num |       556         556           0    *|
           ym |       135           1         134     |
------------------------------------------------------+
* = FE nested within cluster; treated as redundant for DoF computation

. estimates store H3_service

. reghdfe ln_RevPAR_clean_w199 c.sim_mean##c.amen_bus_index ln_recent_volumn recent_rating recent_sd ln_lag_volumn_acc lag_avg_rating_acc lag_sd_acc ln_avg_com_RevPAR ln_lag_RevPAR_clean_w199 if !missing(sim_mean, amen_bus_index), absorb(hotel_id_num ym) 
> vce(cluster hotel_id_num)
(dropped 2 singleton observations)
(MWFE estimator converged in 7 iterations)
note: amen_bus_index is probably collinear with the fixed effects (all partialled-out values are close to zero; tol = 1.0e-09)

HDFE Linear regression                            Number of obs   =     33,317
Absorbing 2 HDFE groups                           F(  10,    555) =     128.85
Statistics robust to heteroskedasticity           Prob > F        =     0.0000
                                                  R-squared       =     0.8777
                                                  Adj R-squared   =     0.8750
                                                  Within R-sq.    =     0.3040
Number of clusters (hotel_id_num) =        556    Root MSE        =     0.2291

                                        (Std. err. adjusted for 556 clusters in hotel_id_num)
---------------------------------------------------------------------------------------------
                            |               Robust
       ln_RevPAR_clean_w199 | Coefficient  std. err.      t    P>|t|     [95% conf. interval]
----------------------------+----------------------------------------------------------------
                   sim_mean |   -.090134   .0645058    -1.40   0.163    -.2168393    .0365713
             amen_bus_index |          0  (omitted)
                            |
c.sim_mean#c.amen_bus_index |   .0041161   .0207885     0.20   0.843    -.0367176    .0449497
                            |
           ln_recent_volumn |   .0783554   .0087708     8.93   0.000     .0611273    .0955834
              recent_rating |   .0206674    .005982     3.45   0.001     .0089173    .0324176
                  recent_sd |   .0023538   .0074433     0.32   0.752    -.0122666    .0169743
          ln_lag_volumn_acc |   .0280181    .007119     3.94   0.000     .0140347    .0420015
         lag_avg_rating_acc |    .004083   .0277453     0.15   0.883    -.0504156    .0585817
                 lag_sd_acc |  -.0132291   .0343918    -0.38   0.701    -.0807831     .054325
          ln_avg_com_RevPAR |    .120264   .0119882    10.03   0.000     .0967161    .1438119
   ln_lag_RevPAR_clean_w199 |   .4398605   .0176802    24.88   0.000     .4051321    .4745889
                      _cons |   1.447114   .1499766     9.65   0.000     1.152522    1.741705
---------------------------------------------------------------------------------------------

Absorbed degrees of freedom:
------------------------------------------------------+
  Absorbed FE | Categories  - Redundant  = Num. Coefs |
--------------+---------------------------------------|
 hotel_id_num |       556         556           0    *|
           ym |       135           1         134     |
------------------------------------------------------+
* = FE nested within cluster; treated as redundant for DoF computation

. estimates store H4_business

. reghdfe ln_RevPAR_clean_w199 c.sim_mean##i.style_upscale ln_recent_volumn recent_rating recent_sd ln_lag_volumn_acc lag_avg_rating_acc lag_sd_acc ln_avg_com_RevPAR ln_lag_RevPAR_clean_w199 if !missing(sim_mean, style_upscale), absorb(hotel_id_num ym) vc
> e(cluster hotel_id_num)
(dropped 2 singleton observations)
(MWFE estimator converged in 7 iterations)
note: 1bn.style_upscale is probably collinear with the fixed effects (all partialled-out values are close to zero; tol = 1.0e-09)

HDFE Linear regression                            Number of obs   =     33,317
Absorbing 2 HDFE groups                           F(  10,    555) =     129.14
Statistics robust to heteroskedasticity           Prob > F        =     0.0000
                                                  R-squared       =     0.8777
                                                  Adj R-squared   =     0.8751
                                                  Within R-sq.    =     0.3041
Number of clusters (hotel_id_num) =        556    Root MSE        =     0.2290

                                     (Std. err. adjusted for 556 clusters in hotel_id_num)
------------------------------------------------------------------------------------------
                         |               Robust
    ln_RevPAR_clean_w199 | Coefficient  std. err.      t    P>|t|     [95% conf. interval]
-------------------------+----------------------------------------------------------------
                sim_mean |  -.0568592   .0302189    -1.88   0.060    -.1162166    .0024982
         1.style_upscale |          0  (omitted)
                         |
style_upscale#c.sim_mean |
                      1  |  -.0768141    .052427    -1.47   0.143    -.1797938    .0261655
                         |
        ln_recent_volumn |   .0784512   .0087921     8.92   0.000     .0611813    .0957212
           recent_rating |   .0208148    .005974     3.48   0.001     .0090804    .0325492
               recent_sd |   .0022734   .0074321     0.31   0.760     -.012325    .0168719
       ln_lag_volumn_acc |   .0280197   .0071033     3.94   0.000     .0140671    .0419723
      lag_avg_rating_acc |   .0038928   .0277513     0.14   0.888    -.0506176    .0584032
              lag_sd_acc |  -.0135941   .0343997    -0.40   0.693    -.0811636    .0539754
       ln_avg_com_RevPAR |   .1201681   .0119949    10.02   0.000     .0966072     .143729
ln_lag_RevPAR_clean_w199 |   .4397587   .0176751    24.88   0.000     .4050405    .4744769
                   _cons |   1.448431   .1500076     9.66   0.000     1.153779    1.743083
------------------------------------------------------------------------------------------

Absorbed degrees of freedom:
------------------------------------------------------+
  Absorbed FE | Categories  - Redundant  = Num. Coefs |
--------------+---------------------------------------|
 hotel_id_num |       556         556           0    *|
           ym |       135           1         134     |
------------------------------------------------------+
* = FE nested within cluster; treated as redundant for DoF computation

. estimates store H5_upscale

. reghdfe ln_RevPAR_clean_w199 c.sim_mean##i.style_luxury ln_recent_volumn recent_rating recent_sd ln_lag_volumn_acc lag_avg_rating_acc lag_sd_acc ln_avg_com_RevPAR ln_lag_RevPAR_clean_w199 if !missing(sim_mean, style_luxury), absorb(hotel_id_num ym) vce(
> cluster hotel_id_num)
(dropped 2 singleton observations)
(MWFE estimator converged in 7 iterations)
note: 1bn.style_luxury is probably collinear with the fixed effects (all partialled-out values are close to zero; tol = 1.0e-09)

HDFE Linear regression                            Number of obs   =     33,317
Absorbing 2 HDFE groups                           F(  10,    555) =     128.98
Statistics robust to heteroskedasticity           Prob > F        =     0.0000
                                                  R-squared       =     0.8777
                                                  Adj R-squared   =     0.8750
                                                  Within R-sq.    =     0.3040
Number of clusters (hotel_id_num) =        556    Root MSE        =     0.2291

                                     (Std. err. adjusted for 556 clusters in hotel_id_num)
------------------------------------------------------------------------------------------
                         |               Robust
    ln_RevPAR_clean_w199 | Coefficient  std. err.      t    P>|t|     [95% conf. interval]
-------------------------+----------------------------------------------------------------
                sim_mean |  -.0787961   .0256108    -3.08   0.002     -.129102   -.0284902
          1.style_luxury |          0  (omitted)
                         |
 style_luxury#c.sim_mean |
                      1  |   .0012343   .1675615     0.01   0.994     -.327898    .3303666
                         |
        ln_recent_volumn |   .0784051   .0087957     8.91   0.000     .0611281     .095682
           recent_rating |      .0207   .0059793     3.46   0.001     .0089551    .0324449
               recent_sd |   .0023695   .0074273     0.32   0.750    -.0122196    .0169585
       ln_lag_volumn_acc |   .0280487   .0071083     3.95   0.000     .0140862    .0420111
      lag_avg_rating_acc |   .0040619   .0277389     0.15   0.884    -.0504242     .058548
              lag_sd_acc |  -.0132229   .0343909    -0.38   0.701    -.0807751    .0543293
       ln_avg_com_RevPAR |    .120262   .0119896    10.03   0.000     .0967114    .1438126
ln_lag_RevPAR_clean_w199 |   .4398382   .0176898    24.86   0.000     .4050911    .4745853
                   _cons |   1.447065   .1499735     9.65   0.000      1.15248     1.74165
------------------------------------------------------------------------------------------

Absorbed degrees of freedom:
------------------------------------------------------+
  Absorbed FE | Categories  - Redundant  = Num. Coefs |
--------------+---------------------------------------|
 hotel_id_num |       556         556           0    *|
           ym |       135           1         134     |
------------------------------------------------------+
* = FE nested within cluster; treated as redundant for DoF computation

. estimates store H6_luxury

. reghdfe ln_RevPAR_clean_w199 c.sim_mean##i.travelers_choice_flag ln_recent_volumn recent_rating recent_sd ln_lag_volumn_acc lag_avg_rating_acc lag_sd_acc ln_avg_com_RevPAR ln_lag_RevPAR_clean_w199 if !missing(sim_mean, travelers_choice_flag), absorb(hot
> el_id_num ym) vce(cluster hotel_id_num)
(dropped 2 singleton observations)
(MWFE estimator converged in 7 iterations)
note: 1bn.travelers_choice_flag is probably collinear with the fixed effects (all partialled-out values are close to zero; tol = 1.0e-09)

HDFE Linear regression                            Number of obs   =     33,317
Absorbing 2 HDFE groups                           F(  10,    555) =     129.11
Statistics robust to heteroskedasticity           Prob > F        =     0.0000
                                                  R-squared       =     0.8777
                                                  Adj R-squared   =     0.8750
                                                  Within R-sq.    =     0.3040
Number of clusters (hotel_id_num) =        556    Root MSE        =     0.2291

                                             (Std. err. adjusted for 556 clusters in hotel_id_num)
--------------------------------------------------------------------------------------------------
                                 |               Robust
            ln_RevPAR_clean_w199 | Coefficient  std. err.      t    P>|t|     [95% conf. interval]
---------------------------------+----------------------------------------------------------------
                        sim_mean |  -.0788713   .0260358    -3.03   0.003     -.130012   -.0277307
         1.travelers_choice_flag |          0  (omitted)
                                 |
travelers_choice_flag#c.sim_mean |
                              1  |   .0017411   .0968699     0.02   0.986    -.1885353    .1920176
                                 |
                ln_recent_volumn |   .0783971   .0087908     8.92   0.000     .0611299    .0956643
                   recent_rating |   .0206991   .0059889     3.46   0.001     .0089355    .0324628
                       recent_sd |   .0023737   .0074391     0.32   0.750    -.0122385    .0169859
               ln_lag_volumn_acc |   .0280469   .0071015     3.95   0.000     .0140978     .041996
              lag_avg_rating_acc |   .0040626   .0277388     0.15   0.884    -.0504233    .0585484
                      lag_sd_acc |  -.0132129   .0344044    -0.38   0.701    -.0807918    .0543659
               ln_avg_com_RevPAR |   .1202624   .0119896    10.03   0.000     .0967118    .1438129
        ln_lag_RevPAR_clean_w199 |   .4398384   .0176851    24.87   0.000     .4051004    .4745764
                           _cons |   1.447059   .1499711     9.65   0.000     1.152479     1.74164
--------------------------------------------------------------------------------------------------

Absorbed degrees of freedom:
------------------------------------------------------+
  Absorbed FE | Categories  - Redundant  = Num. Coefs |
--------------+---------------------------------------|
 hotel_id_num |       556         556           0    *|
           ym |       135           1         134     |
------------------------------------------------------+
* = FE nested within cluster; treated as redundant for DoF computation

. estimates store H7_choice

. reghdfe ln_RevPAR_clean_w199 c.sim_mean##c.ln_tp_price_mid ln_recent_volumn recent_rating recent_sd ln_lag_volumn_acc lag_avg_rating_acc lag_sd_acc ln_avg_com_RevPAR ln_lag_RevPAR_clean_w199 if !missing(sim_mean, ln_tp_price_mid), absorb(hotel_id_num ym
> ) vce(cluster hotel_id_num)
(dropped 1 singleton observations)
(MWFE estimator converged in 7 iterations)
note: ln_tp_price_mid is probably collinear with the fixed effects (all partialled-out values are close to zero; tol = 1.0e-09)

HDFE Linear regression                            Number of obs   =     31,847
Absorbing 2 HDFE groups                           F(  10,    518) =     125.87
Statistics robust to heteroskedasticity           Prob > F        =     0.0000
                                                  R-squared       =     0.8775
                                                  Adj R-squared   =     0.8749
                                                  Within R-sq.    =     0.3150
Number of clusters (hotel_id_num) =        519    Root MSE        =     0.2245

                                         (Std. err. adjusted for 519 clusters in hotel_id_num)
----------------------------------------------------------------------------------------------
                             |               Robust
        ln_RevPAR_clean_w199 | Coefficient  std. err.      t    P>|t|     [95% conf. interval]
-----------------------------+----------------------------------------------------------------
                    sim_mean |  -.0197468   .3063509    -0.06   0.949    -.6215898    .5820962
             ln_tp_price_mid |          0  (omitted)
                             |
c.sim_mean#c.ln_tp_price_mid |  -.0101628    .060959    -0.17   0.868    -.1299202    .1095945
                             |
            ln_recent_volumn |   .0790175   .0088527     8.93   0.000     .0616258    .0964091
               recent_rating |   .0174417   .0060374     2.89   0.004      .005581    .0293025
                   recent_sd |   .0010204   .0075085     0.14   0.892    -.0137305    .0157712
           ln_lag_volumn_acc |   .0291243   .0071833     4.05   0.000     .0150123    .0432363
          lag_avg_rating_acc |    .002755   .0280403     0.10   0.922    -.0523317    .0578416
                  lag_sd_acc |  -.0178606   .0354134    -0.50   0.614    -.0874321     .051711
           ln_avg_com_RevPAR |   .1201674   .0122261     9.83   0.000     .0961485    .1441863
    ln_lag_RevPAR_clean_w199 |   .4459053   .0180138    24.75   0.000     .4105162    .4812944
                       _cons |   1.443051   .1522324     9.48   0.000     1.143982     1.74212
----------------------------------------------------------------------------------------------

Absorbed degrees of freedom:
------------------------------------------------------+
  Absorbed FE | Categories  - Redundant  = Num. Coefs |
--------------+---------------------------------------|
 hotel_id_num |       519         519           0    *|
           ym |       135           1         134     |
------------------------------------------------------+
* = FE nested within cluster; treated as redundant for DoF computation

. estimates store P1_price

. 
. estimates table V1_star V2_quality V3_rank H1_amenity H2_recreation H3_service H4_business H5_upscale H6_luxury H7_choice P1_price, b(%9.4f) se stats(N r2_a)

--------------------------------------------------------------------------------------------------------------------------------------------------
    Variable |  V1_star    V2_qual~y    V3_rank    H1_amen~y   H2_recr~n   H3_serv~e   H4_busi~s   H5_upsc~e   H6_luxury   H7_choice   P1_price   
-------------+------------------------------------------------------------------------------------------------------------------------------------
    sim_mean |   -0.0065      0.1867     -0.1212     -0.0704     -0.1280     -0.2768     -0.0901     -0.0569     -0.0788     -0.0789     -0.0197  
             |    0.1344      0.2013      0.0476      0.0747      0.0607      0.2032      0.0645      0.0302      0.0256      0.0260      0.3064  
star_c~l_raw | (omitted)                                                                                                                          
             |                                                                                                                                    
             |
  c.sim_mean#|
          c. |
star_c~l_raw |   -0.0235                                                                                                                          
             |    0.0466                                                                                                                          
             |
ln_recent_~n |    0.0769      0.0789      0.0789      0.0785      0.0784      0.0784      0.0784      0.0785      0.0784      0.0784      0.0790  
             |    0.0089      0.0088      0.0088      0.0087      0.0088      0.0088      0.0088      0.0088      0.0088      0.0088      0.0089  
recent_rat~g |    0.0214      0.0210      0.0211      0.0207      0.0206      0.0206      0.0207      0.0208      0.0207      0.0207      0.0174  
             |    0.0060      0.0060      0.0060      0.0060      0.0060      0.0060      0.0060      0.0060      0.0060      0.0060      0.0060  
   recent_sd |    0.0026      0.0020      0.0021      0.0024      0.0023      0.0022      0.0024      0.0023      0.0024      0.0024      0.0010  
             |    0.0075      0.0074      0.0074      0.0074      0.0074      0.0075      0.0074      0.0074      0.0074      0.0074      0.0075  
ln_lag_vol~c |    0.0260      0.0281      0.0282      0.0281      0.0280      0.0279      0.0280      0.0280      0.0280      0.0280      0.0291  
             |    0.0072      0.0071      0.0071      0.0071      0.0071      0.0071      0.0071      0.0071      0.0071      0.0071      0.0072  
lag_avg_ra~c |    0.0064      0.0042      0.0041      0.0041      0.0042      0.0043      0.0041      0.0039      0.0041      0.0041      0.0028  
             |    0.0274      0.0277      0.0278      0.0277      0.0278      0.0278      0.0277      0.0278      0.0277      0.0277      0.0280  
  lag_sd_acc |   -0.0111     -0.0132     -0.0132     -0.0132     -0.0134     -0.0133     -0.0132     -0.0136     -0.0132     -0.0132     -0.0179  
             |    0.0344      0.0344      0.0344      0.0344      0.0344      0.0344      0.0344      0.0344      0.0344      0.0344      0.0354  
ln_avg_com~R |    0.1182      0.1203      0.1203      0.1203      0.1203      0.1203      0.1203      0.1202      0.1203      0.1203      0.1202  
             |    0.0118      0.0120      0.0120      0.0120      0.0120      0.0120      0.0120      0.0120      0.0120      0.0120      0.0122  
ln_la~n_w199 |    0.4485      0.4398      0.4398      0.4398      0.4399      0.4399      0.4399      0.4398      0.4398      0.4398      0.4459  
             |    0.0176      0.0177      0.0177      0.0177      0.0177      0.0177      0.0177      0.0177      0.0177      0.0177      0.0180  
hotel_avg_~g |             (omitted)                                                                                                              
             |                                                                                                                                    
             |
  c.sim_mean#|
          c. |
hotel_avg_~g |               -0.0679                                                                                                              
             |                0.0510                                                                                                              
             |
hotel_rank~t |                         (omitted)                                                                                                  
             |                                                                                                                                    
             |
  c.sim_mean#|
          c. |
hotel_rank~t |                            0.1172                                                                                                  
             |                            0.1093                                                                                                  
             |
tp_amenity~t |                                     (omitted)                                                                                      
             |                                                                                                                                    
             |
  c.sim_mean#|
          c. |
tp_amenity~t |                                       -0.0003                                                                                      
             |                                        0.0028                                                                                      
             |
amen_rec_i~x |                                                 (omitted)                                                                          
             |                                                                                                                                    
             |
  c.sim_mean#|
          c. |
amen_rec_i~x |                                                    0.0223                                                                          
             |                                                    0.0246                                                                          
             |
amen_serv_~x |                                                             (omitted)                                                              
             |                                                                                                                                    
             |
  c.sim_mean#|
          c. |
amen_serv_~x |                                                                0.0426                                                              
             |                                                                0.0431                                                              
             |
amen_bus_i~x |                                                                         (omitted)                                                  
             |                                                                                                                                    
             |
  c.sim_mean#|
          c. |
amen_bus_i~x |                                                                            0.0041                                                  
             |                                                                            0.0208                                                  
             |
style_upsc~e |
          1  |                                                                                     (omitted)                                      
             |                                                                                                                                    
             |
style_upsc~e#|
  c.sim_mean |
          1  |                                                                                       -0.0768                                      
             |                                                                                        0.0524                                      
             |
style_luxury |
          1  |                                                                                                 (omitted)                          
             |                                                                                                                                    
             |
style_luxury#|
  c.sim_mean |
          1  |                                                                                                    0.0012                          
             |                                                                                                    0.1676                          
             |
travelers_~g |
          1  |                                                                                                             (omitted)              
             |                                                                                                                                    
             |
travelers_~g#|
  c.sim_mean |
          1  |                                                                                                                0.0017              
             |                                                                                                                0.0969              
             |
ln_tp_pric~d |                                                                                                                         (omitted)  
             |                                                                                                                                    
             |
  c.sim_mean#|
          c. |
ln_tp_pric~d |                                                                                                                           -0.0102  
             |                                                                                                                            0.0610  
             |
       _cons |    1.4153      1.4454      1.4456      1.4470      1.4466      1.4468      1.4471      1.4484      1.4471      1.4471      1.4431  
             |    0.1499      0.1497      0.1498      0.1499      0.1501      0.1502      0.1500      0.1500      0.1500      0.1500      0.1522  
-------------+------------------------------------------------------------------------------------------------------------------------------------
           N |     32614       33317       33317       33317       33317       33317       33317       33317       33317       33317       31847  
        r2_a |    0.8742      0.8751      0.8751      0.8750      0.8750      0.8751      0.8750      0.8751      0.8750      0.8750      0.8749  
--------------------------------------------------------------------------------------------------------------------------------------------------
                                                                                                                                      Legend: b/se

. log close
      name:  <unnamed>
       log:  /Users/samxie/Research/ReviewSimi_Sales/Code/stata-log/run_event_month_pool_gt100_product_systematics_260711.log
  log type:  text
 closed on:  12 Jul 2026, 18:00:06
---------------------------------------------------------------------------------------------------------------------------------------------------------------------------------------------------------------------------------------------------------------
