---------------------------------------------------------------------------------------------------------------------------------------------------------------------------------------------------------------------------------------------------------------
      name:  <unnamed>
       log:  /Users/samxie/Research/ReviewSimi_Sales/Code/stata-log/run_event_month_pool_gt100_market_boundaries_260711.log
  log type:  text
 opened on:  12 Jul 2026, 17:59:56

. estimates clear

. 
. * M0.1 pooled-ARS baseline.
. reghdfe ln_RevPAR_clean_w199 sim_mean ln_recent_volumn recent_rating recent_sd ln_lag_volumn_acc lag_avg_rating_acc lag_sd_acc ln_avg_com_RevPAR ln_lag_RevPAR_clean_w199 if !missing(sim_mean), absorb(hotel_id_num ym) vce(cluster hotel_id_num)
(dropped 2 singleton observations)
(MWFE estimator converged in 7 iterations)

HDFE Linear regression                            Number of obs   =     33,317
Absorbing 2 HDFE groups                           F(   9,    555) =     143.12
Statistics robust to heteroskedasticity           Prob > F        =     0.0000
                                                  R-squared       =     0.8777
                                                  Adj R-squared   =     0.8750
                                                  Within R-sq.    =     0.3040
Number of clusters (hotel_id_num) =        556    Root MSE        =     0.2290

                                     (Std. err. adjusted for 556 clusters in hotel_id_num)
------------------------------------------------------------------------------------------
                         |               Robust
    ln_RevPAR_clean_w199 | Coefficient  std. err.      t    P>|t|     [95% conf. interval]
-------------------------+----------------------------------------------------------------
                sim_mean |  -.0787558   .0253303    -3.11   0.002    -.1285108   -.0290008
        ln_recent_volumn |   .0784068   .0087863     8.92   0.000     .0611482    .0956653
           recent_rating |   .0207013   .0059783     3.46   0.001     .0089584    .0324441
               recent_sd |   .0023682   .0074413     0.32   0.750    -.0122483    .0169848
       ln_lag_volumn_acc |   .0280486   .0071083     3.95   0.000     .0140862    .0420111
      lag_avg_rating_acc |   .0040613   .0277367     0.15   0.884    -.0504204    .0585429
              lag_sd_acc |  -.0132234   .0343856    -0.38   0.701    -.0807652    .0543183
       ln_avg_com_RevPAR |   .1202625   .0119895    10.03   0.000     .0967122    .1438127
ln_lag_RevPAR_clean_w199 |   .4398377   .0176841    24.87   0.000     .4051017    .4745737
                   _cons |   1.447069   .1499439     9.65   0.000     1.152542    1.741595
------------------------------------------------------------------------------------------

Absorbed degrees of freedom:
------------------------------------------------------+
  Absorbed FE | Categories  - Redundant  = Num. Coefs |
--------------+---------------------------------------|
 hotel_id_num |       556         556           0    *|
           ym |       135           1         134     |
------------------------------------------------------+
* = FE nested within cluster; treated as redundant for DoF computation

. estimates store M01

. 
. * M0.2 competitor RevPAR level.
. reghdfe ln_RevPAR_clean_w199 c.sim_mean##c.ln_avg_com_RevPAR ln_recent_volumn recent_rating recent_sd ln_lag_volumn_acc lag_avg_rating_acc lag_sd_acc ln_lag_RevPAR_clean_w199 if !missing(sim_mean, ln_avg_com_RevPAR), absorb(hotel_id_num ym) vce(cluster 
> hotel_id_num)
(dropped 2 singleton observations)
(MWFE estimator converged in 7 iterations)

HDFE Linear regression                            Number of obs   =     33,317
Absorbing 2 HDFE groups                           F(  10,    555) =     129.21
Statistics robust to heteroskedasticity           Prob > F        =     0.0000
                                                  R-squared       =     0.8777
                                                  Adj R-squared   =     0.8751
                                                  Within R-sq.    =     0.3043
Number of clusters (hotel_id_num) =        556    Root MSE        =     0.2290

                                           (Std. err. adjusted for 556 clusters in hotel_id_num)
------------------------------------------------------------------------------------------------
                               |               Robust
          ln_RevPAR_clean_w199 | Coefficient  std. err.      t    P>|t|     [95% conf. interval]
-------------------------------+----------------------------------------------------------------
                      sim_mean |   .3336338   .1651448     2.02   0.044     .0092485    .6580191
             ln_avg_com_RevPAR |   .1500081   .0167471     8.96   0.000     .1171127    .1829034
                               |
c.sim_mean#c.ln_avg_com_RevPAR |  -.0996845   .0385328    -2.59   0.010    -.1753724   -.0239965
                               |
              ln_recent_volumn |   .0792581   .0087698     9.04   0.000      .062032    .0964842
                 recent_rating |   .0211331   .0059813     3.53   0.000     .0093844    .0328818
                     recent_sd |   .0021236   .0074245     0.29   0.775      -.01246    .0167073
             ln_lag_volumn_acc |   .0281665    .007116     3.96   0.000     .0141889    .0421441
            lag_avg_rating_acc |   .0033792   .0276566     0.12   0.903    -.0509451    .0577035
                    lag_sd_acc |  -.0139191   .0343253    -0.41   0.685    -.0813425    .0535043
      ln_lag_RevPAR_clean_w199 |   .4397772   .0176647    24.90   0.000     .4050793     .474475
                         _cons |   1.323122   .1614651     8.19   0.000     1.005964    1.640279
------------------------------------------------------------------------------------------------

Absorbed degrees of freedom:
------------------------------------------------------+
  Absorbed FE | Categories  - Redundant  = Num. Coefs |
--------------+---------------------------------------|
 hotel_id_num |       556         556           0    *|
           ym |       135           1         134     |
------------------------------------------------------+
* = FE nested within cluster; treated as redundant for DoF computation

. estimates store M02

. 
. * M1-M9 market-boundary interactions.
. reghdfe ln_RevPAR_clean_w199 c.sim_mean##i.high_comp_zip_focus100 ln_recent_volumn recent_rating recent_sd ln_lag_volumn_acc lag_avg_rating_acc lag_sd_acc ln_avg_com_RevPAR ln_lag_RevPAR_clean_w199 if !missing(sim_mean, high_comp_zip_focus100), absorb(h
> otel_id_num ym) vce(cluster hotel_id_num)
(dropped 2 singleton observations)
(MWFE estimator converged in 7 iterations)

HDFE Linear regression                            Number of obs   =     33,247
Absorbing 2 HDFE groups                           F(  11,    555) =     114.03
Statistics robust to heteroskedasticity           Prob > F        =     0.0000
                                                  R-squared       =     0.8802
                                                  Adj R-squared   =     0.8776
                                                  Within R-sq.    =     0.2932
Number of clusters (hotel_id_num) =        556    Root MSE        =     0.2247

                                              (Std. err. adjusted for 556 clusters in hotel_id_num)
---------------------------------------------------------------------------------------------------
                                  |               Robust
             ln_RevPAR_clean_w199 | Coefficient  std. err.      t    P>|t|     [95% conf. interval]
----------------------------------+----------------------------------------------------------------
                         sim_mean |  -.0981686   .0355635    -2.76   0.006    -.1680242    -.028313
         1.high_comp_zip_focus100 |  -.0176971   .0180802    -0.98   0.328    -.0532111    .0178168
                                  |
high_comp_zip_focus100#c.sim_mean |
                               1  |    .047804   .0506665     0.94   0.346    -.0517175    .1473255
                                  |
                 ln_recent_volumn |   .0806003    .008841     9.12   0.000     .0632344    .0979662
                    recent_rating |   .0183254   .0059368     3.09   0.002     .0066639    .0299868
                        recent_sd |   .0009846   .0074444     0.13   0.895     -.013638    .0156072
                ln_lag_volumn_acc |   .0295064   .0072701     4.06   0.000     .0152262    .0437866
               lag_avg_rating_acc |   .0124299   .0266408     0.47   0.641    -.0398991     .064759
                       lag_sd_acc |  -.0049749   .0344763    -0.14   0.885    -.0726948     .062745
                ln_avg_com_RevPAR |   .1213355    .012203     9.94   0.000     .0973657    .1453053
         ln_lag_RevPAR_clean_w199 |   .4199375   .0171706    24.46   0.000     .3862102    .4536649
                            _cons |   1.492219   .1493435     9.99   0.000     1.198872    1.785567
---------------------------------------------------------------------------------------------------

Absorbed degrees of freedom:
------------------------------------------------------+
  Absorbed FE | Categories  - Redundant  = Num. Coefs |
--------------+---------------------------------------|
 hotel_id_num |       556         556           0    *|
           ym |       135           1         134     |
------------------------------------------------------+
* = FE nested within cluster; treated as redundant for DoF computation

. estimates store M1_zipcomp

. reghdfe ln_RevPAR_clean_w199 c.sim_mean##i.high_comp_city_focus100 ln_recent_volumn recent_rating recent_sd ln_lag_volumn_acc lag_avg_rating_acc lag_sd_acc ln_avg_com_RevPAR ln_lag_RevPAR_clean_w199 if !missing(sim_mean, high_comp_city_focus100), absorb
> (hotel_id_num ym) vce(cluster hotel_id_num)
(dropped 2 singleton observations)
(MWFE estimator converged in 7 iterations)

HDFE Linear regression                            Number of obs   =     33,247
Absorbing 2 HDFE groups                           F(  11,    555) =     114.45
Statistics robust to heteroskedasticity           Prob > F        =     0.0000
                                                  R-squared       =     0.8802
                                                  Adj R-squared   =     0.8777
                                                  Within R-sq.    =     0.2934
Number of clusters (hotel_id_num) =        556    Root MSE        =     0.2247

                                               (Std. err. adjusted for 556 clusters in hotel_id_num)
----------------------------------------------------------------------------------------------------
                                   |               Robust
              ln_RevPAR_clean_w199 | Coefficient  std. err.      t    P>|t|     [95% conf. interval]
-----------------------------------+----------------------------------------------------------------
                          sim_mean |  -.0684371   .0371289    -1.84   0.066    -.1413674    .0044931
         1.high_comp_city_focus100 |   .0214567   .0166053     1.29   0.197    -.0111601    .0540736
                                   |
high_comp_city_focus100#c.sim_mean |
                                1  |  -.0113701   .0475738    -0.24   0.811    -.1048167    .0820766
                                   |
                  ln_recent_volumn |   .0806211     .00887     9.09   0.000     .0631982    .0980439
                     recent_rating |   .0187208   .0059094     3.17   0.002     .0071133    .0303282
                         recent_sd |   .0011916   .0074691     0.16   0.873    -.0134797    .0158629
                 ln_lag_volumn_acc |   .0294531   .0072948     4.04   0.000     .0151244    .0437818
                lag_avg_rating_acc |   .0115736   .0268953     0.43   0.667    -.0412555    .0644026
                        lag_sd_acc |  -.0044264   .0347904    -0.13   0.899    -.0727634    .0639105
                 ln_avg_com_RevPAR |   .1209162   .0121316     9.97   0.000     .0970867    .1447457
          ln_lag_RevPAR_clean_w199 |   .4192926   .0172541    24.30   0.000     .3854012    .4531839
                             _cons |   1.478443   .1512504     9.77   0.000      1.18135    1.775536
----------------------------------------------------------------------------------------------------

Absorbed degrees of freedom:
------------------------------------------------------+
  Absorbed FE | Categories  - Redundant  = Num. Coefs |
--------------+---------------------------------------|
 hotel_id_num |       556         556           0    *|
           ym |       135           1         134     |
------------------------------------------------------+
* = FE nested within cluster; treated as redundant for DoF computation

. estimates store M2_citycomp

. reghdfe ln_RevPAR_clean_w199 c.sim_mean##c.zip_n_full_c ln_recent_volumn recent_rating recent_sd ln_lag_volumn_acc lag_avg_rating_acc lag_sd_acc ln_avg_com_RevPAR ln_lag_RevPAR_clean_w199 if !missing(sim_mean, zip_n_full_c), absorb(hotel_id_num ym) vce(
> cluster hotel_id_num)
(dropped 2 singleton observations)
(MWFE estimator converged in 7 iterations)

HDFE Linear regression                            Number of obs   =     33,247
Absorbing 2 HDFE groups                           F(  11,    555) =     113.01
Statistics robust to heteroskedasticity           Prob > F        =     0.0000
                                                  R-squared       =     0.8802
                                                  Adj R-squared   =     0.8776
                                                  Within R-sq.    =     0.2932
Number of clusters (hotel_id_num) =        556    Root MSE        =     0.2247

                                      (Std. err. adjusted for 556 clusters in hotel_id_num)
-------------------------------------------------------------------------------------------
                          |               Robust
     ln_RevPAR_clean_w199 | Coefficient  std. err.      t    P>|t|     [95% conf. interval]
--------------------------+----------------------------------------------------------------
                 sim_mean |   -.075186   .0254974    -2.95   0.003    -.1252692   -.0251028
             zip_n_full_c |  -.0011787   .0015005    -0.79   0.432     -.004126    .0017686
                          |
c.sim_mean#c.zip_n_full_c |   .0007106   .0036066     0.20   0.844    -.0063735    .0077948
                          |
         ln_recent_volumn |   .0803175   .0087838     9.14   0.000      .063064     .097571
            recent_rating |   .0185705   .0059156     3.14   0.002     .0069508    .0301902
                recent_sd |   .0012192   .0074723     0.16   0.870    -.0134583    .0158967
        ln_lag_volumn_acc |   .0294354   .0072655     4.05   0.000     .0151641    .0437067
       lag_avg_rating_acc |   .0134863   .0265897     0.51   0.612    -.0387426    .0657151
               lag_sd_acc |   -.004258   .0343976    -0.12   0.902    -.0718234    .0633074
        ln_avg_com_RevPAR |     .12157   .0121308    10.02   0.000     .0977422    .1453978
 ln_lag_RevPAR_clean_w199 |   .4198415   .0171978    24.41   0.000     .3860609    .4536222
                    _cons |     1.4781   .1493326     9.90   0.000     1.184774    1.771426
-------------------------------------------------------------------------------------------

Absorbed degrees of freedom:
------------------------------------------------------+
  Absorbed FE | Categories  - Redundant  = Num. Coefs |
--------------+---------------------------------------|
 hotel_id_num |       556         556           0    *|
           ym |       135           1         134     |
------------------------------------------------------+
* = FE nested within cluster; treated as redundant for DoF computation

. estimates store M3_zipthick

. reghdfe ln_RevPAR_clean_w199 c.sim_mean##c.city_n_full_c ln_recent_volumn recent_rating recent_sd ln_lag_volumn_acc lag_avg_rating_acc lag_sd_acc ln_avg_com_RevPAR ln_lag_RevPAR_clean_w199 if !missing(sim_mean, city_n_full_c), absorb(hotel_id_num ym) vc
> e(cluster hotel_id_num)
(dropped 2 singleton observations)
(MWFE estimator converged in 7 iterations)

HDFE Linear regression                            Number of obs   =     33,247
Absorbing 2 HDFE groups                           F(  11,    555) =     139.37
Statistics robust to heteroskedasticity           Prob > F        =     0.0000
                                                  R-squared       =     0.8808
                                                  Adj R-squared   =     0.8782
                                                  Within R-sq.    =     0.2967
Number of clusters (hotel_id_num) =        556    Root MSE        =     0.2242

                                       (Std. err. adjusted for 556 clusters in hotel_id_num)
--------------------------------------------------------------------------------------------
                           |               Robust
      ln_RevPAR_clean_w199 | Coefficient  std. err.      t    P>|t|     [95% conf. interval]
---------------------------+----------------------------------------------------------------
                  sim_mean |  -.0799983   .0253477    -3.16   0.002    -.1297873   -.0302092
             city_n_full_c |   -.000798   .0001552    -5.14   0.000    -.0011029   -.0004931
                           |
c.sim_mean#c.city_n_full_c |   .0002558   .0002198     1.16   0.245     -.000176    .0006876
                           |
          ln_recent_volumn |   .0837078   .0088345     9.48   0.000     .0663546     .101061
             recent_rating |   .0194806   .0059293     3.29   0.001      .007834    .0311271
                 recent_sd |   .0037965   .0075104     0.51   0.613    -.0109558    .0185489
         ln_lag_volumn_acc |   .0314717   .0070428     4.47   0.000     .0176378    .0453056
        lag_avg_rating_acc |   .0089599   .0246627     0.36   0.717    -.0394839    .0574036
                lag_sd_acc |  -.0039042    .032664    -0.12   0.905    -.0680645     .060256
         ln_avg_com_RevPAR |    .115539   .0121848     9.48   0.000      .091605    .1394729
  ln_lag_RevPAR_clean_w199 |   .4132603   .0179731    22.99   0.000     .3779566     .448564
                     _cons |   1.524192   .1457978    10.45   0.000     1.237809    1.810575
--------------------------------------------------------------------------------------------

Absorbed degrees of freedom:
------------------------------------------------------+
  Absorbed FE | Categories  - Redundant  = Num. Coefs |
--------------+---------------------------------------|
 hotel_id_num |       556         556           0    *|
           ym |       135           1         134     |
------------------------------------------------------+
* = FE nested within cluster; treated as redundant for DoF computation

. estimates store M4_citythick

. reghdfe ln_RevPAR_clean_w199 c.sim_mean##c.ln_comp_zip_mean_excl_full ln_recent_volumn recent_rating recent_sd ln_lag_volumn_acc lag_avg_rating_acc lag_sd_acc ln_avg_com_RevPAR ln_lag_RevPAR_clean_w199 if !missing(sim_mean, ln_comp_zip_mean_excl_full), 
> absorb(hotel_id_num ym) vce(cluster hotel_id_num)
(dropped 2 singleton observations)
(MWFE estimator converged in 7 iterations)

HDFE Linear regression                            Number of obs   =     32,168
Absorbing 2 HDFE groups                           F(  11,    548) =     123.45
Statistics robust to heteroskedasticity           Prob > F        =     0.0000
                                                  R-squared       =     0.8850
                                                  Adj R-squared   =     0.8824
                                                  Within R-sq.    =     0.3182
Number of clusters (hotel_id_num) =        549    Root MSE        =     0.2212

                                                    (Std. err. adjusted for 549 clusters in hotel_id_num)
---------------------------------------------------------------------------------------------------------
                                        |               Robust
                   ln_RevPAR_clean_w199 | Coefficient  std. err.      t    P>|t|     [95% conf. interval]
----------------------------------------+----------------------------------------------------------------
                               sim_mean |   .4000831   .2406406     1.66   0.097    -.0726079     .872774
             ln_comp_zip_mean_excl_full |   .1811604   .0269976     6.71   0.000     .1281289    .2341918
                                        |
c.sim_mean#c.ln_comp_zip_mean_excl_full |  -.1128043   .0577845    -1.95   0.051    -.2263105    .0007018
                                        |
                       ln_recent_volumn |   .0733229   .0093713     7.82   0.000     .0549149     .091731
                          recent_rating |   .0205576   .0059559     3.45   0.001     .0088585    .0322567
                              recent_sd |   .0012068   .0076508     0.16   0.875    -.0138216    .0162353
                      ln_lag_volumn_acc |   .0295856   .0075316     3.93   0.000     .0147912      .04438
                     lag_avg_rating_acc |   .0124449    .027902     0.45   0.656    -.0423631    .0672528
                             lag_sd_acc |  -.0124979   .0349604    -0.36   0.721    -.0811707    .0561749
                      ln_avg_com_RevPAR |   .0607444   .0145666     4.17   0.000     .0321312    .0893576
               ln_lag_RevPAR_clean_w199 |   .4077687   .0182462    22.35   0.000     .3719275    .4436098
                                  _cons |    1.04123   .1755988     5.93   0.000     .6963011    1.386159
---------------------------------------------------------------------------------------------------------

Absorbed degrees of freedom:
------------------------------------------------------+
  Absorbed FE | Categories  - Redundant  = Num. Coefs |
--------------+---------------------------------------|
 hotel_id_num |       549         549           0    *|
           ym |       135           1         134     |
------------------------------------------------------+
* = FE nested within cluster; treated as redundant for DoF computation

. estimates store M5_ziprev

. reghdfe ln_RevPAR_clean_w199 c.sim_mean##c.ln_comp_city_mean_excl_full ln_recent_volumn recent_rating recent_sd ln_lag_volumn_acc lag_avg_rating_acc lag_sd_acc ln_avg_com_RevPAR ln_lag_RevPAR_clean_w199 if !missing(sim_mean, ln_comp_city_mean_excl_full)
> , absorb(hotel_id_num ym) vce(cluster hotel_id_num)
(dropped 2 singleton observations)
(MWFE estimator converged in 7 iterations)

HDFE Linear regression                            Number of obs   =     33,247
Absorbing 2 HDFE groups                           F(  11,    555) =     199.18
Statistics robust to heteroskedasticity           Prob > F        =     0.0000
                                                  R-squared       =     0.8854
                                                  Adj R-squared   =     0.8830
                                                  Within R-sq.    =     0.3241
Number of clusters (hotel_id_num) =        556    Root MSE        =     0.2197

                                                     (Std. err. adjusted for 556 clusters in hotel_id_num)
----------------------------------------------------------------------------------------------------------
                                         |               Robust
                    ln_RevPAR_clean_w199 | Coefficient  std. err.      t    P>|t|     [95% conf. interval]
-----------------------------------------+----------------------------------------------------------------
                                sim_mean |    .112423   .3839194     0.29   0.770    -.6416897    .8665358
             ln_comp_city_mean_excl_full |   .3303381   .0338835     9.75   0.000     .2637825    .3968936
                                         |
c.sim_mean#c.ln_comp_city_mean_excl_full |  -.0411294   .0870768    -0.47   0.637    -.2121698    .1299109
                                         |
                        ln_recent_volumn |   .0817632   .0087547     9.34   0.000     .0645669    .0989596
                           recent_rating |   .0225796   .0059152     3.82   0.000     .0109607    .0341986
                               recent_sd |   .0025751   .0074456     0.35   0.730    -.0120499    .0172001
                       ln_lag_volumn_acc |   .0343388   .0075823     4.53   0.000     .0194452    .0492324
                      lag_avg_rating_acc |   .0007008   .0286404     0.02   0.980     -.055556    .0569576
                              lag_sd_acc |  -.0043177   .0375147    -0.12   0.908    -.0780058    .0693704
                       ln_avg_com_RevPAR |   .0917426   .0123209     7.45   0.000     .0675413     .115944
                ln_lag_RevPAR_clean_w199 |   .4029193   .0187985    21.43   0.000     .3659945    .4398442
                                   _cons |   .2267229   .1885469     1.20   0.230    -.1436298    .5970757
----------------------------------------------------------------------------------------------------------

Absorbed degrees of freedom:
------------------------------------------------------+
  Absorbed FE | Categories  - Redundant  = Num. Coefs |
--------------+---------------------------------------|
 hotel_id_num |       556         556           0    *|
           ym |       135           1         134     |
------------------------------------------------------+
* = FE nested within cluster; treated as redundant for DoF computation

. estimates store M6_cityrev

. reghdfe ln_RevPAR_clean_w199 c.sim_mean##c.gap_zip_mean_full_c ln_recent_volumn recent_rating recent_sd ln_lag_volumn_acc lag_avg_rating_acc lag_sd_acc ln_avg_com_RevPAR ln_lag_RevPAR_clean_w199 if !missing(sim_mean, gap_zip_mean_full_c), absorb(hotel_i
> d_num ym) vce(cluster hotel_id_num)
(dropped 2 singleton observations)
(MWFE estimator converged in 7 iterations)

HDFE Linear regression                            Number of obs   =     32,168
Absorbing 2 HDFE groups                           F(  11,    548) =     163.76
Statistics robust to heteroskedasticity           Prob > F        =     0.0000
                                                  R-squared       =     0.9159
                                                  Adj R-squared   =     0.9141
                                                  Within R-sq.    =     0.5016
Number of clusters (hotel_id_num) =        549    Root MSE        =     0.1891

                                             (Std. err. adjusted for 549 clusters in hotel_id_num)
--------------------------------------------------------------------------------------------------
                                 |               Robust
            ln_RevPAR_clean_w199 | Coefficient  std. err.      t    P>|t|     [95% conf. interval]
---------------------------------+----------------------------------------------------------------
                        sim_mean |  -.0567271   .0222484    -2.55   0.011    -.1004297   -.0130246
             gap_zip_mean_full_c |   .3040686   .0636681     4.78   0.000     .1790052     .429132
                                 |
c.sim_mean#c.gap_zip_mean_full_c |   .0245097   .0885711     0.28   0.782    -.1494707    .1984901
                                 |
                ln_recent_volumn |    .069799   .0094928     7.35   0.000     .0511524    .0884457
                   recent_rating |   .0093663   .0064136     1.46   0.145    -.0032319    .0219645
                       recent_sd |    .003231   .0073121     0.44   0.659    -.0111321    .0175941
               ln_lag_volumn_acc |    .029279   .0078511     3.73   0.000     .0138571    .0447008
              lag_avg_rating_acc |  -.0296424   .0263804    -1.12   0.262    -.0814616    .0221767
                      lag_sd_acc |  -.0662156   .0365835    -1.81   0.071    -.1380767    .0056456
               ln_avg_com_RevPAR |   .2289415   .0241404     9.48   0.000     .1815225    .2763605
        ln_lag_RevPAR_clean_w199 |   .2972557   .0167268    17.77   0.000     .2643993    .3301121
                           _cons |   1.832862   .1383807    13.25   0.000      1.56104    2.104683
--------------------------------------------------------------------------------------------------

Absorbed degrees of freedom:
------------------------------------------------------+
  Absorbed FE | Categories  - Redundant  = Num. Coefs |
--------------+---------------------------------------|
 hotel_id_num |       549         549           0    *|
           ym |       135           1         134     |
------------------------------------------------------+
* = FE nested within cluster; treated as redundant for DoF computation

. estimates store M7_zipgap

. reghdfe ln_RevPAR_clean_w199 c.sim_mean##c.gap_city_mean_full_c ln_recent_volumn recent_rating recent_sd ln_lag_volumn_acc lag_avg_rating_acc lag_sd_acc ln_avg_com_RevPAR ln_lag_RevPAR_clean_w199 if !missing(sim_mean, gap_city_mean_full_c), absorb(hotel
> _id_num ym) vce(cluster hotel_id_num)
(dropped 2 singleton observations)
(MWFE estimator converged in 7 iterations)

HDFE Linear regression                            Number of obs   =     33,247
Absorbing 2 HDFE groups                           F(  11,    555) =     240.60
Statistics robust to heteroskedasticity           Prob > F        =     0.0000
                                                  R-squared       =     0.9348
                                                  Adj R-squared   =     0.9334
                                                  Within R-sq.    =     0.6155
Number of clusters (hotel_id_num) =        556    Root MSE        =     0.1657

                                              (Std. err. adjusted for 556 clusters in hotel_id_num)
---------------------------------------------------------------------------------------------------
                                  |               Robust
             ln_RevPAR_clean_w199 | Coefficient  std. err.      t    P>|t|     [95% conf. interval]
----------------------------------+----------------------------------------------------------------
                         sim_mean |  -.0386137   .0236355    -1.63   0.103    -.0850396    .0078122
             gap_city_mean_full_c |   .4242142    .124565     3.41   0.001     .1795378    .6688906
                                  |
c.sim_mean#c.gap_city_mean_full_c |   .1211039   .1473551     0.82   0.412     -.168338    .4105457
                                  |
                 ln_recent_volumn |   .0475824   .0106904     4.45   0.000     .0265839     .068581
                    recent_rating |   .0014161   .0048882     0.29   0.772    -.0081855    .0110178
                        recent_sd |   .0020622   .0059414     0.35   0.729    -.0096083    .0137327
                ln_lag_volumn_acc |   .0096705   .0072452     1.33   0.183    -.0045609    .0239019
               lag_avg_rating_acc |   .0186656   .0200237     0.93   0.352    -.0206659     .057997
                       lag_sd_acc |  -.0051366   .0243316    -0.21   0.833    -.0529299    .0426567
                ln_avg_com_RevPAR |   .1033116   .0096345    10.72   0.000      .084387    .1222362
         ln_lag_RevPAR_clean_w199 |   .2226198   .0272363     8.17   0.000     .1691209    .2761187
                            _cons |    2.62959   .2239069    11.74   0.000     2.189781    3.069399
---------------------------------------------------------------------------------------------------

Absorbed degrees of freedom:
------------------------------------------------------+
  Absorbed FE | Categories  - Redundant  = Num. Coefs |
--------------+---------------------------------------|
 hotel_id_num |       556         556           0    *|
           ym |       135           1         134     |
------------------------------------------------------+
* = FE nested within cluster; treated as redundant for DoF computation

. estimates store M8_citygap

. reghdfe ln_RevPAR_clean_w199 c.sim_mean##c.price_gap_c ln_recent_volumn recent_rating recent_sd ln_lag_volumn_acc lag_avg_rating_acc lag_sd_acc ln_avg_com_RevPAR ln_lag_RevPAR_clean_w199 if !missing(sim_mean, price_gap_c), absorb(hotel_id_num ym) vce(cl
> uster hotel_id_num)
(dropped 2 singleton observations)
(MWFE estimator converged in 7 iterations)

HDFE Linear regression                            Number of obs   =     33,317
Absorbing 2 HDFE groups                           F(  11,    555) =     120.74
Statistics robust to heteroskedasticity           Prob > F        =     0.0000
                                                  R-squared       =     0.8814
                                                  Adj R-squared   =     0.8789
                                                  Within R-sq.    =     0.3252
Number of clusters (hotel_id_num) =        556    Root MSE        =     0.2255

                                     (Std. err. adjusted for 556 clusters in hotel_id_num)
------------------------------------------------------------------------------------------
                         |               Robust
    ln_RevPAR_clean_w199 | Coefficient  std. err.      t    P>|t|     [95% conf. interval]
-------------------------+----------------------------------------------------------------
                sim_mean |  -.0750775   .0247224    -3.04   0.003    -.1236384   -.0265165
             price_gap_c |    .133072   .0228919     5.81   0.000     .0881065    .1780374
                         |
c.sim_mean#c.price_gap_c |   .0110141    .048749     0.23   0.821     -.084741    .1067692
                         |
        ln_recent_volumn |   .0776294   .0084163     9.22   0.000     .0610978    .0941611
           recent_rating |   .0187888   .0056383     3.33   0.001     .0077138    .0298638
               recent_sd |   .0022403   .0071005     0.32   0.752    -.0117069    .0161875
       ln_lag_volumn_acc |   .0261302   .0068742     3.80   0.000     .0126276    .0396328
      lag_avg_rating_acc |   .0018756   .0267656     0.07   0.944    -.0506986    .0544499
              lag_sd_acc |  -.0179786   .0327636    -0.55   0.583    -.0823344    .0463772
       ln_avg_com_RevPAR |   .2149193   .0180074    11.94   0.000     .1795484    .2502903
ln_lag_RevPAR_clean_w199 |    .331177   .0190076    17.42   0.000     .2938415    .3685126
                   _cons |    1.53742    .145823    10.54   0.000     1.250987    1.823852
------------------------------------------------------------------------------------------

Absorbed degrees of freedom:
------------------------------------------------------+
  Absorbed FE | Categories  - Redundant  = Num. Coefs |
--------------+---------------------------------------|
 hotel_id_num |       556         556           0    *|
           ym |       135           1         134     |
------------------------------------------------------+
* = FE nested within cluster; treated as redundant for DoF computation

. estimates store M9_pricegap

. 
. * Grouped M1 slopes, following the Route A grouped-boundary convention.
. reghdfe ln_RevPAR_clean_w199 sim_mean ln_recent_volumn recent_rating recent_sd ln_lag_volumn_acc lag_avg_rating_acc lag_sd_acc ln_avg_com_RevPAR ln_lag_RevPAR_clean_w199 if high_comp_zip_focus100 == 0 & !missing(sim_mean), absorb(hotel_id_num ym) vce(cl
> uster hotel_id_num)
(dropped 8 singleton observations)
(MWFE estimator converged in 8 iterations)

HDFE Linear regression                            Number of obs   =     17,306
Absorbing 2 HDFE groups                           F(   9,    366) =      61.53
Statistics robust to heteroskedasticity           Prob > F        =     0.0000
                                                  R-squared       =     0.8802
                                                  Adj R-squared   =     0.8766
                                                  Within R-sq.    =     0.2631
Number of clusters (hotel_id_num) =        367    Root MSE        =     0.2226

                                     (Std. err. adjusted for 367 clusters in hotel_id_num)
------------------------------------------------------------------------------------------
                         |               Robust
    ln_RevPAR_clean_w199 | Coefficient  std. err.      t    P>|t|     [95% conf. interval]
-------------------------+----------------------------------------------------------------
                sim_mean |  -.0587274   .0344644    -1.70   0.089    -.1265005    .0090457
        ln_recent_volumn |   .0846024   .0119708     7.07   0.000     .0610623    .1081424
           recent_rating |   .0165008   .0080411     2.05   0.041     .0006882    .0323133
               recent_sd |   .0023102   .0091767     0.25   0.801    -.0157356    .0203559
       ln_lag_volumn_acc |   .0324464   .0097486     3.33   0.001     .0132762    .0516166
      lag_avg_rating_acc |  -.0198014   .0313841    -0.63   0.528    -.0815172    .0419145
              lag_sd_acc |   -.031132   .0441541    -0.71   0.481    -.1179597    .0556956
       ln_avg_com_RevPAR |    .093511   .0136551     6.85   0.000     .0666587    .1203634
ln_lag_RevPAR_clean_w199 |   .4060345   .0248806    16.32   0.000     .3571075    .4549615
                   _cons |   1.795253   .1830159     9.81   0.000     1.435358    2.155147
------------------------------------------------------------------------------------------

Absorbed degrees of freedom:
------------------------------------------------------+
  Absorbed FE | Categories  - Redundant  = Num. Coefs |
--------------+---------------------------------------|
 hotel_id_num |       367         367           0    *|
           ym |       135           1         134     |
------------------------------------------------------+
* = FE nested within cluster; treated as redundant for DoF computation

. estimates store M1_low

. reghdfe ln_RevPAR_clean_w199 sim_mean ln_recent_volumn recent_rating recent_sd ln_lag_volumn_acc lag_avg_rating_acc lag_sd_acc ln_avg_com_RevPAR ln_lag_RevPAR_clean_w199 if high_comp_zip_focus100 == 1 & !missing(sim_mean), absorb(hotel_id_num ym) vce(cl
> uster hotel_id_num)
(dropped 4 singleton observations)
(MWFE estimator converged in 8 iterations)

HDFE Linear regression                            Number of obs   =     15,931
Absorbing 2 HDFE groups                           F(   9,    374) =     104.58
Statistics robust to heteroskedasticity           Prob > F        =     0.0000
                                                  R-squared       =     0.8898
                                                  Adj R-squared   =     0.8861
                                                  Within R-sq.    =     0.2673
Number of clusters (hotel_id_num) =        375    Root MSE        =     0.2195

                                     (Std. err. adjusted for 375 clusters in hotel_id_num)
------------------------------------------------------------------------------------------
                         |               Robust
    ln_RevPAR_clean_w199 | Coefficient  std. err.      t    P>|t|     [95% conf. interval]
-------------------------+----------------------------------------------------------------
                sim_mean |  -.0750024    .036124    -2.08   0.039     -.146034   -.0039709
        ln_recent_volumn |   .0807483   .0139306     5.80   0.000     .0533561    .1081404
           recent_rating |   .0181833   .0077871     2.34   0.020     .0028713    .0334953
               recent_sd |  -.0038092   .0109388    -0.35   0.728    -.0253185    .0177001
       ln_lag_volumn_acc |   .0225946   .0112774     2.00   0.046     .0004195    .0447696
      lag_avg_rating_acc |   .0488613   .0457546     1.07   0.286    -.0411073    .1388299
              lag_sd_acc |   .0292882   .0483954     0.61   0.545    -.0658731    .1244494
       ln_avg_com_RevPAR |   .1938774   .0191149    10.14   0.000     .1562912    .2314635
ln_lag_RevPAR_clean_w199 |   .3759081    .016042    23.43   0.000     .3443643    .4074519
                   _cons |   1.218321   .2213103     5.51   0.000     .7831529     1.65349
------------------------------------------------------------------------------------------

Absorbed degrees of freedom:
------------------------------------------------------+
  Absorbed FE | Categories  - Redundant  = Num. Coefs |
--------------+---------------------------------------|
 hotel_id_num |       375         375           0    *|
           ym |       135           1         134     |
------------------------------------------------------+
* = FE nested within cluster; treated as redundant for DoF computation

. estimates store M1_high

. 
. * Grouped M5 and M6 slopes within ZIP-month and city-month cells.
. capture drop m5_cell_median m5_high m6_cell_median m6_high

. bysort Zip ym: egen double m5_cell_median = median(ln_comp_zip_mean_excl_full)
(1,833 missing values generated)

. gen byte m5_high = ln_comp_zip_mean_excl_full > m5_cell_median if !missing(ln_comp_zip_mean_excl_full, m5_cell_median)
(1,833 missing values generated)

. replace m5_high = 0 if !missing(ln_comp_zip_mean_excl_full, m5_cell_median) & m5_high == 0
(0 real changes made)

. bysort CityID ym: egen double m6_cell_median = median(ln_comp_city_mean_excl_full)

. gen byte m6_high = ln_comp_city_mean_excl_full > m6_cell_median if !missing(ln_comp_city_mean_excl_full, m6_cell_median)
(716 missing values generated)

. replace m6_high = 0 if !missing(ln_comp_city_mean_excl_full, m6_cell_median) & m6_high == 0
(0 real changes made)

. reghdfe ln_RevPAR_clean_w199 sim_mean ln_recent_volumn recent_rating recent_sd ln_lag_volumn_acc lag_avg_rating_acc lag_sd_acc ln_avg_com_RevPAR ln_lag_RevPAR_clean_w199 if m5_high == 0 & !missing(sim_mean), absorb(hotel_id_num ym) vce(cluster hotel_id_
> num)
(dropped 29 singleton observations)
(MWFE estimator converged in 8 iterations)

HDFE Linear regression                            Number of obs   =     16,138
Absorbing 2 HDFE groups                           F(   9,    488) =      65.47
Statistics robust to heteroskedasticity           Prob > F        =     0.0000
                                                  R-squared       =     0.8987
                                                  Adj R-squared   =     0.8946
                                                  Within R-sq.    =     0.2579
Number of clusters (hotel_id_num) =        489    Root MSE        =     0.1965

                                     (Std. err. adjusted for 489 clusters in hotel_id_num)
------------------------------------------------------------------------------------------
                         |               Robust
    ln_RevPAR_clean_w199 | Coefficient  std. err.      t    P>|t|     [95% conf. interval]
-------------------------+----------------------------------------------------------------
                sim_mean |  -.0568782   .0324586    -1.75   0.080    -.1206541    .0068976
        ln_recent_volumn |   .0365458   .0092658     3.94   0.000       .01834    .0547517
           recent_rating |   .0107692   .0076431     1.41   0.159    -.0042483    .0257867
               recent_sd |   .0034178   .0092522     0.37   0.712    -.0147614    .0215969
       ln_lag_volumn_acc |   .0357016   .0101149     3.53   0.000     .0158274    .0555758
      lag_avg_rating_acc |   -.070144   .0362913    -1.93   0.054    -.1414506    .0011626
              lag_sd_acc |   -.072384   .0463772    -1.56   0.119    -.1635077    .0187397
       ln_avg_com_RevPAR |   .1283472   .0167162     7.68   0.000     .0955027    .1611918
ln_lag_RevPAR_clean_w199 |   .3559888   .0221898    16.04   0.000     .3123894    .3995882
                   _cons |    2.39368   .2052986    11.66   0.000     1.990301    2.797058
------------------------------------------------------------------------------------------

Absorbed degrees of freedom:
------------------------------------------------------+
  Absorbed FE | Categories  - Redundant  = Num. Coefs |
--------------+---------------------------------------|
 hotel_id_num |       489         489           0    *|
           ym |       135           1         134     |
------------------------------------------------------+
* = FE nested within cluster; treated as redundant for DoF computation

. estimates store M5_low

. reghdfe ln_RevPAR_clean_w199 sim_mean ln_recent_volumn recent_rating recent_sd ln_lag_volumn_acc lag_avg_rating_acc lag_sd_acc ln_avg_com_RevPAR ln_lag_RevPAR_clean_w199 if m5_high == 1 & !missing(sim_mean), absorb(hotel_id_num ym) vce(cluster hotel_id_
> num)
(dropped 20 singleton observations)
(MWFE estimator converged in 8 iterations)

HDFE Linear regression                            Number of obs   =     15,983
Absorbing 2 HDFE groups                           F(   9,    515) =     135.56
Statistics robust to heteroskedasticity           Prob > F        =     0.0000
                                                  R-squared       =     0.8591
                                                  Adj R-squared   =     0.8531
                                                  Within R-sq.    =     0.2866
Number of clusters (hotel_id_num) =        516    Root MSE        =     0.2273

                                     (Std. err. adjusted for 516 clusters in hotel_id_num)
------------------------------------------------------------------------------------------
                         |               Robust
    ln_RevPAR_clean_w199 | Coefficient  std. err.      t    P>|t|     [95% conf. interval]
-------------------------+----------------------------------------------------------------
                sim_mean |  -.0849556    .034512    -2.46   0.014    -.1527572   -.0171541
        ln_recent_volumn |    .120022   .0118125    10.16   0.000     .0968155    .1432286
           recent_rating |   .0202191    .007459     2.71   0.007     .0055653    .0348729
               recent_sd |   .0010472    .010413     0.10   0.920      -.01941    .0215044
       ln_lag_volumn_acc |   .0215365   .0098569     2.18   0.029     .0021718    .0409012
      lag_avg_rating_acc |   .0242098   .0340754     0.71   0.478    -.0427342    .0911537
              lag_sd_acc |  -.0071109    .041725    -0.17   0.865    -.0890831    .0748613
       ln_avg_com_RevPAR |   .1374328   .0155226     8.85   0.000     .1069375    .1679282
ln_lag_RevPAR_clean_w199 |   .3912286   .0163043    24.00   0.000     .3591975    .4232597
                   _cons |   1.283661   .1735158     7.40   0.000     .9427752    1.624547
------------------------------------------------------------------------------------------

Absorbed degrees of freedom:
------------------------------------------------------+
  Absorbed FE | Categories  - Redundant  = Num. Coefs |
--------------+---------------------------------------|
 hotel_id_num |       516         516           0    *|
           ym |       135           1         134     |
------------------------------------------------------+
* = FE nested within cluster; treated as redundant for DoF computation

. estimates store M5_high

. reghdfe ln_RevPAR_clean_w199 sim_mean ln_recent_volumn recent_rating recent_sd ln_lag_volumn_acc lag_avg_rating_acc lag_sd_acc ln_avg_com_RevPAR ln_lag_RevPAR_clean_w199 if m6_high == 0 & !missing(sim_mean), absorb(hotel_id_num ym) vce(cluster hotel_id_
> num)
(dropped 41 singleton observations)
(MWFE estimator converged in 8 iterations)

HDFE Linear regression                            Number of obs   =     16,743
Absorbing 2 HDFE groups                           F(   9,    407) =      68.16
Statistics robust to heteroskedasticity           Prob > F        =     0.0000
                                                  R-squared       =     0.8776
                                                  Adj R-squared   =     0.8734
                                                  Within R-sq.    =     0.1965
Number of clusters (hotel_id_num) =        408    Root MSE        =     0.1741

                                     (Std. err. adjusted for 408 clusters in hotel_id_num)
------------------------------------------------------------------------------------------
                         |               Robust
    ln_RevPAR_clean_w199 | Coefficient  std. err.      t    P>|t|     [95% conf. interval]
-------------------------+----------------------------------------------------------------
                sim_mean |  -.0690862   .0327781    -2.11   0.036    -.1335218   -.0046507
        ln_recent_volumn |   .0455713   .0088436     5.15   0.000     .0281864    .0629561
           recent_rating |   .0112683   .0072407     1.56   0.120    -.0029655    .0255021
               recent_sd |    .001616    .008242     0.20   0.845    -.0145862    .0178183
       ln_lag_volumn_acc |   .0191038   .0093421     2.04   0.042      .000739    .0374687
      lag_avg_rating_acc |  -.0458643   .0348447    -1.32   0.189    -.1143624    .0226337
              lag_sd_acc |  -.0486901   .0427912    -1.14   0.256    -.1328095    .0354293
       ln_avg_com_RevPAR |   .1017885   .0110861     9.18   0.000     .0799954    .1235816
ln_lag_RevPAR_clean_w199 |   .2805858   .0153164    18.32   0.000     .2504767     .310695
                   _cons |   2.895772   .1794702    16.14   0.000     2.542968    3.248577
------------------------------------------------------------------------------------------

Absorbed degrees of freedom:
------------------------------------------------------+
  Absorbed FE | Categories  - Redundant  = Num. Coefs |
--------------+---------------------------------------|
 hotel_id_num |       408         408           0    *|
           ym |       135           1         134     |
------------------------------------------------------+
* = FE nested within cluster; treated as redundant for DoF computation

. estimates store M6_low

. reghdfe ln_RevPAR_clean_w199 sim_mean ln_recent_volumn recent_rating recent_sd ln_lag_volumn_acc lag_avg_rating_acc lag_sd_acc ln_avg_com_RevPAR ln_lag_RevPAR_clean_w199 if m6_high == 1 & !missing(sim_mean), absorb(hotel_id_num ym) vce(cluster hotel_id_
> num)
(dropped 34 singleton observations)
(MWFE estimator converged in 8 iterations)

HDFE Linear regression                            Number of obs   =     16,431
Absorbing 2 HDFE groups                           F(   9,    482) =      71.52
Statistics robust to heteroskedasticity           Prob > F        =     0.0000
                                                  R-squared       =     0.8119
                                                  Adj R-squared   =     0.8045
                                                  Within R-sq.    =     0.2465
Number of clusters (hotel_id_num) =        483    Root MSE        =     0.2173

                                     (Std. err. adjusted for 483 clusters in hotel_id_num)
------------------------------------------------------------------------------------------
                         |               Robust
    ln_RevPAR_clean_w199 | Coefficient  std. err.      t    P>|t|     [95% conf. interval]
-------------------------+----------------------------------------------------------------
                sim_mean |  -.0562979   .0299239    -1.88   0.061    -.1150952    .0024995
        ln_recent_volumn |   .1023396    .013889     7.37   0.000     .0750491    .1296301
           recent_rating |   .0160479   .0072304     2.22   0.027      .001841    .0302549
               recent_sd |   .0146341   .0102346     1.43   0.153    -.0054759    .0347442
       ln_lag_volumn_acc |   .0231524   .0123446     1.88   0.061    -.0011036    .0474083
      lag_avg_rating_acc |   .0333562   .0356995     0.93   0.351    -.0367897    .1035022
              lag_sd_acc |  -.0111234   .0448427    -0.25   0.804    -.0992347    .0769879
       ln_avg_com_RevPAR |   .1234328    .015737     7.84   0.000     .0925112    .1543544
ln_lag_RevPAR_clean_w199 |    .347366   .0171403    20.27   0.000     .3136871    .3810449
                   _cons |   1.441828   .1796944     8.02   0.000     1.088747    1.794909
------------------------------------------------------------------------------------------

Absorbed degrees of freedom:
------------------------------------------------------+
  Absorbed FE | Categories  - Redundant  = Num. Coefs |
--------------+---------------------------------------|
 hotel_id_num |       483         483           0    *|
           ym |       135           1         134     |
------------------------------------------------------+
* = FE nested within cluster; treated as redundant for DoF computation

. estimates store M6_high

. 
. estimates table M01 M02 M1_zipcomp M2_citycomp M3_zipthick M4_citythick M5_ziprev M6_cityrev M7_zipgap M8_citygap M9_pricegap M1_low M1_high M5_low M5_high M6_low M6_high, b(%9.4f) se stats(N r2_a)

--------------------------------------------------------------------------------------------------------------------------------------------------------------------------------------------------------------------------
    Variable |    M01         M02      M1_zipc~p   M2_city~p   M3_zipt~k   M4_city~k   M5_ziprev   M6_city~v   M7_zipgap   M8_city~p   M9_pric~p    M1_low      M1_high     M5_low      M5_high     M6_low      M6_high   
-------------+------------------------------------------------------------------------------------------------------------------------------------------------------------------------------------------------------------
    sim_mean |   -0.0788      0.3336     -0.0982     -0.0684     -0.0752     -0.0800      0.4001      0.1124     -0.0567     -0.0386     -0.0751     -0.0587     -0.0750     -0.0569     -0.0850     -0.0691     -0.0563  
             |    0.0253      0.1651      0.0356      0.0371      0.0255      0.0253      0.2406      0.3839      0.0222      0.0236      0.0247      0.0345      0.0361      0.0325      0.0345      0.0328      0.0299  
ln_recent_~n |    0.0784      0.0793      0.0806      0.0806      0.0803      0.0837      0.0733      0.0818      0.0698      0.0476      0.0776      0.0846      0.0807      0.0365      0.1200      0.0456      0.1023  
             |    0.0088      0.0088      0.0088      0.0089      0.0088      0.0088      0.0094      0.0088      0.0095      0.0107      0.0084      0.0120      0.0139      0.0093      0.0118      0.0088      0.0139  
recent_rat~g |    0.0207      0.0211      0.0183      0.0187      0.0186      0.0195      0.0206      0.0226      0.0094      0.0014      0.0188      0.0165      0.0182      0.0108      0.0202      0.0113      0.0160  
             |    0.0060      0.0060      0.0059      0.0059      0.0059      0.0059      0.0060      0.0059      0.0064      0.0049      0.0056      0.0080      0.0078      0.0076      0.0075      0.0072      0.0072  
   recent_sd |    0.0024      0.0021      0.0010      0.0012      0.0012      0.0038      0.0012      0.0026      0.0032      0.0021      0.0022      0.0023     -0.0038      0.0034      0.0010      0.0016      0.0146  
             |    0.0074      0.0074      0.0074      0.0075      0.0075      0.0075      0.0077      0.0074      0.0073      0.0059      0.0071      0.0092      0.0109      0.0093      0.0104      0.0082      0.0102  
ln_lag_vol~c |    0.0280      0.0282      0.0295      0.0295      0.0294      0.0315      0.0296      0.0343      0.0293      0.0097      0.0261      0.0324      0.0226      0.0357      0.0215      0.0191      0.0232  
             |    0.0071      0.0071      0.0073      0.0073      0.0073      0.0070      0.0075      0.0076      0.0079      0.0072      0.0069      0.0097      0.0113      0.0101      0.0099      0.0093      0.0123  
lag_avg_ra~c |    0.0041      0.0034      0.0124      0.0116      0.0135      0.0090      0.0124      0.0007     -0.0296      0.0187      0.0019     -0.0198      0.0489     -0.0701      0.0242     -0.0459      0.0334  
             |    0.0277      0.0277      0.0266      0.0269      0.0266      0.0247      0.0279      0.0286      0.0264      0.0200      0.0268      0.0314      0.0458      0.0363      0.0341      0.0348      0.0357  
  lag_sd_acc |   -0.0132     -0.0139     -0.0050     -0.0044     -0.0043     -0.0039     -0.0125     -0.0043     -0.0662     -0.0051     -0.0180     -0.0311      0.0293     -0.0724     -0.0071     -0.0487     -0.0111  
             |    0.0344      0.0343      0.0345      0.0348      0.0344      0.0327      0.0350      0.0375      0.0366      0.0243      0.0328      0.0442      0.0484      0.0464      0.0417      0.0428      0.0448  
ln_avg_com~R |    0.1203      0.1500      0.1213      0.1209      0.1216      0.1155      0.0607      0.0917      0.2289      0.1033      0.2149      0.0935      0.1939      0.1283      0.1374      0.1018      0.1234  
             |    0.0120      0.0167      0.0122      0.0121      0.0121      0.0122      0.0146      0.0123      0.0241      0.0096      0.0180      0.0137      0.0191      0.0167      0.0155      0.0111      0.0157  
ln_la~n_w199 |    0.4398      0.4398      0.4199      0.4193      0.4198      0.4133      0.4078      0.4029      0.2973      0.2226      0.3312      0.4060      0.3759      0.3560      0.3912      0.2806      0.3474  
             |    0.0177      0.0177      0.0172      0.0173      0.0172      0.0180      0.0182      0.0188      0.0167      0.0272      0.0190      0.0249      0.0160      0.0222      0.0163      0.0153      0.0171  
             |
  c.sim_mean#|
          c. |
ln_avg_com~R |               -0.0997                                                                                                                                                                                      
             |                0.0385                                                                                                                                                                                      
             |
h~p_focus100 |
          1  |                           -0.0177                                                                                                                                                                          
             |                            0.0181                                                                                                                                                                          
             |
h~p_focus100#|
  c.sim_mean |
          1  |                            0.0478                                                                                                                                                                          
             |                            0.0507                                                                                                                                                                          
             |
h~y_focus100 |
          1  |                                        0.0215                                                                                                                                                              
             |                                        0.0166                                                                                                                                                              
             |
h~y_focus100#|
  c.sim_mean |
          1  |                                       -0.0114                                                                                                                                                              
             |                                        0.0476                                                                                                                                                              
             |
zip_n_full_c |                                                   -0.0012                                                                                                                                                  
             |                                                    0.0015                                                                                                                                                  
             |
  c.sim_mean#|
          c. |
zip_n_full_c |                                                    0.0007                                                                                                                                                  
             |                                                    0.0036                                                                                                                                                  
             |
city_n_ful~c |                                                               -0.0008                                                                                                                                      
             |                                                                0.0002                                                                                                                                      
             |
  c.sim_mean#|
          c. |
city_n_ful~c |                                                                0.0003                                                                                                                                      
             |                                                                0.0002                                                                                                                                      
             |
ln_comp_zi~l |                                                                            0.1812                                                                                                                          
             |                                                                            0.0270                                                                                                                          
             |
  c.sim_mean#|
          c. |
ln_comp_zi~l |                                                                           -0.1128                                                                                                                          
             |                                                                            0.0578                                                                                                                          
             |
ln_comp_ci~l |                                                                                        0.3303                                                                                                              
             |                                                                                        0.0339                                                                                                              
             |
  c.sim_mean#|
          c. |
ln_comp_ci~l |                                                                                       -0.0411                                                                                                              
             |                                                                                        0.0871                                                                                                              
             |
gap_zip_me~c |                                                                                                    0.3041                                                                                                  
             |                                                                                                    0.0637                                                                                                  
             |
  c.sim_mean#|
          c. |
gap_zip_me~c |                                                                                                    0.0245                                                                                                  
             |                                                                                                    0.0886                                                                                                  
             |
gap_city_m~c |                                                                                                                0.4242                                                                                      
             |                                                                                                                0.1246                                                                                      
             |
  c.sim_mean#|
          c. |
gap_city_m~c |                                                                                                                0.1211                                                                                      
             |                                                                                                                0.1474                                                                                      
             |
 price_gap_c |                                                                                                                            0.1331                                                                          
             |                                                                                                                            0.0229                                                                          
             |
  c.sim_mean#|
          c. |
 price_gap_c |                                                                                                                            0.0110                                                                          
             |                                                                                                                            0.0487                                                                          
             |
       _cons |    1.4471      1.3231      1.4922      1.4784      1.4781      1.5242      1.0412      0.2267      1.8329      2.6296      1.5374      1.7953      1.2183      2.3937      1.2837      2.8958      1.4418  
             |    0.1499      0.1615      0.1493      0.1513      0.1493      0.1458      0.1756      0.1885      0.1384      0.2239      0.1458      0.1830      0.2213      0.2053      0.1735      0.1795      0.1797  
-------------+------------------------------------------------------------------------------------------------------------------------------------------------------------------------------------------------------------
           N |     33317       33317       33247       33247       33247       33247       32168       33247       32168       33247       33317       17306       15931       16138       15983       16743       16431  
        r2_a |    0.8750      0.8751      0.8776      0.8777      0.8776      0.8782      0.8824      0.8830      0.9141      0.9334      0.8789      0.8766      0.8861      0.8946      0.8531      0.8734      0.8045  
--------------------------------------------------------------------------------------------------------------------------------------------------------------------------------------------------------------------------
                                                                                                                                                                                                              Legend: b/se

. log close
      name:  <unnamed>
       log:  /Users/samxie/Research/ReviewSimi_Sales/Code/stata-log/run_event_month_pool_gt100_market_boundaries_260711.log
  log type:  text
 closed on:  12 Jul 2026, 17:59:58
---------------------------------------------------------------------------------------------------------------------------------------------------------------------------------------------------------------------------------------------------------------
