
  ___  ____  ____  ____  ____ ©
 /__    /   ____/   /   ____/      17.0
___/   /   /___/   /   /___/       MP—Parallel Edition

 Statistics and Data Science       Copyright 1985-2021 StataCorp LLC
                                   StataCorp
                                   4905 Lakeway Drive
                                   College Station, Texas 77845 USA
                                   800-STATA-PC        https://www.stata.com
                                   979-696-4600        stata@stata.com

Stata license: Single-user 2-core  perpetual
Serial number: 501806366047
  Licensed to: Sam Xie
               samxie

Notes:
      1. Stata is running in batch mode.
      2. Unicode is supported; see help unicode_advice.
      3. More than 2 billion observations are allowed; see help obs_advice.
      4. Maximum number of variables is set to 5,000; see help set_maxvar.


Running /Applications/Stata/profile.do ...
command window is unrecognized
r(199);

. do /Users/samxie/Research/ReviewSimi_Sales/Code/scripts/stata/run_routeA_mark
> et_boundaries_260605.do 

. *******************************************************
. * run_routeA_market_boundaries_260605.do
. * Route A extension: ARS as the main effect, with market
. * structure and competitive-position boundaries.
. *
. * Style rules:
. * - No regression wrapper program.
. * - Every regression writes the DV, focal variables,
. *   controls, FE, and clustering explicitly.
. * - Comments explain the research question before each
. *   model block.
. *******************************************************
. 
. version 17.0

. clear all

. set more off

. set linesize 255

. mata: mata set matafavor speed

. capture log close

. 
. *******************************************************
. ************ 0. paths and required packages ************
. *******************************************************
. 
. local project "/Users/samxie/Research/ReviewSimi_Sales/Code"

. local out_root "`project'/outputs/core_simi_260501"

. local data_dir "`out_root'/data"

. local table_dir "`out_root'/tables_explicit"

. local csv_dir "`out_root'/csv"

. local log_dir "`out_root'/logs"

. local run_id "260605"

. 
. local data_main "`data_dir'/core_simi_panel_260501_with_mr_text_sentiment_260526.dta"

. 
. cap mkdir "`table_dir'"

. cap mkdir "`csv_dir'"

. cap mkdir "`log_dir'"

. 
. capture confirm file "`data_main'"

. if _rc {
.     di as error "Cannot find `data_main'."
.     exit 601
. }

. 
. capture which reghdfe

. if _rc {
.     di as error "reghdfe not found. Install it first: ssc install reghdfe, replace"
.     exit 199
. }

. 
. capture which esttab

. if _rc {
.     di as error "esttab not found. Install it first: ssc install estout, replace"
.     exit 199
. }

. 
. *******************************************************
. ************ 1. load data and prepare variables ********
. *******************************************************
. 
. use "`data_main'", clear

. log using "`log_dir'/run_routeA_market_boundaries_`run_id'.log", text replace
---------------------------------------------------------------------------------------------------------------------------------------------------------------------------------------------------------------------------------------------------------------
      name:  <unnamed>
       log:  /Users/samxie/Research/ReviewSimi_Sales/Code/outputs/core_simi_260501/logs/run_routeA_market_boundaries_260605.log
  log type:  text
 opened on:   5 Jun 2026, 19:03:38

. 
. di as text "Data source: `data_main'"
Data source: /Users/samxie/Research/ReviewSimi_Sales/Code/outputs/core_simi_260501/data/core_simi_panel_260501_with_mr_text_sentiment_260526.dta

. 
. capture drop hotel_id_num

. capture confirm numeric variable HotelID

. if _rc {
.     encode HotelID, gen(hotel_id_num)
. }

. else {
.     gen long hotel_id_num = HotelID
. }

. 
. capture drop ym

. gen ym = monthly(year_month, "YM")

. format ym %tm

. xtset hotel_id_num ym

Panel variable: hotel_id_num (unbalanced)
 Time variable: ym, 2011m1 to 2022m9, but with gaps
         Delta: 1 month

. sort hotel_id_num ym

. 
. quietly _pctile ln_RevPAR_clean if cs_sample_focus100 == 1, p(1 99)

. local y_p1 = r(r1)

. local y_p99 = r(r2)

. quietly _pctile ln_lag_RevPAR_clean if cs_sample_focus100 == 1, p(1 99)

. local ly_p1 = r(r1)

. local ly_p99 = r(r2)

. 
. replace ln_RevPAR_clean = `y_p1' if ln_RevPAR_clean < `y_p1' & !missing(ln_RevPAR_clean)
(430 real changes made)

. replace ln_RevPAR_clean = `y_p99' if ln_RevPAR_clean > `y_p99' & !missing(ln_RevPAR_clean)
(410 real changes made)

. replace ln_lag_RevPAR_clean = `ly_p1' if ln_lag_RevPAR_clean < `ly_p1' & !missing(ln_lag_RevPAR_clean)
(419 real changes made)

. replace ln_lag_RevPAR_clean = `ly_p99' if ln_lag_RevPAR_clean > `ly_p99' & !missing(ln_lag_RevPAR_clean)
(397 real changes made)

. 
. * Center variables so lower-order coefficients are interpretable at the focus100 sample mean.
. capture drop sim_mean zip_n_full_c city_n_full_c zip_n_review_c city_n_review_c

. capture drop ln_comp_zip_full_c ln_comp_city_full_c gap_zip_full_c gap_city_full_c

. capture drop gap_zip_review_c gap_city_review_c revenue_gap_c

. 
. 
. quietly summarize zip_n_full if cs_sample_focus100 == 1 & !missing(zip_n_full)

. gen double zip_n_full_c = zip_n_full - r(mean) if !missing(zip_n_full)
(808 missing values generated)

. 
. quietly summarize city_n_full if cs_sample_focus100 == 1 & !missing(city_n_full)

. gen double city_n_full_c = city_n_full - r(mean) if !missing(city_n_full)
(808 missing values generated)

. 
. quietly summarize zip_n_review if cs_sample_focus100 == 1 & !missing(zip_n_review)

. gen double zip_n_review_c = zip_n_review - r(mean) if !missing(zip_n_review)
(4,850 missing values generated)

. 
. quietly summarize city_n_review if cs_sample_focus100 == 1 & !missing(city_n_review)

. gen double city_n_review_c = city_n_review - r(mean) if !missing(city_n_review)
(4,850 missing values generated)

. 
. quietly summarize ln_comp_zip_mean_excl_full if cs_sample_focus100 == 1 & !missing(ln_comp_zip_mean_excl_full)

. gen double ln_comp_zip_full_c = ln_comp_zip_mean_excl_full - r(mean) if !missing(ln_comp_zip_mean_excl_full)
(2,078 missing values generated)

. 
. quietly summarize ln_comp_city_mean_excl_full if cs_sample_focus100 == 1 & !missing(ln_comp_city_mean_excl_full)

. gen double ln_comp_city_full_c = ln_comp_city_mean_excl_full - r(mean) if !missing(ln_comp_city_mean_excl_full)
(808 missing values generated)

. 
. quietly summarize gap_zip_mean_full if cs_sample_focus100 == 1 & !missing(gap_zip_mean_full)

. gen double gap_zip_full_c = gap_zip_mean_full - r(mean) if !missing(gap_zip_mean_full)
(2,078 missing values generated)

. 
. quietly summarize gap_city_mean_full if cs_sample_focus100 == 1 & !missing(gap_city_mean_full)

. gen double gap_city_full_c = gap_city_mean_full - r(mean) if !missing(gap_city_mean_full)
(808 missing values generated)

. 
. quietly summarize gap_zip_mean_review if cs_sample_focus100 == 1 & !missing(gap_zip_mean_review)

. gen double gap_zip_review_c = gap_zip_mean_review - r(mean) if !missing(gap_zip_mean_review)
(8,395 missing values generated)

. 
. quietly summarize gap_city_mean_review if cs_sample_focus100 == 1 & !missing(gap_city_mean_review)

. gen double gap_city_review_c = gap_city_mean_review - r(mean) if !missing(gap_city_mean_review)
(4,850 missing values generated)

. 
. generate revenue_gap = price_gap
(1,680 missing values generated)

. quietly summarize revenue_gap if cs_sample_focus100 == 1 & !missing(revenue_gap)

. gen double revenue_gap_c = revenue_gap - r(mean) if !missing(revenue_gap)
(1,680 missing values generated)

. 
. * Median cutoffs for grouped regressions.
. quietly summarize ln_avg_com_RevPAR if cs_sample_focus100 == 1 & !missing(high_comp_zip_full), detail

. local med_compavg = r(p50)

. capture drop hi_compavg_focus100

. gen byte hi_compavg_focus100 = (ln_avg_com_RevPAR > `med_compavg') if cs_sample_focus100 == 1 & !missing(high_comp_zip_full) & !missing(ln_avg_com_RevPAR)
(6,122 missing values generated)

. 
. quietly summarize zip_n_full if cs_sample_focus100 == 1 & !missing(zip_n_full), detail

. local med_zip_n = r(p50)

. capture drop hi_zip_n_focus100

. gen byte hi_zip_n_focus100 = (zip_n_full > `med_zip_n') if cs_sample_focus100 == 1 & !missing(zip_n_full)
(6,122 missing values generated)

. 
. quietly summarize city_n_full if cs_sample_focus100 == 1 & !missing(city_n_full), detail

. local med_city_n = r(p50)

. capture drop hi_city_n_focus100

. gen byte hi_city_n_focus100 = (city_n_full > `med_city_n') if cs_sample_focus100 == 1 & !missing(city_n_full)
(6,122 missing values generated)

. 
. quietly summarize gap_zip_mean_full if cs_sample_focus100 == 1 & !missing(gap_zip_mean_full), detail

. local med_zip_gap = r(p50)

. capture drop hi_zip_gap_focus100

. gen byte hi_zip_gap_focus100 = (gap_zip_mean_full > `med_zip_gap') if cs_sample_focus100 == 1 & !missing(gap_zip_mean_full)
(7,240 missing values generated)

. 
. quietly summarize gap_city_mean_full if cs_sample_focus100 == 1 & !missing(gap_city_mean_full), detail

. local med_city_gap = r(p50)

. capture drop hi_city_gap_focus100

. gen byte hi_city_gap_focus100 = (gap_city_mean_full > `med_city_gap') if cs_sample_focus100 == 1 & !missing(gap_city_mean_full)
(6,122 missing values generated)

. 
. quietly summarize revenue_gap if cs_sample_focus100 == 1 & !missing(revenue_gap), detail

. local med_revenue_gap = r(p50)

. capture drop hi_revenue_gap_focus100

. gen byte hi_revenue_gap_focus100 = (revenue_gap > `med_revenue_gap') if cs_sample_focus100 == 1 & !missing(revenue_gap)
(6,580 missing values generated)

. 
. winsor2 ln_RevPAR_clean, cuts(1 99) suffix(_w199)

. winsor2 ln_RevPAR_clean, cuts(5 95) suffix(_w595)

. winsor2 ln_lag_RevPAR_clean, cuts(1 99) suffix(_w199)

. winsor2 ln_lag_RevPAR_clean, cuts(5 95) suffix(_w595)

. 
. *******************************************************
. ************ 2. Route A: market boundaries ************
. *******************************************************
. 
. estimates clear

. 
. * M0.1 Baseline on the market-boundary sample.
. * This anchors the comparison before adding any moderator term.
. reghdfe ln_RevPAR_clean c.sim_mean ///
>     ln_recent_volumn recent_sd recent_rating ln_lag_volumn_acc lag_avg_rating_acc ///
>     lag_sd_acc  ln_avg_com_RevPAR ln_lag_RevPAR_clean ///
>     if cs_sample_focus100 == 1 & !missing(high_comp_zip_full), ///
>     absorb(hotel_id_num ym) vce(cluster hotel_id_num)
(dropped 2 singleton observations)
(MWFE estimator converged in 7 iterations)

HDFE Linear regression                            Number of obs   =     33,474
Absorbing 2 HDFE groups                           F(   9,    557) =     137.12
Statistics robust to heteroskedasticity           Prob > F        =     0.0000
                                                  R-squared       =     0.8794
                                                  Adj R-squared   =     0.8768
                                                  Within R-sq.    =     0.2919
Number of clusters (hotel_id_num) =        558    Root MSE        =     0.2256

                                (Std. err. adjusted for 558 clusters in hotel_id_num)
-------------------------------------------------------------------------------------
                    |               Robust
    ln_RevPAR_clean | Coefficient  std. err.      t    P>|t|     [95% conf. interval]
--------------------+----------------------------------------------------------------
           sim_mean |  -.1569758   .0575207    -2.73   0.007    -.2699597   -.0439918
   ln_recent_volumn |   .0834681   .0089432     9.33   0.000     .0659015    .1010347
          recent_sd |  -.0023584   .0075524    -0.31   0.755    -.0171932    .0124763
      recent_rating |   .0195539    .006015     3.25   0.001     .0077391    .0313688
  ln_lag_volumn_acc |   .0305399   .0073082     4.18   0.000     .0161849    .0448949
 lag_avg_rating_acc |   .0087638    .026562     0.33   0.742      -.04341    .0609377
         lag_sd_acc |  -.0084123   .0345631    -0.24   0.808    -.0763023    .0594776
  ln_avg_com_RevPAR |    .122144   .0121711    10.04   0.000     .0982372    .1460507
ln_lag_RevPAR_clean |   .4190899   .0170478    24.58   0.000      .385604    .4525758
              _cons |   1.510477   .1490716    10.13   0.000     1.217666    1.803289
-------------------------------------------------------------------------------------

Absorbed degrees of freedom:
------------------------------------------------------+
  Absorbed FE | Categories  - Redundant  = Num. Coefs |
--------------+---------------------------------------|
 hotel_id_num |       558         558           0    *|
           ym |       135           1         134     |
------------------------------------------------------+
* = FE nested within cluster; treated as redundant for DoF computation

. est store rm_base_market

. 
. * M0.2 Competitor RevPAR interaction.
. * This asks whether ARS hurts more when the surrounding competitor RevPAR level is higher.
. reghdfe ln_RevPAR_clean_w595 c.sim_mean##c.ln_avg_com_RevPAR ///
>     ln_recent_volumn recent_sd recent_rating ln_lag_volumn_acc lag_avg_rating_acc ///
>     lag_sd_acc ln_lag_RevPAR_clean_w595 ///
>     if cs_sample_focus100 == 1 & !missing(high_comp_zip_full), ///
>     absorb(hotel_id_num ym) vce(cluster hotel_id_num)
(dropped 2 singleton observations)
(MWFE estimator converged in 7 iterations)

HDFE Linear regression                            Number of obs   =     33,474
Absorbing 2 HDFE groups                           F(  10,    557) =     211.13
Statistics robust to heteroskedasticity           Prob > F        =     0.0000
                                                  R-squared       =     0.8768
                                                  Adj R-squared   =     0.8742
                                                  Within R-sq.    =     0.3142
Number of clusters (hotel_id_num) =        558    Root MSE        =     0.1993

                                           (Std. err. adjusted for 558 clusters in hotel_id_num)
------------------------------------------------------------------------------------------------
                               |               Robust
          ln_RevPAR_clean_w595 | Coefficient  std. err.      t    P>|t|     [95% conf. interval]
-------------------------------+----------------------------------------------------------------
                      sim_mean |   .7777166   .3306551     2.35   0.019     .1282332      1.4272
             ln_avg_com_RevPAR |   .1718904   .0255375     6.73   0.000     .1217289    .2220519
                               |
c.sim_mean#c.ln_avg_com_RevPAR |   -.216636   .0751932    -2.88   0.004     -.364333    -.068939
                               |
              ln_recent_volumn |   .0828447   .0079753    10.39   0.000     .0671794    .0985101
                     recent_sd |  -.0040444   .0065573    -0.62   0.538    -.0169244    .0088356
                 recent_rating |   .0155887   .0052512     2.97   0.003     .0052741    .0259032
             ln_lag_volumn_acc |   .0264661   .0061464     4.31   0.000     .0143931     .038539
            lag_avg_rating_acc |   .0012221   .0223135     0.05   0.956    -.0426067     .045051
                    lag_sd_acc |  -.0186372   .0284003    -0.66   0.512     -.074422    .0371475
      ln_lag_RevPAR_clean_w595 |    .442759   .0134543    32.91   0.000     .4163316    .4691864
                         _cons |    1.26999   .1609066     7.89   0.000     .9539322    1.586048
------------------------------------------------------------------------------------------------

Absorbed degrees of freedom:
------------------------------------------------------+
  Absorbed FE | Categories  - Redundant  = Num. Coefs |
--------------+---------------------------------------|
 hotel_id_num |       558         558           0    *|
           ym |       135           1         134     |
------------------------------------------------------+
* = FE nested within cluster; treated as redundant for DoF computation

. est store rm_compavg

. 
. * M0.2a-M0.2b Grouped competitor RevPAR regressions.
. * Split the sample at the median competitor RevPAR and estimate the ARS slope separately.
. reghdfe ln_RevPAR_clean_w595 c.sim_mean ///
>     ln_recent_volumn recent_sd recent_rating ln_lag_volumn_acc lag_avg_rating_acc ///
>     lag_sd_acc  ln_avg_com_RevPAR ln_lag_RevPAR_clean_w595 ///
>     if cs_sample_focus100 == 1 & !missing(high_comp_zip_full) & hi_compavg_focus100 == 0, ///
>     absorb(hotel_id_num ym) vce(cluster hotel_id_num)
(dropped 17 singleton observations)
(MWFE estimator converged in 8 iterations)

HDFE Linear regression                            Number of obs   =     16,679
Absorbing 2 HDFE groups                           F(   9,    508) =     140.53
Statistics robust to heteroskedasticity           Prob > F        =     0.0000
                                                  R-squared       =     0.8579
                                                  Adj R-squared   =     0.8522
                                                  Within R-sq.    =     0.2839
Number of clusters (hotel_id_num) =        509    Root MSE        =     0.2024

                                     (Std. err. adjusted for 509 clusters in hotel_id_num)
------------------------------------------------------------------------------------------
                         |               Robust
    ln_RevPAR_clean_w595 | Coefficient  std. err.      t    P>|t|     [95% conf. interval]
-------------------------+----------------------------------------------------------------
                sim_mean |  -.0847985   .0700577    -1.21   0.227     -.222437      .05284
        ln_recent_volumn |   .1097718   .0124805     8.80   0.000      .085252    .1342916
               recent_sd |   .0019613   .0089169     0.22   0.826    -.0155572    .0194799
           recent_rating |   .0184776   .0066096     2.80   0.005     .0054921     .031463
       ln_lag_volumn_acc |   .0301975   .0107402     2.81   0.005     .0090968    .0512982
      lag_avg_rating_acc |   -.039632   .0342029    -1.16   0.247    -.1068287    .0275646
              lag_sd_acc |  -.0546765   .0408003    -1.34   0.181    -.1348347    .0254817
       ln_avg_com_RevPAR |   .1961316    .024903     7.88   0.000      .147206    .2450572
ln_lag_RevPAR_clean_w595 |   .3938306   .0144726    27.21   0.000     .3653971    .4222641
                   _cons |   1.427437   .1835234     7.78   0.000     1.066878    1.787995
------------------------------------------------------------------------------------------

Absorbed degrees of freedom:
------------------------------------------------------+
  Absorbed FE | Categories  - Redundant  = Num. Coefs |
--------------+---------------------------------------|
 hotel_id_num |       509         509           0    *|
           ym |       135           1         134     |
------------------------------------------------------+
* = FE nested within cluster; treated as redundant for DoF computation

. est store grp_compavg_low

. 
. reghdfe ln_RevPAR_clean_w595 c.sim_mean ///
>     ln_recent_volumn recent_sd recent_rating ln_lag_volumn_acc lag_avg_rating_acc ///
>     lag_sd_acc  ln_avg_com_RevPAR ln_lag_RevPAR_clean_w595 ///
>     if cs_sample_focus100 == 1 & !missing(high_comp_zip_full) & hi_compavg_focus100 == 1, ///
>     absorb(hotel_id_num ym) vce(cluster hotel_id_num)
(dropped 37 singleton observations)
(MWFE estimator converged in 8 iterations)

HDFE Linear regression                            Number of obs   =     16,743
Absorbing 2 HDFE groups                           F(   9,    411) =      90.90
Statistics robust to heteroskedasticity           Prob > F        =     0.0000
                                                  R-squared       =     0.8747
                                                  Adj R-squared   =     0.8704
                                                  Within R-sq.    =     0.2643
Number of clusters (hotel_id_num) =        412    Root MSE        =     0.1797

                                     (Std. err. adjusted for 412 clusters in hotel_id_num)
------------------------------------------------------------------------------------------
                         |               Robust
    ln_RevPAR_clean_w595 | Coefficient  std. err.      t    P>|t|     [95% conf. interval]
-------------------------+----------------------------------------------------------------
                sim_mean |  -.1531395   .0601196    -2.55   0.011    -.2713197   -.0349593
        ln_recent_volumn |   .0495488   .0097677     5.07   0.000      .030348    .0687496
               recent_sd |  -.0000768   .0084246    -0.01   0.993    -.0166376    .0164839
           recent_rating |   .0180181   .0072291     2.49   0.013     .0038074    .0322288
       ln_lag_volumn_acc |   .0256789   .0077784     3.30   0.001     .0103884    .0409693
      lag_avg_rating_acc |   .0588823   .0296157     1.99   0.047     .0006651    .1170994
              lag_sd_acc |   .0454192   .0339849     1.34   0.182    -.0213868    .1122251
       ln_avg_com_RevPAR |   .0981788   .0139704     7.03   0.000     .0707165    .1256412
ln_lag_RevPAR_clean_w595 |   .4101014   .0184047    22.28   0.000     .3739223    .4462806
                   _cons |   1.584697   .1580189    10.03   0.000     1.274071    1.895323
------------------------------------------------------------------------------------------

Absorbed degrees of freedom:
------------------------------------------------------+
  Absorbed FE | Categories  - Redundant  = Num. Coefs |
--------------+---------------------------------------|
 hotel_id_num |       412         412           0    *|
           ym |       135           1         134     |
------------------------------------------------------+
* = FE nested within cluster; treated as redundant for DoF computation

. est store grp_compavg_high

. 
. * M1. High-competition ZIP boundary.
. * This tests whether the ARS slope differs in ZIP markets flagged as highly competitive,
. * where the high/low split is rebuilt within the focus100 sample.
. reghdfe ln_RevPAR_clean_w595 c.sim_mean##i.high_comp_zip_focus100 ///
>     ln_recent_volumn recent_sd recent_rating ln_lag_volumn_acc lag_avg_rating_acc ///
>     lag_sd_acc  ln_avg_com_RevPAR ln_lag_RevPAR_clean_w595 ///
>     if cs_sample_focus100 == 1 & !missing(high_comp_zip_focus100), ///
>     absorb(hotel_id_num ym) vce(cluster hotel_id_num)
(dropped 2 singleton observations)
(MWFE estimator converged in 7 iterations)

HDFE Linear regression                            Number of obs   =     33,474
Absorbing 2 HDFE groups                           F(  11,    557) =     191.54
Statistics robust to heteroskedasticity           Prob > F        =     0.0000
                                                  R-squared       =     0.8767
                                                  Adj R-squared   =     0.8741
                                                  Within R-sq.    =     0.3135
Number of clusters (hotel_id_num) =        558    Root MSE        =     0.1994

                                              (Std. err. adjusted for 558 clusters in hotel_id_num)
---------------------------------------------------------------------------------------------------
                                  |               Robust
             ln_RevPAR_clean_w595 | Coefficient  std. err.      t    P>|t|     [95% conf. interval]
----------------------------------+----------------------------------------------------------------
                         sim_mean |    -.17338   .0621507    -2.79   0.005    -.2954585   -.0513016
         1.high_comp_zip_focus100 |  -.0214844   .0267091    -0.80   0.422    -.0739473    .0309784
                                  |
high_comp_zip_focus100#c.sim_mean |
                               1  |   .0651003   .0851975     0.76   0.445    -.1022475     .232448
                                  |
                 ln_recent_volumn |   .0814489   .0079812    10.21   0.000     .0657719    .0971258
                        recent_sd |  -.0043226   .0065712    -0.66   0.511      -.01723    .0085847
                    recent_rating |   .0147858   .0052349     2.82   0.005     .0045033    .0250683
                ln_lag_volumn_acc |   .0262525   .0061376     4.28   0.000     .0141968    .0383081
               lag_avg_rating_acc |   .0024935   .0223708     0.11   0.911    -.0414479    .0464348
                       lag_sd_acc |  -.0181519   .0283174    -0.64   0.522    -.0737739    .0374701
                ln_avg_com_RevPAR |   .1072072   .0106152    10.10   0.000     .0863564    .1280579
         ln_lag_RevPAR_clean_w595 |   .4429209   .0134206    33.00   0.000     .4165598    .4692821
                            _cons |   1.557607   .1173024    13.28   0.000     1.327198    1.788016
---------------------------------------------------------------------------------------------------

Absorbed degrees of freedom:
------------------------------------------------------+
  Absorbed FE | Categories  - Redundant  = Num. Coefs |
--------------+---------------------------------------|
 hotel_id_num |       558         558           0    *|
           ym |       135           1         134     |
------------------------------------------------------+
* = FE nested within cluster; treated as redundant for DoF computation

. est store rm_zip_highcomp

. 
. * M1a-M1b Grouped ZIP competition regressions.
. * Estimate the ARS slope separately in low- and high-competition ZIP markets.
. reghdfe ln_RevPAR_clean_w595 c.sim_mean ///
>     ln_recent_volumn recent_sd recent_rating ln_lag_volumn_acc lag_avg_rating_acc ///
>     lag_sd_acc  ln_avg_com_RevPAR ln_lag_RevPAR_clean_w595 ///
>     if cs_sample_focus100 == 1 & high_comp_zip_focus100 == 0, ///
>     absorb(hotel_id_num ym) vce(cluster hotel_id_num)
(dropped 7 singleton observations)
(MWFE estimator converged in 8 iterations)

HDFE Linear regression                            Number of obs   =     17,424
Absorbing 2 HDFE groups                           F(   9,    368) =     100.84
Statistics robust to heteroskedasticity           Prob > F        =     0.0000
                                                  R-squared       =     0.8744
                                                  Adj R-squared   =     0.8706
                                                  Within R-sq.    =     0.2841
Number of clusters (hotel_id_num) =        369    Root MSE        =     0.1977

                                     (Std. err. adjusted for 369 clusters in hotel_id_num)
------------------------------------------------------------------------------------------
                         |               Robust
    ln_RevPAR_clean_w595 | Coefficient  std. err.      t    P>|t|     [95% conf. interval]
-------------------------+----------------------------------------------------------------
                sim_mean |  -.0569126   .0642779    -0.89   0.377    -.1833107    .0694855
        ln_recent_volumn |   .0855849    .010716     7.99   0.000     .0645126    .1066571
               recent_sd |  -.0017789   .0081433    -0.22   0.827    -.0177922    .0142343
           recent_rating |   .0095721    .007222     1.33   0.186    -.0046295    .0237737
       ln_lag_volumn_acc |   .0258911   .0080043     3.23   0.001     .0101511     .041631
      lag_avg_rating_acc |  -.0278586    .025027    -1.11   0.266    -.0770724    .0213551
              lag_sd_acc |  -.0427784   .0352012    -1.22   0.225    -.1119991    .0264424
       ln_avg_com_RevPAR |    .084553   .0125491     6.74   0.000      .059876      .10923
ln_lag_RevPAR_clean_w595 |   .4298293   .0202505    21.23   0.000     .3900081    .4696505
                   _cons |   1.830923   .1392354    13.15   0.000     1.557126     2.10472
------------------------------------------------------------------------------------------

Absorbed degrees of freedom:
------------------------------------------------------+
  Absorbed FE | Categories  - Redundant  = Num. Coefs |
--------------+---------------------------------------|
 hotel_id_num |       369         369           0    *|
           ym |       135           1         134     |
------------------------------------------------------+
* = FE nested within cluster; treated as redundant for DoF computation

. est store grp_zip_highcomp_low

. 
. reghdfe ln_RevPAR_clean_w595 c.sim_mean ///
>     ln_recent_volumn recent_sd recent_rating ln_lag_volumn_acc lag_avg_rating_acc ///
>     lag_sd_acc  ln_avg_com_RevPAR ln_lag_RevPAR_clean_w595 ///
>     if cs_sample_focus100 == 1 & high_comp_zip_focus100 == 1, ///
>     absorb(hotel_id_num ym) vce(cluster hotel_id_num)
(dropped 5 singleton observations)
(MWFE estimator converged in 8 iterations)

HDFE Linear regression                            Number of obs   =     16,040
Absorbing 2 HDFE groups                           F(   9,    375) =     156.30
Statistics robust to heteroskedasticity           Prob > F        =     0.0000
                                                  R-squared       =     0.8875
                                                  Adj R-squared   =     0.8838
                                                  Within R-sq.    =     0.2942
Number of clusters (hotel_id_num) =        376    Root MSE        =     0.1956

                                     (Std. err. adjusted for 376 clusters in hotel_id_num)
------------------------------------------------------------------------------------------
                         |               Robust
    ln_RevPAR_clean_w595 | Coefficient  std. err.      t    P>|t|     [95% conf. interval]
-------------------------+----------------------------------------------------------------
                sim_mean |  -.2103785   .0722501    -2.91   0.004    -.3524446   -.0683125
        ln_recent_volumn |   .0812399   .0132124     6.15   0.000     .0552601    .1072196
               recent_sd |  -.0085454   .0098351    -0.87   0.385    -.0278843    .0107935
           recent_rating |   .0193315   .0067555     2.86   0.004     .0060481    .0326149
       ln_lag_volumn_acc |   .0265226   .0096991     2.73   0.007     .0074512    .0455941
      lag_avg_rating_acc |   .0341848   .0401616     0.85   0.395    -.0447854    .1131549
              lag_sd_acc |   .0168862    .042542     0.40   0.692    -.0667645     .100537
       ln_avg_com_RevPAR |   .1683961   .0162377    10.37   0.000     .1364677    .2003245
ln_lag_RevPAR_clean_w595 |    .407259   .0143634    28.35   0.000     .3790162    .4355019
                   _cons |   1.274784   .1942121     6.56   0.000     .8929029    1.656665
------------------------------------------------------------------------------------------

Absorbed degrees of freedom:
------------------------------------------------------+
  Absorbed FE | Categories  - Redundant  = Num. Coefs |
--------------+---------------------------------------|
 hotel_id_num |       376         376           0    *|
           ym |       135           1         134     |
------------------------------------------------------+
* = FE nested within cluster; treated as redundant for DoF computation

. est store grp_zip_highcomp_high

. 
. * M2. High-competition city boundary.
. * This asks whether city-level competition intensity changes the ARS revenue slope,
. * where the high/low split is rebuilt within the focus100 sample.
. reghdfe ln_RevPAR_clean_w595 c.sim_mean##i.high_comp_city_focus100 ///
>     ln_recent_volumn recent_sd recent_rating ln_lag_volumn_acc lag_avg_rating_acc ///
>     lag_sd_acc  ln_avg_com_RevPAR ln_lag_RevPAR_clean_w595 ///
>     if cs_sample_focus100 == 1 & !missing(high_comp_city_focus100), ///
>     absorb(hotel_id_num ym) vce(cluster hotel_id_num)
(dropped 2 singleton observations)
(MWFE estimator converged in 7 iterations)

HDFE Linear regression                            Number of obs   =     33,474
Absorbing 2 HDFE groups                           F(  11,    557) =     192.94
Statistics robust to heteroskedasticity           Prob > F        =     0.0000
                                                  R-squared       =     0.8768
                                                  Adj R-squared   =     0.8741
                                                  Within R-sq.    =     0.3138
Number of clusters (hotel_id_num) =        558    Root MSE        =     0.1993

                                               (Std. err. adjusted for 558 clusters in hotel_id_num)
----------------------------------------------------------------------------------------------------
                                   |               Robust
              ln_RevPAR_clean_w595 | Coefficient  std. err.      t    P>|t|     [95% conf. interval]
-----------------------------------+----------------------------------------------------------------
                          sim_mean |  -.1219415   .0656464    -1.86   0.064    -.2508862    .0070033
         1.high_comp_city_focus100 |   .0293261   .0250588     1.17   0.242    -.0198953    .0785474
                                   |
high_comp_city_focus100#c.sim_mean |
                                1  |  -.0340628   .0814886    -0.42   0.676    -.1941254    .1259998
                                   |
                  ln_recent_volumn |   .0814122   .0079824    10.20   0.000      .065733    .0970915
                         recent_sd |  -.0040756   .0066108    -0.62   0.538    -.0170607    .0089095
                     recent_rating |   .0151529    .005206     2.91   0.004     .0049271    .0253787
                 ln_lag_volumn_acc |   .0262176   .0061681     4.25   0.000     .0141021    .0383332
                lag_avg_rating_acc |   .0016148   .0226005     0.07   0.943    -.0427777    .0460074
                        lag_sd_acc |  -.0177958   .0286187    -0.62   0.534    -.0740096     .038418
                 ln_avg_com_RevPAR |   .1067225    .010521    10.14   0.000     .0860569    .1273882
          ln_lag_RevPAR_clean_w595 |   .4420452   .0135126    32.71   0.000     .4155033    .4685872
                             _cons |   1.539131   .1194673    12.88   0.000      1.30447    1.773793
----------------------------------------------------------------------------------------------------

Absorbed degrees of freedom:
------------------------------------------------------+
  Absorbed FE | Categories  - Redundant  = Num. Coefs |
--------------+---------------------------------------|
 hotel_id_num |       558         558           0    *|
           ym |       135           1         134     |
------------------------------------------------------+
* = FE nested within cluster; treated as redundant for DoF computation

. est store rm_city_highcomp

. 
. * M2a-M2b Grouped city competition regressions.
. * Estimate the ARS slope separately in low- and high-competition city markets.
. reghdfe ln_RevPAR_clean_w595 c.sim_mean ///
>     ln_recent_volumn recent_sd recent_rating ln_lag_volumn_acc lag_avg_rating_acc ///
>     lag_sd_acc  ln_avg_com_RevPAR ln_lag_RevPAR_clean_w595 ///
>     if cs_sample_focus100 == 1 & high_comp_city_focus100 == 0, ///
>     absorb(hotel_id_num ym) vce(cluster hotel_id_num)
(dropped 6 singleton observations)
(MWFE estimator converged in 8 iterations)

HDFE Linear regression                            Number of obs   =     16,659
Absorbing 2 HDFE groups                           F(   9,    362) =      67.71
Statistics robust to heteroskedasticity           Prob > F        =     0.0000
                                                  R-squared       =     0.8942
                                                  Adj R-squared   =     0.8909
                                                  Within R-sq.    =     0.2849
Number of clusters (hotel_id_num) =        363    Root MSE        =     0.1838

                                     (Std. err. adjusted for 363 clusters in hotel_id_num)
------------------------------------------------------------------------------------------
                         |               Robust
    ln_RevPAR_clean_w595 | Coefficient  std. err.      t    P>|t|     [95% conf. interval]
-------------------------+----------------------------------------------------------------
                sim_mean |  -.1151456   .0668313    -1.72   0.086     -.246572    .0162809
        ln_recent_volumn |   .0651687   .0097649     6.67   0.000     .0459657    .0843717
               recent_sd |  -.0141238   .0089769    -1.57   0.117    -.0317773    .0035297
           recent_rating |   .0089885   .0067766     1.33   0.186    -.0043378    .0223149
       ln_lag_volumn_acc |   .0273798   .0081117     3.38   0.001     .0114279    .0433317
      lag_avg_rating_acc |   .0104447   .0258267     0.40   0.686    -.0403444    .0612339
              lag_sd_acc |   .0071418   .0343916     0.21   0.836    -.0604906    .0747742
       ln_avg_com_RevPAR |   .0981125   .0158334     6.20   0.000     .0669756    .1292495
ln_lag_RevPAR_clean_w595 |   .4209743    .021852    19.26   0.000     .3780015    .4639472
                   _cons |   1.727301   .1708863    10.11   0.000     1.391247    2.063356
------------------------------------------------------------------------------------------

Absorbed degrees of freedom:
------------------------------------------------------+
  Absorbed FE | Categories  - Redundant  = Num. Coefs |
--------------+---------------------------------------|
 hotel_id_num |       363         363           0    *|
           ym |       135           1         134     |
------------------------------------------------------+
* = FE nested within cluster; treated as redundant for DoF computation

. est store grp_city_highcomp_low

. 
. reghdfe ln_RevPAR_clean_w595 c.sim_mean ///
>     ln_recent_volumn recent_sd recent_rating ln_lag_volumn_acc lag_avg_rating_acc ///
>     lag_sd_acc  ln_avg_com_RevPAR ln_lag_RevPAR_clean_w595 ///
>     if cs_sample_focus100 == 1 & high_comp_city_focus100 == 1, ///
>     absorb(hotel_id_num ym) vce(cluster hotel_id_num)
(dropped 48 singleton observations)
(MWFE estimator converged in 8 iterations)

HDFE Linear regression                            Number of obs   =     16,763
Absorbing 2 HDFE groups                           F(   9,    447) =     166.46
Statistics robust to heteroskedasticity           Prob > F        =     0.0000
                                                  R-squared       =     0.8751
                                                  Adj R-squared   =     0.8706
                                                  Within R-sq.    =     0.2884
Number of clusters (hotel_id_num) =        448    Root MSE        =     0.2009

                                     (Std. err. adjusted for 448 clusters in hotel_id_num)
------------------------------------------------------------------------------------------
                         |               Robust
    ln_RevPAR_clean_w595 | Coefficient  std. err.      t    P>|t|     [95% conf. interval]
-------------------------+----------------------------------------------------------------
                sim_mean |  -.0880677   .0648035    -1.36   0.175    -.2154251    .0392896
        ln_recent_volumn |   .0958198   .0118685     8.07   0.000     .0724948    .1191447
               recent_sd |   .0072025    .009165     0.79   0.432    -.0108094    .0252144
           recent_rating |   .0247177   .0072988     3.39   0.001     .0103735    .0390618
       ln_lag_volumn_acc |   .0397587   .0098725     4.03   0.000     .0203564    .0591611
      lag_avg_rating_acc |  -.0169313   .0376998    -0.45   0.654    -.0910221    .0571596
              lag_sd_acc |  -.0484999   .0511431    -0.95   0.343    -.1490106    .0520108
       ln_avg_com_RevPAR |   .0925589    .014204     6.52   0.000      .064644    .1204738
ln_lag_RevPAR_clean_w595 |   .4289679   .0189474    22.64   0.000     .3917309     .466205
                   _cons |   1.556166   .1963602     7.93   0.000     1.170263     1.94207
------------------------------------------------------------------------------------------

Absorbed degrees of freedom:
------------------------------------------------------+
  Absorbed FE | Categories  - Redundant  = Num. Coefs |
--------------+---------------------------------------|
 hotel_id_num |       448         448           0    *|
           ym |       120           1         119     |
------------------------------------------------------+
* = FE nested within cluster; treated as redundant for DoF computation

. est store grp_city_highcomp_high

. 
. * M3. ZIP market thickness.
. * More same-ZIP hotels may make ARS more or less useful as a differentiation signal.
. reghdfe ln_RevPAR_clean_w595 c.sim_mean##c.zip_n_full_c ///
>     ln_recent_volumn recent_sd recent_rating ln_lag_volumn_acc lag_avg_rating_acc ///
>     lag_sd_acc  ln_avg_com_RevPAR ln_lag_RevPAR_clean_w595 ///
>     if cs_sample_focus100 == 1 & !missing(zip_n_full), ///
>     absorb(hotel_id_num ym) vce(cluster hotel_id_num)
(dropped 2 singleton observations)
(MWFE estimator converged in 7 iterations)

HDFE Linear regression                            Number of obs   =     33,474
Absorbing 2 HDFE groups                           F(  11,    557) =     191.82
Statistics robust to heteroskedasticity           Prob > F        =     0.0000
                                                  R-squared       =     0.8767
                                                  Adj R-squared   =     0.8741
                                                  Within R-sq.    =     0.3136
Number of clusters (hotel_id_num) =        558    Root MSE        =     0.1994

                                      (Std. err. adjusted for 558 clusters in hotel_id_num)
-------------------------------------------------------------------------------------------
                          |               Robust
     ln_RevPAR_clean_w595 | Coefficient  std. err.      t    P>|t|     [95% conf. interval]
--------------------------+----------------------------------------------------------------
                 sim_mean |  -.1432875   .0486607    -2.94   0.003    -.2388684   -.0477065
             zip_n_full_c |  -.0017376   .0017543    -0.99   0.322    -.0051834    .0017082
                          |
c.sim_mean#c.zip_n_full_c |   .0029316     .00497     0.59   0.556    -.0068306    .0126939
                          |
         ln_recent_volumn |   .0810477   .0079251    10.23   0.000      .065481    .0966143
                recent_sd |   -.004129    .006589    -0.63   0.531    -.0170713    .0088133
            recent_rating |   .0149607    .005214     2.87   0.004     .0047192    .0252022
        ln_lag_volumn_acc |   .0262167    .006135     4.27   0.000     .0141662    .0382671
       lag_avg_rating_acc |   .0033588   .0223844     0.15   0.881    -.0406092    .0473269
               lag_sd_acc |  -.0176867   .0283132    -0.62   0.532    -.0733003    .0379269
        ln_avg_com_RevPAR |   .1073807   .0105141    10.21   0.000     .0867286    .1280327
 ln_lag_RevPAR_clean_w595 |   .4428141   .0134174    33.00   0.000     .4164593     .469169
                    _cons |   1.543789    .117409    13.15   0.000     1.313171    1.774408
-------------------------------------------------------------------------------------------

Absorbed degrees of freedom:
------------------------------------------------------+
  Absorbed FE | Categories  - Redundant  = Num. Coefs |
--------------+---------------------------------------|
 hotel_id_num |       558         558           0    *|
           ym |       135           1         134     |
------------------------------------------------------+
* = FE nested within cluster; treated as redundant for DoF computation

. est store rm_zip_n

. 
. 
. * M4. City market thickness.
. * This uses the broader city choice set to test whether ARS matters differently in thicker city markets.
. reghdfe ln_RevPAR_clean_w595 c.sim_mean##c.city_n_full_c ///
>     ln_recent_volumn recent_sd recent_rating ln_lag_volumn_acc lag_avg_rating_acc ///
>     lag_sd_acc  ln_avg_com_RevPAR ln_lag_RevPAR_clean_w595 ///
>     if cs_sample_focus100 == 1 & !missing(city_n_full), ///
>     absorb(hotel_id_num ym) vce(cluster hotel_id_num)
(dropped 2 singleton observations)
(MWFE estimator converged in 7 iterations)

HDFE Linear regression                            Number of obs   =     33,474
Absorbing 2 HDFE groups                           F(  11,    557) =     214.71
Statistics robust to heteroskedasticity           Prob > F        =     0.0000
                                                  R-squared       =     0.8774
                                                  Adj R-squared   =     0.8748
                                                  Within R-sq.    =     0.3174
Number of clusters (hotel_id_num) =        558    Root MSE        =     0.1988

                                       (Std. err. adjusted for 558 clusters in hotel_id_num)
--------------------------------------------------------------------------------------------
                           |               Robust
      ln_RevPAR_clean_w595 | Coefficient  std. err.      t    P>|t|     [95% conf. interval]
---------------------------+----------------------------------------------------------------
                  sim_mean |  -.1434484    .048413    -2.96   0.003    -.2385428    -.048354
             city_n_full_c |   -.000841   .0001656    -5.08   0.000    -.0011663   -.0005158
                           |
c.sim_mean#c.city_n_full_c |    .000551   .0003976     1.39   0.166    -.0002299    .0013319
                           |
          ln_recent_volumn |   .0846089   .0079094    10.70   0.000     .0690731    .1001447
                 recent_sd |  -.0012318   .0065682    -0.19   0.851    -.0141332    .0116697
             recent_rating |   .0158172    .005178     3.05   0.002     .0056464     .025988
         ln_lag_volumn_acc |   .0280068   .0059266     4.73   0.000     .0163654    .0396481
        lag_avg_rating_acc |  -.0007505   .0204963    -0.04   0.971    -.0410101     .039509
                lag_sd_acc |  -.0172164   .0268029    -0.64   0.521    -.0698636    .0354308
         ln_avg_com_RevPAR |   .1017544    .010413     9.77   0.000     .0813009    .1222078
  ln_lag_RevPAR_clean_w595 |   .4351865   .0138975    31.31   0.000     .4078885    .4624845
                     _cons |    1.59029   .1128025    14.10   0.000      1.36872     1.81186
--------------------------------------------------------------------------------------------

Absorbed degrees of freedom:
------------------------------------------------------+
  Absorbed FE | Categories  - Redundant  = Num. Coefs |
--------------+---------------------------------------|
 hotel_id_num |       558         558           0    *|
           ym |       135           1         134     |
------------------------------------------------------+
* = FE nested within cluster; treated as redundant for DoF computation

. est store rm_city_n

. 
. 
. * M5. ZIP competitor performance.
. * Local competitor RevPAR in the same ZIP may alter how strongly consumers rely on review-similarity information.
. * Use the raw ZIP competitor RevPAR moderator directly and split groups at the focus100 sample median.
. reghdfe ln_RevPAR_clean_w595 c.sim_mean##c.ln_comp_zip_mean_excl_full ///
>     ln_recent_volumn recent_sd recent_rating ln_lag_volumn_acc lag_avg_rating_acc ///
>     lag_sd_acc  ln_avg_com_RevPAR ln_lag_RevPAR_clean_w595 ///
>     if cs_sample_focus100 == 1 & !missing(ln_comp_zip_mean_excl_full), ///
>     absorb(hotel_id_num ym) vce(cluster hotel_id_num)
(dropped 2 singleton observations)
(MWFE estimator converged in 7 iterations)

HDFE Linear regression                            Number of obs   =     32,392
Absorbing 2 HDFE groups                           F(  11,    550) =     185.98
Statistics robust to heteroskedasticity           Prob > F        =     0.0000
                                                  R-squared       =     0.8820
                                                  Adj R-squared   =     0.8794
                                                  Within R-sq.    =     0.3405
Number of clusters (hotel_id_num) =        551    Root MSE        =     0.1958

                                                    (Std. err. adjusted for 551 clusters in hotel_id_num)
---------------------------------------------------------------------------------------------------------
                                        |               Robust
                   ln_RevPAR_clean_w595 | Coefficient  std. err.      t    P>|t|     [95% conf. interval]
----------------------------------------+----------------------------------------------------------------
                               sim_mean |   .8801938   .4721682     1.86   0.063    -.0472799    1.807667
             ln_comp_zip_mean_excl_full |   .2074866   .0389539     5.33   0.000       .13097    .2840032
                                        |
c.sim_mean#c.ln_comp_zip_mean_excl_full |  -.2398413   .1097421    -2.19   0.029    -.4554063   -.0242763
                                        |
                       ln_recent_volumn |   .0762549   .0084582     9.02   0.000     .0596406    .0928692
                              recent_sd |  -.0031145   .0068493    -0.45   0.649    -.0165684    .0103394
                          recent_rating |   .0176547   .0051806     3.41   0.001     .0074784    .0278309
                      ln_lag_volumn_acc |   .0261062   .0064179     4.07   0.000     .0134997    .0387127
                     lag_avg_rating_acc |   .0064755   .0237642     0.27   0.785    -.0402041    .0531552
                             lag_sd_acc |  -.0188559   .0297206    -0.63   0.526    -.0772358     .039524
                      ln_avg_com_RevPAR |    .051047   .0115728     4.41   0.000     .0283147    .0737793
               ln_lag_RevPAR_clean_w595 |   .4296139   .0137778    31.18   0.000     .4025504    .4566774
                                  _cons |   .9454041   .2008654     4.71   0.000     .5508469    1.339961
---------------------------------------------------------------------------------------------------------

Absorbed degrees of freedom:
------------------------------------------------------+
  Absorbed FE | Categories  - Redundant  = Num. Coefs |
--------------+---------------------------------------|
 hotel_id_num |       551         551           0    *|
           ym |       135           1         134     |
------------------------------------------------------+
* = FE nested within cluster; treated as redundant for DoF computation

. est store rm_zip_compperf

. 
. 
. * M5a-M5b Grouped ZIP competitor-RevPAR regressions.
. * Split the sample at the focus100 median of the raw ZIP competitor RevPAR variable.
. capture drop temp_med

. bysort Zip ym: egen temp_med = median(ln_comp_zip_mean_excl_full)
(2,078 missing values generated)

. 
. reghdfe ln_RevPAR_clean_w595 c.sim_mean ///
>     ln_recent_volumn recent_sd recent_rating ln_lag_volumn_acc lag_avg_rating_acc ///
>     lag_sd_acc  ln_avg_com_RevPAR ln_lag_RevPAR_clean_w595 ///
>     if cs_sample_focus100 == 1 & ln_comp_zip_mean_excl_full < temp_med, ///
>     absorb(hotel_id_num ym) vce(cluster hotel_id_num)
(dropped 21 singleton observations)
(MWFE estimator converged in 8 iterations)

HDFE Linear regression                            Number of obs   =     16,922
Absorbing 2 HDFE groups                           F(   9,    498) =      95.70
Statistics robust to heteroskedasticity           Prob > F        =     0.0000
                                                  R-squared       =     0.8846
                                                  Adj R-squared   =     0.8800
                                                  Within R-sq.    =     0.2779
Number of clusters (hotel_id_num) =        499    Root MSE        =     0.1735

                                     (Std. err. adjusted for 499 clusters in hotel_id_num)
------------------------------------------------------------------------------------------
                         |               Robust
    ln_RevPAR_clean_w595 | Coefficient  std. err.      t    P>|t|     [95% conf. interval]
-------------------------+----------------------------------------------------------------
                sim_mean |  -.1148031   .0598529    -1.92   0.056    -.2323984    .0027922
        ln_recent_volumn |   .0390935   .0085774     4.56   0.000     .0222412    .0559457
               recent_sd |   .0008782   .0084637     0.10   0.917    -.0157507    .0175071
           recent_rating |   .0087673   .0073517     1.19   0.234    -.0056768    .0232114
       ln_lag_volumn_acc |   .0256037   .0071957     3.56   0.000     .0114661    .0397413
      lag_avg_rating_acc |  -.0613571    .031835    -1.93   0.055    -.1239045    .0011903
              lag_sd_acc |  -.0771969   .0397805    -1.94   0.053    -.1553552    .0009613
       ln_avg_com_RevPAR |   .1080234   .0141741     7.62   0.000      .080175    .1358718
ln_lag_RevPAR_clean_w595 |   .3858602   .0192869    20.01   0.000     .3479664     .423754
                   _cons |   2.366272    .175819    13.46   0.000     2.020834    2.711711
------------------------------------------------------------------------------------------

Absorbed degrees of freedom:
------------------------------------------------------+
  Absorbed FE | Categories  - Redundant  = Num. Coefs |
--------------+---------------------------------------|
 hotel_id_num |       499         499           0    *|
           ym |       135           1         134     |
------------------------------------------------------+
* = FE nested within cluster; treated as redundant for DoF computation

. est store grp_zip_compperf_low

. 
. reghdfe ln_RevPAR_clean_w595 c.sim_mean ///
>     ln_recent_volumn recent_sd recent_rating ln_lag_volumn_acc lag_avg_rating_acc ///
>     lag_sd_acc  ln_avg_com_RevPAR ln_lag_RevPAR_clean_w595 ///
>     if cs_sample_focus100 == 1 & ln_comp_zip_mean_excl_full > temp_med, ///
>     absorb(hotel_id_num ym) vce(cluster hotel_id_num)
(dropped 25 singleton observations)
(MWFE estimator converged in 8 iterations)

HDFE Linear regression                            Number of obs   =     15,426
Absorbing 2 HDFE groups                           F(   9,    511) =     205.35
Statistics robust to heteroskedasticity           Prob > F        =     0.0000
                                                  R-squared       =     0.8649
                                                  Adj R-squared   =     0.8589
                                                  Within R-sq.    =     0.3067
Number of clusters (hotel_id_num) =        512    Root MSE        =     0.2033

                                     (Std. err. adjusted for 512 clusters in hotel_id_num)
------------------------------------------------------------------------------------------
                         |               Robust
    ln_RevPAR_clean_w595 | Coefficient  std. err.      t    P>|t|     [95% conf. interval]
-------------------------+----------------------------------------------------------------
                sim_mean |  -.2043894    .071282    -2.87   0.004    -.3444312   -.0643477
        ln_recent_volumn |   .1220577   .0116432    10.48   0.000     .0991833    .1449322
               recent_sd |  -.0075718    .009981    -0.76   0.448    -.0271807    .0120371
           recent_rating |    .018267   .0062445     2.93   0.004     .0059989    .0305351
       ln_lag_volumn_acc |   .0199046   .0085365     2.33   0.020     .0031335    .0366756
      lag_avg_rating_acc |    .018143   .0289947     0.63   0.532    -.0388205    .0751065
              lag_sd_acc |  -.0093833   .0356708    -0.26   0.793    -.0794628    .0606963
       ln_avg_com_RevPAR |   .1315104   .0142851     9.21   0.000     .1034457     .159575
ln_lag_RevPAR_clean_w595 |   .4056842   .0136023    29.82   0.000      .378961    .4324075
                   _cons |   1.331123   .1430115     9.31   0.000      1.05016    1.612086
------------------------------------------------------------------------------------------

Absorbed degrees of freedom:
------------------------------------------------------+
  Absorbed FE | Categories  - Redundant  = Num. Coefs |
--------------+---------------------------------------|
 hotel_id_num |       512         512           0    *|
           ym |       135           1         134     |
------------------------------------------------------+
* = FE nested within cluster; treated as redundant for DoF computation

. est store grp_zip_compperf_high

. 
. * M6. City competitor performance.
. * This repeats the same logic at the city level rather than ZIP level.
. * Use the raw city competitor RevPAR moderator directly and split groups at the focus100 sample median.
. reghdfe ln_RevPAR_clean_w595 c.sim_mean##c.ln_comp_city_mean_excl_full ///
>     ln_recent_volumn recent_sd recent_rating ln_lag_volumn_acc lag_avg_rating_acc ///
>     lag_sd_acc  ln_avg_com_RevPAR ln_lag_RevPAR_clean_w595 ///
>     if cs_sample_focus100 == 1 & !missing(ln_comp_city_mean_excl_full), ///
>     absorb(hotel_id_num ym) vce(cluster hotel_id_num)
(dropped 2 singleton observations)
(MWFE estimator converged in 7 iterations)

HDFE Linear regression                            Number of obs   =     33,474
Absorbing 2 HDFE groups                           F(  11,    557) =     274.63
Statistics robust to heteroskedasticity           Prob > F        =     0.0000
                                                  R-squared       =     0.8831
                                                  Adj R-squared   =     0.8806
                                                  Within R-sq.    =     0.3488
Number of clusters (hotel_id_num) =        558    Root MSE        =     0.1942

                                                     (Std. err. adjusted for 558 clusters in hotel_id_num)
----------------------------------------------------------------------------------------------------------
                                         |               Robust
                    ln_RevPAR_clean_w595 | Coefficient  std. err.      t    P>|t|     [95% conf. interval]
-----------------------------------------+----------------------------------------------------------------
                                sim_mean |   1.790355   .7156292     2.50   0.013     .3846927    3.196017
             ln_comp_city_mean_excl_full |    .432978   .0499644     8.67   0.000     .3348363    .5311197
                                         |
c.sim_mean#c.ln_comp_city_mean_excl_full |  -.4363411   .1615751    -2.70   0.007    -.7537121     -.11897
                                         |
                        ln_recent_volumn |   .0832836   .0077147    10.80   0.000     .0681302     .098437
                               recent_sd |  -.0024772   .0065042    -0.38   0.703    -.0152529    .0102985
                           recent_rating |    .018719   .0050627     3.70   0.000     .0087748    .0286632
                       ln_lag_volumn_acc |   .0307063   .0062652     4.90   0.000        .0184    .0430126
                      lag_avg_rating_acc |  -.0077298   .0237143    -0.33   0.745    -.0543101    .0388505
                              lag_sd_acc |   -.017331   .0306532    -0.57   0.572    -.0775411    .0428791
                       ln_avg_com_RevPAR |   .0792025   .0104158     7.60   0.000     .0587435    .0996615
                ln_lag_RevPAR_clean_w595 |   .4231073   .0143909    29.40   0.000     .3948403    .4513743
                                   _cons |  -.1631355   .2483863    -0.66   0.512    -.6510239    .3247528
----------------------------------------------------------------------------------------------------------

Absorbed degrees of freedom:
------------------------------------------------------+
  Absorbed FE | Categories  - Redundant  = Num. Coefs |
--------------+---------------------------------------|
 hotel_id_num |       558         558           0    *|
           ym |       135           1         134     |
------------------------------------------------------+
* = FE nested within cluster; treated as redundant for DoF computation

. est store rm_city_compperf

. 
. * M6a-M6b Grouped city competitor-RevPAR regressions.
. * Split the sample at the focus100 median of the raw city competitor RevPAR variable.
. capture drop temp_med

. bysort City ym: egen temp_med = median(ln_comp_city_mean_excl_full)

. 
. reghdfe ln_RevPAR_clean_w595 c.sim_mean ///
>     ln_recent_volumn recent_sd recent_rating ln_lag_volumn_acc lag_avg_rating_acc ///
>     lag_sd_acc  ln_avg_com_RevPAR ln_lag_RevPAR_clean_w595 ///
>     if cs_sample_focus100 == 1 & ln_comp_city_mean_excl_full < temp_med, ///
>     absorb(hotel_id_num ym) vce(cluster hotel_id_num)
(dropped 34 singleton observations)
(MWFE estimator converged in 8 iterations)

HDFE Linear regression                            Number of obs   =     18,129
Absorbing 2 HDFE groups                           F(   9,    421) =     116.99
Statistics robust to heteroskedasticity           Prob > F        =     0.0000
                                                  R-squared       =     0.8438
                                                  Adj R-squared   =     0.8388
                                                  Within R-sq.    =     0.2303
Number of clusters (hotel_id_num) =        422    Root MSE        =     0.1563

                                     (Std. err. adjusted for 422 clusters in hotel_id_num)
------------------------------------------------------------------------------------------
                         |               Robust
    ln_RevPAR_clean_w595 | Coefficient  std. err.      t    P>|t|     [95% conf. interval]
-------------------------+----------------------------------------------------------------
                sim_mean |  -.1291664   .0588332    -2.20   0.029    -.2448099    -.013523
        ln_recent_volumn |   .0501751    .007935     6.32   0.000      .034578    .0657722
               recent_sd |  -.0027962   .0077253    -0.36   0.718     -.017981    .0123887
           recent_rating |    .009502   .0073061     1.30   0.194     -.004859    .0238629
       ln_lag_volumn_acc |   .0124999   .0063664     1.96   0.050    -.0000141    .0250138
      lag_avg_rating_acc |  -.0408417   .0314868    -1.30   0.195    -.1027326    .0210492
              lag_sd_acc |  -.0689923   .0342591    -2.01   0.045    -.1363326   -.0016521
       ln_avg_com_RevPAR |   .0890867   .0092668     9.61   0.000     .0708717    .1073016
ln_lag_RevPAR_clean_w595 |   .3172958   .0136519    23.24   0.000     .2904614    .3441302
                   _cons |   2.788853   .1597213    17.46   0.000     2.474902    3.102803
------------------------------------------------------------------------------------------

Absorbed degrees of freedom:
------------------------------------------------------+
  Absorbed FE | Categories  - Redundant  = Num. Coefs |
--------------+---------------------------------------|
 hotel_id_num |       422         422           0    *|
           ym |       135           1         134     |
------------------------------------------------------+
* = FE nested within cluster; treated as redundant for DoF computation

. est store grp_city_compperf_low

. 
. reghdfe ln_RevPAR_clean_w595 c.sim_mean ///
>     ln_recent_volumn recent_sd recent_rating ln_lag_volumn_acc lag_avg_rating_acc ///
>     lag_sd_acc  ln_avg_com_RevPAR ln_lag_RevPAR_clean_w595 ///
>     if cs_sample_focus100 == 1 & ln_comp_city_mean_excl_full > temp_med, ///
>     absorb(hotel_id_num ym) vce(cluster hotel_id_num)
(dropped 34 singleton observations)
(MWFE estimator converged in 8 iterations)

HDFE Linear regression                            Number of obs   =     15,351
Absorbing 2 HDFE groups                           F(   9,    478) =     103.86
Statistics robust to heteroskedasticity           Prob > F        =     0.0000
                                                  R-squared       =     0.8068
                                                  Adj R-squared   =     0.7987
                                                  Within R-sq.    =     0.2718
Number of clusters (hotel_id_num) =        479    Root MSE        =     0.1958

                                     (Std. err. adjusted for 479 clusters in hotel_id_num)
------------------------------------------------------------------------------------------
                         |               Robust
    ln_RevPAR_clean_w595 | Coefficient  std. err.      t    P>|t|     [95% conf. interval]
-------------------------+----------------------------------------------------------------
                sim_mean |  -.1731107   .0731514    -2.37   0.018    -.3168489   -.0293726
        ln_recent_volumn |    .107245   .0139154     7.71   0.000      .079902     .134588
               recent_sd |   .0087136   .0099258     0.88   0.380      -.01079    .0282171
           recent_rating |   .0134826   .0064214     2.10   0.036     .0008649    .0261002
       ln_lag_volumn_acc |   .0171406   .0105556     1.62   0.105    -.0036006    .0378817
      lag_avg_rating_acc |    .008458   .0309348     0.27   0.785     -.052327     .069243
              lag_sd_acc |  -.0388051   .0377573    -1.03   0.305    -.1129959    .0353858
       ln_avg_com_RevPAR |   .1167405   .0151372     7.71   0.000     .0869969    .1464841
ln_lag_RevPAR_clean_w595 |   .3792129   .0152214    24.91   0.000     .3493037    .4091221
                   _cons |   1.533393   .1498672    10.23   0.000     1.238913    1.827873
------------------------------------------------------------------------------------------

Absorbed degrees of freedom:
------------------------------------------------------+
  Absorbed FE | Categories  - Redundant  = Num. Coefs |
--------------+---------------------------------------|
 hotel_id_num |       479         479           0    *|
           ym |       135           1         134     |
------------------------------------------------------+
* = FE nested within cluster; treated as redundant for DoF computation

. est store grp_city_compperf_high

. 
. * M7. Relative ZIP positioning gap.
. * Larger positive gaps indicate different positioning versus same-ZIP peers; the interaction tests whether ARS matters more for out-of-line products.
. reghdfe ln_RevPAR_clean_w595 c.sim_mean##c.gap_zip_full_c ///
>     ln_recent_volumn recent_sd recent_rating ln_lag_volumn_acc lag_avg_rating_acc ///
>     lag_sd_acc  ln_avg_com_RevPAR ln_lag_RevPAR_clean_w595 ///
>     if cs_sample_focus100 == 1 & !missing(gap_zip_mean_full), ///
>     absorb(hotel_id_num ym) vce(cluster hotel_id_num)
(dropped 2 singleton observations)
(MWFE estimator converged in 7 iterations)

HDFE Linear regression                            Number of obs   =     32,392
Absorbing 2 HDFE groups                           F(  11,    550) =     247.93
Statistics robust to heteroskedasticity           Prob > F        =     0.0000
                                                  R-squared       =     0.9038
                                                  Adj R-squared   =     0.9017
                                                  Within R-sq.    =     0.4625
Number of clusters (hotel_id_num) =        551    Root MSE        =     0.1768

                                        (Std. err. adjusted for 551 clusters in hotel_id_num)
---------------------------------------------------------------------------------------------
                            |               Robust
       ln_RevPAR_clean_w595 | Coefficient  std. err.      t    P>|t|     [95% conf. interval]
----------------------------+----------------------------------------------------------------
                   sim_mean |  -.1358943   .0537889    -2.53   0.012    -.2415511   -.0302375
             gap_zip_full_c |   .2247579   .1019875     2.20   0.028     .0244252    .4250906
                            |
c.sim_mean#c.gap_zip_full_c |   .0272996   .2470552     0.11   0.912    -.4579876    .5125868
                            |
           ln_recent_volumn |   .0718942   .0084937     8.46   0.000     .0552102    .0885783
                  recent_sd |  -.0025552   .0063477    -0.40   0.687    -.0150239    .0099134
              recent_rating |   .0086395   .0056533     1.53   0.127    -.0024652    .0197442
          ln_lag_volumn_acc |    .025229   .0066937     3.77   0.000     .0120807    .0383773
         lag_avg_rating_acc |  -.0265823   .0229273    -1.16   0.247    -.0716182    .0184536
                 lag_sd_acc |  -.0623968   .0311106    -2.01   0.045     -.123507   -.0012866
          ln_avg_com_RevPAR |   .1874885   .0198144     9.46   0.000     .1485673    .2264096
   ln_lag_RevPAR_clean_w595 |   .3513968   .0161967    21.70   0.000     .3195819    .3832117
                      _cons |   1.804433    .119884    15.05   0.000     1.568946    2.039919
---------------------------------------------------------------------------------------------

Absorbed degrees of freedom:
------------------------------------------------------+
  Absorbed FE | Categories  - Redundant  = Num. Coefs |
--------------+---------------------------------------|
 hotel_id_num |       551         551           0    *|
           ym |       135           1         134     |
------------------------------------------------------+
* = FE nested within cluster; treated as redundant for DoF computation

. est store rm_zip_gap

. 
. * M7a-M7b Grouped ZIP gap regressions.
. * Split the sample at the median ZIP positioning gap and estimate separate ARS slopes.
. capture drop temp_med

. bysort Zip ym: egen temp_med = median(ln_comp_city_mean_excl_full)
(808 missing values generated)

. 
. reghdfe ln_RevPAR_clean c.sim_mean ///
>     ln_recent_volumn recent_sd recent_rating ln_lag_volumn_acc lag_avg_rating_acc ///
>     lag_sd_acc  ln_avg_com_RevPAR ln_lag_RevPAR_clean ///
>     if cs_sample_focus100 == 1 & !missing(gap_zip_mean_full) & hi_zip_gap_focus100 == 0, ///
>     absorb(hotel_id_num ym) vce(cluster hotel_id_num)
(dropped 43 singleton observations)
(MWFE estimator converged in 8 iterations)

HDFE Linear regression                            Number of obs   =     16,073
Absorbing 2 HDFE groups                           F(   9,    473) =     112.24
Statistics robust to heteroskedasticity           Prob > F        =     0.0000
                                                  R-squared       =     0.8805
                                                  Adj R-squared   =     0.8758
                                                  Within R-sq.    =     0.3028
Number of clusters (hotel_id_num) =        474    Root MSE        =     0.2260

                                (Std. err. adjusted for 474 clusters in hotel_id_num)
-------------------------------------------------------------------------------------
                    |               Robust
    ln_RevPAR_clean | Coefficient  std. err.      t    P>|t|     [95% conf. interval]
--------------------+----------------------------------------------------------------
           sim_mean |  -.2695156   .0857463    -3.14   0.002    -.4380064   -.1010248
   ln_recent_volumn |   .1206417   .0121469     9.93   0.000     .0967731    .1445102
          recent_sd |  -.0075666    .012146    -0.62   0.534    -.0314333    .0163001
      recent_rating |   .0232231   .0085957     2.70   0.007     .0063327    .0401135
  ln_lag_volumn_acc |   .0213298   .0095406     2.24   0.026     .0025827     .040077
 lag_avg_rating_acc |   .0432257   .0367849     1.18   0.241    -.0290563    .1155077
         lag_sd_acc |   .0315148   .0461029     0.68   0.495    -.0590771    .1221067
  ln_avg_com_RevPAR |   .1855322   .0174458    10.63   0.000     .1512515     .219813
ln_lag_RevPAR_clean |   .3634163   .0193574    18.77   0.000     .3253791    .4014535
              _cons |     1.1099   .1793697     6.19   0.000     .7574397     1.46236
-------------------------------------------------------------------------------------

Absorbed degrees of freedom:
------------------------------------------------------+
  Absorbed FE | Categories  - Redundant  = Num. Coefs |
--------------+---------------------------------------|
 hotel_id_num |       474         474           0    *|
           ym |       135           1         134     |
------------------------------------------------------+
* = FE nested within cluster; treated as redundant for DoF computation

. est store grp_zip_gap_low

. 
. reghdfe ln_RevPAR_clean c.sim_mean ///
>     ln_recent_volumn recent_sd recent_rating ln_lag_volumn_acc lag_avg_rating_acc ///
>     lag_sd_acc  ln_avg_com_RevPAR ln_lag_RevPAR_clean ///
>     if cs_sample_focus100 == 1 & !missing(gap_zip_mean_full) & hi_zip_gap_focus100 == 1, ///
>     absorb(hotel_id_num ym) vce(cluster hotel_id_num)
(dropped 33 singleton observations)
(MWFE estimator converged in 8 iterations)

HDFE Linear regression                            Number of obs   =     16,245
Absorbing 2 HDFE groups                           F(   9,    426) =      39.69
Statistics robust to heteroskedasticity           Prob > F        =     0.0000
                                                  R-squared       =     0.9016
                                                  Adj R-squared   =     0.8980
                                                  Within R-sq.    =     0.2629
Number of clusters (hotel_id_num) =        427    Root MSE        =     0.1823

                                (Std. err. adjusted for 427 clusters in hotel_id_num)
-------------------------------------------------------------------------------------
                    |               Robust
    ln_RevPAR_clean | Coefficient  std. err.      t    P>|t|     [95% conf. interval]
--------------------+----------------------------------------------------------------
           sim_mean |  -.1020232   .0648799    -1.57   0.117    -.2295477    .0255014
   ln_recent_volumn |    .027052   .0096516     2.80   0.005     .0080813    .0460226
          recent_sd |  -.0002625   .0096514    -0.03   0.978    -.0192328    .0187078
      recent_rating |   .0076607   .0083783     0.91   0.361    -.0088072    .0241286
  ln_lag_volumn_acc |   .0332543     .01009     3.30   0.001     .0134219    .0530866
 lag_avg_rating_acc |  -.0385921   .0359169    -1.07   0.283    -.1091885    .0320043
         lag_sd_acc |  -.0903611   .0474278    -1.91   0.057    -.1835826    .0028605
  ln_avg_com_RevPAR |   .1365118    .021156     6.45   0.000     .0949287     .178095
ln_lag_RevPAR_clean |   .3405357   .0289356    11.77   0.000     .2836614      .39741
              _cons |   2.395151   .2563717     9.34   0.000      1.89124    2.899062
-------------------------------------------------------------------------------------

Absorbed degrees of freedom:
------------------------------------------------------+
  Absorbed FE | Categories  - Redundant  = Num. Coefs |
--------------+---------------------------------------|
 hotel_id_num |       427         427           0    *|
           ym |       135           1         134     |
------------------------------------------------------+
* = FE nested within cluster; treated as redundant for DoF computation

. est store grp_zip_gap_high

. 
. * M8. Relative city positioning gap.
. * This uses the city benchmark instead of the ZIP benchmark.
. reghdfe ln_RevPAR_clean c.sim_mean##c.gap_city_full_c ///
>     ln_recent_volumn recent_sd recent_rating ln_lag_volumn_acc lag_avg_rating_acc ///
>     lag_sd_acc  ln_avg_com_RevPAR ln_lag_RevPAR_clean ///
>     if cs_sample_focus100 == 1 & !missing(gap_city_mean_full), ///
>     absorb(hotel_id_num ym) vce(cluster hotel_id_num)
(dropped 2 singleton observations)
(MWFE estimator converged in 7 iterations)

HDFE Linear regression                            Number of obs   =     33,474
Absorbing 2 HDFE groups                           F(  11,    557) =     274.24
Statistics robust to heteroskedasticity           Prob > F        =     0.0000
                                                  R-squared       =     0.9355
                                                  Adj R-squared   =     0.9341
                                                  Within R-sq.    =     0.6211
Number of clusters (hotel_id_num) =        558    Root MSE        =     0.1650

                                         (Std. err. adjusted for 558 clusters in hotel_id_num)
----------------------------------------------------------------------------------------------
                             |               Robust
             ln_RevPAR_clean | Coefficient  std. err.      t    P>|t|     [95% conf. interval]
-----------------------------+----------------------------------------------------------------
                    sim_mean |  -.1659109   .0586508    -2.83   0.005    -.2811147   -.0507071
             gap_city_full_c |    .261638   .2055073     1.27   0.204     -.142026     .665302
                             |
c.sim_mean#c.gap_city_full_c |   .7053707    .451852     1.56   0.119    -.1821715    1.592913
                             |
            ln_recent_volumn |   .0463065   .0093251     4.97   0.000     .0279898    .0646233
                   recent_sd |  -.0043947   .0060095    -0.73   0.465    -.0161987    .0074093
               recent_rating |   .0011535   .0049897     0.23   0.817    -.0086475    .0109544
           ln_lag_volumn_acc |   .0091103   .0068896     1.32   0.187    -.0044225    .0226431
          lag_avg_rating_acc |   .0201226   .0202273     0.99   0.320    -.0196085    .0598537
                  lag_sd_acc |  -.0027284   .0245798    -0.11   0.912    -.0510088    .0455521
           ln_avg_com_RevPAR |   .1037938   .0096312    10.78   0.000     .0848758    .1227118
         ln_lag_RevPAR_clean |    .222066   .0260128     8.54   0.000     .1709707    .2731612
                       _cons |   2.671611   .2033589    13.14   0.000     2.272167    3.071055
----------------------------------------------------------------------------------------------

Absorbed degrees of freedom:
------------------------------------------------------+
  Absorbed FE | Categories  - Redundant  = Num. Coefs |
--------------+---------------------------------------|
 hotel_id_num |       558         558           0    *|
           ym |       135           1         134     |
------------------------------------------------------+
* = FE nested within cluster; treated as redundant for DoF computation

. est store rm_city_gap

. 
. * M8a-M8b Grouped city gap regressions.
. * Split the sample at the median city positioning gap and estimate separate ARS slopes.
. reghdfe ln_RevPAR_clean c.sim_mean ///
>     ln_recent_volumn recent_sd recent_rating ln_lag_volumn_acc lag_avg_rating_acc ///
>     lag_sd_acc  ln_avg_com_RevPAR ln_lag_RevPAR_clean ///
>     if cs_sample_focus100 == 1 & !missing(gap_city_mean_full) & hi_city_gap_focus100 == 0, ///
>     absorb(hotel_id_num ym) vce(cluster hotel_id_num)
(dropped 16 singleton observations)
(MWFE estimator converged in 8 iterations)

HDFE Linear regression                            Number of obs   =     16,614
Absorbing 2 HDFE groups                           F(   9,    525) =      85.41
Statistics robust to heteroskedasticity           Prob > F        =     0.0000
                                                  R-squared       =     0.8267
                                                  Adj R-squared   =     0.8194
                                                  Within R-sq.    =     0.2456
Number of clusters (hotel_id_num) =        526    Root MSE        =     0.2267

                                (Std. err. adjusted for 526 clusters in hotel_id_num)
-------------------------------------------------------------------------------------
                    |               Robust
    ln_RevPAR_clean | Coefficient  std. err.      t    P>|t|     [95% conf. interval]
--------------------+----------------------------------------------------------------
           sim_mean |  -.1976484   .0872095    -2.27   0.024    -.3689709   -.0263259
   ln_recent_volumn |   .1170667   .0142103     8.24   0.000     .0891506    .1449827
          recent_sd |   .0038562   .0105943     0.36   0.716    -.0169562    .0246686
      recent_rating |   .0234356   .0074835     3.13   0.002     .0087343    .0381368
  ln_lag_volumn_acc |    .035735   .0122738     2.91   0.004     .0116232    .0598468
 lag_avg_rating_acc |   .0066254    .036835     0.18   0.857    -.0657367    .0789875
         lag_sd_acc |  -.0523463   .0492421    -1.06   0.288    -.1490821    .0443895
  ln_avg_com_RevPAR |   .1185752   .0138591     8.56   0.000      .091349    .1458013
ln_lag_RevPAR_clean |   .3443931   .0169425    20.33   0.000     .3111097    .3776766
              _cons |   1.551132   .1776644     8.73   0.000     1.202112    1.900153
-------------------------------------------------------------------------------------

Absorbed degrees of freedom:
------------------------------------------------------+
  Absorbed FE | Categories  - Redundant  = Num. Coefs |
--------------+---------------------------------------|
 hotel_id_num |       526         526           0    *|
           ym |       135           1         134     |
------------------------------------------------------+
* = FE nested within cluster; treated as redundant for DoF computation

. est store grp_city_gap_low

. 
. reghdfe ln_RevPAR_clean c.sim_mean ///
>     ln_recent_volumn recent_sd recent_rating ln_lag_volumn_acc lag_avg_rating_acc ///
>     lag_sd_acc  ln_avg_com_RevPAR ln_lag_RevPAR_clean ///
>     if cs_sample_focus100 == 1 & !missing(gap_city_mean_full) & hi_city_gap_focus100 == 1, ///
>     absorb(hotel_id_num ym) vce(cluster hotel_id_num)
(dropped 31 singleton observations)
(MWFE estimator converged in 8 iterations)

HDFE Linear regression                            Number of obs   =     16,815
Absorbing 2 HDFE groups                           F(   9,    396) =      75.84
Statistics robust to heteroskedasticity           Prob > F        =     0.0000
                                                  R-squared       =     0.8789
                                                  Adj R-squared   =     0.8749
                                                  Within R-sq.    =     0.1907
Number of clusters (hotel_id_num) =        397    Root MSE        =     0.1686

                                (Std. err. adjusted for 397 clusters in hotel_id_num)
-------------------------------------------------------------------------------------
                    |               Robust
    ln_RevPAR_clean | Coefficient  std. err.      t    P>|t|     [95% conf. interval]
--------------------+----------------------------------------------------------------
           sim_mean |  -.1110693   .0648169    -1.71   0.087    -.2384975     .016359
   ln_recent_volumn |     .03967    .009171     4.33   0.000       .02164       .0577
          recent_sd |   .0074315   .0083052     0.89   0.371    -.0088963    .0237592
      recent_rating |   .0138371   .0078381     1.77   0.078    -.0015724    .0292465
  ln_lag_volumn_acc |   .0227876   .0086779     2.63   0.009      .005727    .0398482
 lag_avg_rating_acc |   .0001734   .0344375     0.01   0.996    -.0675297    .0678766
         lag_sd_acc |  -.0380436   .0404562    -0.94   0.348    -.1175794    .0414922
  ln_avg_com_RevPAR |   .1129558   .0127603     8.85   0.000     .0878694    .1380422
ln_lag_RevPAR_clean |   .2692267   .0153221    17.57   0.000     .2391039    .2993496
              _cons |   2.678431   .1750638    15.30   0.000     2.334261    3.022602
-------------------------------------------------------------------------------------

Absorbed degrees of freedom:
------------------------------------------------------+
  Absorbed FE | Categories  - Redundant  = Num. Coefs |
--------------+---------------------------------------|
 hotel_id_num |       397         397           0    *|
           ym |       135           1         134     |
------------------------------------------------------+
* = FE nested within cluster; treated as redundant for DoF computation

. est store grp_city_gap_high

. 
. * M9. Price-position gap relative to local market.
. * This asks whether ARS hurts revenue more when a hotel is priced away from its local market reference.
. reghdfe ln_RevPAR_clean c.sim_mean##c.revenue_gap_c ///
>     ln_recent_volumn recent_sd recent_rating ln_lag_volumn_acc lag_avg_rating_acc ///
>     lag_sd_acc  ln_avg_com_RevPAR ln_lag_RevPAR_clean ///
>     if cs_sample_focus100 == 1 & !missing(revenue_gap), ///
>     absorb(hotel_id_num ym) vce(cluster hotel_id_num)
(dropped 2 singleton observations)
(MWFE estimator converged in 7 iterations)

HDFE Linear regression                            Number of obs   =     33,546
Absorbing 2 HDFE groups                           F(  11,    557) =     120.54
Statistics robust to heteroskedasticity           Prob > F        =     0.0000
                                                  R-squared       =     0.8806
                                                  Adj R-squared   =     0.8781
                                                  Within R-sq.    =     0.3249
Number of clusters (hotel_id_num) =        558    Root MSE        =     0.2264

                                       (Std. err. adjusted for 558 clusters in hotel_id_num)
--------------------------------------------------------------------------------------------
                           |               Robust
           ln_RevPAR_clean | Coefficient  std. err.      t    P>|t|     [95% conf. interval]
---------------------------+----------------------------------------------------------------
                  sim_mean |  -.1617596   .0553258    -2.92   0.004    -.2704323   -.0530869
             revenue_gap_c |   .1748451    .029641     5.90   0.000     .1166234    .2330668
                           |
c.sim_mean#c.revenue_gap_c |  -.1258223   .0934945    -1.35   0.179    -.3094671    .0578226
                           |
          ln_recent_volumn |   .0806238   .0084359     9.56   0.000     .0640537    .0971939
                 recent_sd |   -.001526   .0072355    -0.21   0.833    -.0157381    .0126861
             recent_rating |   .0198753   .0057158     3.48   0.001     .0086482    .0311024
         ln_lag_volumn_acc |   .0269627   .0068671     3.93   0.000     .0134742    .0404512
        lag_avg_rating_acc |  -.0007793    .026667    -0.03   0.977    -.0531594    .0516008
                lag_sd_acc |  -.0210414   .0327087    -0.64   0.520    -.0852888     .043206
         ln_avg_com_RevPAR |   .2163312   .0179107    12.08   0.000     .1811504    .2515121
       ln_lag_RevPAR_clean |   .3296998   .0187545    17.58   0.000     .2928615    .3665381
                     _cons |   1.563533   .1451502    10.77   0.000     1.278424    1.848641
--------------------------------------------------------------------------------------------

Absorbed degrees of freedom:
------------------------------------------------------+
  Absorbed FE | Categories  - Redundant  = Num. Coefs |
--------------+---------------------------------------|
 hotel_id_num |       558         558           0    *|
           ym |       135           1         134     |
------------------------------------------------------+
* = FE nested within cluster; treated as redundant for DoF computation

. est store rm_revenue_gap

. 
. * M9a-M9b Grouped price-gap regressions.
. * Split the sample at the median price gap and estimate separate ARS slopes.
. reghdfe ln_RevPAR_clean c.sim_mean ///
>     ln_recent_volumn recent_sd recent_rating ln_lag_volumn_acc lag_avg_rating_acc ///
>     lag_sd_acc  ln_avg_com_RevPAR ln_lag_RevPAR_clean ///
>     if cs_sample_focus100 == 1 & !missing(revenue_gap) & hi_revenue_gap_focus100 == 0, ///
>     absorb(hotel_id_num ym) vce(cluster hotel_id_num)
(dropped 27 singleton observations)
(MWFE estimator converged in 8 iterations)

HDFE Linear regression                            Number of obs   =     16,725
Absorbing 2 HDFE groups                           F(   9,    495) =     138.42
Statistics robust to heteroskedasticity           Prob > F        =     0.0000
                                                  R-squared       =     0.8541
                                                  Adj R-squared   =     0.8483
                                                  Within R-sq.    =     0.3296
Number of clusters (hotel_id_num) =        496    Root MSE        =     0.2372

                                (Std. err. adjusted for 496 clusters in hotel_id_num)
-------------------------------------------------------------------------------------
                    |               Robust
    ln_RevPAR_clean | Coefficient  std. err.      t    P>|t|     [95% conf. interval]
--------------------+----------------------------------------------------------------
           sim_mean |  -.2889877   .0796242    -3.63   0.000    -.4454308   -.1325447
   ln_recent_volumn |    .115079   .0129973     8.85   0.000     .0895423    .1406157
          recent_sd |  -.0094111   .0101679    -0.93   0.355    -.0293887    .0105664
      recent_rating |   .0178675   .0076183     2.35   0.019     .0028993    .0328357
  ln_lag_volumn_acc |   .0264592   .0101316     2.61   0.009      .006553    .0463655
 lag_avg_rating_acc |   .0344843   .0324212     1.06   0.288    -.0292159    .0981845
         lag_sd_acc |   .0321127   .0400803     0.80   0.423    -.0466359    .1108613
  ln_avg_com_RevPAR |   .1524711   .0167154     9.12   0.000     .1196291    .1853131
ln_lag_RevPAR_clean |   .4393546   .0208531    21.07   0.000     .3983831    .4803261
              _cons |   .9939984    .152276     6.53   0.000     .6948114    1.293185
-------------------------------------------------------------------------------------

Absorbed degrees of freedom:
------------------------------------------------------+
  Absorbed FE | Categories  - Redundant  = Num. Coefs |
--------------+---------------------------------------|
 hotel_id_num |       496         496           0    *|
           ym |       135           1         134     |
------------------------------------------------------+
* = FE nested within cluster; treated as redundant for DoF computation

. est store grp_revenue_gap_low

. 
. reghdfe ln_RevPAR_clean c.sim_mean ///
>     ln_recent_volumn recent_sd recent_rating ln_lag_volumn_acc lag_avg_rating_acc ///
>     lag_sd_acc  ln_avg_com_RevPAR ln_lag_RevPAR_clean ///
>     if cs_sample_focus100 == 1 & !missing(revenue_gap) & hi_revenue_gap_focus100 == 1, ///
>     absorb(hotel_id_num ym) vce(cluster hotel_id_num)
(dropped 27 singleton observations)
(MWFE estimator converged in 8 iterations)

HDFE Linear regression                            Number of obs   =     16,769
Absorbing 2 HDFE groups                           F(   9,    450) =      50.04
Statistics robust to heteroskedasticity           Prob > F        =     0.0000
                                                  R-squared       =     0.8892
                                                  Adj R-squared   =     0.8851
                                                  Within R-sq.    =     0.2323
Number of clusters (hotel_id_num) =        451    Root MSE        =     0.2092

                                (Std. err. adjusted for 451 clusters in hotel_id_num)
-------------------------------------------------------------------------------------
                    |               Robust
    ln_RevPAR_clean | Coefficient  std. err.      t    P>|t|     [95% conf. interval]
--------------------+----------------------------------------------------------------
           sim_mean |  -.0759844   .0709778    -1.07   0.285    -.2154734    .0635047
   ln_recent_volumn |   .0443834    .009911     4.48   0.000     .0249058     .063861
          recent_sd |   .0034406   .0098757     0.35   0.728    -.0159676    .0228488
      recent_rating |   .0193018   .0082963     2.33   0.020     .0029974    .0356061
  ln_lag_volumn_acc |   .0308897   .0096054     3.22   0.001     .0120127    .0497667
 lag_avg_rating_acc |  -.0776928     .03974    -1.96   0.051    -.1557918    .0004063
         lag_sd_acc |  -.0936158   .0481856    -1.94   0.053    -.1883126     .001081
  ln_avg_com_RevPAR |   .1945792   .0233775     8.32   0.000     .1486367    .2405218
ln_lag_RevPAR_clean |   .3486328   .0251185    13.88   0.000     .2992688    .3979969
              _cons |   2.192426   .2653754     8.26   0.000     1.670897    2.713955
-------------------------------------------------------------------------------------

Absorbed degrees of freedom:
------------------------------------------------------+
  Absorbed FE | Categories  - Redundant  = Num. Coefs |
--------------+---------------------------------------|
 hotel_id_num |       451         451           0    *|
           ym |       135           1         134     |
------------------------------------------------------+
* = FE nested within cluster; treated as redundant for DoF computation

. est store grp_revenue_gap_high

. 
. esttab rm_base_market rm_compavg rm_zip_highcomp rm_city_highcomp rm_zip_n rm_city_n rm_zip_compperf rm_city_compperf rm_zip_gap rm_city_gap rm_revenue_gap ///
>     using "`table_dir'/routeA_market_boundaries_`run_id'.rtf", replace ///
>     star(* 0.10 ** 0.05 *** 0.01 **** 0.001) ///
>     cells(b(star fmt(4)) se(par fmt(4))) ///
>     stats(N r2_a, labels("Observations" "Adjusted R-squared")) ///
>     mtitles("baseline" "comp RevPAR" "zip high comp" "city high comp" "zip n" "city n" "zip comp RevPAR" "city comp RevPAR" "zip gap" "city gap" "price gap") ///
>     nogap compress
(output written to /Users/samxie/Research/ReviewSimi_Sales/Code/outputs/core_simi_260501/tables_explicit/routeA_market_boundaries_260605.rtf)

. 
. esttab rm_base_market rm_compavg rm_zip_highcomp rm_city_highcomp rm_zip_n rm_city_n rm_zip_compperf rm_city_compperf rm_zip_gap rm_city_gap rm_revenue_gap ///
>     using "`csv_dir'/routeA_market_boundaries_`run_id'.csv", replace csv ///
>     star(* 0.10 ** 0.05 *** 0.01 **** 0.001) ///
>     cells(b(star fmt(4)) se(par fmt(4))) ///
>     stats(N r2_a, labels("Observations" "Adjusted R-squared")) ///
>     mtitles("baseline" "comp RevPAR" "zip high comp" "city high comp" "zip n" "city n" "zip comp RevPAR" "city comp RevPAR" "zip gap" "city gap" "price gap") ///
>     nogap
(output written to /Users/samxie/Research/ReviewSimi_Sales/Code/outputs/core_simi_260501/csv/routeA_market_boundaries_260605.csv)

. 
. esttab grp_compavg_low grp_compavg_high ///
>     grp_zip_highcomp_low grp_zip_highcomp_high ///
>     grp_city_highcomp_low grp_city_highcomp_high ///
>     grp_zip_n_low grp_zip_n_high ///
>     grp_city_n_low grp_city_n_high ///
>     grp_zip_compperf_low grp_zip_compperf_high ///
>     grp_city_compperf_low grp_city_compperf_high ///
>     grp_zip_gap_low grp_zip_gap_high ///
>     grp_city_gap_low grp_city_gap_high ///
>     grp_revenue_gap_low grp_revenue_gap_high ///
>     using "`table_dir'/routeA_market_boundaries_grouped_`run_id'.rtf", replace ///
>     star(* 0.10 ** 0.05 *** 0.01 **** 0.001) ///
>     cells(b(star fmt(4)) se(par fmt(4))) ///
>     stats(N r2_a, labels("Observations" "Adjusted R-squared")) ///
>     mtitles("comp low" "comp high" "zip comp low" "zip comp high" "city comp low" "city comp high" "zip n low" "zip n high" "city n low" "city n high" "zip rvpar low" "zip rvpar high" "city rvpar low" "city rvpar high" "zip gap low" "zip gap high" "city
>  gap low" "city gap high" "price low" "price high") ///
>     nogap compress
estimation result grp_zip_n_low not found
r(111);

end of do-file
r(111);
